
> dim = 2

> U <- matrix(rnorm(N * dim), nrow = dim)

> V <- matrix(rnorm(M * dim), nrow = dim)

> par_pmf(train, t(U), t(V))
[1]     62.89358 558543.66116 372278.32955

> dim = 2

> U <- matrix(rnorm(N * dim), nrow = dim)

> V <- matrix(rnorm(M * dim), nrow = dim)

> pred_pmf(test, t(U), t(V))$rmae
NULL

Attaching package: ‘dplyr’

The following objects are masked from ‘package:stats’:

    filter, lag

The following objects are masked from ‘package:base’:

    intersect, setdiff, setequal, union

[1] 0.003 1.000 1.000
[1] 2
[1] "2022-04-20 21:12:47 HKT"
Epoch 1 	 loss: 10174246.1591947 	 dlt: 0.999994953045224
mae: 7.70620266748436 	rmse: 7.91396120521893 	par: 0.003 1 1 
[1] "2022-04-20 21:12:48 HKT"
Epoch 3 	 loss: 9131113.3128862 	 dlt: 0.0643573892372645
mae: 7.08540496959163 	rmse: 7.38738565220466 	par: 0.003 1 1 
[1] "2022-04-20 21:12:50 HKT"
Epoch 5 	 loss: NaN 	 dlt: NaN
mae: 5.09657403938022 	rmse: 5.75435053402657 	par: 0.003 1 1 
Error in if (dlt < eps) { : missing value where TRUE/FALSE needed
Calls: pmf_mm
Execution halted

> dim = 2

> U <- matrix(rnorm(N * dim), nrow = dim)

> V <- matrix(rnorm(M * dim), nrow = dim)

> par_pmf(train, t(U), t(V))
[1]     62.87374 556463.78089 372516.20065

> dim = 2

> U <- matrix(rnorm(N * dim), nrow = dim)

> V <- matrix(rnorm(M * dim), nrow = dim)

> pred_pmf(test, t(U), t(V))$rmae
NULL

Attaching package: ‘dplyr’

The following objects are masked from ‘package:stats’:

    filter, lag

The following objects are masked from ‘package:base’:

    intersect, setdiff, setequal, union

[1] 0.003 1.000 1.000
[1] 2
[1] "2022-04-20 21:33:47 HKT"
Epoch 1 	 loss: 10174246.1591947 	 dlt: 0.999994953045224
mae: 7.70620266748436 	rmse: 7.91396120521893 	par: 0.003 1 1 
[1] "2022-04-20 21:33:49 HKT"
Epoch 3 	 loss: 9131113.3128862 	 dlt: 0.0643573613707966
mae: 7.08540496959163 	rmse: 7.38738565220466 	par: 0.003 1 1 
[1] "2022-04-20 21:33:52 HKT"
Epoch 5 	 loss: 6372423.41911605 	 dlt: 0.999996838942931
mae: 5.09657403938022 	rmse: 5.75435053402657 	par: 0.003 1 1 
[1] "2022-04-20 21:33:54 HKT"
Epoch 7 	 loss: 4466850.28635341 	 dlt: 0.999994863794463
mae: 3.69061230954169 	rmse: 4.49636201243703 	par: 0.003 1 1 
[1] "2022-04-20 21:33:56 HKT"
Epoch 9 	 loss: 3335613.9167058 	 dlt: 0.999998345356914
mae: 2.93143416325914 	rmse: 3.74726258029551 	par: 0.003 1 1 
[1] "2022-04-20 21:33:58 HKT"
Epoch 11 	 loss: 2015910237005 	 dlt: 1.59794094695019e-07
mae: 2.47727564323144 	rmse: 3.26744088986448 	par: 0.003 1 1 

> dim = 2

> U <- matrix(rnorm(N * dim), nrow = dim)

> V <- matrix(rnorm(M * dim), nrow = dim)

> par_pmf(train, t(U), t(V))
[1]     63.01558 558127.82286 372170.82035

> dim = 2

> U <- matrix(rnorm(N * dim), nrow = dim)

> V <- matrix(rnorm(M * dim), nrow = dim)

> pred_pmf(test, t(U), t(V))$rmae
NULL

Attaching package: ‘dplyr’

The following objects are masked from ‘package:stats’:

    filter, lag

The following objects are masked from ‘package:base’:

    intersect, setdiff, setequal, union

[1] 0.003 1.000 1.000
[1] 2
[1] "2022-04-20 22:03:27 HKT"
Epoch 1 	 loss: 10174246.1591947 	 dlt: 0.999994953045224
mae: 7.70620266748436 	rmse: 7.91396120521893 	par: 0.003 1 1 
[1] "2022-04-20 22:03:28 HKT"
Epoch 3 	 loss: 9131113.3128862 	 dlt: 0.0643573869681836
mae: 7.08540496959163 	rmse: 7.38738565220466 	par: 0.003 1 1 
[1] "2022-04-20 22:03:30 HKT"
Epoch 5 	 loss: 6372423.47860603 	 dlt: 0.999996838942902
mae: 5.09657403938022 	rmse: 5.75435053402657 	par: 0.003 1 1 
[1] "2022-04-20 22:03:32 HKT"
Epoch 7 	 loss: 4449791.99354659 	 dlt: 0.999997792666543
mae: 3.69061230954169 	rmse: 4.49636201243703 	par: 0.003 1 1 
Error in if (dlt < eps) { : missing value where TRUE/FALSE needed
Calls: pmf_mm
Execution halted

Execution halted

> dim = 2

> U <- matrix(rnorm(N * dim), nrow = dim)

> V <- matrix(rnorm(M * dim), nrow = dim)

> par_pmf(train, t(U), t(V))
[1]     62.94541 558404.20309 372867.95427

> dim = 2

> U <- matrix(rnorm(N * dim), nrow = dim)

> V <- matrix(rnorm(M * dim), nrow = dim)

> pred_pmf(test, t(U), t(V))$rmae
NULL

Attaching package: ‘dplyr’

The following objects are masked from ‘package:stats’:

    filter, lag

The following objects are masked from ‘package:base’:

    intersect, setdiff, setequal, union

[1] 0.003 1.000 1.000
[1] 2
[1] "2022-04-20 22:06:56 HKT"
Epoch 1 	 loss: 10174246.1591947 	 dlt: 0.999994953045224
mae: 7.70620266748436 	rmse: 7.91396120521893 	par: 0.003 1 1 
[1] "2022-04-20 22:06:58 HKT"
Epoch 3 	 loss: 9131113.3128862 	 dlt: 0.0643574451788375
mae: 7.08540496959163 	rmse: 7.38738565220466 	par: 0.003 1 1 
[1] "2022-04-20 22:07:00 HKT"
Epoch 5 	 loss: NaN 	 dlt: NaN
mae: 5.09657403938022 	rmse: 5.75435053402657 	par: 0.003 1 1 
Error in if (dlt < eps) { : missing value where TRUE/FALSE needed
Calls: pmf_mm
Execution halted

> dim = 2

> U <- matrix(rnorm(N * dim), nrow = dim)

> V <- matrix(rnorm(M * dim), nrow = dim)

> par_pmf(train, t(U), t(V))
[1]     62.91852 557731.51296 374594.81104

> dim = 2

> U <- matrix(rnorm(N * dim), nrow = dim)

> V <- matrix(rnorm(M * dim), nrow = dim)

> pred_pmf(test, t(U), t(V))$rmae
NULL

Attaching package: ‘dplyr’

The following objects are masked from ‘package:stats’:

    filter, lag

The following objects are masked from ‘package:base’:

    intersect, setdiff, setequal, union

[1] 3e-06 1e+00 1e+00
[1] 2
[1] "2022-04-21 16:09:12 HKT"
Epoch 1 	 loss: 10174233.8880473 	 dlt: 0.00311293336708521
mae: 7.7062011378469 	rmse: 7.91395971387523 	par: 3e-06 1 1 
[1] "2022-04-21 16:09:14 HKT"
Epoch 3 	 loss: 9117282.95375525 	 dlt: 0.0657682970595446
mae: 7.08519514009882 	rmse: 7.3872493276387 	par: 3e-06 1 1 
[1] "2022-04-21 16:09:17 HKT"
Epoch 5 	 loss: 6371134.59131412 	 dlt: 0.172826870468222
mae: 5.09578217383771 	rmse: 5.7536875192647 	par: 3e-06 1 1 
[1] "2022-04-21 16:09:19 HKT"
Epoch 7 	 loss: 4447585.30473042 	 dlt: 0.155806917170681
mae: 3.68934797348001 	rmse: 4.49515013194139 	par: 3e-06 1 1 
[1] "2022-04-21 16:09:21 HKT"
Epoch 9 	 loss: 3319008.65209608 	 dlt: 0.126577523431561
mae: 2.92968663468297 	rmse: 3.74545680274964 	par: 3e-06 1 1 
[1] "2022-04-21 16:09:23 HKT"
Epoch 11 	 loss: 2602112.30942931 	 dlt: 0.110214031999709
mae: 2.47586344064547 	rmse: 3.26593437744362 	par: 3e-06 1 1 
[1] "2022-04-21 16:09:26 HKT"
Epoch 13 	 loss: 2112134.36454455 	 dlt: 0.0956191843461627
mae: 2.20497306941522 	rmse: 2.96110724033286 	par: 3e-06 1 1 
[1] "2022-04-21 16:09:28 HKT"
Epoch 15 	 loss: 1750228.44321042 	 dlt: 0.0859324578149653
mae: 2.02017987382949 	rmse: 2.7420597390933 	par: 3e-06 1 1 
[1] "2022-04-21 16:09:30 HKT"
Epoch 17 	 loss: 1485132.0282734 	 dlt: 0.0762820777923275
mae: 1.90634880285188 	rmse: 2.59802460955193 	par: 3e-06 1 1 
[1] "2022-04-21 16:09:32 HKT"
Epoch 19 	 loss: 1283391.74476105 	 dlt: 0.0678998426077384
mae: 1.8277376839415 	rmse: 2.49174853030914 	par: 3e-06 1 1 
[1] "2022-04-21 16:09:34 HKT"
Epoch 21 	 loss: 1126579.25125367 	 dlt: 0.0608898244775544
mae: 1.76755684374983 	rmse: 2.4077265265613 	par: 3e-06 1 1 
[1] "2022-04-21 16:09:36 HKT"
Epoch 23 	 loss: 1006724.61363709 	 dlt: 0.0541949498177644
mae: 1.73001097944826 	rmse: 2.35111653234252 	par: 3e-06 1 1 
[1] "2022-04-21 16:09:39 HKT"
Epoch 25 	 loss: 901655.231236157 	 dlt: 0.0500825153860979
mae: 1.68712079615212 	rmse: 2.29053278680162 	par: 3e-06 1 1 
[1] "2022-04-21 16:09:41 HKT"
Epoch 27 	 loss: 815495.568041414 	 dlt: 0.047274101782727
mae: 1.65886023863392 	rmse: 2.24736473525489 	par: 3e-06 1 1 
[1] "2022-04-21 16:09:43 HKT"
Epoch 29 	 loss: 744355.251259931 	 dlt: 0.042691565056437
mae: 1.64325376522415 	rmse: 2.22073163153419 	par: 3e-06 1 1 
[1] "2022-04-21 16:09:45 HKT"
Epoch 31 	 loss: 679128.245031378 	 dlt: 0.0441433286910992
mae: 1.62041295746815 	rmse: 2.18399409938718 	par: 3e-06 1 1 
[1] "2022-04-21 16:09:48 HKT"
Epoch 33 	 loss: 621106.203640419 	 dlt: 0.0437396188189087
mae: 1.59918168424146 	rmse: 2.15078755298147 	par: 3e-06 1 1 
[1] "2022-04-21 16:09:50 HKT"
Epoch 35 	 loss: 568331.408992117 	 dlt: 0.0444240727118605
mae: 1.58717706391728 	rmse: 2.12634245055447 	par: 3e-06 1 1 
[1] "2022-04-21 16:09:52 HKT"
Epoch 37 	 loss: 518671.439759503 	 dlt: 0.045033937247872
mae: 1.57523445955715 	rmse: 2.10785195448001 	par: 3e-06 1 1 
[1] "2022-04-21 16:09:54 HKT"
Epoch 39 	 loss: 475115.816591987 	 dlt: 0.0408425270361722
mae: 1.56669806164762 	rmse: 2.08886888279821 	par: 3e-06 1 1 
[1] "2022-04-21 16:09:56 HKT"
Epoch 41 	 loss: 431354.659618329 	 dlt: 0.049529680367997
mae: 1.5604578956982 	rmse: 2.0760598805705 	par: 3e-06 1 1 
[1] "2022-04-21 16:09:58 HKT"
Epoch 43 	 loss: 384227.781132365 	 dlt: 0.0529569315372463
mae: 1.54637761214693 	rmse: 2.05546561459329 	par: 3e-06 1 1 
[1] "2022-04-21 16:10:00 HKT"
Epoch 45 	 loss: 342790.955833297 	 dlt: 0.0580965743450827
mae: 1.54172774185535 	rmse: 2.0484446097954 	par: 3e-06 1 1 
[1] "2022-04-21 16:10:03 HKT"
Epoch 47 	 loss: 308317.986170208 	 dlt: 0.0510646249881043
mae: 1.5457099835797 	rmse: 2.05783262766142 	par: 3e-06 1 1 
[1] "2022-04-21 16:10:05 HKT"
Epoch 49 	 loss: 273859.460052295 	 dlt: 0.0491595379031862
mae: 1.5431688758567 	rmse: 2.05307788321719 	par: 3e-06 1 1 

> dim = 2

> U <- matrix(rnorm(N * dim), nrow = dim)

> V <- matrix(rnorm(M * dim), nrow = dim)

> par_pmf(train, t(U), t(V))
[1]     62.87846 556423.41358 372244.43850

> dim = 2

> U <- matrix(rnorm(N * dim), nrow = dim)

> V <- matrix(rnorm(M * dim), nrow = dim)

> pred_pmf(test, t(U), t(V))$rmae
NULL

Attaching package: ‘dplyr’

The following objects are masked from ‘package:stats’:

    filter, lag

The following objects are masked from ‘package:base’:

    intersect, setdiff, setequal, union

[1] 3e-06 1e+00 1e+00
[1] 2
[1] "2022-04-21 16:17:25 HKT"
Epoch 1 	 loss: 15607500.8340582 	 dlt: 0.529246908920938
mae: 7.17751477775257 	rmse: 8.4715947466862 	par: 3e-06 1 1 
Error in if (min.rmse > aux$rmse) { : 
  missing value where TRUE/FALSE needed
Calls: pmf_mm
Execution halted

> dim = 2

> U <- matrix(rnorm(N * dim), nrow = dim)

> V <- matrix(rnorm(M * dim), nrow = dim)

> par_pmf(train, t(U), t(V))
[1]     62.92023 556206.11887 372120.70439

> dim = 2

> U <- matrix(rnorm(N * dim), nrow = dim)

> V <- matrix(rnorm(M * dim), nrow = dim)

> pred_pmf(test, t(U), t(V))$rmae
NULL

Attaching package: ‘dplyr’

The following objects are masked from ‘package:stats’:

    filter, lag

The following objects are masked from ‘package:base’:

    intersect, setdiff, setequal, union

[1] 3e-06 1e+00 1e+00
[1] 2
[1] "2022-04-21 16:19:13 HKT"
Epoch 1 	 loss: 9981589.81666694 	 dlt: 0.0219884954325719
mae: 7.64718145131819 	rmse: 7.85887358606478 	par: 3e-06 1 1 
[1] "2022-04-21 16:19:16 HKT"
Epoch 3 	 loss: NaN 	 dlt: NaN
mae: Inf 	rmse: Inf 	par: 3e-06 1 1 
Error in if (dlt < eps) { : missing value where TRUE/FALSE needed
Calls: pmf_mm
Execution halted

> dim = 2

> U <- matrix(rnorm(N * dim), nrow = dim)

> V <- matrix(rnorm(M * dim), nrow = dim)

> par_pmf(train, t(U), t(V))
[1]     63.0501 557917.8958 371854.8184

> dim = 2

> U <- matrix(rnorm(N * dim), nrow = dim)

> V <- matrix(rnorm(M * dim), nrow = dim)

> pred_pmf(test, t(U), t(V))$rmae
NULL

Attaching package: ‘dplyr’

The following objects are masked from ‘package:stats’:

    filter, lag

The following objects are masked from ‘package:base’:

    intersect, setdiff, setequal, union

[1] 3e-06 1e+00 1e+00
[1] 2
[1] "2022-04-21 16:21:15 HKT"
Epoch 1 	 loss: 10174233.8880473 	 dlt: 0.00311293336708521
mae: 7.7062011378469 	rmse: 7.91395971387523 	par: 3e-06 1 1 
[1] "2022-04-21 16:21:17 HKT"
Epoch 3 	 loss: 9117282.95375525 	 dlt: 0.0657682970595446
mae: 7.08519514009882 	rmse: 7.3872493276387 	par: 3e-06 1 1 
[1] "2022-04-21 16:21:20 HKT"
Epoch 5 	 loss: 6371134.59131412 	 dlt: 0.172826870468222
mae: 5.09578217383771 	rmse: 5.7536875192647 	par: 3e-06 1 1 
[1] "2022-04-21 16:21:22 HKT"
Epoch 7 	 loss: 4447585.30473042 	 dlt: 0.155806917170681
mae: 3.68934797348001 	rmse: 4.49515013194139 	par: 3e-06 1 1 
[1] "2022-04-21 16:21:25 HKT"
Epoch 9 	 loss: 3319008.65209608 	 dlt: 0.126577523431561
mae: 2.92968663468297 	rmse: 3.74545680274964 	par: 3e-06 1 1 
[1] "2022-04-21 16:21:27 HKT"
Epoch 11 	 loss: 2602112.30942931 	 dlt: 0.110214031999709
mae: 2.47586344064547 	rmse: 3.26593437744362 	par: 3e-06 1 1 
[1] "2022-04-21 16:21:29 HKT"
Epoch 13 	 loss: 2112134.36454455 	 dlt: 0.0956191843461627
mae: 2.20497306941522 	rmse: 2.96110724033286 	par: 3e-06 1 1 
[1] "2022-04-21 16:21:32 HKT"
Epoch 15 	 loss: 1750228.44321042 	 dlt: 0.0859324578149653
mae: 2.02017987382949 	rmse: 2.7420597390933 	par: 3e-06 1 1 
[1] "2022-04-21 16:21:34 HKT"
Epoch 17 	 loss: 1485132.0282734 	 dlt: 0.0762820777923275
mae: 1.90634880285188 	rmse: 2.59802460955193 	par: 3e-06 1 1 
[1] "2022-04-21 16:21:36 HKT"
Epoch 19 	 loss: 1283391.74476105 	 dlt: 0.0678998426077384
mae: 1.8277376839415 	rmse: 2.49174853030914 	par: 3e-06 1 1 
[1] "2022-04-21 16:21:38 HKT"
Epoch 21 	 loss: 1126579.25125367 	 dlt: 0.0608898244775544
mae: 1.76755684374983 	rmse: 2.4077265265613 	par: 3e-06 1 1 
[1] "2022-04-21 16:21:41 HKT"
Epoch 23 	 loss: 1006724.61363709 	 dlt: 0.0541949498177644
mae: 1.73001097944826 	rmse: 2.35111653234252 	par: 3e-06 1 1 
[1] "2022-04-21 16:21:43 HKT"
Epoch 25 	 loss: 901655.231236157 	 dlt: 0.0500825153860979
mae: 1.68712079615212 	rmse: 2.29053278680162 	par: 3e-06 1 1 
[1] "2022-04-21 16:21:46 HKT"
Epoch 27 	 loss: 815495.568041414 	 dlt: 0.047274101782727
mae: 1.65886023863392 	rmse: 2.24736473525489 	par: 3e-06 1 1 
[1] "2022-04-21 16:21:48 HKT"
Epoch 29 	 loss: 744355.251259931 	 dlt: 0.042691565056437
mae: 1.64325376522415 	rmse: 2.22073163153419 	par: 3e-06 1 1 
[1] "2022-04-21 16:21:50 HKT"
Epoch 31 	 loss: 679128.245031378 	 dlt: 0.0441433286910992
mae: 1.62041295746815 	rmse: 2.18399409938718 	par: 3e-06 1 1 
[1] "2022-04-21 16:21:53 HKT"
Epoch 33 	 loss: 621106.203640419 	 dlt: 0.0437396188189087
mae: 1.59918168424146 	rmse: 2.15078755298147 	par: 3e-06 1 1 
[1] "2022-04-21 16:21:55 HKT"
Epoch 35 	 loss: 568331.408992117 	 dlt: 0.0444240727118605
mae: 1.58717706391728 	rmse: 2.12634245055447 	par: 3e-06 1 1 
[1] "2022-04-21 16:21:57 HKT"
Epoch 37 	 loss: 518671.439759503 	 dlt: 0.045033937247872
mae: 1.57523445955715 	rmse: 2.10785195448001 	par: 3e-06 1 1 
[1] "2022-04-21 16:22:00 HKT"
Epoch 39 	 loss: 475115.816591987 	 dlt: 0.0408425270361722
mae: 1.56669806164762 	rmse: 2.08886888279821 	par: 3e-06 1 1 
[1] "2022-04-21 16:22:02 HKT"
Epoch 41 	 loss: 431354.659618329 	 dlt: 0.049529680367997
mae: 1.5604578956982 	rmse: 2.0760598805705 	par: 3e-06 1 1 
[1] "2022-04-21 16:22:04 HKT"
Epoch 43 	 loss: 384227.781132365 	 dlt: 0.0529569315372463
mae: 1.54637761214693 	rmse: 2.05546561459329 	par: 3e-06 1 1 
[1] "2022-04-21 16:22:06 HKT"
Epoch 45 	 loss: 342790.955833297 	 dlt: 0.0580965743450827
mae: 1.54172774185535 	rmse: 2.0484446097954 	par: 3e-06 1 1 
[1] "2022-04-21 16:22:08 HKT"
Epoch 47 	 loss: 308317.986170208 	 dlt: 0.0510646249881043
mae: 1.5457099835797 	rmse: 2.05783262766142 	par: 3e-06 1 1 
[1] "2022-04-21 16:22:11 HKT"
Epoch 49 	 loss: 273859.460052295 	 dlt: 0.0491595379031862
mae: 1.5431688758567 	rmse: 2.05307788321719 	par: 3e-06 1 1 

> dim = 2

> U <- matrix(rnorm(N * dim), nrow = dim)

> V <- matrix(rnorm(M * dim), nrow = dim)

> par_pmf(train, t(U), t(V))
[1]     62.88512 557368.76023 371675.79519

> dim = 2

> U <- matrix(rnorm(N * dim), nrow = dim)

> V <- matrix(rnorm(M * dim), nrow = dim)

> pred_pmf(test, t(U), t(V))$rmae
NULL

Attaching package: ‘dplyr’

The following objects are masked from ‘package:stats’:

    filter, lag

The following objects are masked from ‘package:base’:

    intersect, setdiff, setequal, union

[1] 1e-06 1e+00 1e+00
[1] 2
[1] "2022-04-21 16:24:40 HKT"
Epoch 1 	 loss: 10174233.8615607 	 dlt: 0.00311293596228532
mae: 7.70620112633205 	rmse: 7.91395970264866 	par: 1e-06 1 1 
[1] "2022-04-21 16:24:42 HKT"
Epoch 3 	 loss: 9117281.70831626 	 dlt: 0.0657684200624095
mae: 7.0851935610599 	rmse: 7.38724830165513 	par: 1e-06 1 1 
[1] "2022-04-21 16:24:45 HKT"
Epoch 5 	 loss: 6371125.85941098 	 dlt: 0.172827480684374
mae: 5.09577621072855 	rmse: 5.75368252832993 	par: 1e-06 1 1 
[1] "2022-04-21 16:24:47 HKT"
Epoch 7 	 loss: 4447570.85540735 	 dlt: 0.155807948073127
mae: 3.68933843070794 	rmse: 4.49514098489258 	par: 1e-06 1 1 
[1] "2022-04-21 16:24:49 HKT"
Epoch 9 	 loss: 3318989.41596314 	 dlt: 0.126578820807453
mae: 2.92967343770032 	rmse: 3.74544316742706 	par: 1e-06 1 1 
[1] "2022-04-21 16:24:52 HKT"
Epoch 11 	 loss: 2602092.48989254 	 dlt: 0.110215033948095
mae: 2.4758527430691 	rmse: 3.26592294480203 	par: 1e-06 1 1 
[1] "2022-04-21 16:24:54 HKT"
Epoch 13 	 loss: 2112110.93491092 	 dlt: 0.0956211770547141
mae: 2.20495879830628 	rmse: 2.96109155686933 	par: 1e-06 1 1 
[1] "2022-04-21 16:24:56 HKT"
Epoch 15 	 loss: 1750204.54994929 	 dlt: 0.0859334377647566
mae: 2.02016809841168 	rmse: 2.74204600516935 	par: 1e-06 1 1 
[1] "2022-04-21 16:24:59 HKT"
Epoch 17 	 loss: 1485106.74876802 	 dlt: 0.0762837647573644
mae: 1.90633617342507 	rmse: 2.59800938211299 	par: 1e-06 1 1 
[1] "2022-04-21 16:25:01 HKT"
Epoch 19 	 loss: 1283366.3512561 	 dlt: 0.0679012271144237
mae: 1.82772583109442 	rmse: 2.49173390419764 	par: 1e-06 1 1 
[1] "2022-04-21 16:25:03 HKT"
Epoch 21 	 loss: 1126553.37156303 	 dlt: 0.0608913899826018
mae: 1.76754443050187 	rmse: 2.40771094989487 	par: 1e-06 1 1 
[1] "2022-04-21 16:25:05 HKT"
Epoch 23 	 loss: 1006694.18585964 	 dlt: 0.0541990628473739
mae: 1.72999140533742 	rmse: 2.35109228989643 	par: 1e-06 1 1 
[1] "2022-04-21 16:25:07 HKT"
Epoch 25 	 loss: 901626.129565857 	 dlt: 0.0500840625797171
mae: 1.68710353862724 	rmse: 2.29051133405831 	par: 1e-06 1 1 
[1] "2022-04-21 16:25:10 HKT"
Epoch 27 	 loss: 815468.804115965 	 dlt: 0.0472753171284031
mae: 1.6588464218121 	rmse: 2.24734666219028 	par: 1e-06 1 1 
[1] "2022-04-21 16:25:12 HKT"
Epoch 29 	 loss: 744330.063815164 	 dlt: 0.0426912470602091
mae: 1.64323999902145 	rmse: 2.2207140054377 	par: 1e-06 1 1 
[1] "2022-04-21 16:25:15 HKT"
Epoch 31 	 loss: 679098.697905073 	 dlt: 0.0441470203549363
mae: 1.62038991551883 	rmse: 2.18396195743629 	par: 1e-06 1 1 
[1] "2022-04-21 16:25:17 HKT"
Epoch 33 	 loss: 621078.282733133 	 dlt: 0.0437424223991852
mae: 1.59916581376083 	rmse: 2.15076614405498 	par: 1e-06 1 1 
[1] "2022-04-21 16:25:19 HKT"
Epoch 35 	 loss: 568303.533326172 	 dlt: 0.0444253224396246
mae: 1.5871605415058 	rmse: 2.12631887859924 	par: 1e-06 1 1 
[1] "2022-04-21 16:25:22 HKT"
Epoch 37 	 loss: 518641.635408586 	 dlt: 0.0450379778634082
mae: 1.57521505751384 	rmse: 2.1078246645935 	par: 1e-06 1 1 
[1] "2022-04-21 16:25:24 HKT"
Epoch 39 	 loss: 475084.987888617 	 dlt: 0.0408460894539822
mae: 1.5666788094849 	rmse: 2.08884204577204 	par: 1e-06 1 1 
[1] "2022-04-21 16:25:26 HKT"
Epoch 41 	 loss: 431327.621820067 	 dlt: 0.0495293095307912
mae: 1.56044650028646 	rmse: 2.07604261238364 	par: 1e-06 1 1 
[1] "2022-04-21 16:25:28 HKT"
Epoch 43 	 loss: 384195.615566426 	 dlt: 0.0529641816580281
mae: 1.54635581138299 	rmse: 2.05543367102463 	par: 1e-06 1 1 
[1] "2022-04-21 16:25:30 HKT"
Epoch 45 	 loss: 342757.024943025 	 dlt: 0.058100769778604
mae: 1.54170706552729 	rmse: 2.0484172863097 	par: 1e-06 1 1 
[1] "2022-04-21 16:25:33 HKT"
Epoch 47 	 loss: 308285.525161628 	 dlt: 0.0510642670023706
mae: 1.54568985910146 	rmse: 2.05780690335429 	par: 1e-06 1 1 
[1] "2022-04-21 16:25:35 HKT"
Epoch 49 	 loss: 273830.64013879 	 dlt: 0.0491559251525534
mae: 1.5431545643236 	rmse: 2.05306233590668 	par: 1e-06 1 1 

> dim = 2

> U <- matrix(rnorm(N * dim), nrow = dim)

> V <- matrix(rnorm(M * dim), nrow = dim)

> par_pmf(train, t(U), t(V))
[1]     62.93158 558818.72048 372009.95359

> dim = 2

> U <- matrix(rnorm(N * dim), nrow = dim)

> V <- matrix(rnorm(M * dim), nrow = dim)

> pred_pmf(test, t(U), t(V))$rmae
NULL

Attaching package: ‘dplyr’

The following objects are masked from ‘package:stats’:

    filter, lag

The following objects are masked from ‘package:base’:

    intersect, setdiff, setequal, union

[1] 3e-06 1e+00 1e+00
[1] 2
[1] "2022-04-21 16:28:23 HKT"
Epoch 1 	 loss: 10174233.8880473 	 dlt: 0.00311293336708521
mae: 7.7062011378469 	rmse: 7.91395971387523 	par: 3e-06 1 1 
[1] "2022-04-21 16:28:26 HKT"
Epoch 3 	 loss: 9117282.95375525 	 dlt: 0.0657682970595446
mae: 7.08519514009882 	rmse: 7.3872493276387 	par: 3e-06 1 1 
[1] "2022-04-21 16:28:29 HKT"
Epoch 5 	 loss: 6371134.59131412 	 dlt: 0.172826870468222
mae: 5.09578217383771 	rmse: 5.7536875192647 	par: 3e-06 1 1 
[1] "2022-04-21 16:28:31 HKT"
Epoch 7 	 loss: 4447585.30473042 	 dlt: 0.155806917170681
mae: 3.68934797348001 	rmse: 4.49515013194139 	par: 3e-06 1 1 
[1] "2022-04-21 16:28:34 HKT"
Epoch 9 	 loss: 3319008.65209608 	 dlt: 0.126577523431561
mae: 2.92968663468297 	rmse: 3.74545680274964 	par: 3e-06 1 1 
[1] "2022-04-21 16:28:36 HKT"
Epoch 11 	 loss: 2602112.30942931 	 dlt: 0.110214031999709
mae: 2.47586344064547 	rmse: 3.26593437744362 	par: 3e-06 1 1 
[1] "2022-04-21 16:28:39 HKT"
Epoch 13 	 loss: 2112134.36454455 	 dlt: 0.0956191843461627
mae: 2.20497306941522 	rmse: 2.96110724033286 	par: 3e-06 1 1 
[1] "2022-04-21 16:28:41 HKT"
Epoch 15 	 loss: 1750228.44321042 	 dlt: 0.0859324578149653
mae: 2.02017987382949 	rmse: 2.7420597390933 	par: 3e-06 1 1 
[1] "2022-04-21 16:28:43 HKT"
Epoch 17 	 loss: 1485132.0282734 	 dlt: 0.0762820777923275
mae: 1.90634880285188 	rmse: 2.59802460955193 	par: 3e-06 1 1 
[1] "2022-04-21 16:28:46 HKT"
Epoch 19 	 loss: 1283391.74476105 	 dlt: 0.0678998426077384
mae: 1.8277376839415 	rmse: 2.49174853030914 	par: 3e-06 1 1 
[1] "2022-04-21 16:28:48 HKT"
Epoch 21 	 loss: 1126579.25125367 	 dlt: 0.0608898244775544
mae: 1.76755684374983 	rmse: 2.4077265265613 	par: 3e-06 1 1 
[1] "2022-04-21 16:28:50 HKT"
Epoch 23 	 loss: 1006724.61363709 	 dlt: 0.0541949498177644
mae: 1.73001097944826 	rmse: 2.35111653234252 	par: 3e-06 1 1 
[1] "2022-04-21 16:28:52 HKT"
Epoch 25 	 loss: 901655.231236157 	 dlt: 0.0500825153860979
mae: 1.68712079615212 	rmse: 2.29053278680162 	par: 3e-06 1 1 
[1] "2022-04-21 16:28:55 HKT"
Epoch 27 	 loss: 815495.568041414 	 dlt: 0.047274101782727
mae: 1.65886023863392 	rmse: 2.24736473525489 	par: 3e-06 1 1 
[1] "2022-04-21 16:28:58 HKT"
Epoch 29 	 loss: 744355.251259931 	 dlt: 0.042691565056437
mae: 1.64325376522415 	rmse: 2.22073163153419 	par: 3e-06 1 1 
[1] "2022-04-21 16:29:00 HKT"
Epoch 31 	 loss: 679128.245031378 	 dlt: 0.0441433286910992
mae: 1.62041295746815 	rmse: 2.18399409938718 	par: 3e-06 1 1 
[1] "2022-04-21 16:29:02 HKT"
Epoch 33 	 loss: 621106.203640419 	 dlt: 0.0437396188189087
mae: 1.59918168424146 	rmse: 2.15078755298147 	par: 3e-06 1 1 
[1] "2022-04-21 16:29:05 HKT"
Epoch 35 	 loss: 568331.408992117 	 dlt: 0.0444240727118605
mae: 1.58717706391728 	rmse: 2.12634245055447 	par: 3e-06 1 1 
[1] "2022-04-21 16:29:07 HKT"
Epoch 37 	 loss: 518671.439759503 	 dlt: 0.045033937247872
mae: 1.57523445955715 	rmse: 2.10785195448001 	par: 3e-06 1 1 
[1] "2022-04-21 16:29:09 HKT"
Epoch 39 	 loss: 475115.816591987 	 dlt: 0.0408425270361722
mae: 1.56669806164762 	rmse: 2.08886888279821 	par: 3e-06 1 1 
[1] "2022-04-21 16:29:11 HKT"
Epoch 41 	 loss: 431354.659618329 	 dlt: 0.049529680367997
mae: 1.5604578956982 	rmse: 2.0760598805705 	par: 3e-06 1 1 
[1] "2022-04-21 16:29:14 HKT"
Epoch 43 	 loss: 384227.781132365 	 dlt: 0.0529569315372463
mae: 1.54637761214693 	rmse: 2.05546561459329 	par: 3e-06 1 1 
[1] "2022-04-21 16:29:16 HKT"
Epoch 45 	 loss: 342790.955833297 	 dlt: 0.0580965743450827
mae: 1.54172774185535 	rmse: 2.0484446097954 	par: 3e-06 1 1 
[1] "2022-04-21 16:29:18 HKT"
Epoch 47 	 loss: 308317.986170208 	 dlt: 0.0510646249881043
mae: 1.5457099835797 	rmse: 2.05783262766142 	par: 3e-06 1 1 
[1] "2022-04-21 16:29:21 HKT"
Epoch 49 	 loss: 273859.460052295 	 dlt: 0.0491595379031862
mae: 1.5431688758567 	rmse: 2.05307788321719 	par: 3e-06 1 1 

Attaching package: ‘dplyr’

The following objects are masked from ‘package:stats’:

    filter, lag

The following objects are masked from ‘package:base’:

    intersect, setdiff, setequal, union


> dim = 2

> U <- matrix(rnorm(N * dim), nrow = dim)

> V <- matrix(rnorm(M * dim), nrow = dim)

> par_pmf(train, t(U), t(V))
[1]     62.96431 558335.72864 371002.98926

> dim = 2

> U <- matrix(rnorm(N * dim), nrow = dim)

> V <- matrix(rnorm(M * dim), nrow = dim)

> pred_pmf(test, t(U), t(V))$rmae
NULL
[1] 1e-04 1e+00 1e+00
[1] 2
[1] "2022-04-21 16:33:22 HKT"
Epoch 1 	 loss: 255902.699089992 	 dlt: 0.00434530092047671
mae: 1.53048737599382 	rmse: 2.0320668119473 
[1] "2022-04-21 16:33:30 HKT"
Epoch 3 	 loss: 254581.200757547 	 dlt: 0.00267168691826587
mae: 1.52937154653967 	rmse: 2.03119230022885 
[1] "2022-04-21 16:33:38 HKT"
Epoch 5 	 loss: 253534.683287157 	 dlt: 0.00192422979305769
mae: 1.52872539985985 	rmse: 2.03053515009534 
[1] "2022-04-21 16:33:46 HKT"
Epoch 7 	 loss: 252564.513823223 	 dlt: 0.00182472806970278
mae: 1.52870818615813 	rmse: 2.03136202290182 
[1] "2022-04-21 16:33:54 HKT"
Epoch 9 	 loss: 252030.515576368 	 dlt: 0.000874930918825857
mae: 1.52850256651531 	rmse: 2.03115605281006 
[1] "2022-04-21 16:34:01 HKT"
Epoch 11 	 loss: 251225.720170352 	 dlt: 0.00138001698399828
mae: 1.5286470920741 	rmse: 2.03127742875793 
[1] "2022-04-21 16:34:08 HKT"
Epoch 13 	 loss: 250667.383543453 	 dlt: 0.00107159125684028
mae: 1.52826336374713 	rmse: 2.03082836230723 
[1] "2022-04-21 16:34:16 HKT"
Epoch 15 	 loss: 249864.315881411 	 dlt: 0.00174654160131394
mae: 1.5282450481462 	rmse: 2.03101547158873 
[1] "2022-04-21 16:34:23 HKT"
Epoch 17 	 loss: 249222.343166287 	 dlt: 0.00141554237039789
mae: 1.52774754992683 	rmse: 2.03008984603402 
[1] "2022-04-21 16:34:30 HKT"
Epoch 19 	 loss: 248653.585712788 	 dlt: 0.000977328938590281
mae: 1.52790237735584 	rmse: 2.03033645942401 
[1] "2022-04-21 16:34:38 HKT"
Epoch 21 	 loss: 247938.100922356 	 dlt: 0.00114238439427689
mae: 1.52760966309105 	rmse: 2.02994822750385 
[1] "2022-04-21 16:34:45 HKT"
Epoch 23 	 loss: 247317.86770361 	 dlt: 0.000844341305717284
mae: 1.52792220653804 	rmse: 2.03021951343194 
[1] "2022-04-21 16:34:53 HKT"
Epoch 25 	 loss: 246807.082511831 	 dlt: 0.00118383114621434
mae: 1.52783202967849 	rmse: 2.03020675780787 
[1] "2022-04-21 16:35:00 HKT"
Epoch 27 	 loss: 246292.275683731 	 dlt: 0.00106208822840275
mae: 1.5276630415389 	rmse: 2.03009707280511 
[1] "2022-04-21 16:35:08 HKT"
Epoch 29 	 loss: 245851.697743785 	 dlt: 0.000944408107349025
mae: 1.52773825004103 	rmse: 2.0302680237458 
[1] "2022-04-21 16:35:15 HKT"
Epoch 31 	 loss: 245166.022769506 	 dlt: 0.000973624461860603
mae: 1.52816963205091 	rmse: 2.03196256667288 
[1] "2022-04-21 16:35:23 HKT"
Epoch 33 	 loss: 244587.812597225 	 dlt: 0.00115301399924203
mae: 1.52826615188431 	rmse: 2.03224000519351 
[1] "2022-04-21 16:35:31 HKT"
Epoch 35 	 loss: 244181.490493484 	 dlt: 0.000834372095862984
mae: 1.52798741192026 	rmse: 2.03175213931064 
[1] "2022-04-21 16:35:39 HKT"
Epoch 37 	 loss: 243606.397614738 	 dlt: 0.00117642377910737
mae: 1.52842103177959 	rmse: 2.03239591559695 
[1] "2022-04-21 16:35:46 HKT"
Epoch 39 	 loss: 243062.645950194 	 dlt: 0.00133103272676741
mae: 1.52782479971275 	rmse: 2.03117122966911 
[1] "2022-04-21 16:35:54 HKT"
Epoch 41 	 loss: 242147.048593978 	 dlt: 0.00244847030443717
mae: 1.52789019968901 	rmse: 2.03101194184105 
[1] "2022-04-21 16:36:01 HKT"
Epoch 43 	 loss: 241488.490686809 	 dlt: 0.00122641202691117
mae: 1.52726094707291 	rmse: 2.02940766311742 
[1] "2022-04-21 16:36:09 HKT"
Epoch 45 	 loss: 240851.485937569 	 dlt: 0.00132264913379189
mae: 1.52705812712115 	rmse: 2.02921353311217 
[1] "2022-04-21 16:36:16 HKT"
Epoch 47 	 loss: 240299.939553643 	 dlt: 0.00106250338854124
mae: 1.52716191175499 	rmse: 2.02938296652965 
[1] "2022-04-21 16:36:23 HKT"
Epoch 49 	 loss: 239571.696801656 	 dlt: 0.00174076797110233
mae: 1.52733175393256 	rmse: 2.02985210483982 
[1] "2022-04-21 16:36:31 HKT"
Epoch 51 	 loss: 238904.927418541 	 dlt: 0.00100879470358124
mae: 1.52706273127163 	rmse: 2.02929188668174 
[1] "2022-04-21 16:36:38 HKT"
Epoch 53 	 loss: 238145.401266675 	 dlt: 0.00136063327710244
mae: 1.52740157743049 	rmse: 2.03026797646074 
[1] "2022-04-21 16:36:45 HKT"
Epoch 55 	 loss: 237690.331911826 	 dlt: 0.000819787679923246
mae: 1.5270995849847 	rmse: 2.02963857683031 
[1] "2022-04-21 16:36:53 HKT"
Epoch 57 	 loss: 237155.312262144 	 dlt: 0.00139769490062131
mae: 1.52721207902777 	rmse: 2.02977678025681 
[1] "2022-04-21 16:37:00 HKT"
Epoch 59 	 loss: 236413.622200931 	 dlt: 0.00182990153716124
mae: 1.52671982520509 	rmse: 2.0295042165324 
[1] "2022-04-21 16:37:07 HKT"
Epoch 61 	 loss: 235752.359978622 	 dlt: 0.000906367849681751
mae: 1.52695794752091 	rmse: 2.02912607832822 
[1] "2022-04-21 16:37:14 HKT"
Epoch 63 	 loss: 235187.815047495 	 dlt: 0.000937423682300047
mae: 1.52679454321537 	rmse: 2.02894946421744 
[1] "2022-04-21 16:37:22 HKT"
Epoch 65 	 loss: 234599.980680548 	 dlt: 0.00129577320251788
mae: 1.52662563804538 	rmse: 2.02904658098337 
[1] "2022-04-21 16:37:29 HKT"
Epoch 67 	 loss: 234184.732588611 	 dlt: 0.000778919944046437
mae: 1.52657264920433 	rmse: 2.02898050963592 
[1] "2022-04-21 16:37:37 HKT"
Epoch 69 	 loss: 233706.692227351 	 dlt: 0.000872221162221008
mae: 1.52680902052315 	rmse: 2.02936466301191 
[1] "2022-04-21 16:37:44 HKT"
Epoch 71 	 loss: 233135.28275588 	 dlt: 0.00165195439371464
mae: 1.5266183567199 	rmse: 2.02920364599417 
[1] "2022-04-21 16:37:51 HKT"
Epoch 73 	 loss: 232666.76905122 	 dlt: 0.00071083403253828
mae: 1.52663245286675 	rmse: 2.02919277449624 
[1] "2022-04-21 16:37:58 HKT"
Epoch 75 	 loss: 232058.14217995 	 dlt: 0.00135528516122686
mae: 1.526585378024 	rmse: 2.02912880279531 
[1] "2022-04-21 16:38:06 HKT"
Epoch 77 	 loss: 231341.380097845 	 dlt: 0.00177135849065756
mae: 1.52666947252926 	rmse: 2.02922531384664 
[1] "2022-04-21 16:38:13 HKT"
Epoch 79 	 loss: 230742.134228397 	 dlt: 0.00133150773653039
mae: 1.5266685873912 	rmse: 2.02941693839935 
[1] "2022-04-21 16:38:20 HKT"
Epoch 81 	 loss: 230179.229130552 	 dlt: 0.00127801227168818
mae: 1.52671588417981 	rmse: 2.02958001378731 
[1] "2022-04-21 16:38:28 HKT"
Epoch 83 	 loss: 229801.634851916 	 dlt: 0.000745230585321961
mae: 1.52714677402523 	rmse: 2.03051385053597 
[1] "2022-04-21 16:38:35 HKT"
Epoch 85 	 loss: 229156.408794512 	 dlt: 0.00181675225037539
mae: 1.52692310427272 	rmse: 2.02990158360123 
[1] "2022-04-21 16:38:43 HKT"
Epoch 87 	 loss: 228911.003234536 	 dlt: 0.000602256032798831
mae: 1.52643303620532 	rmse: 2.02885695781803 
[1] "2022-04-21 16:38:50 HKT"
Epoch 89 	 loss: 228377.702535601 	 dlt: 0.00132329478290902
mae: 1.52670280866561 	rmse: 2.0295337994278 
[1] "2022-04-21 16:38:58 HKT"
Epoch 91 	 loss: 227950.643671165 	 dlt: 0.000994072885871276
mae: 1.52633422686517 	rmse: 2.02900157545432 
[1] "2022-04-21 16:39:05 HKT"
Epoch 93 	 loss: 227610.885959758 	 dlt: 0.000545870170953554
mae: 1.52628001602521 	rmse: 2.02885291733807 
[1] "2022-04-21 16:39:13 HKT"
Epoch 95 	 loss: 227193.691518203 	 dlt: 0.000901570338091685
mae: 1.52621449178008 	rmse: 2.02895582059734 
[1] "2022-04-21 16:39:20 HKT"
Epoch 97 	 loss: 226696.420777475 	 dlt: 0.000898209452337633
mae: 1.52682349780511 	rmse: 2.03043198358644 
[1] "2022-04-21 16:39:27 HKT"
Epoch 99 	 loss: 226198.512318202 	 dlt: 0.000990505417101854
mae: 1.52678901192307 	rmse: 2.03045229394278 
[1] "2022-04-21 16:39:35 HKT"
Epoch 101 	 loss: 225771.77294435 	 dlt: 0.00089513145661538
mae: 1.52662854890948 	rmse: 2.02998197178774 
[1] "2022-04-21 16:39:42 HKT"
Epoch 103 	 loss: 225389.466949537 	 dlt: 0.000752741372336627
mae: 1.52652587159151 	rmse: 2.02990363867827 
[1] "2022-04-21 16:39:49 HKT"
Epoch 105 	 loss: 224871.790377953 	 dlt: 0.000864617328518907
mae: 1.52652451529991 	rmse: 2.02973505601541 
[1] "2022-04-21 16:39:57 HKT"
Epoch 107 	 loss: 224510.849255446 	 dlt: 0.000636257220355632
mae: 1.52660656301795 	rmse: 2.03000251368395 
[1] "2022-04-21 16:40:04 HKT"
Epoch 109 	 loss: 224045.458463626 	 dlt: 0.00114753338654711
mae: 1.5269330251652 	rmse: 2.03046269539577 
[1] "2022-04-21 16:40:12 HKT"
Epoch 111 	 loss: 223619.77953002 	 dlt: 0.000991395517438735
mae: 1.52673988254858 	rmse: 2.03039406124522 
[1] "2022-04-21 16:40:19 HKT"
Epoch 113 	 loss: 223044.734944874 	 dlt: 0.00170116923815118
mae: 1.52648963095715 	rmse: 2.02971950557897 
[1] "2022-04-21 16:40:26 HKT"
Epoch 115 	 loss: 222337.083594855 	 dlt: 0.00134810553334199
mae: 1.52668440676722 	rmse: 2.02965096005902 
[1] "2022-04-21 16:40:33 HKT"
Epoch 117 	 loss: 221756.320289544 	 dlt: 0.00169321869768623
mae: 1.52624644572631 	rmse: 2.0289761030091 
[1] "2022-04-21 16:40:41 HKT"
Epoch 119 	 loss: 221242.722964119 	 dlt: 0.00140709530499153
mae: 1.52635727679457 	rmse: 2.02919291823624 
[1] "2022-04-21 16:40:48 HKT"
Epoch 121 	 loss: 220696.347637991 	 dlt: 0.00126022567761407
mae: 1.52654289296924 	rmse: 2.02976455511133 
[1] "2022-04-21 16:40:56 HKT"
Epoch 123 	 loss: 220278.608892675 	 dlt: 0.000991684713838151
mae: 1.52600403730085 	rmse: 2.02862256883979 
[1] "2022-04-21 16:41:03 HKT"
Epoch 125 	 loss: 219710.935601757 	 dlt: 0.00136074564654437
mae: 1.52633728595549 	rmse: 2.02971791136585 
[1] "2022-04-21 16:41:11 HKT"
Epoch 127 	 loss: 219279.106512561 	 dlt: 0.00127597600052075
mae: 1.5263817112967 	rmse: 2.02973820116871 
[1] "2022-04-21 16:41:19 HKT"
Epoch 129 	 loss: 219023.873666876 	 dlt: 0.00027417346984453
mae: 1.52620647579693 	rmse: 2.02933243341557 
