
Attaching package: ‘dplyr’

The following objects are masked from ‘package:stats’:

    filter, lag

The following objects are masked from ‘package:base’:

    intersect, setdiff, setequal, union

Error in readChar(con, 5L, useBytes = TRUE) : cannot open the connection
Calls: load -> readChar
In addition: Warning message:
In readChar(con, 5L, useBytes = TRUE) :
  cannot open compressed file '/home/mathxuxin/nPMF/cpmf/read.Rda', probable reason 'No such file or directory'
Execution halted

Attaching package: ‘dplyr’

The following objects are masked from ‘package:stats’:

    filter, lag

The following objects are masked from ‘package:base’:

    intersect, setdiff, setequal, union


> dim = 2

> Y <- matrix(rnorm(N * dim), nrow = dim)

> W <- matrix(rnorm(M * dim), nrow = dim)

> aaa <- user_cpmf(read, t(Y), t(W))

> dim = 2

> Y <- matrix(rnorm(N * dim), nrow = dim)

> V <- matrix(rnorm(M * dim), nrow = dim)

> W <- matrix(rnorm(M * dim), nrow = dim)

> Ut <- user_cpmf(read, t(Y), t(W))

> loss_cpmf(train, t(Y), t(V), t(W), Ut, 1, 1, 1)
Error in loss_cpmf(train, t(Y), t(V), t(W), Ut, 1, 1, 1) : 
  could not find function "loss_cpmf"
Calls: sourceCpp -> source -> withVisible -> eval -> eval
Execution halted

Attaching package: ‘dplyr’

The following objects are masked from ‘package:stats’:

    filter, lag

The following objects are masked from ‘package:base’:

    intersect, setdiff, setequal, union


> dim = 2

> Y <- matrix(rnorm(N * dim), nrow = dim)

> W <- matrix(rnorm(M * dim), nrow = dim)

> aaa <- user_cpmf(read, t(Y), t(W))

> dim = 2

> Y <- matrix(rnorm(N * dim), nrow = dim)

> V <- matrix(rnorm(M * dim), nrow = dim)

> W <- matrix(rnorm(M * dim), nrow = dim)

> Ut <- user_cpmf(read, t(Y), t(W))

> loss_cpmf_aux(train, t(Y), t(V), t(W), Ut, 1, 1, 1)
[1] 26473.7

> dim = 2

> Y <- matrix(rnorm(N * dim), nrow = dim)

> V <- matrix(rnorm(M * dim), nrow = dim)

> W <- matrix(rnorm(M * dim), nrow = dim)

> Ut <- user_cpmf(read, t(Y), t(W))

> pred_cpmf(test, Ut, t(V))$mae
[1] 0.7466443
[1] 0.0000100 0.6666667 1.0000000 0.3333333
[1] 2
[1] "2022-04-21 16:53:43 HKT"
Epoch 1 	 loss: 13968.4677748123 	 dlt: 0.128757785383679
mae: 0.746644326921243 	rmse: 0.773024008322767 
[1] "2022-04-21 16:53:46 HKT"
Epoch 3 	 loss: 11708.1688849748 	 dlt: 0.112773278124081
mae: 0.746644326921243 	rmse: 0.773024008322767 
[1] "2022-04-21 16:53:49 HKT"
Epoch 5 	 loss: 18187.911272618 	 dlt: 0.256779888974791
mae: 0.746644326921243 	rmse: 0.773024008322767 
[1] "2022-04-21 16:53:53 HKT"
Epoch 7 	 loss: 26607.0164256694 	 dlt: 0.189494815833607
mae: 0.746644326921243 	rmse: 0.773024008322767 
[1] "2022-04-21 16:53:57 HKT"
Epoch 9 	 loss: 33869.159703937 	 dlt: 0.110731119617543
mae: 0.746644326921243 	rmse: 0.773024008322767 
[1] "2022-04-21 16:54:01 HKT"
Epoch 11 	 loss: 39106.8955878301 	 dlt: 0.0654316294338011
mae: 0.746644326921243 	rmse: 0.773024008322767 
[1] "2022-04-21 16:54:04 HKT"
Epoch 13 	 loss: 42851.9095214923 	 dlt: 0.0411255562625196
mae: 0.746644326921243 	rmse: 0.773024008322767 
[1] "2022-04-21 16:54:07 HKT"
Epoch 15 	 loss: 45608.3864902202 	 dlt: 0.0282268304263239
mae: 0.746644326921243 	rmse: 0.773024008322767 
[1] "2022-04-21 16:54:11 HKT"
Epoch 17 	 loss: 47648.6914298185 	 dlt: 0.0199668064894869
mae: 0.746644326921243 	rmse: 0.773024008322767 

Execution halted

Attaching package: ‘dplyr’

The following objects are masked from ‘package:stats’:

    filter, lag

The following objects are masked from ‘package:base’:

    intersect, setdiff, setequal, union


> dim = 2

> Y <- matrix(rnorm(N * dim), nrow = dim)

> W <- matrix(rnorm(M * dim), nrow = dim)

> aaa <- user_cpmf(read, t(Y), t(W))

> dim = 2

> Y <- matrix(rnorm(N * dim), nrow = dim)

> V <- matrix(rnorm(M * dim), nrow = dim)

> W <- matrix(rnorm(M * dim), nrow = dim)

> Ut <- user_cpmf(read, t(Y), t(W))

> loss_cpmf_aux(train, t(Y), t(V), t(W), Ut, 1, 1, 1)
[1] 26524.16

> dim = 2

> Y <- matrix(rnorm(N * dim), nrow = dim)

> V <- matrix(rnorm(M * dim), nrow = dim)

> W <- matrix(rnorm(M * dim), nrow = dim)

> Ut <- user_cpmf(read, t(Y), t(W))

> pred_cpmf(test, Ut, t(V))$mae
[1] 0.7466443
[1] 0.0000100 0.6666667 1.0000000 0.3333333
[1] 2
[1] "2022-04-21 16:55:01 HKT"
Epoch 1 	 loss: 15738.0290537653 	 dlt: 0.0183865898861807
mae: 0.746644326921243 	rmse: 0.773024008322767 
[1] "2022-04-21 16:55:05 HKT"
Epoch 3 	 loss: 13685.5955058647 	 dlt: 0.0797961959749185
mae: 0.746644326921243 	rmse: 0.773024008322767 
[1] "2022-04-21 16:55:09 HKT"
Epoch 5 	 loss: 11668.7989395855 	 dlt: 0.0753706924913511
mae: 0.746644326921243 	rmse: 0.773024008322767 
[1] "2022-04-21 16:55:13 HKT"
Epoch 7 	 loss: 10367.9144525559 	 dlt: 0.0503558441848343
mae: 0.746644326921243 	rmse: 0.773024008322767 
[1] "2022-04-21 16:55:17 HKT"
Epoch 9 	 loss: 9732.31885866328 	 dlt: 0.0251440085900882
mae: 0.746644326921243 	rmse: 0.773024008322767 
[1] "2022-04-21 16:55:21 HKT"
Epoch 11 	 loss: 9561.64282945625 	 dlt: 0.00357992152408834
mae: 0.746644326921243 	rmse: 0.773024008322767 
[1] "2022-04-21 16:55:25 HKT"
Epoch 13 	 loss: 9744.55866271473 	 dlt: 0.0134252746607061
mae: 0.746644326921243 	rmse: 0.773024008322767 
[1] "2022-04-21 16:55:29 HKT"
Epoch 15 	 loss: 10183.6682076231 	 dlt: 0.0247850111080678
mae: 0.746644326921243 	rmse: 0.773024008322767 

Execution halted

Attaching package: ‘dplyr’

The following objects are masked from ‘package:stats’:

    filter, lag

The following objects are masked from ‘package:base’:

    intersect, setdiff, setequal, union


> dim = 2

> Y <- matrix(rnorm(N * dim), nrow = dim)

> W <- matrix(rnorm(M * dim), nrow = dim)

> aaa <- user_cpmf(read, t(Y), t(W))

> dim = 2

> Y <- matrix(rnorm(N * dim), nrow = dim)

> V <- matrix(rnorm(M * dim), nrow = dim)

> W <- matrix(rnorm(M * dim), nrow = dim)

> Ut <- user_cpmf(read, t(Y), t(W))

> loss_cpmf_aux(train, t(Y), t(V), t(W), Ut, 1, 1, 1)
[1] 26626.08

> dim = 2

> Y <- matrix(rnorm(N * dim), nrow = dim)

> V <- matrix(rnorm(M * dim), nrow = dim)

> W <- matrix(rnorm(M * dim), nrow = dim)

> Ut <- user_cpmf(read, t(Y), t(W))

> pred_cpmf(test, Ut, t(V))$mae
[1] 0.3606396
[1] 0.0000100 0.6666667 1.0000000 0.3333333
[1] 2
[1] "2022-04-21 17:00:23 HKT"
Epoch 1 	 loss: 13968.4677748123 	 dlt: 0.128757785383679
mae: 0.300142364483971 	rmse: 0.345448014032099 
[1] "2022-04-21 17:00:27 HKT"
Epoch 3 	 loss: 11708.1688849748 	 dlt: 0.112773278124081
mae: 0.180220416540453 	rmse: 0.23599947038775 
[1] "2022-04-21 17:00:31 HKT"
Epoch 5 	 loss: 18187.911272618 	 dlt: 0.256779888974791
mae: 0.1664328188683 	rmse: 0.223004193689345 
[1] "2022-04-21 17:00:34 HKT"
Epoch 7 	 loss: 26607.0164256694 	 dlt: 0.189494815833607
mae: 0.164419843313531 	rmse: 0.222339543444574 
[1] "2022-04-21 17:00:38 HKT"
Epoch 9 	 loss: 33869.159703937 	 dlt: 0.110731119617543
mae: 0.16471964818339 	rmse: 0.223121103736906 
[1] "2022-04-21 17:00:41 HKT"
Epoch 11 	 loss: 39106.8955878301 	 dlt: 0.0654316294338011
mae: 0.166768600322542 	rmse: 0.226344003505761 
[1] "2022-04-21 17:00:45 HKT"
Epoch 13 	 loss: 42851.9095214923 	 dlt: 0.0411255562625196
mae: 0.168209376868551 	rmse: 0.228701209275483 
[1] "2022-04-21 17:00:48 HKT"
Epoch 15 	 loss: 45608.3864902202 	 dlt: 0.0282268304263239
mae: 0.169268116351825 	rmse: 0.230543203625301 
[1] "2022-04-21 17:00:52 HKT"
Epoch 17 	 loss: 47648.6914298185 	 dlt: 0.0199668064894869
mae: 0.170457056807152 	rmse: 0.232246868563329 
[1] "2022-04-21 17:00:55 HKT"
Epoch 19 	 loss: 49304.5994290723 	 dlt: 0.0156806428711412
mae: 0.171460974828508 	rmse: 0.233844534142908 
[1] "2022-04-21 17:00:59 HKT"
Epoch 21 	 loss: 50627.8965123574 	 dlt: 0.0130977700065958
mae: 0.17170595823645 	rmse: 0.234687552221107 
[1] "2022-04-21 17:01:02 HKT"
Epoch 23 	 loss: 51652.5348355165 	 dlt: 0.0091229872373437
mae: 0.172629357235616 	rmse: 0.236174030258346 
[1] "2022-04-21 17:01:06 HKT"
Epoch 25 	 loss: 52486.8735565914 	 dlt: 0.00768563690740304
mae: 0.17349622160218 	rmse: 0.237244368503463 
[1] "2022-04-21 17:01:09 HKT"
Epoch 27 	 loss: 53168.6148263655 	 dlt: 0.00655678466452204
mae: 0.174561813768193 	rmse: 0.238761569366692 
[1] "2022-04-21 17:01:13 HKT"
Epoch 29 	 loss: 53751.9772187605 	 dlt: 0.00550190039077117
mae: 0.175065485949557 	rmse: 0.239760822445691 
[1] "2022-04-21 17:01:16 HKT"
Epoch 31 	 loss: 54249.7738037591 	 dlt: 0.0039975363456821
mae: 0.175608561056673 	rmse: 0.24040343811064 
[1] "2022-04-21 17:01:20 HKT"
Epoch 33 	 loss: 54677.0032379222 	 dlt: 0.00461340343590714
mae: 0.175557165936125 	rmse: 0.240546711861562 
[1] "2022-04-21 17:01:24 HKT"
Epoch 35 	 loss: 55027.0037954603 	 dlt: 0.00320008609544699
mae: 0.176331519085705 	rmse: 0.241422703955304 
[1] "2022-04-21 17:01:27 HKT"
Epoch 37 	 loss: 55324.1405022907 	 dlt: 0.00292049674706021
mae: 0.176708416636384 	rmse: 0.24243061806091 
[1] "2022-04-21 17:01:30 HKT"
Epoch 39 	 loss: 55517.3729981846 	 dlt: 0.00228623907056316
mae: 0.177073321992269 	rmse: 0.243070874183964 
[1] "2022-04-21 17:01:34 HKT"
Epoch 41 	 loss: 55724.1228798162 	 dlt: 0.00226638488230749
mae: 0.177971023431163 	rmse: 0.243376879291862 
[1] "2022-04-21 17:01:37 HKT"
Epoch 43 	 loss: 55900.9176460904 	 dlt: 0.00159938555055954
mae: 0.178442145369513 	rmse: 0.244176076896393 
[1] "2022-04-21 17:01:41 HKT"
Epoch 45 	 loss: 56077.8651170603 	 dlt: 0.00148950721270454
mae: 0.178464416588416 	rmse: 0.244146061613827 
[1] "2022-04-21 17:01:44 HKT"
Epoch 47 	 loss: 56234.8727002153 	 dlt: 0.00138903703999308
mae: 0.179079444864299 	rmse: 0.244906221726129 
[1] "2022-04-21 17:01:48 HKT"
Epoch 49 	 loss: 56325.0461106001 	 dlt: 0.00119362166165472
mae: 0.179495745340732 	rmse: 0.245263106076571 

Attaching package: ‘dplyr’

The following objects are masked from ‘package:stats’:

    filter, lag

The following objects are masked from ‘package:base’:

    intersect, setdiff, setequal, union


> dim = 2

> Y <- matrix(rnorm(N * dim), nrow = dim)

> W <- matrix(rnorm(M * dim), nrow = dim)

> aaa <- user_cpmf(read, t(Y), t(W))

> dim = 2

> Y <- matrix(rnorm(N * dim), nrow = dim)

> V <- matrix(rnorm(M * dim), nrow = dim)

> W <- matrix(rnorm(M * dim), nrow = dim)

> Ut <- user_cpmf(read, t(Y), t(W))

> loss_cpmf_aux(train, t(Y), t(V), t(W), Ut, 1, 1, 1)
[1] 26651.16

> dim = 2

> Y <- matrix(rnorm(N * dim), nrow = dim)

> V <- matrix(rnorm(M * dim), nrow = dim)

> W <- matrix(rnorm(M * dim), nrow = dim)

> Ut <- user_cpmf(read, t(Y), t(W))

> pred_cpmf(test, Ut, t(V))$mae
[1] 0.3592125
[1] 0.0002000 0.6666667 1.0000000 0.3333333
[1] 2
[1] "2022-04-21 17:16:10 HKT"
Epoch 1 	 loss: 557731.627448144 	 dlt: 0
mae: 0.164347890144765 	rmse: 0.222796249595343 

Attaching package: ‘dplyr’

The following objects are masked from ‘package:stats’:

    filter, lag

The following objects are masked from ‘package:base’:

    intersect, setdiff, setequal, union


> dim = 2

> Y <- matrix(rnorm(N * dim), nrow = dim)

> W <- matrix(rnorm(M * dim), nrow = dim)

> aaa <- user_cpmf(read, t(Y), t(W))

> dim = 2

> Y <- matrix(rnorm(N * dim), nrow = dim)

> V <- matrix(rnorm(M * dim), nrow = dim)

> W <- matrix(rnorm(M * dim), nrow = dim)

> Ut <- user_cpmf(read, t(Y), t(W))

> loss_cpmf_aux(train, t(Y), t(V), t(W), Ut, 1, 1, 1)
[1] 26445.25

> dim = 2

> Y <- matrix(rnorm(N * dim), nrow = dim)

> V <- matrix(rnorm(M * dim), nrow = dim)

> W <- matrix(rnorm(M * dim), nrow = dim)

> Ut <- user_cpmf(read, t(Y), t(W))

> pred_cpmf(test, Ut, t(V))$mae
[1] 0.3615064
[1] 0.0002000 0.6666667 1.0000000 0.3333333
[1] 2
[1] "2022-04-21 17:18:24 HKT"
Epoch 1 	 loss: 557731.627448144 	 dlt: 0
mae: 0.164347890144765 	rmse: 0.222796249595343 

Attaching package: ‘dplyr’

The following objects are masked from ‘package:stats’:

    filter, lag

The following objects are masked from ‘package:base’:

    intersect, setdiff, setequal, union


> dim = 2

> Y <- matrix(rnorm(N * dim), nrow = dim)

> W <- matrix(rnorm(M * dim), nrow = dim)

> aaa <- user_cpmf(read, t(Y), t(W))

> dim = 2

> Y <- matrix(rnorm(N * dim), nrow = dim)

> V <- matrix(rnorm(M * dim), nrow = dim)

> W <- matrix(rnorm(M * dim), nrow = dim)

> Ut <- user_cpmf(read, t(Y), t(W))

> loss_cpmf_aux(train, t(Y), t(V), t(W), Ut, 1, 1, 1)
[1] 26430.41

> dim = 2

> Y <- matrix(rnorm(N * dim), nrow = dim)

> V <- matrix(rnorm(M * dim), nrow = dim)

> W <- matrix(rnorm(M * dim), nrow = dim)

> Ut <- user_cpmf(read, t(Y), t(W))

> pred_cpmf(test, Ut, t(V))$mae
[1] 0.3622242
[1] 0.0000300 0.6666667 1.0000000 0.3333333
[1] 2
[1] "2022-04-21 17:21:12 HKT"
Epoch 1 	 loss: 14046.064641155 	 dlt: 0.123917908400061
mae: 0.300202325457943 	rmse: 0.345503939073465 
[1] "2022-04-21 17:21:16 HKT"
Epoch 3 	 loss: 21709.1698644846 	 dlt: 0.609713098971052
mae: 0.180712096527022 	rmse: 0.236414091243042 
[1] "2022-04-21 17:21:20 HKT"
Epoch 5 	 loss: 45396.9921051735 	 dlt: 0.391015539480962
mae: 0.166975893975417 	rmse: 0.223388401274159 
[1] "2022-04-21 17:21:23 HKT"
Epoch 7 	 loss: 72141.7404228837 	 dlt: 0.224500101463949
mae: 0.164755624767774 	rmse: 0.222313001726497 
[1] "2022-04-21 17:21:27 HKT"
Epoch 9 	 loss: 94296.1276351343 	 dlt: 0.121615115467264
mae: 0.165048576954894 	rmse: 0.223005900846206 
[1] "2022-04-21 17:21:31 HKT"
Epoch 11 	 loss: 109571.849196127 	 dlt: 0.066276208316596
mae: 0.166657244228024 	rmse: 0.225626766938171 
[1] "2022-04-21 17:21:35 HKT"
Epoch 13 	 loss: 119608.605821053 	 dlt: 0.0384387009610865
mae: 0.168116865651566 	rmse: 0.228089469178499 
[1] "2022-04-21 17:21:38 HKT"
Epoch 15 	 loss: 126270.955268413 	 dlt: 0.0233590983134077
mae: 0.169007714407719 	rmse: 0.229683731818127 

Execution halted

Attaching package: ‘dplyr’

The following objects are masked from ‘package:stats’:

    filter, lag

The following objects are masked from ‘package:base’:

    intersect, setdiff, setequal, union


> dim = 2

> Y <- matrix(rnorm(N * dim), nrow = dim)

> W <- matrix(rnorm(M * dim), nrow = dim)

> aaa <- user_cpmf(read, t(Y), t(W))

> dim = 2

> Y <- matrix(rnorm(N * dim), nrow = dim)

> V <- matrix(rnorm(M * dim), nrow = dim)

> W <- matrix(rnorm(M * dim), nrow = dim)

> Ut <- user_cpmf(read, t(Y), t(W))

> loss_cpmf_aux(train, t(Y), t(V), t(W), Ut, 1, 1, 1)
[1] 26352.92

> dim = 2

> Y <- matrix(rnorm(N * dim), nrow = dim)

> V <- matrix(rnorm(M * dim), nrow = dim)

> W <- matrix(rnorm(M * dim), nrow = dim)

> Ut <- user_cpmf(read, t(Y), t(W))

> pred_cpmf(test, Ut, t(V))$mae
[1] 0.3588493
[1] 0.0001000 0.6666667 1.0000000 0.3333333
[1] 2
[1] "2022-04-21 17:22:11 HKT"
Epoch 1 	 loss: 14314.3893754591 	 dlt: 0.107181939966003
mae: 0.300443882524515 	rmse: 0.345722318180142 
[1] "2022-04-21 17:22:15 HKT"
Epoch 3 	 loss: 55020.8069702734 	 dlt: 1.33112636913745
mae: 0.182384151115494 	rmse: 0.237941386449882 
[1] "2022-04-21 17:22:18 HKT"
Epoch 5 	 loss: 133270.56141868 	 dlt: 0.450005259415908
mae: 0.168970024652653 	rmse: 0.224993978177382 
[1] "2022-04-21 17:22:22 HKT"
Epoch 7 	 loss: 216845.609005159 	 dlt: 0.231267732697739
mae: 0.166054208146936 	rmse: 0.222459369824408 
[1] "2022-04-21 17:22:26 HKT"
Epoch 9 	 loss: 279819.200215919 	 dlt: 0.111805443233535
mae: 0.166018231562553 	rmse: 0.222811200715297 
[1] "2022-04-21 17:22:29 HKT"
Epoch 11 	 loss: 315410.848250355 	 dlt: 0.0476327363939311
mae: 0.167090676411306 	rmse: 0.224456528418112 
[1] "2022-04-21 17:22:33 HKT"
Epoch 13 	 loss: 329815.767583244 	 dlt: 0.0155458195520384
mae: 0.168586274419232 	rmse: 0.226756971739058 
[1] "2022-04-21 17:22:37 HKT"
Epoch 15 	 loss: 331265.251488694 	 dlt: 0.00165682792358458
mae: 0.16985573389675 	rmse: 0.228459292738864 
[1] "2022-04-21 17:22:40 HKT"
Epoch 17 	 loss: 325623.743027861 	 dlt: 0.0102828655699839
mae: 0.170724311433998 	rmse: 0.229750022915413 
[1] "2022-04-21 17:22:43 HKT"
Epoch 19 	 loss: 317128.251651877 	 dlt: 0.0148774605922306
mae: 0.171401013854537 	rmse: 0.230716116365577 
[1] "2022-04-21 17:22:47 HKT"
Epoch 21 	 loss: 306958.838923514 	 dlt: 0.0162022271258545
mae: 0.171313642149606 	rmse: 0.231074322455044 
[1] "2022-04-21 17:22:51 HKT"
Epoch 23 	 loss: 296423.854487836 	 dlt: 0.0176712139083623
mae: 0.172295288952059 	rmse: 0.23250940578974 
[1] "2022-04-21 17:22:54 HKT"
Epoch 25 	 loss: 286740.787505499 	 dlt: 0.0150249982861372
mae: 0.172857208936709 	rmse: 0.233262197353556 
[1] "2022-04-21 17:22:58 HKT"
Epoch 27 	 loss: 277040.66798519 	 dlt: 0.01592583904567
mae: 0.173611004038068 	rmse: 0.234328777011737 

Execution halted

Attaching package: ‘dplyr’

The following objects are masked from ‘package:stats’:

    filter, lag

The following objects are masked from ‘package:base’:

    intersect, setdiff, setequal, union


> dim = 2

> Y <- matrix(rnorm(N * dim), nrow = dim)

> W <- matrix(rnorm(M * dim), nrow = dim)

> aaa <- user_cpmf(read, t(Y), t(W))

> dim = 2

> Y <- matrix(rnorm(N * dim), nrow = dim)

> V <- matrix(rnorm(M * dim), nrow = dim)

> W <- matrix(rnorm(M * dim), nrow = dim)

> Ut <- user_cpmf(read, t(Y), t(W))

> loss_cpmf_aux(train, t(Y), t(V), t(W), Ut, 1, 1, 1)
[1] 26324.25

> dim = 2

> Y <- matrix(rnorm(N * dim), nrow = dim)

> V <- matrix(rnorm(M * dim), nrow = dim)

> W <- matrix(rnorm(M * dim), nrow = dim)

> Ut <- user_cpmf(read, t(Y), t(W))

> pred_cpmf(test, Ut, t(V))$mae
[1] 0.3591114
[1] 1e-05 5e-01 1e+00 5e-01
[1] 2
[1] "2022-04-21 17:23:50 HKT"
Epoch 1 	 loss: 13967.9454876636 	 dlt: 0.128790361512959
mae: 0.300137224971917 	rmse: 0.345441677126342 
[1] "2022-04-21 17:23:55 HKT"
Epoch 3 	 loss: 11744.694345551 	 dlt: 0.115648963965811
mae: 0.180228982393877 	rmse: 0.235984548198098 
[1] "2022-04-21 17:23:59 HKT"
Epoch 5 	 loss: 18411.4209182541 	 dlt: 0.263248759051678
mae: 0.166410547649397 	rmse: 0.222947423280374 
[1] "2022-04-21 17:24:03 HKT"
Epoch 7 	 loss: 27222.5583953777 	 dlt: 0.19571134283771
mae: 0.164476377946133 	rmse: 0.222411874947266 
[1] "2022-04-21 17:24:08 HKT"
Epoch 9 	 loss: 34964.4176810498 	 dlt: 0.115845631169125
mae: 0.164748772085034 	rmse: 0.223043881706669 
[1] "2022-04-21 17:24:12 HKT"
Epoch 11 	 loss: 40760.6954808525 	 dlt: 0.0698650346620865
mae: 0.166597283254051 	rmse: 0.225936599288913 
[1] "2022-04-21 17:24:17 HKT"
Epoch 13 	 loss: 45092.7646844909 	 dlt: 0.0460337307132653
mae: 0.168293322232112 	rmse: 0.228833925603774 
[1] "2022-04-21 17:24:21 HKT"
Epoch 15 	 loss: 48457.731595215 	 dlt: 0.0327365063147102
mae: 0.169348635374016 	rmse: 0.230651753499244 
[1] "2022-04-21 17:24:26 HKT"
Epoch 17 	 loss: 51138.6068957148 	 dlt: 0.0251813035859253
mae: 0.170541002170713 	rmse: 0.232416056796169 
[1] "2022-04-21 17:24:30 HKT"
Epoch 19 	 loss: 53426.3661206449 	 dlt: 0.0205341886730016
mae: 0.171502090924947 	rmse: 0.23389662512037 
[1] "2022-04-21 17:24:34 HKT"
Epoch 21 	 loss: 55405.105064087 	 dlt: 0.0180422048812612
mae: 0.171882414816996 	rmse: 0.234669302027577 
[1] "2022-04-21 17:24:38 HKT"
Epoch 23 	 loss: 57104.7419116295 	 dlt: 0.014166244472102
mae: 0.173037091858625 	rmse: 0.236337588211417 
[1] "2022-04-21 17:24:43 HKT"
Epoch 25 	 loss: 58682.2554686352 	 dlt: 0.0132922661312971
mae: 0.173696662572315 	rmse: 0.237350655667227 
[1] "2022-04-21 17:24:47 HKT"
Epoch 27 	 loss: 60091.3990295484 	 dlt: 0.0120752796171097
mae: 0.174397349382443 	rmse: 0.238384971080034 
[1] "2022-04-21 17:24:52 HKT"
Epoch 29 	 loss: 61439.1368503082 	 dlt: 0.010920863738542
mae: 0.174988393268736 	rmse: 0.239400506359645 
[1] "2022-04-21 17:24:56 HKT"
Epoch 31 	 loss: 62685.2273114485 	 dlt: 0.00931867152796637
mae: 0.175538321058592 	rmse: 0.240101967831153 
[1] "2022-04-21 17:25:00 HKT"
Epoch 33 	 loss: 63832.4216828654 	 dlt: 0.00917595263373314
mae: 0.175723343492561 	rmse: 0.24061198789053 
[1] "2022-04-21 17:25:04 HKT"
Epoch 35 	 loss: 64945.3786907195 	 dlt: 0.00868674601947472
mae: 0.176081396165708 	rmse: 0.241032099957143 
[1] "2022-04-21 17:25:08 HKT"
Epoch 37 	 loss: 66030.5802650581 	 dlt: 0.00837995278310122
mae: 0.176761524927617 	rmse: 0.241656369454637 
[1] "2022-04-21 17:25:12 HKT"
Epoch 39 	 loss: 67018.6679521575 	 dlt: 0.00806023522478369
mae: 0.177088740528434 	rmse: 0.242372507585416 
[1] "2022-04-21 17:25:16 HKT"
Epoch 41 	 loss: 67974.1803983431 	 dlt: 0.00780093356976574
mae: 0.177585560027058 	rmse: 0.242724882937735 
[1] "2022-04-21 17:25:20 HKT"
Epoch 43 	 loss: 68869.4080775059 	 dlt: 0.00682346749467316
mae: 0.177845961971165 	rmse: 0.243194966138539 
[1] "2022-04-21 17:25:25 HKT"
Epoch 45 	 loss: 69787.7149036986 	 dlt: 0.00637404899662978
mae: 0.178330789274993 	rmse: 0.243698122608828 
[1] "2022-04-21 17:25:29 HKT"
Epoch 47 	 loss: 70702.1462554133 	 dlt: 0.006609612077205
mae: 0.178805337554714 	rmse: 0.244395037838682 
[1] "2022-04-21 17:25:33 HKT"
Epoch 49 	 loss: 71567.5096174873 	 dlt: 0.00660236760154686
mae: 0.179314149248132 	rmse: 0.244812545708491 

Attaching package: ‘dplyr’

The following objects are masked from ‘package:stats’:

    filter, lag

The following objects are masked from ‘package:base’:

    intersect, setdiff, setequal, union


> dim = 2

> Y <- matrix(rnorm(N * dim), nrow = dim)

> W <- matrix(rnorm(M * dim), nrow = dim)

> aaa <- user_cpmf(read, t(Y), t(W))

> dim = 2

> Y <- matrix(rnorm(N * dim), nrow = dim)

> V <- matrix(rnorm(M * dim), nrow = dim)

> W <- matrix(rnorm(M * dim), nrow = dim)

> Ut <- user_cpmf(read, t(Y), t(W))

> loss_cpmf_aux(train, t(Y), t(V), t(W), Ut, 1, 1, 1)
[1] 26516.19

> dim = 2

> Y <- matrix(rnorm(N * dim), nrow = dim)

> V <- matrix(rnorm(M * dim), nrow = dim)

> W <- matrix(rnorm(M * dim), nrow = dim)

> Ut <- user_cpmf(read, t(Y), t(W))

> pred_cpmf(test, Ut, t(V))$mae
[1] 0.3606413
[1] 2e-04 5e-01 1e+00 5e-01
[1] 2
[1] "2022-04-21 17:27:10 HKT"
Epoch 1 	 loss: 574688.832897223 	 dlt: 0
mae: 0.16435302965682 	rmse: 0.222810346392611 

Attaching package: ‘dplyr’

The following objects are masked from ‘package:stats’:

    filter, lag

The following objects are masked from ‘package:base’:

    intersect, setdiff, setequal, union


> dim = 2

> Y <- matrix(rnorm(N * dim), nrow = dim)

> W <- matrix(rnorm(M * dim), nrow = dim)

> aaa <- user_cpmf(read, t(Y), t(W))

> dim = 2

> Y <- matrix(rnorm(N * dim), nrow = dim)

> V <- matrix(rnorm(M * dim), nrow = dim)

> W <- matrix(rnorm(M * dim), nrow = dim)

> Ut <- user_cpmf(read, t(Y), t(W))

> loss_cpmf_aux(train, t(Y), t(V), t(W), Ut, 1, 1, 1)
[1] 26353.57

> dim = 2

> Y <- matrix(rnorm(N * dim), nrow = dim)

> V <- matrix(rnorm(M * dim), nrow = dim)

> W <- matrix(rnorm(M * dim), nrow = dim)

> Ut <- user_cpmf(read, t(Y), t(W))

> pred_cpmf(test, Ut, t(V))$mae
[1] 0.3602181
[1] 3e-05 5e-01 1e+00 5e-01
[1] 2
[1] "2022-04-21 17:32:44 HKT"
Epoch 1 	 loss: 88529.6550502525 	 dlt: 0
mae: 0.16435302965682 	rmse: 0.222810346392611 

Attaching package: ‘dplyr’

The following objects are masked from ‘package:stats’:

    filter, lag

The following objects are masked from ‘package:base’:

    intersect, setdiff, setequal, union


> dim = 2

> Y <- matrix(rnorm(N * dim), nrow = dim)

> W <- matrix(rnorm(M * dim), nrow = dim)

> aaa <- user_cpmf(read, t(Y), t(W))

> dim = 2

> Y <- matrix(rnorm(N * dim), nrow = dim)

> V <- matrix(rnorm(M * dim), nrow = dim)

> W <- matrix(rnorm(M * dim), nrow = dim)

> Ut <- user_cpmf(read, t(Y), t(W))

> loss_cpmf_aux(train, t(Y), t(V), t(W), Ut, 1, 1, 1)
[1] 26409.93

> dim = 2

> Y <- matrix(rnorm(N * dim), nrow = dim)

> V <- matrix(rnorm(M * dim), nrow = dim)

> W <- matrix(rnorm(M * dim), nrow = dim)

> Ut <- user_cpmf(read, t(Y), t(W))

> pred_cpmf(test, Ut, t(V))$mae
[1] 0.3597521
[1] 3e-05 5e-01 1e+00 5e-01
[1] 2
[1] "2022-04-21 17:45:43 HKT"
Epoch 1 	 loss: 88529.6550502525 	 dlt: 0
mae: 0.16435302965682 	rmse: 0.222810346392611 

Attaching package: ‘dplyr’

The following objects are masked from ‘package:stats’:

    filter, lag

The following objects are masked from ‘package:base’:

    intersect, setdiff, setequal, union


> dim = 2

> Y <- matrix(rnorm(N * dim), nrow = dim)

> W <- matrix(rnorm(M * dim), nrow = dim)

> aaa <- user_cpmf(read, t(Y), t(W))

> dim = 2

> Y <- matrix(rnorm(N * dim), nrow = dim)

> V <- matrix(rnorm(M * dim), nrow = dim)

> W <- matrix(rnorm(M * dim), nrow = dim)

> Ut <- user_cpmf(read, t(Y), t(W))

> loss_cpmf_aux(train, t(Y), t(V), t(W), Ut, 1, 1, 1)
[1] 26757.66

> dim = 2

> Y <- matrix(rnorm(N * dim), nrow = dim)

> V <- matrix(rnorm(M * dim), nrow = dim)

> W <- matrix(rnorm(M * dim), nrow = dim)

> Ut <- user_cpmf(read, t(Y), t(W))

> pred_cpmf(test, Ut, t(V))$mae
[1] 0.3622311
[1] 3e-04 5e-01 1e+00 5e-01
[1] 2
[1] "2022-04-21 17:48:43 HKT"
Epoch 1 	 loss: 15049.9935890419 	 dlt: 0.0613007843192387
mae: 0.300981818119574 	rmse: 0.346231791931858 
[1] "2022-04-21 17:48:47 HKT"
Epoch 3 	 loss: 149482.42917387 	 dlt: 1.88018432987135
mae: 0.186360420275169 	rmse: 0.241258648402479 
[1] "2022-04-21 17:48:52 HKT"
Epoch 5 	 loss: 420600.726175286 	 dlt: 0.556642253928527
mae: 0.175462941548462 	rmse: 0.228929151013043 
[1] "2022-04-21 17:48:56 HKT"
Epoch 7 	 loss: 751546.919073188 	 dlt: 0.277047052363872
mae: 0.171457548487144 	rmse: 0.22377067320746 
[1] "2022-04-21 17:49:00 HKT"
Epoch 9 	 loss: 1002791.54498832 	 dlt: 0.126519514536264
mae: 0.172744139671511 	rmse: 0.226463392131581 
[1] "2022-04-21 17:49:05 HKT"
Epoch 11 	 loss: 1151545.8398585 	 dlt: 0.056812835096592
mae: 0.173634988427663 	rmse: 0.228013929802842 
[1] "2022-04-21 17:49:09 HKT"
Epoch 13 	 loss: 1226663.88262257 	 dlt: 0.0261613287889153
mae: 0.173893677201083 	rmse: 0.228786090033744 
[1] "2022-04-21 17:49:13 HKT"
Epoch 15 	 loss: 1261281.15684724 	 dlt: 0.0106493426143771
mae: 0.17459093766984 	rmse: 0.22970817888683 
[1] "2022-04-21 17:49:17 HKT"
Epoch 17 	 loss: 1274756.99993519 	 dlt: 0.00362292724262209
mae: 0.175692506420237 	rmse: 0.231094915809447 
[1] "2022-04-21 17:49:21 HKT"
Epoch 19 	 loss: 1279066.21372874 	 dlt: 0.000776287073995954
mae: 0.176591921029815 	rmse: 0.232341514453159 
[1] "2022-04-21 17:49:25 HKT"
Epoch 21 	 loss: 1273048.39924683 	 dlt: 0.00303866856502146
mae: 0.177576994173637 	rmse: 0.233693078831058 
[1] "2022-04-21 17:49:30 HKT"
Epoch 23 	 loss: 1270902.19757725 	 dlt: 3.88515125019067e-05
mae: 0.179526582413065 	rmse: 0.236758450969839 
[1] "2022-04-21 17:49:34 HKT"
Epoch 25 	 loss: 1264835.19322422 	 dlt: 0.00283608392255531
mae: 0.179447776561559 	rmse: 0.236829191845395 
[1] "2022-04-21 17:49:38 HKT"
Epoch 27 	 loss: 1256298.21413357 	 dlt: 0.00279982953086888
mae: 0.179889774598264 	rmse: 0.237300526144326 
[1] "2022-04-21 17:49:43 HKT"
Epoch 29 	 loss: 1248978.92283421 	 dlt: 0.00369083616449852
mae: 0.18025467995415 	rmse: 0.237557478374389 
[1] "2022-04-21 17:49:47 HKT"
Epoch 31 	 loss: 1243877.78008863 	 dlt: 0.000945645959370788
mae: 0.182094625269744 	rmse: 0.24026720929997 
[1] "2022-04-21 17:49:51 HKT"
Epoch 33 	 loss: 1239828.25467314 	 dlt: 0.00134976184546238
mae: 0.181895897470294 	rmse: 0.24046598245605 
[1] "2022-04-21 17:49:56 HKT"
Epoch 35 	 loss: 1230714.54869263 	 dlt: 0.00226183948962722
mae: 0.182158012585084 	rmse: 0.240186782209669 
[1] "2022-04-21 17:50:00 HKT"
Epoch 37 	 loss: 1225989.54481997 	 dlt: 0.00156535431307843
mae: 0.181262024316876 	rmse: 0.238856821560001 
[1] "2022-04-21 17:50:04 HKT"
Epoch 39 	 loss: 1219558.07909723 	 dlt: 0.00174852857224005
mae: 0.1849264964119 	rmse: 0.242889907395788 
[1] "2022-04-21 17:50:08 HKT"
Epoch 41 	 loss: 1221358.59316815 	 dlt: 0.0004065718016875
mae: 0.18350285157274 	rmse: 0.242175299276138 
[1] "2022-04-21 17:50:12 HKT"
Epoch 43 	 loss: 1216243.88975925 	 dlt: 0.00332380115563777
mae: 0.183924291561227 	rmse: 0.242449461710512 
[1] "2022-04-21 17:50:16 HKT"
Epoch 45 	 loss: 1209032.12648257 	 dlt: 0.00272792902886622
mae: 0.183525122791644 	rmse: 0.242041247405806 
[1] "2022-04-21 17:50:21 HKT"
Epoch 47 	 loss: 1204986.12243602 	 dlt: 0.00287661324443248
mae: 0.183442890598766 	rmse: 0.241695751158 
[1] "2022-04-21 17:50:25 HKT"
Epoch 49 	 loss: 1200945.61511322 	 dlt: 0.000308788060816712
mae: 0.182444112089463 	rmse: 0.240262455737915 

Attaching package: ‘dplyr’

The following objects are masked from ‘package:stats’:

    filter, lag

The following objects are masked from ‘package:base’:

    intersect, setdiff, setequal, union


> dim = 2

> Y <- matrix(rnorm(N * dim), nrow = dim)

> W <- matrix(rnorm(M * dim), nrow = dim)

> aaa <- user_cpmf(read, t(Y), t(W))

> dim = 2

> Y <- matrix(rnorm(N * dim), nrow = dim)

> V <- matrix(rnorm(M * dim), nrow = dim)

> W <- matrix(rnorm(M * dim), nrow = dim)

> Ut <- user_cpmf(read, t(Y), t(W))

> loss_cpmf_aux(train, t(Y), t(V), t(W), Ut, 1, 1, 1)
[1] 26323.07

> dim = 2

> Y <- matrix(rnorm(N * dim), nrow = dim)

> V <- matrix(rnorm(M * dim), nrow = dim)

> W <- matrix(rnorm(M * dim), nrow = dim)

> Ut <- user_cpmf(read, t(Y), t(W))

> pred_cpmf(test, Ut, t(V))$mae
[1] 0.3607047
[1] 3e-04 5e-01 1e+00 5e-01
[1] 2
[1] "2022-04-21 17:53:46 HKT"
Epoch 1 	 loss: 890167.930558333 	 dlt: 0
mae: 0.170621521192905 	rmse: 0.223142004551797 

Attaching package: ‘dplyr’

The following objects are masked from ‘package:stats’:

    filter, lag

The following objects are masked from ‘package:base’:

    intersect, setdiff, setequal, union

make: *** [/home/mathxuxin/anaconda3/envs/r-env/lib/R/etc/Makeconf:177: user_cpmf.o] Interrupt
x86_64-conda-linux-gnu-c++ -std=gnu++14 -I"/home/mathxuxin/anaconda3/envs/r-env/lib/R/include" -DNDEBUG   -I"/import/home/mathxuxin/anaconda3/envs/r-env/lib/R/library/Rcpp/include" -I"/import/home/mathxuxin/nPMF/cpp" -DNDEBUG -D_FORTIFY_SOURCE=2 -O2 -isystem /home/mathxuxin/anaconda3/envs/r-env/include -I/home/mathxuxin/anaconda3/envs/r-env/include -Wl,-rpath-link,/home/mathxuxin/anaconda3/envs/r-env/lib   -fpic  -fvisibility-inlines-hidden  -fmessage-length=0 -march=nocona -mtune=haswell -ftree-vectorize -fPIC -fstack-protector-strong -fno-plt -O2 -ffunction-sections -pipe -isystem /home/mathxuxin/anaconda3/envs/r-env/include -fdebug-prefix-map=/home/conda/feedstock_root/build_artifacts/r-base-split_1642327566152/work=/usr/local/src/conda/r-base-4.1.2 -fdebug-prefix-map=/home/mathxuxin/anaconda3/envs/r-env=/usr/local/src/conda-prefix  -c user_cpmf.cpp -o user_cpmf.o
Error in sourceCpp("~/nPMF/cpp/user_cpmf.cpp") : 
  Error occurred building shared library.
Execution halted

Attaching package: ‘dplyr’

The following objects are masked from ‘package:stats’:

    filter, lag

The following objects are masked from ‘package:base’:

    intersect, setdiff, setequal, union


> dim = 2

> Y <- matrix(rnorm(N * dim), nrow = dim)

> W <- matrix(rnorm(M * dim), nrow = dim)

> aaa <- user_cpmf(read, t(Y), t(W))

> dim = 2

> Y <- matrix(rnorm(N * dim), nrow = dim)

> V <- matrix(rnorm(M * dim), nrow = dim)

> W <- matrix(rnorm(M * dim), nrow = dim)

> Ut <- user_cpmf(read, t(Y), t(W))

> loss_cpmf_aux(train, t(Y), t(V), t(W), Ut, 1, 1, 1)
[1] 26724.55

> dim = 2

> Y <- matrix(rnorm(N * dim), nrow = dim)

> V <- matrix(rnorm(M * dim), nrow = dim)

> W <- matrix(rnorm(M * dim), nrow = dim)

> Ut <- user_cpmf(read, t(Y), t(W))

> pred_cpmf(test, Ut, t(V))$mae
[1] 0.3600931
[1] 3e-04 2e+00 1e+00 2e+00
[1] 2
[1] "2022-04-21 18:02:28 HKT"
Epoch 1 	 loss: 14227.2841845502 	 dlt: 0.112614870811067
mae: 0.300495277645062 	rmse: 0.345768014381569 
[1] "2022-04-21 18:02:33 HKT"
Epoch 3 	 loss: 44702.7226468004 	 dlt: 1.22022492363393
mae: 0.182887823296858 	rmse: 0.238280343575945 
[1] "2022-04-21 18:02:37 HKT"
Epoch 5 	 loss: 118742.287316149 	 dlt: 0.532884187908483
mae: 0.169663858780041 	rmse: 0.225049386506973 
[1] "2022-04-21 18:02:41 HKT"
Epoch 7 	 loss: 216510.472691222 	 dlt: 0.304040991288796
mae: 0.167051273485554 	rmse: 0.22235238507399 
[1] "2022-04-21 18:02:46 HKT"
Epoch 9 	 loss: 314894.549497827 	 dlt: 0.180294052818971
mae: 0.166989599340897 	rmse: 0.222649248018331 
[1] "2022-04-21 18:02:50 HKT"
Epoch 11 	 loss: 401885.606886824 	 dlt: 0.115815854600686
mae: 0.168111726139513 	rmse: 0.224111952120525 
[1] "2022-04-21 18:02:54 HKT"
Epoch 13 	 loss: 476335.875676291 	 dlt: 0.0812602961813545
mae: 0.169528518295931 	rmse: 0.226268722676414 
[1] "2022-04-21 18:02:58 HKT"
Epoch 15 	 loss: 540405.38059155 	 dlt: 0.0600872273651902
mae: 0.170362832419482 	rmse: 0.228013094973811 
[1] "2022-04-21 18:03:02 HKT"
Epoch 17 	 loss: 595142.567533623 	 dlt: 0.0460472195641331
mae: 0.171234836298101 	rmse: 0.229184276281599 
[1] "2022-04-21 18:03:06 HKT"
Epoch 19 	 loss: 642267.3686031 	 dlt: 0.0363374593864337
mae: 0.172165087980007 	rmse: 0.230602231377924 
[1] "2022-04-21 18:03:09 HKT"
Epoch 21 	 loss: 683578.308319852 	 dlt: 0.0306665139549357
mae: 0.17392108793204 	rmse: 0.233163843274025 
[1] "2022-04-21 18:03:13 HKT"
Epoch 23 	 loss: 717244.815907536 	 dlt: 0.0228323653716195
mae: 0.174702293764359 	rmse: 0.234223556651657 
[1] "2022-04-21 18:03:17 HKT"
Epoch 25 	 loss: 747029.680292484 	 dlt: 0.0197596452838536
mae: 0.17534130642983 	rmse: 0.234835123872314 

Execution halted

Attaching package: ‘dplyr’

The following objects are masked from ‘package:stats’:

    filter, lag

The following objects are masked from ‘package:base’:

    intersect, setdiff, setequal, union


> dim = 2

> Y <- matrix(rnorm(N * dim), nrow = dim)

> W <- matrix(rnorm(M * dim), nrow = dim)

> aaa <- user_cpmf(read, t(Y), t(W))

> dim = 2

> Y <- matrix(rnorm(N * dim), nrow = dim)

> V <- matrix(rnorm(M * dim), nrow = dim)

> W <- matrix(rnorm(M * dim), nrow = dim)

> Ut <- user_cpmf(read, t(Y), t(W))

> loss_cpmf_aux(train, t(Y), t(V), t(W), Ut, 1, 1, 1)
[1] 26586.25

> dim = 2

> Y <- matrix(rnorm(N * dim), nrow = dim)

> V <- matrix(rnorm(M * dim), nrow = dim)

> W <- matrix(rnorm(M * dim), nrow = dim)

> Ut <- user_cpmf(read, t(Y), t(W))

> pred_cpmf(test, Ut, t(V))$mae
[1] 0.361748
[1] 1e-05 2e+00 1e+00 2e+00
[1] 2
[1] "2022-04-21 18:04:21 HKT"
Epoch 1 	 loss: 13939.5614739628 	 dlt: 0.130560731130807
mae: 0.300126945947807 	rmse: 0.345432309313585 
[1] "2022-04-21 18:04:25 HKT"
Epoch 3 	 loss: 7907.74238422157 	 dlt: 0.159104278796018
mae: 0.180049099471962 	rmse: 0.235772712652759 
[1] "2022-04-21 18:04:29 HKT"
Epoch 5 	 loss: 7758.44119608376 	 dlt: 0.0301019990755511
mae: 0.166225525215426 	rmse: 0.222799667082647 
[1] "2022-04-21 18:04:32 HKT"
Epoch 7 	 loss: 9121.38430670047 	 dlt: 0.0923188808464725
mae: 0.164257092098465 	rmse: 0.222289454001394 
[1] "2022-04-21 18:04:36 HKT"
Epoch 9 	 loss: 10661.4711772732 	 dlt: 0.0752650393847647
mae: 0.164522633554626 	rmse: 0.22306436308182 
[1] "2022-04-21 18:04:40 HKT"
Epoch 11 	 loss: 11897.9836003686 	 dlt: 0.0515101414069339
mae: 0.166563019840353 	rmse: 0.226269143309278 
[1] "2022-04-21 18:04:44 HKT"
Epoch 13 	 loss: 12844.9435774203 	 dlt: 0.0344795436505771
mae: 0.168161408089374 	rmse: 0.228909194383341 
[1] "2022-04-21 18:04:48 HKT"
Epoch 15 	 loss: 13615.582729511 	 dlt: 0.0269920970408665
mae: 0.169194450012374 	rmse: 0.230585721640661 
[1] "2022-04-21 18:04:52 HKT"
Epoch 17 	 loss: 14274.2000955086 	 dlt: 0.022485460609566
mae: 0.170463909489891 	rmse: 0.232595761172993 
[1] "2022-04-21 18:04:55 HKT"
Epoch 19 	 loss: 14837.4243795902 	 dlt: 0.0182373808454354
mae: 0.1717230899433 	rmse: 0.23440512359567 
[1] "2022-04-21 18:04:59 HKT"
Epoch 21 	 loss: 15319.0208783403 	 dlt: 0.0157437130449567
mae: 0.172158235297266 	rmse: 0.235363027685187 
[1] "2022-04-21 18:05:03 HKT"
Epoch 23 	 loss: 15784.9653594506 	 dlt: 0.0144939414530383
mae: 0.172903464545201 	rmse: 0.236732721774036 
[1] "2022-04-21 18:05:06 HKT"
Epoch 25 	 loss: 16202.0037783288 	 dlt: 0.0127685959197788
mae: 0.173833716227107 	rmse: 0.238054559053414 
[1] "2022-04-21 18:05:10 HKT"
Epoch 27 	 loss: 16578.3703778709 	 dlt: 0.0117025128923612
mae: 0.174395636211757 	rmse: 0.239001818910097 
[1] "2022-04-21 18:05:14 HKT"
Epoch 29 	 loss: 16927.151549246 	 dlt: 0.0105950069020247
mae: 0.175082617656406 	rmse: 0.239877501144941 
[1] "2022-04-21 18:05:18 HKT"
Epoch 31 	 loss: 17272.2006835915 	 dlt: 0.00965574948546307
mae: 0.176060838117489 	rmse: 0.241038417781324 
[1] "2022-04-21 18:05:22 HKT"
Epoch 33 	 loss: 17597.9062268991 	 dlt: 0.00986128581419491
mae: 0.175985458607353 	rmse: 0.241101586917745 
[1] "2022-04-21 18:05:25 HKT"
Epoch 35 	 loss: 17891.8471698082 	 dlt: 0.00899288926631671
mae: 0.176381201035566 	rmse: 0.241922464958637 
[1] "2022-04-21 18:05:29 HKT"
Epoch 37 	 loss: 18203.5177532832 	 dlt: 0.00922401822989898
mae: 0.176718695660494 	rmse: 0.242600942848265 
[1] "2022-04-21 18:05:33 HKT"
Epoch 39 	 loss: 18482.6375612817 	 dlt: 0.00797794901611218
mae: 0.177493048810072 	rmse: 0.243835166905389 
[1] "2022-04-21 18:05:36 HKT"
Epoch 41 	 loss: 18767.1830477324 	 dlt: 0.00770112119370884
mae: 0.177940186358834 	rmse: 0.24423492732523 
[1] "2022-04-21 18:05:40 HKT"
Epoch 43 	 loss: 19040.5701717361 	 dlt: 0.00728796225740322
mae: 0.178491827319375 	rmse: 0.245023169275813 
[1] "2022-04-21 18:05:44 HKT"
Epoch 45 	 loss: 19295.2690600124 	 dlt: 0.00665403863039101
mae: 0.178687128777455 	rmse: 0.245138119765709 
[1] "2022-04-21 18:05:48 HKT"
Epoch 47 	 loss: 19568.2407768918 	 dlt: 0.00667391006046393
mae: 0.178930399014712 	rmse: 0.245861536542295 
[1] "2022-04-21 18:05:52 HKT"
Epoch 49 	 loss: 19836.435060419 	 dlt: 0.00739091071637316
mae: 0.179380962904843 	rmse: 0.246312110093039 

Attaching package: ‘dplyr’

The following objects are masked from ‘package:stats’:

    filter, lag

The following objects are masked from ‘package:base’:

    intersect, setdiff, setequal, union


> dim = 2

> Y <- matrix(rnorm(N * dim), nrow = dim)

> W <- matrix(rnorm(M * dim), nrow = dim)

> aaa <- user_cpmf(read, t(Y), t(W))

> dim = 2

> Y <- matrix(rnorm(N * dim), nrow = dim)

> V <- matrix(rnorm(M * dim), nrow = dim)

> W <- matrix(rnorm(M * dim), nrow = dim)

> Ut <- user_cpmf(read, t(Y), t(W))

> loss_cpmf_aux(train, t(Y), t(V), t(W), Ut, 1, 1, 1)
[1] 26491

> dim = 2

> Y <- matrix(rnorm(N * dim), nrow = dim)

> V <- matrix(rnorm(M * dim), nrow = dim)

> W <- matrix(rnorm(M * dim), nrow = dim)

> Ut <- user_cpmf(read, t(Y), t(W))

> pred_cpmf(test, Ut, t(V))$mae
[1] 0.359687
[1] 3e-05 2e+00 1e+00 2e+00
[1] 2
[1] "2022-04-21 18:17:31 HKT"
Epoch 1 	 loss: 24277.1338568356 	 dlt: 0
mae: 0.164133743809151 	rmse: 0.222683870496476 

Attaching package: ‘dplyr’

The following objects are masked from ‘package:stats’:

    filter, lag

The following objects are masked from ‘package:base’:

    intersect, setdiff, setequal, union


> dim = 2

> Y <- matrix(rnorm(N * dim), nrow = dim)

> W <- matrix(rnorm(M * dim), nrow = dim)

> aaa <- user_cpmf(read, t(Y), t(W))

> dim = 2

> Y <- matrix(rnorm(N * dim), nrow = dim)

> V <- matrix(rnorm(M * dim), nrow = dim)

> W <- matrix(rnorm(M * dim), nrow = dim)

> Ut <- user_cpmf(read, t(Y), t(W))

> loss_cpmf_aux(train, t(Y), t(V), t(W), Ut, 1, 1, 1)
[1] 26588.02

> dim = 2

> Y <- matrix(rnorm(N * dim), nrow = dim)

> V <- matrix(rnorm(M * dim), nrow = dim)

> W <- matrix(rnorm(M * dim), nrow = dim)

> Ut <- user_cpmf(read, t(Y), t(W))

> pred_cpmf(test, Ut, t(V))$mae
[1] 0.3620204
[1] 1e-05 1e+00 1e+00 3e+00
[1] 2
[1] "2022-04-21 18:20:45 HKT"
Epoch 1 	 loss: 13944.5841134862 	 dlt: 0.130247458719535
mae: 0.300126945947807 	rmse: 0.345432309313585 
[1] "2022-04-21 18:20:49 HKT"
Epoch 3 	 loss: 8631.70713330111 	 dlt: 0.102191021248302
mae: 0.180098781421824 	rmse: 0.235846574073557 
[1] "2022-04-21 18:20:52 HKT"
Epoch 5 	 loss: 9808.40954910876 	 dlt: 0.105433844953398
mae: 0.166285486189398 	rmse: 0.222859891694764 
[1] "2022-04-21 18:20:56 HKT"
Epoch 7 	 loss: 12666.6748342533 	 dlt: 0.135915450634244
mae: 0.164428409166956 	rmse: 0.222506854563597 
[1] "2022-04-21 18:21:00 HKT"
Epoch 9 	 loss: 15459.0174001974 	 dlt: 0.0944524945548746
mae: 0.164776182815992 	rmse: 0.223394365989835 
[1] "2022-04-21 18:21:03 HKT"
Epoch 11 	 loss: 17679.0107890214 	 dlt: 0.0626631393822458
mae: 0.166823421784459 	rmse: 0.22654238942817 
[1] "2022-04-21 18:21:07 HKT"
Epoch 13 	 loss: 19406.7912638943 	 dlt: 0.0427049700453238
mae: 0.168329298816495 	rmse: 0.229067136766916 
[1] "2022-04-21 18:21:11 HKT"
Epoch 15 	 loss: 20802.7427298817 	 dlt: 0.0319113619101161
mae: 0.169490828540863 	rmse: 0.230983689883997 
[1] "2022-04-21 18:21:14 HKT"
Epoch 17 	 loss: 21994.6163522823 	 dlt: 0.0263097333258747
mae: 0.170655784606601 	rmse: 0.232903269715096 
[1] "2022-04-21 18:21:18 HKT"
Epoch 19 	 loss: 23032.9222022024 	 dlt: 0.0220265303768719
mae: 0.171861856768777 	rmse: 0.234580058420316 
[1] "2022-04-21 18:21:21 HKT"
Epoch 21 	 loss: 23966.3726372547 	 dlt: 0.0199242616648615
mae: 0.172129111395622 	rmse: 0.23541922982332 
[1] "2022-04-21 18:21:25 HKT"
Epoch 23 	 loss: 24836.076043995 	 dlt: 0.0169603752167425
mae: 0.172625930894246 	rmse: 0.236542077798301 
[1] "2022-04-21 18:21:28 HKT"
Epoch 25 	 loss: 25621.6222136677 	 dlt: 0.0152408792858627
mae: 0.173840568909848 	rmse: 0.237758516956503 
[1] "2022-04-21 18:21:32 HKT"
Epoch 27 	 loss: 26372.2857177033 	 dlt: 0.0142994001352426
mae: 0.174877037174217 	rmse: 0.239091402416434 
[1] "2022-04-21 18:21:36 HKT"
Epoch 29 	 loss: 27100.8802977218 	 dlt: 0.0135415268838508
mae: 0.175272779602431 	rmse: 0.240190348513254 
[1] "2022-04-21 18:21:40 HKT"
Epoch 31 	 loss: 27784.4484870433 	 dlt: 0.0121872443041646
mae: 0.175918644950641 	rmse: 0.240888719797045 
[1] "2022-04-21 18:21:43 HKT"
Epoch 33 	 loss: 28455.237922907 	 dlt: 0.0126204110621978
mae: 0.175761033247629 	rmse: 0.241038812639836 
[1] "2022-04-21 18:21:47 HKT"
Epoch 35 	 loss: 29094.9272925753 	 dlt: 0.011675302033442
mae: 0.176276697623787 	rmse: 0.241640221101051 
[1] "2022-04-21 18:21:51 HKT"
Epoch 37 	 loss: 29726.8916259519 	 dlt: 0.0109455389355299
mae: 0.176761524927616 	rmse: 0.242562100488376 
[1] "2022-04-21 18:21:54 HKT"
Epoch 39 	 loss: 30342.5351597186 	 dlt: 0.0107158697788148
mae: 0.177391971739663 	rmse: 0.243628594902087 
[1] "2022-04-21 18:21:58 HKT"
Epoch 41 	 loss: 30946.2318913592 	 dlt: 0.00997080028566934
mae: 0.177806559045411 	rmse: 0.243684062425772 
[1] "2022-04-21 18:22:01 HKT"
Epoch 43 	 loss: 31520.3806952799 	 dlt: 0.00962351141891215
mae: 0.178142340499654 	rmse: 0.244396985009355 
[1] "2022-04-21 18:22:05 HKT"
Epoch 45 	 loss: 32096.1746847318 	 dlt: 0.00899115864081805
mae: 0.178632307315537 	rmse: 0.244772887799778 
[1] "2022-04-21 18:22:09 HKT"
Epoch 47 	 loss: 32668.2212644906 	 dlt: 0.00919668072661192
mae: 0.178858445845946 	rmse: 0.244995977152851 
[1] "2022-04-21 18:22:12 HKT"
Epoch 49 	 loss: 33243.8534633405 	 dlt: 0.00912602965214141
mae: 0.179070879010875 	rmse: 0.245032491594733 

Attaching package: ‘dplyr’

The following objects are masked from ‘package:stats’:

    filter, lag

The following objects are masked from ‘package:base’:

    intersect, setdiff, setequal, union


> dim = 2

> Y <- matrix(rnorm(N * dim), nrow = dim)

> W <- matrix(rnorm(M * dim), nrow = dim)

> aaa <- user_cpmf(read, t(Y), t(W))

> dim = 2

> Y <- matrix(rnorm(N * dim), nrow = dim)

> V <- matrix(rnorm(M * dim), nrow = dim)

> W <- matrix(rnorm(M * dim), nrow = dim)

> Ut <- user_cpmf(read, t(Y), t(W))

> loss_cpmf_aux(train, t(Y), t(V), t(W), Ut, 1, 1, 1)
[1] 26431.3

> dim = 2

> Y <- matrix(rnorm(N * dim), nrow = dim)

> V <- matrix(rnorm(M * dim), nrow = dim)

> W <- matrix(rnorm(M * dim), nrow = dim)

> Ut <- user_cpmf(read, t(Y), t(W))

> pred_cpmf(test, Ut, t(V))$mae
[1] 0.3599354
[1] 1e-05 5e-01 1e+00 5e-01
[1] 2
[1] "2022-04-21 19:17:25 HKT"
Epoch 1 	 loss: 15338.1076746457 	 dlt: 0.0433305131305651
mae: 0.317025661583707 	rmse: 0.361078938309265 
[1] "2022-04-21 19:17:28 HKT"
Epoch 3 	 loss: 10694.7633796141 	 dlt: 0.164725635464738
mae: 0.235401644301389 	rmse: 0.286128593026518 
[1] "2022-04-21 19:17:32 HKT"
Epoch 5 	 loss: 9740.40576699768 	 dlt: 0.00665826886438394
mae: 0.189959791884167 	rmse: 0.241114613493465 
[1] "2022-04-21 19:17:35 HKT"
Epoch 7 	 loss: 11397.8993166953 	 dlt: 0.10179303055888
mae: 0.174381930846283 	rmse: 0.225063765065167 
[1] "2022-04-21 19:17:39 HKT"
Epoch 9 	 loss: 14309.8768408656 	 dlt: 0.122331209310524
mae: 0.166785732029393 	rmse: 0.217620541450777 
[1] "2022-04-21 19:17:43 HKT"
Epoch 11 	 loss: 17818.5724964969 	 dlt: 0.112346141292153
mae: 0.162934524329716 	rmse: 0.214421879423488 
[1] "2022-04-21 19:17:46 HKT"
Epoch 13 	 loss: 21544.7194544509 	 dlt: 0.0952194314086042
mae: 0.161430360468365 	rmse: 0.213538527462914 
[1] "2022-04-21 19:17:50 HKT"
Epoch 15 	 loss: 25215.7700243027 	 dlt: 0.077818390105775
mae: 0.16056006976043 	rmse: 0.213272719167804 
[1] "2022-04-21 19:17:54 HKT"
Epoch 17 	 loss: 28695.67326515 	 dlt: 0.063052076673482
mae: 0.160417876593583 	rmse: 0.213664626018102 
[1] "2022-04-21 19:17:57 HKT"
Epoch 19 	 loss: 31912.2686874348 	 dlt: 0.0514987000439294
mae: 0.1605634961018 	rmse: 0.214503536563833 
[1] "2022-04-21 19:18:01 HKT"
Epoch 21 	 loss: 34830.6972549344 	 dlt: 0.0424519980344891
mae: 0.160931827799056 	rmse: 0.215342714768144 
[1] "2022-04-21 19:18:05 HKT"
Epoch 23 	 loss: 37466.8983081298 	 dlt: 0.0351315959756057
mae: 0.161514305831925 	rmse: 0.216487921313773 
[1] "2022-04-21 19:18:08 HKT"
Epoch 25 	 loss: 39829.7215827855 	 dlt: 0.0296781311346235
mae: 0.16160681704891 	rmse: 0.216741004423695 
[1] "2022-04-21 19:18:12 HKT"
Epoch 27 	 loss: 41945.5553863175 	 dlt: 0.0250551815377229
mae: 0.162250969226436 	rmse: 0.217696189697793 
[1] "2022-04-21 19:18:16 HKT"
Epoch 29 	 loss: 43852.3465847673 	 dlt: 0.0217545525413735
mae: 0.162684401409718 	rmse: 0.218670271621667 
[1] "2022-04-21 19:18:19 HKT"
Epoch 31 	 loss: 45589.1998462287 	 dlt: 0.019120341719094
mae: 0.163532420898748 	rmse: 0.21979597630677 
[1] "2022-04-21 19:18:23 HKT"
Epoch 33 	 loss: 47146.265674166 	 dlt: 0.0168093181637121
mae: 0.164072069664495 	rmse: 0.220572741472588 
[1] "2022-04-21 19:18:26 HKT"
Epoch 35 	 loss: 48574.1975093207 	 dlt: 0.0146467552420935
mae: 0.164214262831342 	rmse: 0.22110930078164 
[1] "2022-04-21 19:18:30 HKT"
Epoch 37 	 loss: 49889.5088044528 	 dlt: 0.013245813434743
mae: 0.164842996472704 	rmse: 0.222188384525008 
[1] "2022-04-21 19:18:34 HKT"
Epoch 39 	 loss: 51083.3947803451 	 dlt: 0.01187386591413
mae: 0.165466590602011 	rmse: 0.223054549324231 
[1] "2022-04-21 19:18:37 HKT"
Epoch 41 	 loss: 52194.1080992875 	 dlt: 0.0103992102298174
mae: 0.165456311577901 	rmse: 0.223372636616003 
[1] "2022-04-21 19:18:41 HKT"
Epoch 43 	 loss: 53217.413864557 	 dlt: 0.00970825422827622
mae: 0.165836635469951 	rmse: 0.223957314787174 
[1] "2022-04-21 19:18:45 HKT"
Epoch 45 	 loss: 54172.5179125768 	 dlt: 0.00869981687519709
mae: 0.166461942769943 	rmse: 0.224989747973321 
[1] "2022-04-21 19:18:49 HKT"
Epoch 47 	 loss: 55077.2952036832 	 dlt: 0.00806118644243359
mae: 0.167246574943631 	rmse: 0.22613660526315 
[1] "2022-04-21 19:18:52 HKT"
Epoch 49 	 loss: 55916.6378686868 	 dlt: 0.0075794808867378
mae: 0.167243148602261 	rmse: 0.226105458071816 

Attaching package: ‘dplyr’

The following objects are masked from ‘package:stats’:

    filter, lag

The following objects are masked from ‘package:base’:

    intersect, setdiff, setequal, union


> dim = 2

> Y <- matrix(rnorm(N * dim), nrow = dim)

> W <- matrix(rnorm(M * dim), nrow = dim)

> aaa <- user_cpmf(read, t(Y), t(W))

> dim = 2

> Y <- matrix(rnorm(N * dim), nrow = dim)

> V <- matrix(rnorm(M * dim), nrow = dim)

> W <- matrix(rnorm(M * dim), nrow = dim)

> Ut <- user_cpmf(read, t(Y), t(W))

> loss_cpmf_aux(train, t(Y), t(V), t(W), Ut, 1, 1, 1)
[1] 26557.86

> dim = 2

> Y <- matrix(rnorm(N * dim), nrow = dim)

> V <- matrix(rnorm(M * dim), nrow = dim)

> W <- matrix(rnorm(M * dim), nrow = dim)

> Ut <- user_cpmf(read, t(Y), t(W))

> pred_cpmf(test, Ut, t(V))$mae
[1] 0.3620803
[1] 3e-05 5e-01 1e+00 5e-01
[1] 2
[1] 2.74926e-15
[1] 3.927514e-15
[1] "2022-04-21 19:21:48 HKT"
Epoch 1 	 loss: 86467.7414177739 	 dlt: 0
mae: 0.160142056113312 	rmse: 0.213676652733774 

Attaching package: ‘dplyr’

The following objects are masked from ‘package:stats’:

    filter, lag

The following objects are masked from ‘package:base’:

    intersect, setdiff, setequal, union


> dim = 2

> Y <- matrix(rnorm(N * dim), nrow = dim)

> W <- matrix(rnorm(M * dim), nrow = dim)

> aaa <- user_cpmf(read, t(Y), t(W))

> dim = 2

> Y <- matrix(rnorm(N * dim), nrow = dim)

> V <- matrix(rnorm(M * dim), nrow = dim)

> W <- matrix(rnorm(M * dim), nrow = dim)

> Ut <- user_cpmf(read, t(Y), t(W))

> loss_cpmf_aux(train, t(Y), t(V), t(W), Ut, 1, 1, 1)
[1] 26421.27

> dim = 2

> Y <- matrix(rnorm(N * dim), nrow = dim)

> V <- matrix(rnorm(M * dim), nrow = dim)

> W <- matrix(rnorm(M * dim), nrow = dim)

> Ut <- user_cpmf(read, t(Y), t(W))

> pred_cpmf(test, Ut, t(V))$mae
[1] 0.3605128
[1] 3e-05 5e-01 1e+00 5e-01
[1] 2
[1] 2.74926e-15
[1] 3.927514e-15
[1] "2022-04-21 19:23:11 HKT"
Epoch 1 	 loss: 86467.7414177739 	 dlt: 0
mae: 0.160142056113312 	rmse: 0.213676652733774 

Attaching package: ‘dplyr’

The following objects are masked from ‘package:stats’:

    filter, lag

The following objects are masked from ‘package:base’:

    intersect, setdiff, setequal, union


> dim = 2

> Y <- matrix(rnorm(N * dim), nrow = dim)

> W <- matrix(rnorm(M * dim), nrow = dim)

> aaa <- user_cpmf(read, t(Y), t(W))

> dim = 2

> Y <- matrix(rnorm(N * dim), nrow = dim)

> V <- matrix(rnorm(M * dim), nrow = dim)

> W <- matrix(rnorm(M * dim), nrow = dim)

> Ut <- user_cpmf(read, t(Y), t(W))

> loss_cpmf_aux(train, t(Y), t(V), t(W), Ut, 1, 1, 1)
[1] 26339.68

> dim = 2

> Y <- matrix(rnorm(N * dim), nrow = dim)

> V <- matrix(rnorm(M * dim), nrow = dim)

> W <- matrix(rnorm(M * dim), nrow = dim)

> Ut <- user_cpmf(read, t(Y), t(W))

> pred_cpmf(test, Ut, t(V))$mae
[1] 0.3587996
[1] 3e-05 5e-01 1e+00 5e-01
[1] 2
[1] 2.74926e-15
[1] 3.927514e-15
[1] "2022-04-21 19:25:06 HKT"
Epoch 1 	 loss: 86467.7414177739 	 dlt: 0
mae: 0.160142056113312 	rmse: 0.213676652733774 

Attaching package: ‘dplyr’

The following objects are masked from ‘package:stats’:

    filter, lag

The following objects are masked from ‘package:base’:

    intersect, setdiff, setequal, union


> dim = 2

> Y <- matrix(rnorm(N * dim), nrow = dim)

> W <- matrix(rnorm(M * dim), nrow = dim)

> aaa <- user_cpmf(read, t(Y), t(W))

> dim = 2

> Y <- matrix(rnorm(N * dim), nrow = dim)

> V <- matrix(rnorm(M * dim), nrow = dim)

> W <- matrix(rnorm(M * dim), nrow = dim)

> Ut <- user_cpmf(read, t(Y), t(W))

> loss_cpmf_aux(train, t(Y), t(V), t(W), Ut, 1, 1, 1)
[1] 26585.28

> dim = 2

> Y <- matrix(rnorm(N * dim), nrow = dim)

> V <- matrix(rnorm(M * dim), nrow = dim)

> W <- matrix(rnorm(M * dim), nrow = dim)

> Ut <- user_cpmf(read, t(Y), t(W))

> pred_cpmf(test, Ut, t(V))$mae
[1] 0.3594386
[1] 3e-05 5e-01 1e+00 5e-01
[1] 2
Error in t(Y) : object 'result' not found
Calls: cpmf_gd -> t -> user_cpmf -> t
Execution halted

Attaching package: ‘dplyr’

The following objects are masked from ‘package:stats’:

    filter, lag

The following objects are masked from ‘package:base’:

    intersect, setdiff, setequal, union


> dim = 2

> Y <- matrix(rnorm(N * dim), nrow = dim)

> W <- matrix(rnorm(M * dim), nrow = dim)

> aaa <- user_cpmf(read, t(Y), t(W))

> dim = 2

> Y <- matrix(rnorm(N * dim), nrow = dim)

> V <- matrix(rnorm(M * dim), nrow = dim)

> W <- matrix(rnorm(M * dim), nrow = dim)

> Ut <- user_cpmf(read, t(Y), t(W))

> loss_cpmf_aux(train, t(Y), t(V), t(W), Ut, 1, 1, 1)
[1] 26380.55

> dim = 2

> Y <- matrix(rnorm(N * dim), nrow = dim)

> V <- matrix(rnorm(M * dim), nrow = dim)

> W <- matrix(rnorm(M * dim), nrow = dim)

> Ut <- user_cpmf(read, t(Y), t(W))

> pred_cpmf(test, Ut, t(V))$mae
[1] 0.3623202
[1] 3e-05 5e-01 1e+00 5e-01
[1] 2
[1] 1.074911e-18
[1] 1.074911e-18
[1] "2022-04-21 20:37:56 HKT"
Epoch 1 	 loss: 15323.4736918806 	 dlt: 0
mae: 0.318488709348615 	rmse: 0.362509497101563 

Attaching package: ‘dplyr’

The following objects are masked from ‘package:stats’:

    filter, lag

The following objects are masked from ‘package:base’:

    intersect, setdiff, setequal, union


> dim = 2

> Y <- matrix(rnorm(N * dim), nrow = dim)

> W <- matrix(rnorm(M * dim), nrow = dim)

> aaa <- user_cpmf(read, t(Y), t(W))

> dim = 2

> Y <- matrix(rnorm(N * dim), nrow = dim)

> V <- matrix(rnorm(M * dim), nrow = dim)

> W <- matrix(rnorm(M * dim), nrow = dim)

> Ut <- user_cpmf(read, t(Y), t(W))

> loss_cpmf_aux(train, t(Y), t(V), t(W), Ut, 1, 1, 1)
[1] 26379.53

> dim = 2

> Y <- matrix(rnorm(N * dim), nrow = dim)

> V <- matrix(rnorm(M * dim), nrow = dim)

> W <- matrix(rnorm(M * dim), nrow = dim)

> Ut <- user_cpmf(read, t(Y), t(W))

> pred_cpmf(test, Ut, t(V))$mae
[1] 0.3619518
[1] 3e-05 5e-01 1e+00 5e-01
[1] 2
[1] 1.074911e-18
[1] 1.074911e-18
[1] "2022-04-21 20:47:26 HKT"
Epoch 1 	 loss: 15323.4736918806 	 dlt: 0
mae: 0.318488709348615 	rmse: 0.362509497101563 

Attaching package: ‘dplyr’

The following objects are masked from ‘package:stats’:

    filter, lag

The following objects are masked from ‘package:base’:

    intersect, setdiff, setequal, union

make: *** [/home/mathxuxin/anaconda3/envs/r-env/lib/R/etc/Makeconf:177: user_cpmf.o] Interrupt
x86_64-conda-linux-gnu-c++ -std=gnu++14 -I"/home/mathxuxin/anaconda3/envs/r-env/lib/R/include" -DNDEBUG   -I"/import/home/mathxuxin/anaconda3/envs/r-env/lib/R/library/Rcpp/include" -I"/import/home/mathxuxin/nPMF/cpp" -DNDEBUG -D_FORTIFY_SOURCE=2 -O2 -isystem /home/mathxuxin/anaconda3/envs/r-env/include -I/home/mathxuxin/anaconda3/envs/r-env/include -Wl,-rpath-link,/home/mathxuxin/anaconda3/envs/r-env/lib   -fpic  -fvisibility-inlines-hidden  -fmessage-length=0 -march=nocona -mtune=haswell -ftree-vectorize -fPIC -fstack-protector-strong -fno-plt -O2 -ffunction-sections -pipe -isystem /home/mathxuxin/anaconda3/envs/r-env/include -fdebug-prefix-map=/home/conda/feedstock_root/build_artifacts/r-base-split_1642327566152/work=/usr/local/src/conda/r-base-4.1.2 -fdebug-prefix-map=/home/mathxuxin/anaconda3/envs/r-env=/usr/local/src/conda-prefix  -c user_cpmf.cpp -o user_cpmf.o
Error in sourceCpp("~/nPMF/cpp/user_cpmf.cpp") : 
  Error occurred building shared library.
Execution halted

Attaching package: ‘dplyr’

The following objects are masked from ‘package:stats’:

    filter, lag

The following objects are masked from ‘package:base’:

    intersect, setdiff, setequal, union


> dim = 2

> Y <- matrix(rnorm(N * dim), nrow = dim)

> W <- matrix(rnorm(M * dim), nrow = dim)

> aaa <- user_cpmf(read, t(Y), t(W))

> dim = 2

> Y <- matrix(rnorm(N * dim), nrow = dim)

> V <- matrix(rnorm(M * dim), nrow = dim)

> W <- matrix(rnorm(M * dim), nrow = dim)

> Ut <- user_cpmf(read, t(Y), t(W))

> loss_cpmf_aux(train, t(Y), t(V), t(W), Ut, 1, 1, 1)
[1] 26282.2

> dim = 2

> Y <- matrix(rnorm(N * dim), nrow = dim)

> V <- matrix(rnorm(M * dim), nrow = dim)

> W <- matrix(rnorm(M * dim), nrow = dim)

> Ut <- user_cpmf(read, t(Y), t(W))

> pred_cpmf(test, Ut, t(V))$mae
[1] 0.3602044
[1] 1e-05 1e+00 1e+00 1e-01
[1] 2
[1] "2022-04-21 22:12:09 HKT"
Epoch 1 	 loss: 14008.7878295846 	 dlt: 0.126242940206699
mae: 0.300178341068354 	rmse: 0.345480798775014 
[1] "2022-04-21 22:12:13 HKT"
Epoch 3 	 loss: 16527.7919772302 	 dlt: 0.379879342694289
mae: 0.180390020438259 	rmse: 0.236176448195544 
[1] "2022-04-21 22:12:16 HKT"
Epoch 5 	 loss: 30505.230555533 	 dlt: 0.327208953252873
mae: 0.166645252033229 	rmse: 0.223255858286061 
[1] "2022-04-21 22:12:20 HKT"
Epoch 7 	 loss: 45686.105190765 	 dlt: 0.193139817254822
mae: 0.164524346725311 	rmse: 0.222396469025069 
[1] "2022-04-21 22:12:24 HKT"
Epoch 9 	 loss: 57087.4874072408 	 dlt: 0.0976805078557218
mae: 0.164712795500651 	rmse: 0.223240510607519 
[1] "2022-04-21 22:12:27 HKT"
Epoch 11 	 loss: 63596.2405250175 	 dlt: 0.0442129453508663
mae: 0.166799437394871 	rmse: 0.226381844744373 
[1] "2022-04-21 22:12:31 HKT"
Epoch 13 	 loss: 66604.1800794896 	 dlt: 0.0167656489950623
mae: 0.168507468567726 	rmse: 0.229332069089614 
[1] "2022-04-21 22:12:35 HKT"
Epoch 15 	 loss: 67379.612439832 	 dlt: 0.00199057864782279
mae: 0.169422301713467 	rmse: 0.23079159608055 
[1] "2022-04-21 22:12:38 HKT"
Epoch 17 	 loss: 66729.929620416 	 dlt: 0.00710441638439607
mae: 0.170624947534273 	rmse: 0.232773282429742 
[1] "2022-04-21 22:12:41 HKT"
Epoch 19 	 loss: 65186.1325577059 	 dlt: 0.0137173556286384
mae: 0.171669981652068 	rmse: 0.234323496807167 
[1] "2022-04-21 22:12:45 HKT"
Epoch 21 	 loss: 63070.3315515283 	 dlt: 0.0166625573084766
mae: 0.171928670425489 	rmse: 0.235068454557303 
[1] "2022-04-21 22:12:48 HKT"
Epoch 23 	 loss: 60552.5590886362 	 dlt: 0.0216513778886791
mae: 0.172545411872055 	rmse: 0.236507069490922 
[1] "2022-04-21 22:12:52 HKT"
Epoch 25 	 loss: 57890.2186737675 	 dlt: 0.0228702964310407
mae: 0.173366020630126 	rmse: 0.237429638310874 
[1] "2022-04-21 22:12:56 HKT"
Epoch 27 	 loss: 55127.2392896437 	 dlt: 0.0243499762811677
mae: 0.17452241084244 	rmse: 0.238848055163072 
[1] "2022-04-21 22:12:59 HKT"
Epoch 29 	 loss: 52438.532807772 	 dlt: 0.0245128914748147
mae: 0.175200826433665 	rmse: 0.239824724955256 
[1] "2022-04-21 22:13:03 HKT"
Epoch 31 	 loss: 49719.5307428781 	 dlt: 0.0269759555552528
mae: 0.175814141538862 	rmse: 0.240655099919262 
[1] "2022-04-21 22:13:07 HKT"
Epoch 33 	 loss: 47063.633327377 	 dlt: 0.0262037506817316
mae: 0.175524615693111 	rmse: 0.240513077902329 
[1] "2022-04-21 22:13:10 HKT"
Epoch 35 	 loss: 44420.4718574017 	 dlt: 0.0283401175846445
mae: 0.176245860551459 	rmse: 0.241525970212835 
[1] "2022-04-21 22:13:14 HKT"
Epoch 37 	 loss: 41922.8803792913 	 dlt: 0.0282324620491816
mae: 0.176795788341315 	rmse: 0.242342268922019 
[1] "2022-04-21 22:13:17 HKT"
Epoch 39 	 loss: 39556.816912652 	 dlt: 0.026890154082196
mae: 0.177347429301854 	rmse: 0.243484007490402 
[1] "2022-04-21 22:13:20 HKT"
Epoch 41 	 loss: 37306.4058181656 	 dlt: 0.0284204417395673
mae: 0.177510180516921 	rmse: 0.243439832594987 
[1] "2022-04-21 22:13:24 HKT"
Epoch 43 	 loss: 35137.6207724235 	 dlt: 0.0287254743569827
mae: 0.17782026441089 	rmse: 0.244031423849133 
[1] "2022-04-21 22:13:28 HKT"
Epoch 45 	 loss: 33125.8915822535 	 dlt: 0.0285722456495449
mae: 0.178250270252802 	rmse: 0.244527410123285 
[1] "2022-04-21 22:13:31 HKT"
Epoch 47 	 loss: 31244.4560575178 	 dlt: 0.0282712655379431
mae: 0.178892709259644 	rmse: 0.244831206030995 
[1] "2022-04-21 22:13:35 HKT"
Epoch 49 	 loss: 29448.7221294465 	 dlt: 0.0280056398452781
mae: 0.17924733559142 	rmse: 0.24521614664257 

Attaching package: ‘dplyr’

The following objects are masked from ‘package:stats’:

    filter, lag

The following objects are masked from ‘package:base’:

    intersect, setdiff, setequal, union


> dim = 2

> Y <- matrix(rnorm(N * dim), nrow = dim)

> W <- matrix(rnorm(M * dim), nrow = dim)

> aaa <- user_cpmf(read, t(Y), t(W))

> dim = 2

> Y <- matrix(rnorm(N * dim), nrow = dim)

> V <- matrix(rnorm(M * dim), nrow = dim)

> W <- matrix(rnorm(M * dim), nrow = dim)

> Ut <- user_cpmf(read, t(Y), t(W))

> loss_cpmf_aux(train, t(Y), t(V), t(W), Ut, 1, 1, 1)
[1] 26576.39

> dim = 2

> Y <- matrix(rnorm(N * dim), nrow = dim)

> V <- matrix(rnorm(M * dim), nrow = dim)

> W <- matrix(rnorm(M * dim), nrow = dim)

> Ut <- user_cpmf(read, t(Y), t(W))

> pred_cpmf(test, Ut, t(V))$mae
[1] 0.3625874
[1] 3e-05 5e-01 1e+00 5e-01
[1] 2
[1] 7.765978e-17
[1] 1.109425e-16
[1] "2022-04-21 22:17:24 HKT"
Epoch 1 	 loss: 79546.1793797753 	 dlt: 0
mae: 0.164325618925861 	rmse: 0.222820598048644 

Attaching package: ‘dplyr’

The following objects are masked from ‘package:stats’:

    filter, lag

The following objects are masked from ‘package:base’:

    intersect, setdiff, setequal, union


> dim = 2

> Y <- matrix(rnorm(N * dim), nrow = dim)

> W <- matrix(rnorm(M * dim), nrow = dim)

> aaa <- user_cpmf(read, t(Y), t(W))

> dim = 2

> Y <- matrix(rnorm(N * dim), nrow = dim)

> V <- matrix(rnorm(M * dim), nrow = dim)

> W <- matrix(rnorm(M * dim), nrow = dim)

> Ut <- user_cpmf(read, t(Y), t(W))

> loss_cpmf_aux(train, t(Y), t(V), t(W), Ut, 1, 1, 1)
[1] 26811.55

> dim = 2

> Y <- matrix(rnorm(N * dim), nrow = dim)

> V <- matrix(rnorm(M * dim), nrow = dim)

> W <- matrix(rnorm(M * dim), nrow = dim)

> Ut <- user_cpmf(read, t(Y), t(W))

> pred_cpmf(test, Ut, t(V))$mae
[1] 0.3603706
[1] 3e-05 5e-01 1e+00 5e-01
[1] 2
[1] 3.927514e-15
[1] 3.927514e-15
[1] "2022-04-21 22:19:10 HKT"
Epoch 1 	 loss: 79546.1793797753 	 dlt: 0
mae: 0.164325618925861 	rmse: 0.222820598048644 

Attaching package: ‘dplyr’

The following objects are masked from ‘package:stats’:

    filter, lag

The following objects are masked from ‘package:base’:

    intersect, setdiff, setequal, union


> dim = 2

> Y <- matrix(rnorm(N * dim), nrow = dim)

> W <- matrix(rnorm(M * dim), nrow = dim)

> aaa <- user_cpmf(read, t(Y), t(W))

> dim = 2

> Y <- matrix(rnorm(N * dim), nrow = dim)

> V <- matrix(rnorm(M * dim), nrow = dim)

> W <- matrix(rnorm(M * dim), nrow = dim)

> Ut <- user_cpmf(read, t(Y), t(W))

> loss_cpmf_aux(train, t(Y), t(V), t(W), Ut, 1, 1, 1)
[1] 26753.91

> dim = 2

> Y <- matrix(rnorm(N * dim), nrow = dim)

> V <- matrix(rnorm(M * dim), nrow = dim)

> W <- matrix(rnorm(M * dim), nrow = dim)

> Ut <- user_cpmf(read, t(Y), t(W))

> pred_cpmf(test, Ut, t(V))$mae
[1] 0.3594266
[1] 1e-05 5e-01 1e+00 5e-01
[1] 2
[1] "2022-04-21 22:23:47 HKT"
Epoch 1 	 loss: 13967.9454876636 	 dlt: 0.128790361512959
mae: 0.300137224971917 	rmse: 0.345441677126342 
[1] "2022-04-21 22:23:51 HKT"
Epoch 3 	 loss: 11744.694345551 	 dlt: 0.115648963965811
mae: 0.180228982393877 	rmse: 0.235984548198098 
[1] "2022-04-21 22:23:54 HKT"
Epoch 5 	 loss: 18411.4209182541 	 dlt: 0.263248759051678
mae: 0.166410547649397 	rmse: 0.222947423280374 
[1] "2022-04-21 22:23:58 HKT"
Epoch 7 	 loss: 27222.5583953777 	 dlt: 0.19571134283771
mae: 0.164476377946133 	rmse: 0.222411874947266 
[1] "2022-04-21 22:24:02 HKT"
Epoch 9 	 loss: 34964.4176810498 	 dlt: 0.115845631169125
mae: 0.164748772085034 	rmse: 0.223043881706669 
[1] "2022-04-21 22:24:05 HKT"
Epoch 11 	 loss: 40760.6954808525 	 dlt: 0.0698650346620865
mae: 0.166597283254051 	rmse: 0.225936599288913 
[1] "2022-04-21 22:24:09 HKT"
Epoch 13 	 loss: 45092.7646844909 	 dlt: 0.0460337307132653
mae: 0.168293322232112 	rmse: 0.228833925603774 
[1] "2022-04-21 22:24:13 HKT"
Epoch 15 	 loss: 48457.731595215 	 dlt: 0.0327365063147102
mae: 0.169348635374016 	rmse: 0.230651753499244 
[1] "2022-04-21 22:24:16 HKT"
Epoch 17 	 loss: 51138.6068957148 	 dlt: 0.0251813035859253
mae: 0.170541002170713 	rmse: 0.232416056796169 
[1] "2022-04-21 22:24:20 HKT"
Epoch 19 	 loss: 53426.3661206449 	 dlt: 0.0205341886730016
mae: 0.171502090924947 	rmse: 0.23389662512037 
[1] "2022-04-21 22:24:23 HKT"
Epoch 21 	 loss: 55405.105064087 	 dlt: 0.0180422048812612
mae: 0.171882414816996 	rmse: 0.234669302027577 
[1] "2022-04-21 22:24:27 HKT"
Epoch 23 	 loss: 57104.7419116295 	 dlt: 0.014166244472102
mae: 0.173037091858625 	rmse: 0.236337588211417 
[1] "2022-04-21 22:24:30 HKT"
Epoch 25 	 loss: 58682.2554686352 	 dlt: 0.0132922661312971
mae: 0.173696662572315 	rmse: 0.237350655667227 
[1] "2022-04-21 22:24:34 HKT"
Epoch 27 	 loss: 60091.3990295484 	 dlt: 0.0120752796171097
mae: 0.174397349382443 	rmse: 0.238384971080034 
[1] "2022-04-21 22:24:38 HKT"
Epoch 29 	 loss: 61439.1368503082 	 dlt: 0.010920863738542
mae: 0.174988393268736 	rmse: 0.239400506359645 
[1] "2022-04-21 22:24:41 HKT"
Epoch 31 	 loss: 62685.2273114485 	 dlt: 0.00931867152796637
mae: 0.175538321058592 	rmse: 0.240101967831153 
[1] "2022-04-21 22:24:45 HKT"
Epoch 33 	 loss: 63832.4216828654 	 dlt: 0.00917595263373314
mae: 0.175723343492561 	rmse: 0.24061198789053 
[1] "2022-04-21 22:24:49 HKT"
Epoch 35 	 loss: 64945.3786907195 	 dlt: 0.00868674601947472
mae: 0.176081396165708 	rmse: 0.241032099957143 
[1] "2022-04-21 22:24:52 HKT"
Epoch 37 	 loss: 66030.5802650581 	 dlt: 0.00837995278310122
mae: 0.176761524927617 	rmse: 0.241656369454637 
[1] "2022-04-21 22:24:55 HKT"
Epoch 39 	 loss: 67018.6679521575 	 dlt: 0.00806023522478369
mae: 0.177088740528434 	rmse: 0.242372507585416 
[1] "2022-04-21 22:24:59 HKT"
Epoch 41 	 loss: 67974.1803983431 	 dlt: 0.00780093356976574
mae: 0.177585560027058 	rmse: 0.242724882937735 
[1] "2022-04-21 22:25:02 HKT"
Epoch 43 	 loss: 68869.4080775059 	 dlt: 0.00682346749467316
mae: 0.177845961971165 	rmse: 0.243194966138539 
[1] "2022-04-21 22:25:06 HKT"
Epoch 45 	 loss: 69787.7149036986 	 dlt: 0.00637404899662978
mae: 0.178330789274993 	rmse: 0.243698122608828 
[1] "2022-04-21 22:25:10 HKT"
Epoch 47 	 loss: 70702.1462554133 	 dlt: 0.006609612077205
mae: 0.178805337554714 	rmse: 0.244395037838682 
[1] "2022-04-21 22:25:13 HKT"
Epoch 49 	 loss: 71567.5096174873 	 dlt: 0.00660236760154686
mae: 0.179314149248132 	rmse: 0.244812545708491 

Attaching package: ‘dplyr’

The following objects are masked from ‘package:stats’:

    filter, lag

The following objects are masked from ‘package:base’:

    intersect, setdiff, setequal, union


> dim = 2

> Y <- matrix(rnorm(N * dim), nrow = dim)

> W <- matrix(rnorm(M * dim), nrow = dim)

> aaa <- user_cpmf(read, t(Y), t(W))

> dim = 2

> Y <- matrix(rnorm(N * dim), nrow = dim)

> V <- matrix(rnorm(M * dim), nrow = dim)

> W <- matrix(rnorm(M * dim), nrow = dim)

> Ut <- user_cpmf(read, t(Y), t(W))

> loss_cpmf_aux(train, t(Y), t(V), t(W), Ut, 1, 1, 1)
[1] 26480.19

> dim = 2

> Y <- matrix(rnorm(N * dim), nrow = dim)

> V <- matrix(rnorm(M * dim), nrow = dim)

> W <- matrix(rnorm(M * dim), nrow = dim)

> Ut <- user_cpmf(read, t(Y), t(W))

> pred_cpmf(test, Ut, t(V))$mae
[1] 0.359896
[1] 3e-05 5e-01 1e+00 5e-01
[1] 2
[1] 3.927514e-15
[1] 5.610734e-15
[1] "2022-04-21 23:12:50 HKT"
Epoch 1 	 loss: 88529.6550502525 	 dlt: 0
mae: 0.16435302965682 	rmse: 0.222810346392611 

Attaching package: ‘dplyr’

The following objects are masked from ‘package:stats’:

    filter, lag

The following objects are masked from ‘package:base’:

    intersect, setdiff, setequal, union


> dim = 2

> Y <- matrix(rnorm(N * dim), nrow = dim)

> W <- matrix(rnorm(M * dim), nrow = dim)

> aaa <- user_cpmf(read, t(Y), t(W))

> dim = 2

> Y <- matrix(rnorm(N * dim), nrow = dim)

> V <- matrix(rnorm(M * dim), nrow = dim)

> W <- matrix(rnorm(M * dim), nrow = dim)

> Ut <- user_cpmf(read, t(Y), t(W))

> loss_cpmf_aux(train, t(Y), t(V), t(W), Ut, 1, 1, 1)
[1] 26451.57

> dim = 2

> Y <- matrix(rnorm(N * dim), nrow = dim)

> V <- matrix(rnorm(M * dim), nrow = dim)

> W <- matrix(rnorm(M * dim), nrow = dim)

> Ut <- user_cpmf(read, t(Y), t(W))

> pred_cpmf(test, Ut, t(V))$mae
[1] 0.3603209
[1] 1e-05 5e-01 1e+00 5e-01
[1] 2
[1] "2022-04-22 13:31:26 HKT"
Epoch 1 	 loss: 13967.9454876636 	 dlt: 0.128790361512959
mae: 0.300137224971917 	rmse: 0.345441677126342 
[1] "2022-04-22 13:31:30 HKT"
Epoch 3 	 loss: 11744.694345551 	 dlt: 0.115648963965811
mae: 0.180228982393877 	rmse: 0.235984548198098 
[1] "2022-04-22 13:31:34 HKT"
Epoch 5 	 loss: 18411.4209182541 	 dlt: 0.263248759051678
mae: 0.166410547649397 	rmse: 0.222947423280374 
[1] "2022-04-22 13:31:38 HKT"
Epoch 7 	 loss: 27222.5583953777 	 dlt: 0.19571134283771
mae: 0.164476377946133 	rmse: 0.222411874947266 
[1] "2022-04-22 13:31:42 HKT"
Epoch 9 	 loss: 34964.4176810498 	 dlt: 0.115845631169125
mae: 0.164748772085034 	rmse: 0.223043881706669 
[1] "2022-04-22 13:31:46 HKT"
Epoch 11 	 loss: 40760.6954808525 	 dlt: 0.0698650346620865
mae: 0.166597283254051 	rmse: 0.225936599288913 
[1] "2022-04-22 13:31:49 HKT"
Epoch 13 	 loss: 45092.7646844909 	 dlt: 0.0460337307132653
mae: 0.168293322232112 	rmse: 0.228833925603774 
[1] "2022-04-22 13:31:53 HKT"
Epoch 15 	 loss: 48457.731595215 	 dlt: 0.0327365063147102
mae: 0.169348635374016 	rmse: 0.230651753499244 
[1] "2022-04-22 13:31:57 HKT"
Epoch 17 	 loss: 51138.6068957148 	 dlt: 0.0251813035859253
mae: 0.170541002170713 	rmse: 0.232416056796169 
[1] "2022-04-22 13:32:00 HKT"
Epoch 19 	 loss: 53426.3661206449 	 dlt: 0.0205341886730016
mae: 0.171502090924947 	rmse: 0.23389662512037 
[1] "2022-04-22 13:32:04 HKT"
Epoch 21 	 loss: 55405.105064087 	 dlt: 0.0180422048812612
mae: 0.171882414816996 	rmse: 0.234669302027577 
[1] "2022-04-22 13:32:08 HKT"
Epoch 23 	 loss: 57104.7419116295 	 dlt: 0.014166244472102
mae: 0.173037091858625 	rmse: 0.236337588211417 
[1] "2022-04-22 13:32:11 HKT"
Epoch 25 	 loss: 58682.2554686352 	 dlt: 0.0132922661312971
mae: 0.173696662572315 	rmse: 0.237350655667227 
[1] "2022-04-22 13:32:15 HKT"
Epoch 27 	 loss: 60091.3990295484 	 dlt: 0.0120752796171097
mae: 0.174397349382443 	rmse: 0.238384971080034 
[1] "2022-04-22 13:32:19 HKT"
Epoch 29 	 loss: 61439.1368503082 	 dlt: 0.010920863738542
mae: 0.174988393268736 	rmse: 0.239400506359645 
[1] "2022-04-22 13:32:22 HKT"
Epoch 31 	 loss: 62685.2273114485 	 dlt: 0.00931867152796637
mae: 0.175538321058592 	rmse: 0.240101967831153 
[1] "2022-04-22 13:32:26 HKT"
Epoch 33 	 loss: 63832.4216828654 	 dlt: 0.00917595263373314
mae: 0.175723343492561 	rmse: 0.24061198789053 
[1] "2022-04-22 13:32:30 HKT"
Epoch 35 	 loss: 64945.3786907195 	 dlt: 0.00868674601947472
mae: 0.176081396165708 	rmse: 0.241032099957143 
[1] "2022-04-22 13:32:33 HKT"
Epoch 37 	 loss: 66030.5802650581 	 dlt: 0.00837995278310122
mae: 0.176761524927617 	rmse: 0.241656369454637 
[1] "2022-04-22 13:32:37 HKT"
Epoch 39 	 loss: 67018.6679521575 	 dlt: 0.00806023522478369
mae: 0.177088740528434 	rmse: 0.242372507585416 
[1] "2022-04-22 13:32:40 HKT"
Epoch 41 	 loss: 67974.1803983431 	 dlt: 0.00780093356976574
mae: 0.177585560027058 	rmse: 0.242724882937735 
[1] "2022-04-22 13:32:44 HKT"
Epoch 43 	 loss: 68869.4080775059 	 dlt: 0.00682346749467316
mae: 0.177845961971165 	rmse: 0.243194966138539 
[1] "2022-04-22 13:32:47 HKT"
Epoch 45 	 loss: 69787.7149036986 	 dlt: 0.00637404899662978
mae: 0.178330789274993 	rmse: 0.243698122608828 
[1] "2022-04-22 13:32:51 HKT"
Epoch 47 	 loss: 70702.1462554133 	 dlt: 0.006609612077205
mae: 0.178805337554714 	rmse: 0.244395037838682 
[1] "2022-04-22 13:32:55 HKT"
Epoch 49 	 loss: 71567.5096174873 	 dlt: 0.00660236760154686
mae: 0.179314149248132 	rmse: 0.244812545708491 

Attaching package: ‘dplyr’

The following objects are masked from ‘package:stats’:

    filter, lag

The following objects are masked from ‘package:base’:

    intersect, setdiff, setequal, union


> dim = 2

> Y <- matrix(rnorm(N * dim), nrow = dim)

> W <- matrix(rnorm(M * dim), nrow = dim)

> aaa <- user_cpmf(read, t(Y), t(W))

> dim = 2

> Y <- matrix(rnorm(N * dim), nrow = dim)

> V <- matrix(rnorm(M * dim), nrow = dim)

> W <- matrix(rnorm(M * dim), nrow = dim)

> Ut <- user_cpmf(read, t(Y), t(W))

> loss_cpmf_aux(train, t(Y), t(V), t(W), Ut, 1, 1, 1)
[1] 26325.05

> dim = 2

> Y <- matrix(rnorm(N * dim), nrow = dim)

> V <- matrix(rnorm(M * dim), nrow = dim)

> W <- matrix(rnorm(M * dim), nrow = dim)

> Ut <- user_cpmf(read, t(Y), t(W))

> pred_cpmf(test, Ut, t(V))$mae
[1] 0.3642578
[1] 3e-05 5e-01 1e+00 5e-01
[1] 2
[1] 1.109425e-16
[1] 1.584893e-16
[1] "2022-04-22 13:34:21 HKT"
Epoch 1 	 loss: 88529.6550502525 	 dlt: 0
mae: 0.16435302965682 	rmse: 0.222810346392611 
[1] 1.109425e-16
[1] 1.584893e-16
[1] 1.109425e-16
[1] 1.584893e-16
[1] "2022-04-22 13:35:08 HKT"
Epoch 3 	 loss: 88529.6550502525 	 dlt: 0
mae: 0.16435302965682 	rmse: 0.222810346392611 
[1] 1.109425e-16
[1] 1.584893e-16
[1] 1.109425e-16
[1] 1.584893e-16
[1] "2022-04-22 13:35:56 HKT"
Epoch 5 	 loss: 88529.6550502525 	 dlt: 0
mae: 0.16435302965682 	rmse: 0.222810346392611 
[1] 1.584893e-16
[1] 1.584893e-16
[1] 1.109425e-16
[1] 1.584893e-16
[1] "2022-04-22 13:36:43 HKT"
Epoch 7 	 loss: 88529.6550502525 	 dlt: 0
mae: 0.16435302965682 	rmse: 0.222810346392611 
[1] 1.109425e-16
[1] 1.584893e-16
[1] 1.109425e-16
[1] 1.584893e-16
[1] "2022-04-22 13:37:30 HKT"
Epoch 9 	 loss: 88529.6550502525 	 dlt: 0
mae: 0.16435302965682 	rmse: 0.222810346392611 
[1] 1.109425e-16
[1] 1.584893e-16
[1] 1.109425e-16
[1] 1.584893e-16
[1] "2022-04-22 13:38:17 HKT"
Epoch 11 	 loss: 88529.6550502525 	 dlt: 0
mae: 0.16435302965682 	rmse: 0.222810346392611 
[1] 1.584893e-16
[1] 1.584893e-16
[1] 1.109425e-16
[1] 1.584893e-16
[1] "2022-04-22 13:39:04 HKT"
Epoch 13 	 loss: 88529.6550502525 	 dlt: 0
mae: 0.16435302965682 	rmse: 0.222810346392611 
[1] 1.584893e-16
[1] 1.584893e-16
[1] 1.584893e-16
[1] 1.584893e-16
[1] "2022-04-22 13:39:51 HKT"
Epoch 15 	 loss: 88529.6550502525 	 dlt: 0
mae: 0.16435302965682 	rmse: 0.222810346392611 
[1] 1.109425e-16
[1] 1.584893e-16
[1] 1.584893e-16
[1] 1.584893e-16
[1] "2022-04-22 13:40:38 HKT"
Epoch 17 	 loss: 88529.6550502525 	 dlt: 0
mae: 0.16435302965682 	rmse: 0.222810346392611 
[1] 1.109425e-16
[1] 1.584893e-16
[1] 1.109425e-16
[1] 1.584893e-16
[1] "2022-04-22 13:41:24 HKT"
Epoch 19 	 loss: 88529.6550502525 	 dlt: 0
mae: 0.16435302965682 	rmse: 0.222810346392611 
[1] 1.109425e-16
[1] 1.584893e-16
[1] 1.109425e-16

Execution halted

Attaching package: ‘dplyr’

The following objects are masked from ‘package:stats’:

    filter, lag

The following objects are masked from ‘package:base’:

    intersect, setdiff, setequal, union


> dim = 2

> Y <- matrix(rnorm(N * dim), nrow = dim)

> W <- matrix(rnorm(M * dim), nrow = dim)

> aaa <- user_cpmf(read, t(Y), t(W))

> dim = 2

> Y <- matrix(rnorm(N * dim), nrow = dim)

> V <- matrix(rnorm(M * dim), nrow = dim)

> W <- matrix(rnorm(M * dim), nrow = dim)

> Ut <- user_cpmf(read, t(Y), t(W))

> loss_cpmf_aux(train, t(Y), t(V), t(W), Ut, 1, 1, 1)
[1] 26214.5

> dim = 2

> Y <- matrix(rnorm(N * dim), nrow = dim)

> V <- matrix(rnorm(M * dim), nrow = dim)

> W <- matrix(rnorm(M * dim), nrow = dim)

> Ut <- user_cpmf(read, t(Y), t(W))

> pred_cpmf(test, Ut, t(V))$mae
[1] 0.3619142
[1] 3e-05 5e-01 1e+00 5e-01
[1] 2
[1] 3.927514e-15
[1] 5.610734e-15
[1] "2022-04-22 13:43:40 HKT"
Epoch 1 	 loss: 88529.6550502525 	 dlt: 0
mae: 0.16435302965682 	rmse: 0.222810346392611 
[1] 3.927514e-15
[1] 5.610734e-15
[1] 3.927514e-15
[1] 5.610734e-15
[1] "2022-04-22 13:44:26 HKT"
Epoch 3 	 loss: 88529.6550502525 	 dlt: 0
mae: 0.16435302965682 	rmse: 0.222810346392611 
[1] 3.927514e-15
[1] 5.610734e-15
[1] 3.927514e-15
[1] 1.635783e-14
[1] "2022-04-22 13:45:12 HKT"
Epoch 5 	 loss: 88529.6550502525 	 dlt: 0
mae: 0.16435302965682 	rmse: 0.222810346392611 
[1] 3.927514e-15
[1] 5.610734e-15
[1] 3.927514e-15
[1] 5.610734e-15
[1] "2022-04-22 13:45:58 HKT"
Epoch 7 	 loss: 88529.6550502525 	 dlt: 0
mae: 0.16435302965682 	rmse: 0.222810346392611 
[1] 3.927514e-15
[1] 5.610734e-15
[1] 3.927514e-15
[1] 5.610734e-15
[1] "2022-04-22 13:46:44 HKT"
Epoch 9 	 loss: 88529.6550502525 	 dlt: 1.64373341566808e-16
mae: 0.16435302965682 	rmse: 0.222810346392611 
[1] 3.927514e-15
[1] 5.610734e-15
[1] 3.927514e-15
[1] 5.610734e-15
[1] "2022-04-22 13:47:31 HKT"
Epoch 11 	 loss: 88529.6550502525 	 dlt: 0
mae: 0.16435302965682 	rmse: 0.222810346392611 
[1] 3.927514e-15
[1] 5.610734e-15
[1] 3.927514e-15
[1] 1.635783e-14
[1] "2022-04-22 13:48:16 HKT"
Epoch 13 	 loss: 88529.6550502525 	 dlt: 0
mae: 0.16435302965682 	rmse: 0.222810346392611 
[1] 3.927514e-15
[1] 5.610734e-15
[1] 3.927514e-15
[1] 5.610734e-15
[1] "2022-04-22 13:49:02 HKT"
Epoch 15 	 loss: 88529.6550502525 	 dlt: 0
mae: 0.16435302965682 	rmse: 0.222810346392611 
[1] 3.927514e-15
[1] 5.610734e-15
[1] 1.635783e-14
[1] 5.610734e-15
[1] "2022-04-22 13:49:48 HKT"
Epoch 17 	 loss: 88529.6550502525 	 dlt: 0
mae: 0.16435302965682 	rmse: 0.222810346392611 
[1] 3.927514e-15
[1] 5.610734e-15
[1] 3.927514e-15
[1] 5.610734e-15
[1] "2022-04-22 13:50:34 HKT"
Epoch 19 	 loss: 88529.6550502524 	 dlt: 0
mae: 0.16435302965682 	rmse: 0.222810346392611 
[1] 3.927514e-15
[1] 5.610734e-15
[1] 3.927514e-15
[1] 5.610734e-15
[1] "2022-04-22 13:51:21 HKT"
Epoch 21 	 loss: 88529.6550502524 	 dlt: 0
mae: 0.16435302965682 	rmse: 0.222810346392611 
[1] 3.927514e-15
[1] 1.145048e-14
[1] 3.927514e-15
[1] 5.610734e-15
[1] "2022-04-22 13:52:06 HKT"
Epoch 23 	 loss: 88529.6550502524 	 dlt: 0
mae: 0.16435302965682 	rmse: 0.222810346392611 
[1] 3.927514e-15
[1] 5.610734e-15

Execution halted

Attaching package: ‘dplyr’

The following objects are masked from ‘package:stats’:

    filter, lag

The following objects are masked from ‘package:base’:

    intersect, setdiff, setequal, union


> dim = 2

> Y <- matrix(rnorm(N * dim), nrow = dim)

> W <- matrix(rnorm(M * dim), nrow = dim)

> aaa <- user_cpmf(read, t(Y), t(W))

Attaching package: ‘dplyr’

The following objects are masked from ‘package:stats’:

    filter, lag

The following objects are masked from ‘package:base’:

    intersect, setdiff, setequal, union


> dim = 2

> Y <- matrix(rnorm(N * dim), nrow = dim)

> V <- matrix(rnorm(M * dim), nrow = dim)

> W <- matrix(rnorm(M * dim), nrow = dim)

> Ut <- user_cpmf(read, t(Y), t(W))

> loss_cpmf_aux(train, t(Y), t(V), t(W), Ut, 1, 1, 1)
[1] 26488.22
make: *** Deleting file 'user_cpmf.o'
make: *** [/home/mathxuxin/anaconda3/envs/r-env/lib/R/etc/Makeconf:177: user_cpmf.o] Interrupt
x86_64-conda-linux-gnu-c++ -std=gnu++14 -I"/home/mathxuxin/anaconda3/envs/r-env/lib/R/include" -DNDEBUG   -I"/import/home/mathxuxin/anaconda3/envs/r-env/lib/R/library/Rcpp/include" -I"/import/home/mathxuxin/nPMF/cpp" -DNDEBUG -D_FORTIFY_SOURCE=2 -O2 -isystem /home/mathxuxin/anaconda3/envs/r-env/include -I/home/mathxuxin/anaconda3/envs/r-env/include -Wl,-rpath-link,/home/mathxuxin/anaconda3/envs/r-env/lib   -fpic  -fvisibility-inlines-hidden  -fmessage-length=0 -march=nocona -mtune=haswell -ftree-vectorize -fPIC -fstack-protector-strong -fno-plt -O2 -ffunction-sections -pipe -isystem /home/mathxuxin/anaconda3/envs/r-env/include -fdebug-prefix-map=/home/conda/feedstock_root/build_artifacts/r-base-split_1642327566152/work=/usr/local/src/conda/r-base-4.1.2 -fdebug-prefix-map=/home/mathxuxin/anaconda3/envs/r-env=/usr/local/src/conda-prefix  -c user_cpmf.cpp -o user_cpmf.o
Error in sourceCpp("~/nPMF/cpp/user_cpmf.cpp") : 
  Error occurred building shared library.
Execution halted

> dim = 2

> Y <- matrix(rnorm(N * dim), nrow = dim)

> V <- matrix(rnorm(M * dim), nrow = dim)

> W <- matrix(rnorm(M * dim), nrow = dim)

> Ut <- user_cpmf(read, t(Y), t(W))

> pred_cpmf(test, Ut, t(V))$mae
[1] 0.3599183
[1] 1e-05 5e-01 1e+00 5e-01
[1] 2

Execution halted

Attaching package: ‘dplyr’

The following objects are masked from ‘package:stats’:

    filter, lag

The following objects are masked from ‘package:base’:

    intersect, setdiff, setequal, union


> dim = 2

> Y <- matrix(rnorm(N * dim), nrow = dim)

> W <- matrix(rnorm(M * dim), nrow = dim)

> aaa <- user_cpmf(read, t(Y), t(W))

> dim = 2

> Y <- matrix(rnorm(N * dim), nrow = dim)

> V <- matrix(rnorm(M * dim), nrow = dim)

> W <- matrix(rnorm(M * dim), nrow = dim)

> Ut <- user_cpmf(read, t(Y), t(W))

> loss_cpmf_aux(train, t(Y), t(V), t(W), Ut, 1, 1, 1)
[1] 26116.57

> dim = 2

> Y <- matrix(rnorm(N * dim), nrow = dim)

> V <- matrix(rnorm(M * dim), nrow = dim)

> W <- matrix(rnorm(M * dim), nrow = dim)

> Ut <- user_cpmf(read, t(Y), t(W))

> pred_cpmf(test, Ut, t(V))$mae
[1] 0.3617463
[1] 1e-05 5e-01 1e+00 5e-01
[1] 2
[1] "2022-04-22 13:58:39 HKT"
Epoch 1 	 loss: 15879.7762689457 	 dlt: 0.0095455230161128
mae: 0.318466438129711 	rmse: 0.362484554181951 
[1] "2022-04-22 13:58:40 HKT"
Epoch 3 	 loss: 11383.6449135328 	 dlt: 0.181253204802613
mae: 0.235919021848228 	rmse: 0.288056036232165 
[1] "2022-04-22 13:58:42 HKT"
Epoch 5 	 loss: 13995.5314798727 	 dlt: 0.221439864145041
mae: 0.179482039975256 	rmse: 0.235668136977349 
[1] "2022-04-22 13:58:44 HKT"
Epoch 7 	 loss: 21477.1448498356 	 dlt: 0.223604386723945
mae: 0.171512369949058 	rmse: 0.230287930681257 
[1] "2022-04-22 13:58:46 HKT"
Epoch 9 	 loss: 29367.3535641126 	 dlt: 0.152797068417821
mae: 0.170201794375101 	rmse: 0.230397427017992 
[1] "2022-04-22 13:58:48 HKT"
Epoch 11 	 loss: 36683.7777140416 	 dlt: 0.106825566415394
mae: 0.170469049001947 	rmse: 0.232331682908783 
[1] "2022-04-22 13:58:49 HKT"
Epoch 13 	 loss: 42856.750994728 	 dlt: 0.0731203959198149
mae: 0.170366258760852 	rmse: 0.232451271784727 
[1] "2022-04-22 13:58:51 HKT"
Epoch 15 	 loss: 47515.1510787798 	 dlt: 0.0468874022592587
mae: 0.170755148506325 	rmse: 0.233517887120577 
[1] "2022-04-22 13:58:52 HKT"
Epoch 17 	 loss: 50852.7802704348 	 dlt: 0.0314189578785729
mae: 0.171089216789883 	rmse: 0.234409183887674 
[1] "2022-04-22 13:58:54 HKT"
Epoch 19 	 loss: 53150.8596663947 	 dlt: 0.0210826022946181
mae: 0.171755640186313 	rmse: 0.235234804233069 
[1] "2022-04-22 13:58:56 HKT"
Epoch 21 	 loss: 54865.0476826047 	 dlt: 0.0153725338973156
mae: 0.172216483100553 	rmse: 0.23601721446628 
[1] "2022-04-22 13:58:57 HKT"
Epoch 23 	 loss: 56219.0508904238 	 dlt: 0.0128807683464908
mae: 0.173933080126834 	rmse: 0.238331065697603 
[1] "2022-04-22 13:58:59 HKT"
Epoch 25 	 loss: 57545.8813315335 	 dlt: 0.0128209069881811
mae: 0.174075273293681 	rmse: 0.23842888497337 
[1] "2022-04-22 13:59:01 HKT"
Epoch 27 	 loss: 58694.8861280814 	 dlt: 0.0107795137401638
mae: 0.174488147428743 	rmse: 0.239049600957905 
[1] "2022-04-22 13:59:02 HKT"
Epoch 29 	 loss: 59853.3633767056 	 dlt: 0.0111272598919615
mae: 0.175372143502157 	rmse: 0.240017520020622 
[1] "2022-04-22 13:59:04 HKT"
Epoch 31 	 loss: 60873.37251689 	 dlt: 0.0089782267014856
mae: 0.176033427386532 	rmse: 0.240911239684793 
[1] "2022-04-22 13:59:06 HKT"
Epoch 33 	 loss: 61887.2075562926 	 dlt: 0.00872349541889963
mae: 0.176562797128169 	rmse: 0.24206326688381 
[1] "2022-04-22 13:59:07 HKT"
Epoch 35 	 loss: 62792.0391061558 	 dlt: 0.00692342179053169
mae: 0.177702055633634 	rmse: 0.243256010231329 
[1] "2022-04-22 13:59:09 HKT"
Epoch 37 	 loss: 63606.4689244748 	 dlt: 0.00650510248833323
mae: 0.177410816617199 	rmse: 0.243158958592276 
[1] "2022-04-22 13:59:11 HKT"
Epoch 39 	 loss: 64334.5370322954 	 dlt: 0.00598993137603175
mae: 0.177863093678015 	rmse: 0.243896831227702 
[1] "2022-04-22 13:59:12 HKT"
Epoch 41 	 loss: 65092.0531431732 	 dlt: 0.00603521117363908
mae: 0.178327362933625 	rmse: 0.244407110046782 
[1] "2022-04-22 13:59:14 HKT"
Epoch 43 	 loss: 65915.1399338714 	 dlt: 0.00665337109371386
mae: 0.178791632189235 	rmse: 0.245196739291766 
[1] "2022-04-22 13:59:16 HKT"
Epoch 45 	 loss: 66640.7628784018 	 dlt: 0.0058184931548195
mae: 0.179076018522931 	rmse: 0.245703931115319 
[1] "2022-04-22 13:59:17 HKT"
Epoch 47 	 loss: 67439.6465193648 	 dlt: 0.00610963033956882
mae: 0.17946662143909 	rmse: 0.246322156409532 
[1] "2022-04-22 13:59:19 HKT"
Epoch 49 	 loss: 68104.265894635 	 dlt: 0.00515536343136714
mae: 0.179800689722647 	rmse: 0.246828963669057 

Attaching package: ‘dplyr’

The following objects are masked from ‘package:stats’:

    filter, lag

The following objects are masked from ‘package:base’:

    intersect, setdiff, setequal, union


> dim = 2

> Y <- matrix(rnorm(N * dim), nrow = dim)

> W <- matrix(rnorm(M * dim), nrow = dim)

> aaa <- user_cpmf(read, t(Y), t(W))

> dim = 2

> Y <- matrix(rnorm(N * dim), nrow = dim)

> V <- matrix(rnorm(M * dim), nrow = dim)

> W <- matrix(rnorm(M * dim), nrow = dim)

> Ut <- user_cpmf(read, t(Y), t(W))

> loss_cpmf_aux(train, t(Y), t(V), t(W), Ut, 1, 1, 1)
[1] 26449.55

> dim = 2

> Y <- matrix(rnorm(N * dim), nrow = dim)

> V <- matrix(rnorm(M * dim), nrow = dim)

> W <- matrix(rnorm(M * dim), nrow = dim)

> Ut <- user_cpmf(read, t(Y), t(W))

> pred_cpmf(test, Ut, t(V))$mae
[1] 0.3618216
[1] 3e-05 5e-01 1e+00 5e-01
[1] 2
[1] 0.01384129
[1] 0.003323293
[1] "2022-04-22 14:06:56 HKT"
Epoch 1 	 loss: 130686.099579366 	 dlt: 1.23534186483691e-06
mae: 0.169814617800311 	rmse: 0.232263669999646 
[1] 0.0007979227
[1] 0.009688901
[1] 3.338332e-14
[1] 0.003323293
[1] "2022-04-22 14:07:12 HKT"
Epoch 3 	 loss: 130685.989060069 	 dlt: 1.04230061249429e-07
mae: 0.169682703657573 	rmse: 0.232094370682481 
[1] 2.411865e-12
[1] 1.390392e-13
[1] 1.688306e-12
[1] 1.390392e-13
[1] "2022-04-22 14:07:47 HKT"
Epoch 5 	 loss: 130685.989060069 	 dlt: 0
mae: 0.169682703657573 	rmse: 0.232094370682481 
[1] 2.837535e-13
[1] 0.0002736875
[1] 1.986275e-13
[1] 4.769045e-14
[1] "2022-04-22 14:08:18 HKT"
Epoch 7 	 loss: 130685.981127751 	 dlt: 1.11350238968185e-16
mae: 0.169674137804148 	rmse: 0.232084938760867 
[1] 3.338332e-14
[1] 0.0002736875
[1] 1.986275e-13
[1] 1.390392e-13
[1] "2022-04-22 14:08:48 HKT"
Epoch 9 	 loss: 130685.981114304 	 dlt: 1.11350238979643e-16
mae: 0.169675850974833 	rmse: 0.232090269894095 
[1] 1.986275e-13
[1] 1.390392e-13
[1] 1.181814e-12
[1] 3.338332e-14
[1] "2022-04-22 14:09:25 HKT"
Epoch 11 	 loss: 130685.981114304 	 dlt: 1.11350238979643e-16
mae: 0.169675850974833 	rmse: 0.232090269894095 
[1] 9.732745e-14
[1] 1.390392e-13
[1] 9.732745e-14
[1] 1.390392e-13
[1] "2022-04-22 14:10:01 HKT"
Epoch 13 	 loss: 130685.981114304 	 dlt: 0
mae: 0.169675850974833 	rmse: 0.232090269894095 
[1] 1.986275e-13
[1] 1.390392e-13
[1] 5.790888e-13
[1] 4.053622e-13
[1] "2022-04-22 14:10:37 HKT"
Epoch 15 	 loss: 130685.981114304 	 dlt: 0
mae: 0.169675850974833 	rmse: 0.232090269894095 
[1] 1.986275e-13
[1] 1.390392e-13
[1] 3.338332e-14
[1] 1.390392e-13
[1] "2022-04-22 14:11:14 HKT"
Epoch 17 	 loss: 130685.981114304 	 dlt: 0
mae: 0.169675850974833 	rmse: 0.232090269894095 
[1] 2.837535e-13
[1] 1.390392e-13
[1] 2.837535e-13
[1] 1.390392e-13
[1] "2022-04-22 14:11:50 HKT"
Epoch 19 	 loss: 130685.981114304 	 dlt: 0
mae: 0.169675850974833 	rmse: 0.232090269894095 
[1] 9.732745e-14
[1] 5.790888e-13
[1] 4.053622e-13
[1] 3.338332e-14
[1] "2022-04-22 14:12:26 HKT"
Epoch 21 	 loss: 130685.981114304 	 dlt: 0
mae: 0.169675850974833 	rmse: 0.232090269894095 
[1] 4.053622e-13
[1] 9.732745e-14
[1] 3.338332e-14
[1] 0.006782231
[1] "2022-04-22 14:12:56 HKT"
Epoch 23 	 loss: 130685.958359224 	 dlt: 1.74120279462569e-07
mae: 0.169614176830176 	rmse: 0.23205992180779 
[1] 5.790888e-13
[1] 3.338332e-14
[1] 5.790888e-13
[1] 3.338332e-14
[1] "2022-04-22 14:13:32 HKT"
Epoch 25 	 loss: 130685.958359224 	 dlt: 0
mae: 0.169614176830176 	rmse: 0.23205992180779 
[1] 3.219906e-05
[1] 1.52867e-07
[1] 3.338332e-14
[1] 1.986275e-13
[1] "2022-04-22 14:14:00 HKT"
Epoch 27 	 loss: 130685.958358321 	 dlt: 0
mae: 0.169615890000861 	rmse: 0.232061972479184 
[1] 1.181814e-12
[1] 1.986275e-13
[1] 1.986275e-13
[1] 1.390392e-13
[1] "2022-04-22 14:14:35 HKT"
Epoch 29 	 loss: 130685.958358321 	 dlt: 0
mae: 0.169615890000861 	rmse: 0.232061972479184 
[1] 2.837535e-13
[1] 1.986275e-13
[1] 3.338332e-14
[1] 4.769045e-14
[1] "2022-04-22 14:15:13 HKT"
Epoch 31 	 loss: 130685.958358321 	 dlt: 2.22700516737501e-16
mae: 0.169615890000861 	rmse: 0.232061972479184 
[1] 1.390392e-13
[1] 3.338332e-14
[1] 2.837535e-13

Execution halted
