
Attaching package: ‘dplyr’

The following objects are masked from ‘package:stats’:

    filter, lag

The following objects are masked from ‘package:base’:

    intersect, setdiff, setequal, union


> dim = 2

> a <- max(FU[2, ])

> b <- max(FV[2, ])

> U <- matrix(0, nrow = dim, ncol = N)

> V <- matrix(0, nrow = dim, ncol = M)

> WU <- matrix(0, nrow = 1 + a, ncol = dim)

> WV <- matrix(0, nrow = 1 + b, ncol = dim)

> aaa <- grad_ws_lpmf(train, t(U), t(V), t(FU), t(FV), 
+     t(WU), t(WV), 1, 1, 0.1, 0.1, 30000, nrow(train))
[1] 1e-05 1e+00 1e+00 1e+02 1e+02
[1] 8
Error in lpmf_mm(train, dim, init, FU, FV, verbose = TRUE, batch = 30000,  : 
  could not find function "lpmf_mm"
Execution halted

Attaching package: ‘dplyr’

The following objects are masked from ‘package:stats’:

    filter, lag

The following objects are masked from ‘package:base’:

    intersect, setdiff, setequal, union


> dim = 2

> a <- max(FU[2, ])

> b <- max(FV[2, ])

> U <- matrix(0, nrow = dim, ncol = N)

> V <- matrix(0, nrow = dim, ncol = M)

> WU <- matrix(0, nrow = 1 + a, ncol = dim)

> WV <- matrix(0, nrow = 1 + b, ncol = dim)

> aaa <- grad_ws_lpmf(train, t(U), t(V), t(FU), t(FV), 
+     t(WU), t(WV), 1, 1, 0.1, 0.1, 30000, nrow(train))
[1] 1e-05 1e+00 1e+00 1e+02 1e+02
[1] 8
[1] "2022-04-26 11:14:23 HKT"
Epoch 1 	 loss: 9.51811261708969e+21 	 dlt: 593664362417316096
mae: 0.746644326921243 	rmse: 0.773024008322767 
[1] "2022-04-26 11:14:36 HKT"
Epoch 3 	 loss: 1.89336084626909e+72 	 dlt: 1.41039674109478e+25
mae: 0.746644326921243 	rmse: 0.773024008322767 
[1] "2022-04-26 11:14:48 HKT"
Epoch 5 	 loss: 3.76630930737334e+122 	 dlt: 1.41039674110231e+25
mae: 0.746644326921243 	rmse: 0.773024008322767 

Execution halted

Attaching package: ‘dplyr’

The following objects are masked from ‘package:stats’:

    filter, lag

The following objects are masked from ‘package:base’:

    intersect, setdiff, setequal, union


> dim = 2

> a <- max(FU[2, ])

> b <- max(FV[2, ])

> U <- matrix(0, nrow = dim, ncol = N)

> V <- matrix(0, nrow = dim, ncol = M)

> WU <- matrix(0, nrow = 1 + a, ncol = dim)

> WV <- matrix(0, nrow = 1 + b, ncol = dim)

> aaa <- grad_ws_lpmf(train, t(U), t(V), t(FU), t(FV), 
+     t(WU), t(WV), 1, 1, 0.1, 0.1, 30000, nrow(train))
[1] 1e-08 1e+00 1e+00 1e+03 1e+03
[1] 8
[1] "2022-04-26 11:15:52 HKT"
Epoch 1 	 loss: 13092.1451418544 	 dlt: 0.183415839779117
mae: 0.318488709348615 	rmse: 0.362509497101563 
[1] "2022-04-26 11:16:05 HKT"
Epoch 3 	 loss: 6241.1780844714 	 dlt: 0.249512125764896
mae: 0.3181272303341 	rmse: 0.362150416121561 
[1] "2022-04-26 11:16:19 HKT"
Epoch 5 	 loss: 4310.08263324275 	 dlt: 0.160592291298327
mae: 0.317279210845074 	rmse: 0.361313455653195 
[1] "2022-04-26 11:16:31 HKT"
Epoch 7 	 loss: 3199.01674654824 	 dlt: 0.131825216308477
mae: 0.316563105498784 	rmse: 0.360629504303521 
[1] "2022-04-26 11:16:44 HKT"
Epoch 9 	 loss: 2555.45130789431 	 dlt: 0.0973898522556326
mae: 0.315800744544002 	rmse: 0.359930238852671 
[1] "2022-04-26 11:16:57 HKT"
Epoch 11 	 loss: 2215.09215327031 	 dlt: 0.0667780293874117
mae: 0.315540342599897 	rmse: 0.359655127101344 
[1] "2022-04-26 11:17:09 HKT"
Epoch 13 	 loss: 2013.76078470134 	 dlt: 0.0408196857805451
mae: 0.315130894806205 	rmse: 0.359252396797202 
[1] "2022-04-26 11:17:21 HKT"
Epoch 15 	 loss: 1889.53251575013 	 dlt: 0.0269762334653197
mae: 0.313851156304582 	rmse: 0.357990445998223 
[1] "2022-04-26 11:17:34 HKT"
Epoch 17 	 loss: 1809.68733947861 	 dlt: 0.0191182937509752
mae: 0.313021981693089 	rmse: 0.357190902910255 
[1] "2022-04-26 11:17:46 HKT"
Epoch 19 	 loss: 1736.05967085807 	 dlt: 0.0175818641232073
mae: 0.312448069513646 	rmse: 0.356631704076151 
[1] "2022-04-26 11:17:58 HKT"
Epoch 21 	 loss: 1664.37903753767 	 dlt: 0.0245255237780168
mae: 0.312218504641869 	rmse: 0.356388230804818 
[1] "2022-04-26 11:18:11 HKT"
Epoch 23 	 loss: 1570.76123726549 	 dlt: 0.0263464606886392
mae: 0.312161970009267 	rmse: 0.356333479812144 
[1] "2022-04-26 11:18:23 HKT"
Epoch 25 	 loss: 1488.72555125944 	 dlt: 0.0267086405415406
mae: 0.31193583147886 	rmse: 0.356129892572513 
[1] "2022-04-26 11:18:36 HKT"
Epoch 27 	 loss: 1427.85086013216 	 dlt: 0.0162514995772538
mae: 0.311598336853933 	rmse: 0.35581038403511 
[1] "2022-04-26 11:18:49 HKT"
Epoch 29 	 loss: 1386.22832012765 	 dlt: 0.0131455560873515
mae: 0.311295105642705 	rmse: 0.355550019829762 
[1] "2022-04-26 11:19:01 HKT"
Epoch 31 	 loss: 1327.10777295389 	 dlt: 0.0178222388542622
mae: 0.310969603212572 	rmse: 0.355265622401218 
[1] "2022-04-26 11:19:13 HKT"
Epoch 33 	 loss: 1291.42378693174 	 dlt: 0.0135857914729233
mae: 0.31074175151148 	rmse: 0.355036492835677 
[1] "2022-04-26 11:19:26 HKT"
Epoch 35 	 loss: 1267.45023790461 	 dlt: 0.0080784862372673
mae: 0.310460791519156 	rmse: 0.354768853834904 
[1] "2022-04-26 11:19:38 HKT"
Epoch 37 	 loss: 1243.21688073921 	 dlt: 0.00883898669375102
mae: 0.310519039322443 	rmse: 0.354823041551127 
[1] "2022-04-26 11:19:51 HKT"
Epoch 39 	 loss: 1223.05057122164 	 dlt: 0.00708130475390438
mae: 0.31065437980655 	rmse: 0.354962228495403 
[1] "2022-04-26 11:20:03 HKT"
Epoch 41 	 loss: 1207.40091470024 	 dlt: 0.00708413897522547
mae: 0.310834262728465 	rmse: 0.355160321554764 
[1] "2022-04-26 11:20:16 HKT"
Epoch 43 	 loss: 1191.02524984501 	 dlt: 0.00739005016739219
mae: 0.310529318346552 	rmse: 0.354868102260137 
[1] "2022-04-26 11:20:28 HKT"
Epoch 45 	 loss: 1180.28693729857 	 dlt: 0.00603073756567885
mae: 0.310412822739978 	rmse: 0.354744708127524 
[1] "2022-04-26 11:20:40 HKT"
Epoch 47 	 loss: 1168.97096116192 	 dlt: 0.00333175095908173
mae: 0.310207242257789 	rmse: 0.354569199933354 
[1] "2022-04-26 11:20:52 HKT"
Epoch 49 	 loss: 1163.71816480848 	 dlt: 0.000416211293171045
mae: 0.310238079330117 	rmse: 0.354689435099253 
[1] "2022-04-26 11:21:05 HKT"
Epoch 51 	 loss: 1148.30967797126 	 dlt: 0.00851766490365379
mae: 0.31027748225587 	rmse: 0.3547417568728 
[1] "2022-04-26 11:21:17 HKT"
Epoch 53 	 loss: 1141.88130681818 	 dlt: 0.00290251484881305
mae: 0.309778949586563 	rmse: 0.354267358866242 
[1] "2022-04-26 11:21:29 HKT"
Epoch 55 	 loss: 1123.6549162057 	 dlt: 0.00760053131387316
mae: 0.309499702764923 	rmse: 0.354015000741405 
[1] "2022-04-26 11:21:41 HKT"
Epoch 57 	 loss: 1089.55602861681 	 dlt: 0.0128816048377785
mae: 0.309419183742733 	rmse: 0.353941059878475 
[1] "2022-04-26 11:21:53 HKT"
Epoch 59 	 loss: 1036.21615335132 	 dlt: 0.0266545682790545
mae: 0.308494071572885 	rmse: 0.353056335753386 
[1] "2022-04-26 11:22:06 HKT"
Epoch 61 	 loss: 989.818553973086 	 dlt: 0.0264544568051642
mae: 0.308370723283571 	rmse: 0.352944712900054 
[1] "2022-04-26 11:22:18 HKT"
Epoch 63 	 loss: 941.575589061826 	 dlt: 0.0248721140807511
mae: 0.308358731088777 	rmse: 0.352927723718763 
[1] "2022-04-26 11:22:30 HKT"
Epoch 65 	 loss: 899.952094272276 	 dlt: 0.028188044865615
mae: 0.308151437435904 	rmse: 0.352755358642046 
[1] "2022-04-26 11:22:43 HKT"
Epoch 67 	 loss: 871.68170669688 	 dlt: 0.0154945892583733
mae: 0.307164651121398 	rmse: 0.351728053490839 
[1] "2022-04-26 11:22:55 HKT"
Epoch 69 	 loss: 844.508867068297 	 dlt: 0.0131605322852578
mae: 0.307142379902494 	rmse: 0.351711546757078 
[1] "2022-04-26 11:23:07 HKT"
Epoch 71 	 loss: 819.588985057672 	 dlt: 0.00909231163523096
mae: 0.306289220901412 	rmse: 0.350968211403337 
[1] "2022-04-26 11:23:19 HKT"
Epoch 73 	 loss: 801.865366692207 	 dlt: 0.0129216294948255
mae: 0.306092206272648 	rmse: 0.350779146848449 
[1] "2022-04-26 11:23:31 HKT"
Epoch 75 	 loss: 791.525817091119 	 dlt: 0.00871691989548266
mae: 0.30578897506142 	rmse: 0.350449328464563 
[1] "2022-04-26 11:23:44 HKT"
Epoch 77 	 loss: 789.377638795845 	 dlt: 0.000660582000832926
mae: 0.305326418976496 	rmse: 0.350013437934536 
[1] "2022-04-26 11:23:56 HKT"
Epoch 79 	 loss: 772.039066444613 	 dlt: 0.00985056089222419
mae: 0.30517394678554 	rmse: 0.349869561935502 
[1] "2022-04-26 11:24:08 HKT"
Epoch 81 	 loss: 761.913329188645 	 dlt: 0.00669019496877963
mae: 0.305187652151019 	rmse: 0.349892956011686 
[1] "2022-04-26 11:24:21 HKT"
Epoch 83 	 loss: 759.859850870082 	 dlt: 0.000393440936876982
mae: 0.30507972239787 	rmse: 0.349801274929153 
[1] "2022-04-26 11:24:33 HKT"
Epoch 85 	 loss: 752.767794176242 	 dlt: 0.0082976166768358
mae: 0.304857010208832 	rmse: 0.349593883657507 
[1] "2022-04-26 11:24:46 HKT"
Epoch 87 	 loss: 744.495576272344 	 dlt: 0.00814934051527001
mae: 0.304834738989928 	rmse: 0.349578909710427 
[1] "2022-04-26 11:24:58 HKT"
Epoch 89 	 loss: 739.090922907965 	 dlt: 0.00633327326749567
mae: 0.304743940943628 	rmse: 0.349500217882786 
[1] "2022-04-26 11:25:11 HKT"
Epoch 91 	 loss: 734.708551886447 	 dlt: 0.00562745068167414
mae: 0.30452465509596 	rmse: 0.349287743139411 
[1] "2022-04-26 11:25:23 HKT"
Epoch 93 	 loss: 733.2739283001 	 dlt: 0.0069604021613861
mae: 0.304243695103636 	rmse: 0.349042964609701 
[1] "2022-04-26 11:25:36 HKT"
Epoch 95 	 loss: 732.391359961487 	 dlt: 0.00193129484258933
mae: 0.304068951693775 	rmse: 0.3488820478149 
[1] "2022-04-26 11:25:48 HKT"
Epoch 97 	 loss: 731.193239313991 	 dlt: 0.00628863601330857
mae: 0.303877076577066 	rmse: 0.348689395544088 
[1] "2022-04-26 11:26:01 HKT"
Epoch 99 	 loss: 722.142468059352 	 dlt: 0.00591506049077163
mae: 0.303345993664745 	rmse: 0.348171490227561 
[1] "2022-04-26 11:26:13 HKT"
Epoch 101 	 loss: 720.004633514814 	 dlt: 6.83890350905787e-05
mae: 0.303094157574064 	rmse: 0.347909786378287 
[1] "2022-04-26 11:26:26 HKT"
Epoch 103 	 loss: 718.298015601165 	 dlt: 0.00177307514990272
mae: 0.302938259041737 	rmse: 0.347719058876349 
[1] "2022-04-26 11:26:38 HKT"
Epoch 105 	 loss: 713.826559639895 	 dlt: 0.00119513907332801
mae: 0.302967382943381 	rmse: 0.347748892602653 
[1] "2022-04-26 11:26:51 HKT"
Epoch 107 	 loss: 715.437396893169 	 dlt: 0.00162913133055487
mae: 0.301620830785047 	rmse: 0.34645575600281 
[1] "2022-04-26 11:27:03 HKT"
Epoch 109 	 loss: 710.652018016867 	 dlt: 0.00653772386845521
mae: 0.301716768343401 	rmse: 0.346562877792508 
[1] "2022-04-26 11:27:15 HKT"
Epoch 111 	 loss: 703.763435893849 	 dlt: 0.00487108782633675
mae: 0.301524893226692 	rmse: 0.34636508861176 
[1] "2022-04-26 11:27:28 HKT"
Epoch 113 	 loss: 700.188410515164 	 dlt: 0.00259681060798274
mae: 0.299184702071113 	rmse: 0.344142636678383 
[1] "2022-04-26 11:27:40 HKT"
Epoch 115 	 loss: 699.010251371393 	 dlt: 0.000478821093746303
mae: 0.29914872548673 	rmse: 0.34411083078805 
[1] "2022-04-26 11:27:52 HKT"
Epoch 117 	 loss: 701.269435901808 	 dlt: 0.00574308636609943
mae: 0.299093904024813 	rmse: 0.344052189614305 
[1] "2022-04-26 11:28:05 HKT"
Epoch 119 	 loss: 703.907538799281 	 dlt: 0.00327123647580032
mae: 0.298780393789476 	rmse: 0.343753019396063 
[1] "2022-04-26 11:28:17 HKT"
Epoch 121 	 loss: 699.126404388188 	 dlt: 0.00484346375821441
mae: 0.298497720626466 	rmse: 0.343454142810972 
[1] "2022-04-26 11:28:29 HKT"
Epoch 123 	 loss: 694.509722992586 	 dlt: 0.00157589018939998
mae: 0.298221900146197 	rmse: 0.343192169625276 
[1] "2022-04-26 11:28:41 HKT"
Epoch 125 	 loss: 692.726433596498 	 dlt: 3.72699807238161e-05
mae: 0.298232179170306 	rmse: 0.34320548102037 
[1] "2022-04-26 11:28:54 HKT"
Epoch 127 	 loss: 690.830743083247 	 dlt: 0.00138957063791994
mae: 0.297910103081545 	rmse: 0.342888085493127 
[1] "2022-04-26 11:29:06 HKT"
Epoch 129 	 loss: 689.938062549845 	 dlt: 0.000928167110499433
mae: 0.297836436742094 	rmse: 0.342815631532868 
[1] "2022-04-26 11:29:19 HKT"
Epoch 131 	 loss: 691.919033935294 	 dlt: 0.00088950585180827
mae: 0.297747351866479 	rmse: 0.342733442988827 
[1] "2022-04-26 11:29:31 HKT"
Epoch 133 	 loss: 693.119248178256 	 dlt: 0.00322172196057174
mae: 0.297624003577166 	rmse: 0.342605122818019 
[1] "2022-04-26 11:29:43 HKT"
Epoch 135 	 loss: 688.851226334087 	 dlt: 0.00128216176853748
mae: 0.297584600651413 	rmse: 0.342569840235919 
[1] "2022-04-26 11:29:56 HKT"
Epoch 137 	 loss: 689.513667008656 	 dlt: 0.000987700588803101
mae: 0.297524639677442 	rmse: 0.342512324615495 
[1] "2022-04-26 11:30:08 HKT"
Epoch 139 	 loss: 690.561269322867 	 dlt: 0.00148541568571882
mae: 0.297459539191415 	rmse: 0.34244340429263 
[1] "2022-04-26 11:30:20 HKT"
Epoch 141 	 loss: 691.01740666277 	 dlt: 0.00277639644811967
mae: 0.297480097239634 	rmse: 0.342478977804056 
[1] "2022-04-26 11:30:32 HKT"
Epoch 143 	 loss: 685.945224075312 	 dlt: 0.0060781981436975
mae: 0.297721654306206 	rmse: 0.34270872703861 
[1] "2022-04-26 11:30:45 HKT"
Epoch 145 	 loss: 681.67650057742 	 dlt: 0.00139494564034613
mae: 0.297735359671685 	rmse: 0.342727611296071 
[1] "2022-04-26 11:30:57 HKT"
Epoch 147 	 loss: 681.776526006324 	 dlt: 0.00293359638257182
mae: 0.297735359671685 	rmse: 0.342727611296071 
[1] "2022-04-26 11:31:10 HKT"
Epoch 149 	 loss: 681.466880367553 	 dlt: 0.00614374218647929
mae: 0.297725080647576 	rmse: 0.342712059630245 
[1] "2022-04-26 11:31:22 HKT"
Epoch 151 	 loss: 674.921064717432 	 dlt: 0.00669985167793324
mae: 0.297567468944564 	rmse: 0.342555948458565 
[1] "2022-04-26 11:31:34 HKT"
Epoch 153 	 loss: 674.501626722458 	 dlt: 0.00407545739575856
mae: 0.297516073824017 	rmse: 0.342495929505606 
[1] "2022-04-26 11:31:47 HKT"
Epoch 155 	 loss: 672.062548195034 	 dlt: 0.00156556769101963
mae: 0.297516073824017 	rmse: 0.342495373725416 
[1] "2022-04-26 11:31:59 HKT"
Epoch 157 	 loss: 674.04787911453 	 dlt: 0.00664188327800002
mae: 0.297411570412238 	rmse: 0.342407827085393 
[1] "2022-04-26 11:32:11 HKT"
Epoch 159 	 loss: 672.415422266363 	 dlt: 0.00240501538605106
mae: 0.297358462121006 	rmse: 0.342350840262127 
[1] "2022-04-26 11:32:23 HKT"
Epoch 161 	 loss: 670.146271639676 	 dlt: 0.00422963825302158
mae: 0.297358462121006 	rmse: 0.342347504154192 
[1] "2022-04-26 11:32:36 HKT"
Epoch 163 	 loss: 671.69231550952 	 dlt: 0.00103022995333768
mae: 0.2971888582232 	rmse: 0.342194842434577 
[1] "2022-04-26 11:32:48 HKT"
Epoch 165 	 loss: 675.555381840644 	 dlt: 0.00127022598526891
mae: 0.29719571090594 	rmse: 0.342197067502355 
[1] "2022-04-26 11:33:00 HKT"
Epoch 167 	 loss: 672.990761875916 	 dlt: 0.00421089355330858
mae: 0.297173439687036 	rmse: 0.342174538022698 
[1] "2022-04-26 11:33:13 HKT"
Epoch 169 	 loss: 669.413175582435 	 dlt: 0.0044805943619154
mae: 0.297175152857721 	rmse: 0.342176485073325 
[1] "2022-04-26 11:33:25 HKT"
Epoch 171 	 loss: 672.744992901718 	 dlt: 0.00369827497295358
mae: 0.297123757737174 	rmse: 0.342129752800041 
[1] "2022-04-26 11:33:37 HKT"
Epoch 173 	 loss: 666.367997983244 	 dlt: 0.00970506690709995
mae: 0.29710833920101 	rmse: 0.342115564954012 
[1] "2022-04-26 11:33:50 HKT"
Epoch 175 	 loss: 670.021677421765 	 dlt: 0.0033580712821246
mae: 0.297091207494161 	rmse: 0.342097759765699 
[1] "2022-04-26 11:34:02 HKT"
Epoch 177 	 loss: 663.040109072467 	 dlt: 0.00480220487360158
mae: 0.297072362616627 	rmse: 0.342084127042007 
[1] "2022-04-26 11:34:14 HKT"
Epoch 179 	 loss: 663.486608968529 	 dlt: 0.000857820256929725
mae: 0.297086067982107 	rmse: 0.34209469940563 
[1] "2022-04-26 11:34:27 HKT"
Epoch 181 	 loss: 662.390720482884 	 dlt: 3.38967796851753e-05
mae: 0.297079215299367 	rmse: 0.342088578603357 
[1] "2022-04-26 11:34:40 HKT"
Epoch 183 	 loss: 663.525796644633 	 dlt: 0.000641465316854651
mae: 0.297091207494161 	rmse: 0.342098872617118 
[1] "2022-04-26 11:34:52 HKT"
Epoch 185 	 loss: 666.983116694521 	 dlt: 0.00281166608133011
mae: 0.297091207494161 	rmse: 0.342097759765699 
[1] "2022-04-26 11:35:04 HKT"
Epoch 187 	 loss: 665.808671132308 	 dlt: 0.00307055204533986
mae: 0.296957580180739 	rmse: 0.34193246112574 
[1] "2022-04-26 11:35:17 HKT"
Epoch 189 	 loss: 662.39727600098 	 dlt: 0.000473697398925609
mae: 0.296722875796907 	rmse: 0.341670992569431 
[1] "2022-04-26 11:35:30 HKT"
Epoch 191 	 loss: 660.863264028256 	 dlt: 0.000138003850435556
mae: 0.296495024095815 	rmse: 0.341461729315804 
[1] "2022-04-26 11:35:42 HKT"
Epoch 193 	 loss: 664.711329931447 	 dlt: 0.000226856649310118
mae: 0.296090715814177 	rmse: 0.341092489135073 
[1] "2022-04-26 11:35:54 HKT"
Epoch 195 	 loss: 667.218791476206 	 dlt: 0.00214961986660482
mae: 0.296090715814177 	rmse: 0.341092489135073 
[1] "2022-04-26 11:36:07 HKT"
Epoch 197 	 loss: 661.915164790343 	 dlt: 0.00381203364929416
mae: 0.296082149960753 	rmse: 0.341081048579554 
[1] "2022-04-26 11:36:19 HKT"
Epoch 199 	 loss: 660.424236728984 	 dlt: 0.00154696391635211
mae: 0.295998204597192 	rmse: 0.34099034766863 
[1] "2022-04-26 11:36:31 HKT"
Epoch 201 	 loss: 659.794828523077 	 dlt: 0.00316262680061227
mae: 0.295963941183494 	rmse: 0.340955735423502 
[1] "2022-04-26 11:36:44 HKT"
Epoch 203 	 loss: 657.506838734435 	 dlt: 0.000672103706529909
mae: 0.295972507036918 	rmse: 0.340964947089911 
[1] "2022-04-26 11:36:56 HKT"
Epoch 205 	 loss: 657.715741021324 	 dlt: 0.00298926784581245
mae: 0.295998204597192 	rmse: 0.340995371734783 
[1] "2022-04-26 11:37:08 HKT"
Epoch 207 	 loss: 655.519684300484 	 dlt: 0.000888717711098737
mae: 0.295993065085137 	rmse: 0.340990626785358 
[1] "2022-04-26 11:37:21 HKT"
Epoch 209 	 loss: 653.34472951409 	 dlt: 0.00158798952878277
mae: 0.29584744557692 	rmse: 0.340844059063455 
[1] "2022-04-26 11:37:33 HKT"
Epoch 211 	 loss: 649.501546207778 	 dlt: 0.00535047609307729
mae: 0.295816608504592 	rmse: 0.340813900172269 
[1] "2022-04-26 11:37:46 HKT"
Epoch 213 	 loss: 656.33493337709 	 dlt: 0.00527500917490999
mae: 0.295813182163222 	rmse: 0.340809431961411 
[1] "2022-04-26 11:37:58 HKT"
Epoch 215 	 loss: 650.539652573359 	 dlt: 0.00725336641618721
mae: 0.295777205578839 	rmse: 0.340772287691037 
[1] "2022-04-26 11:38:10 HKT"
Epoch 217 	 loss: 650.084462891344 	 dlt: 0.00176824995479412
mae: 0.295710391922128 	rmse: 0.340692120467386 
[1] "2022-04-26 11:38:23 HKT"
Epoch 219 	 loss: 648.168691610997 	 dlt: 0.000259648583586779
mae: 0.295650430948156 	rmse: 0.340638758305018 
[1] "2022-04-26 11:38:35 HKT"
Epoch 221 	 loss: 650.885078827672 	 dlt: 0.00836825195100435
mae: 0.295645291436101 	rmse: 0.340634567205252 
[1] "2022-04-26 11:38:48 HKT"
Epoch 223 	 loss: 645.801218969602 	 dlt: 0.00470893439472003
mae: 0.295641865094732 	rmse: 0.340631773110093 
[1] "2022-04-26 11:39:00 HKT"
Epoch 225 	 loss: 646.798066200317 	 dlt: 0.00211218110125
mae: 0.295648717777471 	rmse: 0.340636802464877 
[1] "2022-04-26 11:39:12 HKT"
Epoch 227 	 loss: 646.235755534399 	 dlt: 0.000373119985594956
mae: 0.295532222170898 	rmse: 0.340517754477517 
[1] "2022-04-26 11:39:25 HKT"
Epoch 229 	 loss: 644.140577502767 	 dlt: 0.00723377773073401
mae: 0.295432858271173 	rmse: 0.340424387267966 
[1] "2022-04-26 11:39:37 HKT"
Epoch 231 	 loss: 643.389640880524 	 dlt: 0.00138711969397786
mae: 0.295338633883504 	rmse: 0.340341341617748 
[1] "2022-04-26 11:39:49 HKT"
Epoch 233 	 loss: 644.244212553251 	 dlt: 0.00209276107822353
mae: 0.295270107056108 	rmse: 0.340266946826774 
[1] "2022-04-26 11:40:01 HKT"
Epoch 235 	 loss: 644.164357391802 	 dlt: 0.00134215085545764
mae: 0.295098789987617 	rmse: 0.340103556818498 
[1] "2022-04-26 11:40:14 HKT"
Epoch 237 	 loss: 641.05214056706 	 dlt: 0.00405786561126783
mae: 0.295040542184331 	rmse: 0.340046463724791 
[1] "2022-04-26 11:40:26 HKT"
Epoch 239 	 loss: 643.212352031559 	 dlt: 0.00301101012232432
mae: 0.2949531704794 	rmse: 0.33995380698117 
[1] "2022-04-26 11:40:38 HKT"
Epoch 241 	 loss: 640.314051597352 	 dlt: 0.0010177679539337
mae: 0.294970302186249 	rmse: 0.339969484821354 
[1] "2022-04-26 11:40:51 HKT"
Epoch 243 	 loss: 640.059099261464 	 dlt: 0.00105583296969965
mae: 0.294977154868989 	rmse: 0.33997564377505 
[1] "2022-04-26 11:41:03 HKT"
Epoch 245 	 loss: 637.100851274462 	 dlt: 0.00400368241140109
mae: 0.294973728527619 	rmse: 0.339968924910939 
[1] "2022-04-26 11:41:15 HKT"
Epoch 247 	 loss: 641.612187532192 	 dlt: 0.00494608422576601
mae: 0.29486579877447 	rmse: 0.33986000479764 
[1] "2022-04-26 11:41:27 HKT"
Epoch 249 	 loss: 642.436553234744 	 dlt: 0.00205544972785307
mae: 0.29486922511584 	rmse: 0.339861685064442 
[1] "2022-04-26 11:41:39 HKT"
Epoch 251 	 loss: 642.675908067453 	 dlt: 0.00428722632150447
mae: 0.294954883650085 	rmse: 0.33994064823579 
[1] "2022-04-26 11:41:52 HKT"
Epoch 253 	 loss: 644.699753345007 	 dlt: 0.00456661093257347
mae: 0.294954883650085 	rmse: 0.33994064823579 
[1] "2022-04-26 11:42:04 HKT"
Epoch 255 	 loss: 644.746982730203 	 dlt: 0.00229453640164925
mae: 0.294954883650085 	rmse: 0.339938408398614 
[1] "2022-04-26 11:42:16 HKT"
Epoch 257 	 loss: 639.381201916108 	 dlt: 0.00616463563894808
mae: 0.294833248531458 	rmse: 0.3398160348633 
[1] "2022-04-26 11:42:29 HKT"
Epoch 259 	 loss: 637.763936948087 	 dlt: 0.00152586167441039
mae: 0.294824682678033 	rmse: 0.339808472581483 
[1] "2022-04-26 11:42:42 HKT"
Epoch 261 	 loss: 634.777644358098 	 dlt: 0.00110851435930773
mae: 0.294739024143788 	rmse: 0.339721634320925 
[1] "2022-04-26 11:42:54 HKT"
Epoch 263 	 loss: 635.618121189255 	 dlt: 0.00206770696214155
mae: 0.294663644633652 	rmse: 0.339650466423802 
[1] "2022-04-26 11:43:06 HKT"
Epoch 265 	 loss: 637.323211079354 	 dlt: 0.00289652244022155
mae: 0.294663644633652 	rmse: 0.339650466423802 
[1] "2022-04-26 11:43:18 HKT"
Epoch 267 	 loss: 631.784251427588 	 dlt: 0.00559473849230618
mae: 0.294660218292282 	rmse: 0.339646543350186 
[1] "2022-04-26 11:43:31 HKT"
Epoch 269 	 loss: 625.109734011487 	 dlt: 0.00454842106234733
mae: 0.294643086585433 	rmse: 0.339627487776599 
[1] "2022-04-26 11:43:43 HKT"
Epoch 271 	 loss: 613.631098451384 	 dlt: 0.0189229706064525
mae: 0.294643086585433 	rmse: 0.339627487776599 
[1] "2022-04-26 11:43:55 HKT"
Epoch 273 	 loss: 597.374791481689 	 dlt: 0.0132785025299361
mae: 0.294428940249821 	rmse: 0.339397335311461 
[1] "2022-04-26 11:44:08 HKT"
Epoch 275 	 loss: 591.455981338258 	 dlt: 0.00372477911283776
mae: 0.294309018301877 	rmse: 0.339275608199364 
[1] "2022-04-26 11:44:20 HKT"
Epoch 277 	 loss: 589.637028891871 	 dlt: 0.000877651100994884
mae: 0.294300452448453 	rmse: 0.339266911734404 
[1] "2022-04-26 11:44:32 HKT"
Epoch 279 	 loss: 586.484960523967 	 dlt: 0.00458466129248241
mae: 0.294307305131192 	rmse: 0.339272522382474 
[1] "2022-04-26 11:44:45 HKT"
Epoch 281 	 loss: 586.379953580222 	 dlt: 0.000559010359582897
mae: 0.294307305131192 	rmse: 0.339272522382474 
[1] "2022-04-26 11:44:57 HKT"
Epoch 283 	 loss: 582.236880084715 	 dlt: 7.17833032460714e-06
mae: 0.294307305131192 	rmse: 0.339272522382474 
[1] "2022-04-26 11:45:10 HKT"
Epoch 285 	 loss: 579.803948035345 	 dlt: 0.00507109961060554
mae: 0.294379258299958 	rmse: 0.339334233388554 
[1] "2022-04-26 11:45:22 HKT"
Epoch 287 	 loss: 578.279298447439 	 dlt: 0.00429769666214614
mae: 0.294350134398315 	rmse: 0.339300854737941 
[1] "2022-04-26 11:45:34 HKT"
Epoch 289 	 loss: 571.63670549737 	 dlt: 0.00568903474142887
mae: 0.294350134398315 	rmse: 0.339300854737941 
[1] "2022-04-26 11:45:46 HKT"
Epoch 291 	 loss: 574.271503064384 	 dlt: 0.000481769992599063
mae: 0.294329576350096 	rmse: 0.33927841346309 
[1] "2022-04-26 11:45:59 HKT"
Epoch 293 	 loss: 571.720938219818 	 dlt: 0.00136748027355743
mae: 0.294329576350096 	rmse: 0.33927841346309 
[1] "2022-04-26 11:46:11 HKT"
Epoch 295 	 loss: 571.808348211652 	 dlt: 0.00419481560254827
mae: 0.294329576350096 	rmse: 0.33927841346309 
[1] "2022-04-26 11:46:23 HKT"
Epoch 297 	 loss: 570.005916678635 	 dlt: 0.00281263384625072
mae: 0.294329576350096 	rmse: 0.33927841346309 
[1] "2022-04-26 11:46:35 HKT"
Epoch 299 	 loss: 569.625033276038 	 dlt: 0.00110140506488364
mae: 0.294305591960507 	rmse: 0.339250920878331 
[1] "2022-04-26 11:46:48 HKT"
Epoch 301 	 loss: 566.00682515988 	 dlt: 0.00488093803843235
mae: 0.294187383183249 	rmse: 0.339126054062559 
[1] "2022-04-26 11:47:00 HKT"
Epoch 303 	 loss: 568.727962819479 	 dlt: 0.00256105985345726
mae: 0.294110290502428 	rmse: 0.339037075945203 
[1] "2022-04-26 11:47:12 HKT"
Epoch 305 	 loss: 572.22275150695 	 dlt: 0.00422812438760742
mae: 0.294110290502428 	rmse: 0.339037075945203 
[1] "2022-04-26 11:47:25 HKT"
Epoch 307 	 loss: 572.587618270808 	 dlt: 0.000591484870010397
mae: 0.294108577331743 	rmse: 0.339035672317798 
[1] "2022-04-26 11:47:37 HKT"
Epoch 309 	 loss: 572.066995321187 	 dlt: 0.00296676734279358
mae: 0.294108577331743 	rmse: 0.339035672317798 
[1] "2022-04-26 11:47:49 HKT"
Epoch 311 	 loss: 573.550243891193 	 dlt: 0.00255760115323195
mae: 0.294022918797498 	rmse: 0.338956498323685 
[1] "2022-04-26 11:48:01 HKT"
Epoch 313 	 loss: 572.846935585889 	 dlt: 0.000521531193487457
mae: 0.293880725630651 	rmse: 0.33883152300679 
[1] "2022-04-26 11:48:14 HKT"
Epoch 315 	 loss: 568.271922007903 	 dlt: 0.00146133079496893
mae: 0.293969810506266 	rmse: 0.33891297282579 
[1] "2022-04-26 11:48:26 HKT"
Epoch 317 	 loss: 569.203234269097 	 dlt: 0.00369734208751572
mae: 0.293884151972021 	rmse: 0.338833770160956 
[1] "2022-04-26 11:48:38 HKT"
Epoch 319 	 loss: 569.990722893489 	 dlt: 0.00577090643341829
mae: 0.293882438801336 	rmse: 0.338830118527868 
[1] "2022-04-26 11:48:51 HKT"
Epoch 321 	 loss: 568.096328311214 	 dlt: 0.0104794532893305
mae: 0.293882438801336 	rmse: 0.338830118527868 
[1] "2022-04-26 11:49:02 HKT"
Epoch 323 	 loss: 566.306641066805 	 dlt: 0.00398439545074448
mae: 0.293875586118596 	rmse: 0.338822253338319 
[1] "2022-04-26 11:49:15 HKT"
Epoch 325 	 loss: 564.203289545019 	 dlt: 0.00509025522906175
mae: 0.293846462216953 	rmse: 0.338794442811156 
[1] "2022-04-26 11:49:27 HKT"
Epoch 327 	 loss: 564.389408725125 	 dlt: 0.00713644004127692
mae: 0.293844749046268 	rmse: 0.338793038178517 
[1] "2022-04-26 11:49:40 HKT"
Epoch 329 	 loss: 563.132582442358 	 dlt: 0.00329742542749639
mae: 0.293853314899692 	rmse: 0.338801184966761 
[1] "2022-04-26 11:49:52 HKT"
Epoch 331 	 loss: 564.438727772036 	 dlt: 0.00248737262822055
mae: 0.293844749046268 	rmse: 0.338793600032272 
[1] "2022-04-26 11:50:04 HKT"
Epoch 333 	 loss: 565.147757358516 	 dlt: 0.00121138554594043
mae: 0.293844749046268 	rmse: 0.338793600032272 
[1] "2022-04-26 11:50:17 HKT"
Epoch 335 	 loss: 566.768021261427 	 dlt: 0.00524259936413628
mae: 0.293788214413666 	rmse: 0.338730947597501 
[1] "2022-04-26 11:50:29 HKT"
Epoch 337 	 loss: 563.899978308287 	 dlt: 0.00283872775334607
mae: 0.293791640755036 	rmse: 0.3387376910169 
[1] "2022-04-26 11:50:42 HKT"
Epoch 339 	 loss: 565.67877102156 	 dlt: 0.00251886753107917
mae: 0.29380020660846 	rmse: 0.33874977264094 
[1] "2022-04-26 11:50:54 HKT"
Epoch 341 	 loss: 561.603618449395 	 dlt: 0.000498476202317243
mae: 0.293798493437775 	rmse: 0.338747805894297 
[1] "2022-04-26 11:51:06 HKT"
Epoch 343 	 loss: 560.38521578853 	 dlt: 0.00407150519952314
mae: 0.293776222218872 	rmse: 0.3387250469954 
[1] "2022-04-26 11:51:19 HKT"
Epoch 345 	 loss: 563.851494912669 	 dlt: 0.00695260407953899
mae: 0.293714548074215 	rmse: 0.338669969751622 
[1] "2022-04-26 11:51:31 HKT"
Epoch 347 	 loss: 563.876199954814 	 dlt: 0.000867508300724661
mae: 0.2937162612449 	rmse: 0.338672499004938 
[1] "2022-04-26 11:51:44 HKT"
Epoch 349 	 loss: 561.553220382728 	 dlt: 0.000796185901203329
mae: 0.293714548074215 	rmse: 0.338668283572251 
[1] "2022-04-26 11:51:56 HKT"
Epoch 351 	 loss: 559.962727004638 	 dlt: 0.0035752507552662
mae: 0.293705982220791 	rmse: 0.338658447358594 
[1] "2022-04-26 11:52:08 HKT"
Epoch 353 	 loss: 561.756410638612 	 dlt: 0.000744372373659091
mae: 0.293711121732845 	rmse: 0.338666035320031 
[1] "2022-04-26 11:52:21 HKT"
Epoch 355 	 loss: 561.962086855738 	 dlt: 0.00184176289607136
mae: 0.293690563684626 	rmse: 0.338644114078658 
[1] "2022-04-26 11:52:33 HKT"
Epoch 357 	 loss: 559.037682676898 	 dlt: 0.00116769384997549
mae: 0.293687137343257 	rmse: 0.338641303560472 
[1] "2022-04-26 11:52:45 HKT"
Epoch 359 	 loss: 558.554926603013 	 dlt: 0.00106858077133129
mae: 0.293532951981615 	rmse: 0.338486126759224 
[1] "2022-04-26 11:52:57 HKT"
Epoch 361 	 loss: 559.806080352486 	 dlt: 0.00377644893389149
mae: 0.293536378322985 	rmse: 0.338490063281979 
[1] "2022-04-26 11:53:10 HKT"
Epoch 363 	 loss: 554.469962898941 	 dlt: 0.00247351176948975
mae: 0.29353809149367 	rmse: 0.338493156232027 
[1] "2022-04-26 11:53:22 HKT"
Epoch 365 	 loss: 556.932722938409 	 dlt: 0.00097325717877058
mae: 0.293517533445451 	rmse: 0.338474035724505 
[1] "2022-04-26 11:53:34 HKT"
Epoch 367 	 loss: 554.30057998852 	 dlt: 0.000495085302498487
mae: 0.293498688567917 	rmse: 0.338454070512459 
[1] "2022-04-26 11:53:47 HKT"
Epoch 369 	 loss: 559.945506538528 	 dlt: 0.00546098482603327
mae: 0.293496975397232 	rmse: 0.338451539626824 
[1] "2022-04-26 11:53:59 HKT"
Epoch 371 	 loss: 552.12871834395 	 dlt: 0.0068757075524401
mae: 0.293496975397232 	rmse: 0.33845266446722 
[1] "2022-04-26 11:54:12 HKT"
Epoch 373 	 loss: 554.44628572031 	 dlt: 0.00353216936868667
mae: 0.293500401738602 	rmse: 0.338457163791423 
[1] "2022-04-26 11:54:24 HKT"
Epoch 375 	 loss: 551.814473733204 	 dlt: 9.30263086128033e-06
mae: 0.293507254421341 	rmse: 0.338468974232888 
[1] "2022-04-26 11:54:36 HKT"
Epoch 377 	 loss: 551.865591280192 	 dlt: 0.000160322103262222
mae: 0.293464425154219 	rmse: 0.338428760804402 
[1] "2022-04-26 11:54:49 HKT"
Epoch 379 	 loss: 554.670667522919 	 dlt: 0.00378447295483232
mae: 0.293457572471479 	rmse: 0.338419198866525 
[1] "2022-04-26 11:55:01 HKT"
Epoch 381 	 loss: 551.320031055453 	 dlt: 0.00088538985578734
mae: 0.293454146130109 	rmse: 0.338414136554741 
[1] "2022-04-26 11:55:13 HKT"
Epoch 383 	 loss: 548.345273613082 	 dlt: 0.000308292275392851
mae: 0.293449006618055 	rmse: 0.338409355412966 
[1] "2022-04-26 11:55:26 HKT"
Epoch 385 	 loss: 547.608525899081 	 dlt: 0.00830120010857945
mae: 0.293449006618055 	rmse: 0.338409355412966 
[1] "2022-04-26 11:55:38 HKT"
Epoch 387 	 loss: 547.153533375311 	 dlt: 0.000815315796634757
mae: 0.293449006618055 	rmse: 0.338409355412966 
[1] "2022-04-26 11:55:51 HKT"
Epoch 389 	 loss: 546.401700520716 	 dlt: 5.85601654341895e-05
mae: 0.293428448569836 	rmse: 0.338388542597032 
[1] "2022-04-26 11:56:03 HKT"
Epoch 391 	 loss: 548.357036335664 	 dlt: 0.00212227606791746
mae: 0.293428448569836 	rmse: 0.338388542597032 
[1] "2022-04-26 11:56:16 HKT"
Epoch 393 	 loss: 551.072627357402 	 dlt: 0.00665098683530452
mae: 0.29327255003751 	rmse: 0.338237470687006 
[1] "2022-04-26 11:56:28 HKT"
Epoch 395 	 loss: 548.055394756689 	 dlt: 0.0106443619401175
mae: 0.29327255003751 	rmse: 0.338237470687006 
[1] "2022-04-26 11:56:40 HKT"
Epoch 397 	 loss: 551.201478619373 	 dlt: 0.000684598447795381
mae: 0.29327255003751 	rmse: 0.338237470687006 
[1] "2022-04-26 11:56:52 HKT"
Epoch 399 	 loss: 556.147014349692 	 dlt: 0.00204494438058013
mae: 0.293270836866825 	rmse: 0.338236063741364 
[1] "2022-04-26 11:57:05 HKT"
Epoch 401 	 loss: 553.117047674761 	 dlt: 0.00201563845555967
mae: 0.293270836866825 	rmse: 0.338236063741364 
[1] "2022-04-26 11:57:17 HKT"
Epoch 403 	 loss: 549.685329241864 	 dlt: 0.0017584373279301
mae: 0.29326569735477 	rmse: 0.33822734054775 
[1] "2022-04-26 11:57:30 HKT"
Epoch 405 	 loss: 543.719832840924 	 dlt: 0.00117290141099375
mae: 0.2932622710134 	rmse: 0.338222275364344 
[1] "2022-04-26 11:57:42 HKT"
Epoch 407 	 loss: 544.461454156966 	 dlt: 0.00274019709928267
mae: 0.293260557842715 	rmse: 0.338220868355491 
[1] "2022-04-26 11:57:55 HKT"
Epoch 409 	 loss: 549.40482453681 	 dlt: 0.0106998799604617
mae: 0.293260557842715 	rmse: 0.338220868355491 
[1] "2022-04-26 11:58:07 HKT"
Epoch 411 	 loss: 544.923714193825 	 dlt: 0.000482192362888419
mae: 0.293255418330661 	rmse: 0.338214958854391 
[1] "2022-04-26 11:58:19 HKT"
Epoch 413 	 loss: 540.443367796553 	 dlt: 0.00156759157511603
mae: 0.293255418330661 	rmse: 0.338214958854391 
[1] "2022-04-26 11:58:32 HKT"
Epoch 415 	 loss: 542.020955724685 	 dlt: 0.00408028471792361
mae: 0.293255418330661 	rmse: 0.338214958854391 
[1] "2022-04-26 11:58:44 HKT"
Epoch 417 	 loss: 540.077309480094 	 dlt: 0.00260120664224307
mae: 0.293255418330661 	rmse: 0.338214958854391 
[1] "2022-04-26 11:58:57 HKT"
Epoch 419 	 loss: 539.459056095111 	 dlt: 4.67029131493225e-05
mae: 0.293255418330661 	rmse: 0.338214396039378 
[1] "2022-04-26 11:59:09 HKT"
Epoch 421 	 loss: 540.262523861581 	 dlt: 0.000101616160508894
mae: 0.293255418330661 	rmse: 0.338214396039378 
[1] "2022-04-26 11:59:22 HKT"
Epoch 423 	 loss: 541.387819220323 	 dlt: 0.0020696541668422
mae: 0.293253705159976 	rmse: 0.338210737718959 
[1] "2022-04-26 11:59:34 HKT"
Epoch 425 	 loss: 542.93046165905 	 dlt: 0.000956514614773157
mae: 0.293248565647921 	rmse: 0.338204828040846 
[1] "2022-04-26 11:59:46 HKT"
Epoch 427 	 loss: 541.408724449289 	 dlt: 0.00462906651527534
mae: 0.293200596868744 	rmse: 0.338154169420458 
[1] "2022-04-26 11:59:59 HKT"
Epoch 429 	 loss: 544.8802706232 	 dlt: 0.00752401399659601
mae: 0.293198883698059 	rmse: 0.338152199209692 
[1] "2022-04-26 12:00:11 HKT"
Epoch 431 	 loss: 540.537266686827 	 dlt: 0.00443721130327571
mae: 0.293121791017239 	rmse: 0.338070847628328 
[1] "2022-04-26 12:00:23 HKT"
Epoch 433 	 loss: 539.434420087562 	 dlt: 0.00870498960979874
mae: 0.293121791017239 	rmse: 0.338070847628328 
[1] "2022-04-26 12:00:36 HKT"
Epoch 435 	 loss: 544.72929058677 	 dlt: 0.0109076472496314
mae: 0.29309780662765 	rmse: 0.338045509228102 
[1] "2022-04-26 12:00:48 HKT"
Epoch 437 	 loss: 543.204957314767 	 dlt: 0.0131681921402967
mae: 0.293106372481074 	rmse: 0.338051421691363 
[1] "2022-04-26 12:01:00 HKT"
Epoch 439 	 loss: 542.319323344555 	 dlt: 0.00493666537637724
mae: 0.293102946139705 	rmse: 0.33804804315359 
[1] "2022-04-26 12:01:12 HKT"
Epoch 441 	 loss: 540.30173752844 	 dlt: 0.00266974792220987
mae: 0.29301043492272 	rmse: 0.337951177375296 
[1] "2022-04-26 12:01:24 HKT"
Epoch 443 	 loss: 535.696811064816 	 dlt: 0.00317118526143466
mae: 0.293008721752035 	rmse: 0.337950895748258 
[1] "2022-04-26 12:01:37 HKT"
Epoch 445 	 loss: 535.680980165639 	 dlt: 0.000489872501381042
mae: 0.293008721752035 	rmse: 0.337950895748258 
[1] "2022-04-26 12:01:49 HKT"
Epoch 447 	 loss: 534.536542128536 	 dlt: 0.00184714558884955
mae: 0.292983024191761 	rmse: 0.337917943764675 
[1] "2022-04-26 12:02:02 HKT"
Epoch 449 	 loss: 538.371727673492 	 dlt: 0.00657594583144033
mae: 0.292983024191761 	rmse: 0.337917943764675 
[1] "2022-04-26 12:02:14 HKT"
Epoch 451 	 loss: 535.575194458135 	 dlt: 0.0112069534524778
mae: 0.292947047607378 	rmse: 0.337879918251844 
[1] "2022-04-26 12:02:26 HKT"
Epoch 453 	 loss: 534.129724770236 	 dlt: 0.00329760635068333
mae: 0.292948760778063 	rmse: 0.337880199938042 
[1] "2022-04-26 12:02:39 HKT"
Epoch 455 	 loss: 536.682360288925 	 dlt: 0.00471665454938084
mae: 0.292827125659435 	rmse: 0.33774580895086 
[1] "2022-04-26 12:02:52 HKT"
Epoch 457 	 loss: 575.141302949595 	 dlt: 0.0668546867147727
mae: 0.292827125659435 	rmse: 0.33774580895086 
[1] "2022-04-26 12:03:04 HKT"
Epoch 459 	 loss: 583.778547920333 	 dlt: 0.00864775868824836
mae: 0.29282883883012 	rmse: 0.337746090748907 
[1] "2022-04-26 12:03:16 HKT"
Epoch 461 	 loss: 585.550065836949 	 dlt: 0.00357868703454096
mae: 0.292690072004643 	rmse: 0.337596422886498 
[1] "2022-04-26 12:03:29 HKT"
Epoch 463 	 loss: 589.54529688743 	 dlt: 0.00469674300015764
mae: 0.292691785175328 	rmse: 0.337596704809241 
[1] "2022-04-26 12:03:41 HKT"
Epoch 465 	 loss: 594.527421301187 	 dlt: 0.0018457920462226
mae: 0.292678079809848 	rmse: 0.337583736119403 
[1] "2022-04-26 12:03:53 HKT"
Epoch 467 	 loss: 596.566068986888 	 dlt: 0.00437491685525062
mae: 0.292676366639164 	rmse: 0.337582326449184 
[1] "2022-04-26 12:04:06 HKT"
Epoch 469 	 loss: 593.908749986321 	 dlt: 0.000249236380829617
mae: 0.292612979323822 	rmse: 0.337521141089128 
[1] "2022-04-26 12:04:18 HKT"
Epoch 471 	 loss: 591.329425007973 	 dlt: 0.000786767143554069
mae: 0.292616405665192 	rmse: 0.337521705060139 
[1] "2022-04-26 12:04:30 HKT"
Epoch 473 	 loss: 592.396236384137 	 dlt: 0.00134940921630796
mae: 0.292594134446288 	rmse: 0.337487583117671 
[1] "2022-04-26 12:04:43 HKT"
Epoch 475 	 loss: 592.177685967311 	 dlt: 0.00147737264509134
mae: 0.292594134446288 	rmse: 0.337487583117671 
[1] "2022-04-26 12:04:55 HKT"
Epoch 477 	 loss: 591.401858626289 	 dlt: 0.00348877403086169
mae: 0.292614692494507 	rmse: 0.337520295130844 
[1] "2022-04-26 12:05:08 HKT"
Epoch 479 	 loss: 592.408898412458 	 dlt: 0.00255348126835096
mae: 0.292592421275603 	rmse: 0.337486737075269 
[1] "2022-04-26 12:05:21 HKT"
Epoch 481 	 loss: 592.946126613485 	 dlt: 0.00210456130970451
mae: 0.292568436886015 	rmse: 0.337485044984103 
[1] "2022-04-26 12:05:33 HKT"
Epoch 483 	 loss: 595.801311080526 	 dlt: 0.00626471421288968
mae: 0.292546165667111 	rmse: 0.337451483423056 
[1] "2022-04-26 12:05:45 HKT"
Epoch 485 	 loss: 596.868678317637 	 dlt: 0.00200083473751885
mae: 0.292542739325741 	rmse: 0.337448098878689 
[1] "2022-04-26 12:05:57 HKT"
Epoch 487 	 loss: 594.286600540872 	 dlt: 0.000778075948203292
mae: 0.292539312984371 	rmse: 0.337444150200689 
[1] "2022-04-26 12:06:09 HKT"
Epoch 489 	 loss: 595.449900500436 	 dlt: 0.00298610535769548
mae: 0.292539312984371 	rmse: 0.337444150200689 
[1] "2022-04-26 12:06:22 HKT"
Epoch 491 	 loss: 591.230245689014 	 dlt: 0.00540497661715648
mae: 0.292525607618892 	rmse: 0.337436252706066 
[1] "2022-04-26 12:06:34 HKT"
Epoch 493 	 loss: 592.527329746497 	 dlt: 0.00279546944856871
mae: 0.292523894448207 	rmse: 0.337433714186397 
[1] "2022-04-26 12:06:46 HKT"
Epoch 495 	 loss: 590.61273386136 	 dlt: 0.00166355957488737
mae: 0.292517041765468 	rmse: 0.337425816447518 
[1] "2022-04-26 12:06:59 HKT"
Epoch 497 	 loss: 594.203396995822 	 dlt: 0.00270971228172092
mae: 0.292513615424098 	rmse: 0.337422431645695 
[1] "2022-04-26 12:07:11 HKT"
Epoch 499 	 loss: 590.195840784166 	 dlt: 0.00183235761231865
mae: 0.292513615424098 	rmse: 0.337422431645695 
[1] "2022-04-26 12:07:23 HKT"
Epoch 501 	 loss: 588.870633844298 	 dlt: 0.000674292781057372
mae: 0.292513615424098 	rmse: 0.337422431645695 
[1] "2022-04-26 12:07:36 HKT"
Epoch 503 	 loss: 588.832360718538 	 dlt: 0.000846677721522816
mae: 0.292513615424098 	rmse: 0.337422431645695 
[1] "2022-04-26 12:07:48 HKT"
Epoch 505 	 loss: 591.611431101037 	 dlt: 0.00459676290251459
mae: 0.292513615424098 	rmse: 0.337422431645695 
[1] "2022-04-26 12:08:00 HKT"
Epoch 507 	 loss: 589.878516991567 	 dlt: 5.62231126933811e-05
mae: 0.292511902253413 	rmse: 0.337419893022046 
[1] "2022-04-26 12:08:13 HKT"
Epoch 509 	 loss: 593.261071027427 	 dlt: 0.00575576005519699
mae: 0.292511902253413 	rmse: 0.337419893022046 
[1] "2022-04-26 12:08:25 HKT"
Epoch 511 	 loss: 590.804877932169 	 dlt: 0.0050922443779139
mae: 0.292494770546564 	rmse: 0.337405225044747 
[1] "2022-04-26 12:08:37 HKT"
Epoch 513 	 loss: 591.787330594128 	 dlt: 0.00223963647518212
mae: 0.29248277835177 	rmse: 0.337393659459192 
[1] "2022-04-26 12:08:49 HKT"
Epoch 515 	 loss: 591.148985973059 	 dlt: 0.000743097502593918
mae: 0.292481065181085 	rmse: 0.337391120619053 
[1] "2022-04-26 12:09:02 HKT"
Epoch 517 	 loss: 593.25561122506 	 dlt: 0.000192746207414335
mae: 0.292481065181085 	rmse: 0.337391120619053 
[1] "2022-04-26 12:09:14 HKT"
Epoch 519 	 loss: 593.269353538678 	 dlt: 0.00228761049413143
mae: 0.292481065181085 	rmse: 0.337391120619053 
[1] "2022-04-26 12:09:27 HKT"
Epoch 521 	 loss: 592.375382563637 	 dlt: 0.0019516403661769
mae: 0.292481065181085 	rmse: 0.337391120619053 
[1] "2022-04-26 12:09:38 HKT"
Epoch 523 	 loss: 591.776119387878 	 dlt: 0.000525384512281146
mae: 0.292481065181085 	rmse: 0.337391120619053 
[1] "2022-04-26 12:09:51 HKT"
Epoch 525 	 loss: 591.149094534599 	 dlt: 0.00123097615475653
mae: 0.292481065181085 	rmse: 0.337391120619053 
[1] "2022-04-26 12:10:03 HKT"
Epoch 527 	 loss: 592.027668910469 	 dlt: 0.000411566297482637
mae: 0.292481065181085 	rmse: 0.337391120619053 
[1] "2022-04-26 12:10:16 HKT"
Epoch 529 	 loss: 590.771674598997 	 dlt: 0.00147470898013303
mae: 0.2924793520104 	rmse: 0.337389145952403 
[1] "2022-04-26 12:10:28 HKT"
Epoch 531 	 loss: 590.061137060882 	 dlt: 0.00314951138305566
mae: 0.2924793520104 	rmse: 0.337389145952403 
[1] "2022-04-26 12:10:41 HKT"
Epoch 533 	 loss: 587.442166364538 	 dlt: 0.00236770945047439
mae: 0.292463933474235 	rmse: 0.33737250187425 
[1] "2022-04-26 12:10:53 HKT"
Epoch 535 	 loss: 590.250659241406 	 dlt: 0.00158049017409481
mae: 0.292450228108756 	rmse: 0.337358960323527 
[1] "2022-04-26 12:11:06 HKT"
Epoch 537 	 loss: 590.075300613904 	 dlt: 3.13428163870028e-05
mae: 0.292450228108756 	rmse: 0.337358960323527 
[1] "2022-04-26 12:11:18 HKT"
Epoch 539 	 loss: 590.937044846771 	 dlt: 0.00389801556912517
mae: 0.292450228108756 	rmse: 0.337358960323527 
[1] "2022-04-26 12:11:31 HKT"
Epoch 541 	 loss: 588.736221423593 	 dlt: 0.00178671407530308
mae: 0.292450228108756 	rmse: 0.337358960323527 
[1] "2022-04-26 12:11:43 HKT"
Epoch 543 	 loss: 588.541018929689 	 dlt: 0.000334893098979052
mae: 0.292410825183004 	rmse: 0.337285882991425 
[1] "2022-04-26 12:11:55 HKT"
Epoch 545 	 loss: 585.566378713189 	 dlt: 0.00214062971341884
mae: 0.292403972500264 	rmse: 0.337275724271057 
[1] "2022-04-26 12:12:07 HKT"
Epoch 547 	 loss: 589.574682228268 	 dlt: 0.00880045186569988
mae: 0.292402259329579 	rmse: 0.337274313313472 
[1] "2022-04-26 12:12:19 HKT"
Epoch 549 	 loss: 585.736122965121 	 dlt: 0.000611025732287517
mae: 0.292400546158894 	rmse: 0.337273466736088 
[1] "2022-04-26 12:12:31 HKT"
Epoch 551 	 loss: 584.552292726778 	 dlt: 0.000381183559866859
mae: 0.292354290550402 	rmse: 0.337229159553771 
[1] "2022-04-26 12:12:44 HKT"
Epoch 553 	 loss: 583.346823979111 	 dlt: 0.00134340826765983
mae: 0.292354290550402 	rmse: 0.337229159553771 
[1] "2022-04-26 12:12:56 HKT"
Epoch 555 	 loss: 588.106130664231 	 dlt: 0.00329031405784626
mae: 0.292354290550402 	rmse: 0.337229159553771 
[1] "2022-04-26 12:13:08 HKT"
Epoch 557 	 loss: 591.032308445465 	 dlt: 0.00334701070886943
mae: 0.292354290550402 	rmse: 0.337229159553771 
[1] "2022-04-26 12:13:21 HKT"
Epoch 559 	 loss: 591.240494559184 	 dlt: 0.00240885799121275
mae: 0.292352577379717 	rmse: 0.33722774840136 
[1] "2022-04-26 12:13:33 HKT"
Epoch 561 	 loss: 589.546674061397 	 dlt: 0.00228623892336921
mae: 0.292350864209032 	rmse: 0.33722464384527 
[1] "2022-04-26 12:13:45 HKT"
Epoch 563 	 loss: 587.555324606878 	 dlt: 0.000284223908071251
mae: 0.292350864209032 	rmse: 0.33722464384527 
[1] "2022-04-26 12:13:57 HKT"
Epoch 565 	 loss: 586.90055318107 	 dlt: 0.00245630565458335
mae: 0.292333732502183 	rmse: 0.337207709399815 
[1] "2022-04-26 12:14:09 HKT"
Epoch 567 	 loss: 591.079089758999 	 dlt: 0.00684884534173968
mae: 0.292330306160813 	rmse: 0.337205451409498 
[1] "2022-04-26 12:14:22 HKT"
Epoch 569 	 loss: 586.787634187702 	 dlt: 0.00281171159757118
mae: 0.292313174453964 	rmse: 0.337190209579362 
[1] "2022-04-26 12:14:34 HKT"
Epoch 571 	 loss: 589.21454596915 	 dlt: 0.000158057360033605
mae: 0.292309748112594 	rmse: 0.337186257881304 
[1] "2022-04-26 12:14:46 HKT"
Epoch 573 	 loss: 589.983610555884 	 dlt: 0.000292878841882298
mae: 0.292309748112594 	rmse: 0.337186257881304 
[1] "2022-04-26 12:14:59 HKT"
Epoch 575 	 loss: 585.718976513772 	 dlt: 0.00191078192155318
mae: 0.292313174453964 	rmse: 0.337184564282245 
[1] "2022-04-26 12:15:11 HKT"
Epoch 577 	 loss: 586.597134369634 	 dlt: 0.00186482158660849
mae: 0.292313174453964 	rmse: 0.337184564282245 
[1] "2022-04-26 12:15:24 HKT"
Epoch 579 	 loss: 585.70518821803 	 dlt: 0.000898442148579873
mae: 0.292313174453964 	rmse: 0.337184564282245 
[1] "2022-04-26 12:15:36 HKT"
Epoch 581 	 loss: 587.596287179973 	 dlt: 0.000919896410284251
mae: 0.292261779333417 	rmse: 0.337127541482369 
[1] "2022-04-26 12:15:48 HKT"
Epoch 583 	 loss: 585.420565566773 	 dlt: 0.00379403298613741
mae: 0.292261779333417 	rmse: 0.337127541482369 
[1] "2022-04-26 12:16:01 HKT"
Epoch 585 	 loss: 585.391680818583 	 dlt: 0.00106874592188723
mae: 0.292261779333417 	rmse: 0.337127541482369 
[1] "2022-04-26 12:16:13 HKT"
Epoch 587 	 loss: 586.238292014626 	 dlt: 0.00462995017094791
mae: 0.292261779333417 	rmse: 0.337127541482369 
[1] "2022-04-26 12:16:26 HKT"
Epoch 589 	 loss: 585.938221367163 	 dlt: 0.00343450555117626
mae: 0.292261779333417 	rmse: 0.337127541482369 
[1] "2022-04-26 12:16:38 HKT"
Epoch 591 	 loss: 588.171242078541 	 dlt: 0.000429145473765431
mae: 0.292258352992047 	rmse: 0.337123589049728 
[1] "2022-04-26 12:16:51 HKT"
Epoch 593 	 loss: 586.460541985429 	 dlt: 0.00109875704839558
mae: 0.292256639821362 	rmse: 0.337122742093847 
[1] "2022-04-26 12:17:03 HKT"
Epoch 595 	 loss: 583.128325323426 	 dlt: 0.00301462644915306
mae: 0.292253213479992 	rmse: 0.337118789604938 
[1] "2022-04-26 12:17:15 HKT"
Epoch 597 	 loss: 583.362471964532 	 dlt: 0.000632436484047405
mae: 0.292253213479992 	rmse: 0.337118789604938 
[1] "2022-04-26 12:17:27 HKT"
Epoch 599 	 loss: 582.598348088814 	 dlt: 0.00117358690603935
mae: 0.292253213479992 	rmse: 0.337118789604938 
[1] "2022-04-26 12:17:40 HKT"
Epoch 601 	 loss: 584.15414288623 	 dlt: 0.00328805744516664
mae: 0.292244647626568 	rmse: 0.337110602159064 
[1] "2022-04-26 12:17:52 HKT"
Epoch 603 	 loss: 584.341956275084 	 dlt: 0.00116442225584034
mae: 0.292239508114513 	rmse: 0.337106931860157 
[1] "2022-04-26 12:18:05 HKT"
Epoch 605 	 loss: 582.160764738396 	 dlt: 0.000567216522874742
mae: 0.292239508114513 	rmse: 0.337106931860157 
[1] "2022-04-26 12:18:17 HKT"
Epoch 607 	 loss: 584.539351818879 	 dlt: 0.0040831162733719
mae: 0.292229229090403 	rmse: 0.337092814953467 
[1] "2022-04-26 12:18:29 HKT"
Epoch 609 	 loss: 582.825233797597 	 dlt: 0.00400800308453714
mae: 0.292229229090403 	rmse: 0.337092814953467 
[1] "2022-04-26 12:18:42 HKT"
Epoch 611 	 loss: 581.364384337822 	 dlt: 0.00198946068165816
mae: 0.292229229090403 	rmse: 0.337092814953467 
[1] "2022-04-26 12:18:54 HKT"
Epoch 613 	 loss: 587.376112160271 	 dlt: 0.00768516730076299
mae: 0.292220663236979 	rmse: 0.337082368061895 
[1] "2022-04-26 12:19:06 HKT"
Epoch 615 	 loss: 583.775496366384 	 dlt: 0.00144999224089139
mae: 0.292220663236979 	rmse: 0.337082368061895 
[1] "2022-04-26 12:19:19 HKT"
Epoch 617 	 loss: 584.208763774549 	 dlt: 0.00120123061726266
mae: 0.292047632997804 	rmse: 0.336908676342337 
[1] "2022-04-26 12:19:31 HKT"
Epoch 619 	 loss: 586.321882889917 	 dlt: 0.002974083304411
mae: 0.292047632997804 	rmse: 0.336908676342337 
[1] "2022-04-26 12:19:43 HKT"
Epoch 621 	 loss: 582.994795520657 	 dlt: 0.00101354296384709
mae: 0.292049346168488 	rmse: 0.336908958840581 
[1] "2022-04-26 12:19:56 HKT"
Epoch 623 	 loss: 583.744045668849 	 dlt: 0.00371918524730965
mae: 0.292049346168488 	rmse: 0.336908958840581 
[1] "2022-04-26 12:20:08 HKT"
Epoch 625 	 loss: 586.07064064977 	 dlt: 0.0040019803231874
mae: 0.292049346168488 	rmse: 0.336908958840581 
[1] "2022-04-26 12:20:21 HKT"
Epoch 627 	 loss: 588.177600766411 	 dlt: 0.00129408472812928
mae: 0.292044206656434 	rmse: 0.336902461321052 
[1] "2022-04-26 12:20:33 HKT"
Epoch 629 	 loss: 584.130688231762 	 dlt: 0.00227250076663816
mae: 0.292040780315064 	rmse: 0.336900766295348 
[1] "2022-04-26 12:20:45 HKT"
Epoch 631 	 loss: 585.443003543729 	 dlt: 0.000960679416660188
mae: 0.292040780315064 	rmse: 0.336900766295348 
[1] "2022-04-26 12:20:58 HKT"
Epoch 633 	 loss: 585.203092743663 	 dlt: 0.00131270142344546
mae: 0.292040780315064 	rmse: 0.336900766295348 
[1] "2022-04-26 12:21:10 HKT"
Epoch 635 	 loss: 584.564899059865 	 dlt: 0.00309599818255662
mae: 0.292040780315064 	rmse: 0.336900766295348 
[1] "2022-04-26 12:21:22 HKT"
Epoch 637 	 loss: 583.177735483725 	 dlt: 0.00178534831927604
mae: 0.292039067144379 	rmse: 0.336898223740802 
[1] "2022-04-26 12:21:35 HKT"
Epoch 639 	 loss: 581.710709882004 	 dlt: 5.237916773332e-05
mae: 0.292037353973694 	rmse: 0.336895681167068 
[1] "2022-04-26 12:21:47 HKT"
Epoch 641 	 loss: 583.99003150303 	 dlt: 0.00459136321584616
mae: 0.292035640803009 	rmse: 0.336893703596453 
[1] "2022-04-26 12:21:59 HKT"
Epoch 643 	 loss: 586.574767909859 	 dlt: 0.00452359280965361
mae: 0.292037353973694 	rmse: 0.336892856062636 
[1] "2022-04-26 12:22:12 HKT"
Epoch 645 	 loss: 585.531228343821 	 dlt: 0.00631648523164104
mae: 0.292037353973694 	rmse: 0.336892856062636 
[1] "2022-04-26 12:22:24 HKT"
Epoch 647 	 loss: 584.785171360083 	 dlt: 0.000416676437554957
mae: 0.291972253487668 	rmse: 0.336818829883187 
[1] "2022-04-26 12:22:36 HKT"
Epoch 649 	 loss: 582.420589019224 	 dlt: 0.00333570731161062
mae: 0.291972253487668 	rmse: 0.336818829883187 
[1] "2022-04-26 12:22:49 HKT"
Epoch 651 	 loss: 581.779742824875 	 dlt: 0.000691046967193445
mae: 0.291955121780819 	rmse: 0.336798483960958 
[1] "2022-04-26 12:23:01 HKT"
Epoch 653 	 loss: 582.881124550454 	 dlt: 0.00124232500300151
mae: 0.291955121780819 	rmse: 0.336798483960958 
[1] "2022-04-26 12:23:14 HKT"
Epoch 655 	 loss: 584.791878040578 	 dlt: 0.000257923044687861
mae: 0.291953408610134 	rmse: 0.336797071004051 
[1] "2022-04-26 12:23:26 HKT"
Epoch 657 	 loss: 584.261243213514 	 dlt: 0.000424129699514496
mae: 0.291953408610134 	rmse: 0.336797071004051 
[1] "2022-04-26 12:23:38 HKT"
Epoch 659 	 loss: 587.15660719766 	 dlt: 0.00325969510634753
mae: 0.291949982268764 	rmse: 0.33679367988329 
[1] "2022-04-26 12:23:50 HKT"
Epoch 661 	 loss: 583.978399862636 	 dlt: 0.00323982664757464
mae: 0.291949982268764 	rmse: 0.33679367988329 
[1] "2022-04-26 12:24:03 HKT"
Epoch 663 	 loss: 584.750979161687 	 dlt: 0.000772817938922728
mae: 0.291949982268764 	rmse: 0.33679367988329 
[1] "2022-04-26 12:24:15 HKT"
Epoch 665 	 loss: 582.851927204662 	 dlt: 0.00399302820148098
mae: 0.291879742270683 	rmse: 0.336706346761011 
[1] "2022-04-26 12:24:27 HKT"
Epoch 667 	 loss: 581.984854209525 	 dlt: 0.00361302843071572
mae: 0.291879742270683 	rmse: 0.336706346761011 
[1] "2022-04-26 12:24:40 HKT"
Epoch 669 	 loss: 585.26364316073 	 dlt: 0.000152899745223987
mae: 0.291883168612053 	rmse: 0.336708608098357 
[1] "2022-04-26 12:24:52 HKT"
Epoch 671 	 loss: 585.876236981585 	 dlt: 0.000794728664565965
mae: 0.291948269098079 	rmse: 0.336792266906229 
[1] "2022-04-26 12:25:04 HKT"
Epoch 673 	 loss: 583.152382819748 	 dlt: 0.00213852092402079
mae: 0.291903726660272 	rmse: 0.33674930957389 
[1] "2022-04-26 12:25:17 HKT"
Epoch 675 	 loss: 586.497885608772 	 dlt: 0.00583946630237121
mae: 0.291902013489587 	rmse: 0.336745635337139 
[1] "2022-04-26 12:25:29 HKT"
Epoch 677 	 loss: 582.637659887069 	 dlt: 0.00931954647326618
mae: 0.291900300318902 	rmse: 0.336744787430657 
[1] "2022-04-26 12:25:42 HKT"
Epoch 679 	 loss: 584.037510800825 	 dlt: 0.00265150506363407
mae: 0.291900300318902 	rmse: 0.336744787430657 
[1] "2022-04-26 12:25:54 HKT"
Epoch 681 	 loss: 583.568526286212 	 dlt: 0.000947824837428205
mae: 0.291900300318902 	rmse: 0.336744787430657 
[1] "2022-04-26 12:26:06 HKT"
Epoch 683 	 loss: 580.692663810421 	 dlt: 0.000264543356687531
mae: 0.291826633979451 	rmse: 0.336654049097819 
[1] "2022-04-26 12:26:18 HKT"
Epoch 685 	 loss: 584.109095518708 	 dlt: 0.00622037555726653
mae: 0.291828347150136 	rmse: 0.336654331809729 
[1] "2022-04-26 12:26:30 HKT"
Epoch 687 	 loss: 584.787801229028 	 dlt: 0.00543180406018923
mae: 0.291828347150136 	rmse: 0.336654331809729 
[1] "2022-04-26 12:26:43 HKT"
Epoch 689 	 loss: 583.406371712472 	 dlt: 0.00113902355044437
mae: 0.291824920808766 	rmse: 0.336650373821385 
[1] "2022-04-26 12:26:55 HKT"
Epoch 691 	 loss: 582.981911472947 	 dlt: 0.000572889990457071
mae: 0.291814641784657 	rmse: 0.33663963047559 
[1] "2022-04-26 12:27:07 HKT"
Epoch 693 	 loss: 586.277995004794 	 dlt: 0.00341422183185486
mae: 0.291814641784657 	rmse: 0.33663963047559 
[1] "2022-04-26 12:27:20 HKT"
Epoch 695 	 loss: 582.462290774783 	 dlt: 0.00141647244121638
mae: 0.291812928613972 	rmse: 0.336638782302109 
[1] "2022-04-26 12:27:33 HKT"
Epoch 697 	 loss: 582.520033309609 	 dlt: 0.00291061952447257
mae: 0.291812928613972 	rmse: 0.336638782302109 
[1] "2022-04-26 12:27:45 HKT"
Epoch 699 	 loss: 582.764149343931 	 dlt: 0.000821067035605441
mae: 0.291812928613972 	rmse: 0.336638782302109 
[1] "2022-04-26 12:27:58 HKT"
Epoch 701 	 loss: 583.941063572731 	 dlt: 0.00463024065920633
mae: 0.291782091541643 	rmse: 0.336610508629803 
[1] "2022-04-26 12:28:10 HKT"
Epoch 703 	 loss: 583.395395447498 	 dlt: 0.00518146021493628
mae: 0.291778665200274 	rmse: 0.336605419116575 
[1] "2022-04-26 12:28:23 HKT"
Epoch 705 	 loss: 582.655574921865 	 dlt: 0.0005994378746603
mae: 0.291778665200274 	rmse: 0.336605419116575 
[1] "2022-04-26 12:28:35 HKT"
Epoch 707 	 loss: 582.220533042506 	 dlt: 0.000137430689303186
mae: 0.291778665200274 	rmse: 0.336605419116575 
[1] "2022-04-26 12:28:47 HKT"
Epoch 709 	 loss: 583.252153811363 	 dlt: 0.000369575977878831
mae: 0.291725556909041 	rmse: 0.336551408984816 
[1] "2022-04-26 12:29:00 HKT"
Epoch 711 	 loss: 585.301717593366 	 dlt: 0.00257998859866098
mae: 0.291720417396987 	rmse: 0.336546035775192 
[1] "2022-04-26 12:29:12 HKT"
Epoch 713 	 loss: 584.206945722964 	 dlt: 0.00299736360501676
mae: 0.291720417396987 	rmse: 0.336546035775192 
[1] "2022-04-26 12:29:24 HKT"
Epoch 715 	 loss: 583.482731285629 	 dlt: 0.00110949026591138
mae: 0.2916621695937 	rmse: 0.336491733263566 
[1] "2022-04-26 12:29:37 HKT"
Epoch 717 	 loss: 583.915495532312 	 dlt: 0.00170797872033564
mae: 0.2916621695937 	rmse: 0.336491733263566 
[1] "2022-04-26 12:29:49 HKT"
Epoch 719 	 loss: 585.518479529309 	 dlt: 0.00404017875971163
mae: 0.29165874325233 	rmse: 0.336489470468739 
[1] "2022-04-26 12:30:01 HKT"
Epoch 721 	 loss: 586.093060352851 	 dlt: 0.00197459713353503
mae: 0.29165874325233 	rmse: 0.336489470468739 
[1] "2022-04-26 12:30:14 HKT"
Epoch 723 	 loss: 586.383080103612 	 dlt: 0.00274540406135074
mae: 0.291657030081645 	rmse: 0.33648692480637 
[1] "2022-04-26 12:30:26 HKT"
Epoch 725 	 loss: 582.30571214271 	 dlt: 0.00196640235518974
mae: 0.291657030081645 	rmse: 0.33648692480637 
[1] "2022-04-26 12:30:38 HKT"
Epoch 727 	 loss: 585.847666480854 	 dlt: 0.0047692070142366
mae: 0.291653603740275 	rmse: 0.336484661979206 
[1] "2022-04-26 12:30:50 HKT"
Epoch 729 	 loss: 582.264789262467 	 dlt: 0.00149777532594298
mae: 0.291650177398906 	rmse: 0.336481833423853 
[1] "2022-04-26 12:31:03 HKT"
Epoch 731 	 loss: 585.565776610355 	 dlt: 0.0022383311344846
mae: 0.291650177398906 	rmse: 0.336481833423853 
[1] "2022-04-26 12:31:15 HKT"
Epoch 733 	 loss: 589.107627485211 	 dlt: 0.000701067859094569
mae: 0.291646751057536 	rmse: 0.33647957056245 
[1] "2022-04-26 12:31:28 HKT"
Epoch 735 	 loss: 586.460113241561 	 dlt: 0.00474835651315574
mae: 0.291646751057536 	rmse: 0.33647957056245 
[1] "2022-04-26 12:31:40 HKT"
Epoch 737 	 loss: 584.977205230704 	 dlt: 1.69016383880068e-05
mae: 0.291646751057536 	rmse: 0.33647957056245 
[1] "2022-04-26 12:31:53 HKT"
Epoch 739 	 loss: 585.332612864106 	 dlt: 0.00154218625036639
mae: 0.291645037886851 	rmse: 0.336478721985501 
[1] "2022-04-26 12:32:05 HKT"
Epoch 741 	 loss: 585.206904753232 	 dlt: 0.00263877184126426
mae: 0.291645037886851 	rmse: 0.336478721985501 
[1] "2022-04-26 12:32:17 HKT"
Epoch 743 	 loss: 582.909036020823 	 dlt: 0.00124345455811146
mae: 0.2916621695937 	rmse: 0.336499087241667 
[1] "2022-04-26 12:32:30 HKT"
Epoch 745 	 loss: 585.487981445931 	 dlt: 0.00468874355971248
mae: 0.291559379352606 	rmse: 0.336393287618678 
[1] "2022-04-26 12:32:42 HKT"
Epoch 747 	 loss: 581.521747463463 	 dlt: 7.93913993585633e-06
mae: 0.291576511059455 	rmse: 0.336413658046729 
[1] "2022-04-26 12:32:54 HKT"
Epoch 749 	 loss: 582.645536071971 	 dlt: 0.000215707083004404
mae: 0.291576511059455 	rmse: 0.336413658046729 
[1] "2022-04-26 12:33:06 HKT"
Epoch 751 	 loss: 579.633195191223 	 dlt: 0.00102519012794651
mae: 0.291576511059455 	rmse: 0.336413658046729 
[1] "2022-04-26 12:33:18 HKT"
Epoch 753 	 loss: 581.319378029608 	 dlt: 0.000264444788399161
mae: 0.291576511059455 	rmse: 0.33641196055817 
[1] "2022-04-26 12:33:31 HKT"
Epoch 755 	 loss: 580.749830164276 	 dlt: 0.000564882827227
mae: 0.291576511059455 	rmse: 0.33641196055817 
[1] "2022-04-26 12:33:43 HKT"
Epoch 757 	 loss: 581.829189180319 	 dlt: 0.00290766460707008
mae: 0.291495992037264 	rmse: 0.336338111513889 
[1] "2022-04-26 12:33:56 HKT"
Epoch 759 	 loss: 578.833925214928 	 dlt: 0.00453474056722181
mae: 0.291495992037264 	rmse: 0.336338111513889 
[1] "2022-04-26 12:34:08 HKT"
Epoch 761 	 loss: 578.132724329278 	 dlt: 0.00208274243968197
mae: 0.291495992037264 	rmse: 0.336338111513889 
[1] "2022-04-26 12:34:20 HKT"
Epoch 763 	 loss: 574.242860366516 	 dlt: 0.0020224895506717
mae: 0.291495992037264 	rmse: 0.336338111513889 
[1] "2022-04-26 12:34:33 HKT"
Epoch 765 	 loss: 578.086501356855 	 dlt: 0.00275313911340866
mae: 0.291492565695894 	rmse: 0.336331319983093 
[1] "2022-04-26 12:34:45 HKT"
Epoch 767 	 loss: 577.139530034444 	 dlt: 0.000746080952192386
mae: 0.291490852525209 	rmse: 0.3363304710321 
[1] "2022-04-26 12:34:57 HKT"
Epoch 769 	 loss: 576.989563424455 	 dlt: 0.000488574559476508
mae: 0.291490852525209 	rmse: 0.336325943257283 
[1] "2022-04-26 12:35:09 HKT"
Epoch 771 	 loss: 577.12677406784 	 dlt: 0.00341227133081841
mae: 0.291490852525209 	rmse: 0.336325943257283 
[1] "2022-04-26 12:35:22 HKT"
Epoch 773 	 loss: 577.272019605025 	 dlt: 0.00432261234043027
mae: 0.291490852525209 	rmse: 0.336325943257283 
[1] "2022-04-26 12:35:34 HKT"
Epoch 775 	 loss: 576.32977196209 	 dlt: 0.00098188519225422
mae: 0.2914805735011 	rmse: 0.336315189547789 
[1] "2022-04-26 12:35:47 HKT"
Epoch 777 	 loss: 576.686941811775 	 dlt: 0.0010797679582405
mae: 0.2914805735011 	rmse: 0.336314623553554 
[1] "2022-04-26 12:35:59 HKT"
Epoch 779 	 loss: 576.797335099855 	 dlt: 0.00133018347030293
mae: 0.291461728623566 	rmse: 0.336293398082083 
[1] "2022-04-26 12:36:11 HKT"
Epoch 781 	 loss: 575.399508632452 	 dlt: 0.00283721904132855
mae: 0.291461728623566 	rmse: 0.336293398082083 
[1] "2022-04-26 12:36:24 HKT"
Epoch 783 	 loss: 575.407658459605 	 dlt: 0.000940375414511651
mae: 0.291444596916717 	rmse: 0.336276416740298 
[1] "2022-04-26 12:36:37 HKT"
Epoch 785 	 loss: 576.485140896487 	 dlt: 0.00220692570430375
mae: 0.291436031063292 	rmse: 0.336266510561569 
[1] "2022-04-26 12:36:49 HKT"
Epoch 787 	 loss: 579.105463031973 	 dlt: 0.00306008869822801
mae: 0.291427465209868 	rmse: 0.336258868452861 
[1] "2022-04-26 12:37:01 HKT"
Epoch 789 	 loss: 575.694040993047 	 dlt: 0.0061638321390299
mae: 0.291427465209868 	rmse: 0.336258868452861 
[1] "2022-04-26 12:37:14 HKT"
Epoch 791 	 loss: 575.627261574294 	 dlt: 0.000565079917928256
mae: 0.291425752039183 	rmse: 0.336254056665681 
[1] "2022-04-26 12:37:26 HKT"
Epoch 793 	 loss: 573.435207959316 	 dlt: 6.53457196651894e-05
mae: 0.291418899356443 	rmse: 0.336248961757144 
[1] "2022-04-26 12:37:38 HKT"
Epoch 795 	 loss: 574.26428117105 	 dlt: 0.000454919404704823
mae: 0.291413759844389 	rmse: 0.336245282052967 
[1] "2022-04-26 12:37:50 HKT"
Epoch 797 	 loss: 575.730983202753 	 dlt: 0.00124937071627563
mae: 0.291413759844389 	rmse: 0.336245282052967 
[1] "2022-04-26 12:38:02 HKT"
Epoch 799 	 loss: 577.170969401183 	 dlt: 2.18592591562361e-05
mae: 0.291413759844389 	rmse: 0.336245282052967 
[1] "2022-04-26 12:38:15 HKT"
Epoch 801 	 loss: 577.882261228484 	 dlt: 0.00150681582119999
mae: 0.291412046673704 	rmse: 0.33624273454187 
[1] "2022-04-26 12:38:27 HKT"
Epoch 803 	 loss: 575.634998203357 	 dlt: 0.0016839819831549
mae: 0.291410333503019 	rmse: 0.336240187011472 
[1] "2022-04-26 12:38:40 HKT"
Epoch 805 	 loss: 577.019098259694 	 dlt: 0.00360650687335195
mae: 0.291410333503019 	rmse: 0.336240187011472 
[1] "2022-04-26 12:38:52 HKT"
Epoch 807 	 loss: 582.996882120702 	 dlt: 0.00856070637838701
mae: 0.291410333503019 	rmse: 0.336240187011472 
[1] "2022-04-26 12:39:05 HKT"
Epoch 809 	 loss: 584.819805152773 	 dlt: 0.0106992677448378
mae: 0.291410333503019 	rmse: 0.336240187011472 
[1] "2022-04-26 12:39:17 HKT"
Epoch 811 	 loss: 578.354643388985 	 dlt: 0.0118369475896119
mae: 0.291412046673704 	rmse: 0.336242168425672 
[1] "2022-04-26 12:39:29 HKT"
Epoch 813 	 loss: 582.471585763838 	 dlt: 0.0048022221580679
mae: 0.291412046673704 	rmse: 0.336242168425672 
[1] "2022-04-26 12:39:41 HKT"
Epoch 815 	 loss: 575.008724793192 	 dlt: 0.00382094059057275
mae: 0.291412046673704 	rmse: 0.336242168425672 
[1] "2022-04-26 12:39:53 HKT"
Epoch 817 	 loss: 577.127909940698 	 dlt: 0.00572061257746979
mae: 0.291412046673704 	rmse: 0.336242168425672 
[1] "2022-04-26 12:40:05 HKT"
Epoch 819 	 loss: 578.610297877847 	 dlt: 0.00530070900532264
mae: 0.291412046673704 	rmse: 0.336242168425672 
[1] "2022-04-26 12:40:18 HKT"
Epoch 821 	 loss: 574.849970211707 	 dlt: 0.00371138154815863
mae: 0.291412046673704 	rmse: 0.336242168425672 
[1] "2022-04-26 12:40:30 HKT"
Epoch 823 	 loss: 581.586591035553 	 dlt: 0.0133308356922629
mae: 0.291410333503019 	rmse: 0.336239620890984 
[1] "2022-04-26 12:40:43 HKT"
Epoch 825 	 loss: 577.440132543302 	 dlt: 0.00206445809229349
mae: 0.291410333503019 	rmse: 0.336239620890984 
[1] "2022-04-26 12:40:55 HKT"
Epoch 827 	 loss: 574.763626869909 	 dlt: 0.00455334829548346
mae: 0.291410333503019 	rmse: 0.336239620890984 
[1] "2022-04-26 12:41:08 HKT"
Epoch 829 	 loss: 573.622484961395 	 dlt: 0.000269389746777779
mae: 0.291408620332334 	rmse: 0.336238205585596 
[1] "2022-04-26 12:41:20 HKT"
Epoch 831 	 loss: 585.033154664408 	 dlt: 0.00337658299092854
mae: 0.291406907161649 	rmse: 0.336235658020883 
[1] "2022-04-26 12:41:33 HKT"
Epoch 833 	 loss: 581.344607635182 	 dlt: 0.00753306514342659
mae: 0.291406907161649 	rmse: 0.336235658020883 
[1] "2022-04-26 12:41:45 HKT"
Epoch 835 	 loss: 580.05793071341 	 dlt: 0.00186376843385334
mae: 0.29139320179617 	rmse: 0.336222070683078 
[1] "2022-04-26 12:41:57 HKT"
Epoch 837 	 loss: 580.355755134458 	 dlt: 0.00298594354201747
mae: 0.291358938382472 	rmse: 0.336191497165229 
[1] "2022-04-26 12:42:09 HKT"
Epoch 839 	 loss: 579.738698528163 	 dlt: 0.0011875022962827
mae: 0.291358938382472 	rmse: 0.336191497165229 
[1] "2022-04-26 12:42:22 HKT"
Epoch 841 	 loss: 584.438690279573 	 dlt: 0.0100740035148675
mae: 0.291353798870417 	rmse: 0.336186684413774 
[1] "2022-04-26 12:42:34 HKT"
Epoch 843 	 loss: 584.190083935138 	 dlt: 0.00477572395408006
mae: 0.291348659358363 	rmse: 0.336182437811156 
[1] "2022-04-26 12:42:46 HKT"
Epoch 845 	 loss: 583.433333725934 	 dlt: 0.000568229223012803
mae: 0.291348659358363 	rmse: 0.336182437811156 
[1] "2022-04-26 12:42:59 HKT"
Epoch 847 	 loss: 581.378133017041 	 dlt: 0.00389842814936963
mae: 0.291348659358363 	rmse: 0.336182437811156 
[1] "2022-04-26 12:43:11 HKT"
Epoch 849 	 loss: 583.949771435336 	 dlt: 0.00555273624712099
mae: 0.291348659358363 	rmse: 0.336182437811156 
[1] "2022-04-26 12:43:23 HKT"
Epoch 851 	 loss: 589.777218174994 	 dlt: 0.00286285413545403
mae: 0.291285272043021 	rmse: 0.336118166008522 
[1] "2022-04-26 12:43:35 HKT"
Epoch 853 	 loss: 584.144366298209 	 dlt: 0.00602676466019519
mae: 0.291285272043021 	rmse: 0.336118166008522 
[1] "2022-04-26 12:43:47 HKT"
Epoch 855 	 loss: 582.702216259351 	 dlt: 0.00446157285749584
mae: 0.291283558872336 	rmse: 0.336115051203677 
[1] "2022-04-26 12:44:00 HKT"
Epoch 857 	 loss: 585.659874625941 	 dlt: 0.000339870294318927
mae: 0.291266427165487 	rmse: 0.336094662677305 
[1] "2022-04-26 12:44:12 HKT"
Epoch 859 	 loss: 584.66806202843 	 dlt: 0.00217164059299444
mae: 0.291266427165487 	rmse: 0.336094662677305 
[1] "2022-04-26 12:44:25 HKT"
Epoch 861 	 loss: 583.882959738986 	 dlt: 0.00415053578930383
mae: 0.291266427165487 	rmse: 0.336094662677305 
[1] "2022-04-26 12:44:37 HKT"
Epoch 863 	 loss: 581.11635080958 	 dlt: 0.00250488926576269
mae: 0.291266427165487 	rmse: 0.336094662677305 
[1] "2022-04-26 12:44:50 HKT"
Epoch 865 	 loss: 577.924820746034 	 dlt: 0.00534973751555789
mae: 0.291180768631242 	rmse: 0.336000632911797 
[1] "2022-04-26 12:45:02 HKT"
Epoch 867 	 loss: 583.860766111552 	 dlt: 0.000263531309122879
mae: 0.291139652534804 	rmse: 0.335949075305816 
[1] "2022-04-26 12:45:15 HKT"
Epoch 869 	 loss: 579.03021437183 	 dlt: 0.00466118242725463
mae: 0.291139652534804 	rmse: 0.335949075305816 
[1] "2022-04-26 12:45:28 HKT"
Epoch 871 	 loss: 580.059515803606 	 dlt: 0.000825410091719951
mae: 0.291139652534804 	rmse: 0.335949075305816 
[1] "2022-04-26 12:45:40 HKT"
Epoch 873 	 loss: 581.383890482791 	 dlt: 0.00157314263680956
mae: 0.291139652534804 	rmse: 0.335949075305816 
[1] "2022-04-26 12:45:52 HKT"
Epoch 875 	 loss: 581.432749203229 	 dlt: 0.00295192448010024
mae: 0.29113451302275 	rmse: 0.335945958933206 
[1] "2022-04-26 12:46:05 HKT"
Epoch 877 	 loss: 581.319774123236 	 dlt: 0.00212515842581784
mae: 0.29113451302275 	rmse: 0.335945958933206 
[1] "2022-04-26 12:46:17 HKT"
Epoch 879 	 loss: 581.27986722917 	 dlt: 0.000750712303914086
mae: 0.29113451302275 	rmse: 0.335945958933206 
[1] "2022-04-26 12:46:29 HKT"
Epoch 881 	 loss: 580.46504402102 	 dlt: 0.00151007003882162
mae: 0.29113451302275 	rmse: 0.335945958933206 
[1] "2022-04-26 12:46:42 HKT"
Epoch 883 	 loss: 582.305427213532 	 dlt: 0.000228206791700313
mae: 0.29113451302275 	rmse: 0.335945958933206 
[1] "2022-04-26 12:46:54 HKT"
Epoch 885 	 loss: 581.961379821687 	 dlt: 0.0019686850800914
mae: 0.29113451302275 	rmse: 0.335945958933206 
[1] "2022-04-26 12:47:06 HKT"
Epoch 887 	 loss: 582.154159607656 	 dlt: 0.00270355853439373
mae: 0.29113451302275 	rmse: 0.335945958933206 
[1] "2022-04-26 12:47:18 HKT"
Epoch 889 	 loss: 580.910197986976 	 dlt: 0.00123402605089225
mae: 0.29113451302275 	rmse: 0.335945958933206 
[1] "2022-04-26 12:47:31 HKT"
Epoch 891 	 loss: 586.618258111863 	 dlt: 0.00770726660321436
mae: 0.291132799852065 	rmse: 0.335943409152295 
[1] "2022-04-26 12:47:43 HKT"
Epoch 893 	 loss: 585.713820510597 	 dlt: 0.00175172656419925
mae: 0.291132799852065 	rmse: 0.335943409152295 
[1] "2022-04-26 12:47:55 HKT"
Epoch 895 	 loss: 580.93101522372 	 dlt: 4.16902816124952e-05
mae: 0.291125947169325 	rmse: 0.335936043009842 
[1] "2022-04-26 12:48:07 HKT"
Epoch 897 	 loss: 579.044786721689 	 dlt: 0.00270771979004672
mae: 0.291125947169325 	rmse: 0.335936043009842 
[1] "2022-04-26 12:48:19 HKT"
Epoch 899 	 loss: 579.73803922996 	 dlt: 0.000605236552408982
mae: 0.291125947169325 	rmse: 0.335936043009842 
[1] "2022-04-26 12:48:32 HKT"
Epoch 901 	 loss: 581.001653749069 	 dlt: 0.00389345742470774
mae: 0.291125947169325 	rmse: 0.335936043009842 
[1] "2022-04-26 12:48:44 HKT"
Epoch 903 	 loss: 579.907958194674 	 dlt: 0.00155617095317351
mae: 0.291125947169325 	rmse: 0.335936043009842 
[1] "2022-04-26 12:48:56 HKT"
Epoch 905 	 loss: 577.04108677833 	 dlt: 0.000235405444307137
mae: 0.291125947169325 	rmse: 0.335936043009842 
[1] "2022-04-26 12:49:08 HKT"
Epoch 907 	 loss: 586.325701808675 	 dlt: 0.0073238227246668
mae: 0.291125947169325 	rmse: 0.335936043009842 
[1] "2022-04-26 12:49:20 HKT"
Epoch 909 	 loss: 584.019451101654 	 dlt: 0.00337922096816191
mae: 0.291107102291791 	rmse: 0.335917060282925 
[1] "2022-04-26 12:49:32 HKT"
Epoch 911 	 loss: 580.780941824367 	 dlt: 0.00477471269460124
mae: 0.291105389121106 	rmse: 0.335914510282658 
[1] "2022-04-26 12:49:44 HKT"
Epoch 913 	 loss: 578.102274350459 	 dlt: 0.00039938566366568
mae: 0.291105389121106 	rmse: 0.335914510282658 
[1] "2022-04-26 12:49:56 HKT"
Epoch 915 	 loss: 578.656066636927 	 dlt: 8.86986611455742e-05
mae: 0.291105389121106 	rmse: 0.335914510282658 
[1] "2022-04-26 12:50:08 HKT"
Epoch 917 	 loss: 575.574211732511 	 dlt: 0.0101379329536125
mae: 0.291105389121106 	rmse: 0.335914510282658 
[1] "2022-04-26 12:50:20 HKT"
Epoch 919 	 loss: 574.903504664036 	 dlt: 0.000787975976463083
mae: 0.291016304245492 	rmse: 0.335827231937129 
[1] "2022-04-26 12:50:32 HKT"
Epoch 921 	 loss: 576.589554267015 	 dlt: 0.00187450810089838
mae: 0.291016304245492 	rmse: 0.335827231937129 
[1] "2022-04-26 12:50:44 HKT"
Epoch 923 	 loss: 578.331294263116 	 dlt: 0.00689605885638118
mae: 0.291016304245492 	rmse: 0.335827231937129 
[1] "2022-04-26 12:50:57 HKT"
Epoch 925 	 loss: 582.149596449533 	 dlt: 0.00914493871522677
mae: 0.291014591074807 	rmse: 0.335824681254772 
[1] "2022-04-26 12:51:09 HKT"
Epoch 927 	 loss: 575.439383427939 	 dlt: 0.00229242607069688
mae: 0.290983754002478 	rmse: 0.335790670305282 
[1] "2022-04-26 12:51:21 HKT"
Epoch 929 	 loss: 572.941186836874 	 dlt: 0.00387251935216415
mae: 0.290918653516452 	rmse: 0.335723772053255 
[1] "2022-04-26 12:51:33 HKT"
Epoch 931 	 loss: 575.226374743798 	 dlt: 0.000819360951556604
mae: 0.290916940345767 	rmse: 0.335721787579504 
[1] "2022-04-26 12:51:45 HKT"
Epoch 933 	 loss: 576.50594747063 	 dlt: 0.0028758261830282
mae: 0.290916940345767 	rmse: 0.335721787579504 
[1] "2022-04-26 12:51:57 HKT"
Epoch 935 	 loss: 576.275533418354 	 dlt: 0.000793293974843071
mae: 0.290843274006317 	rmse: 0.335649488037008 
[1] "2022-04-26 12:52:10 HKT"
Epoch 937 	 loss: 578.599958316034 	 dlt: 0.00460798952542064
mae: 0.290916940345767 	rmse: 0.335721787579504 
[1] "2022-04-26 12:52:22 HKT"
Epoch 939 	 loss: 581.264465489026 	 dlt: 0.0028746555425855
mae: 0.290839847664947 	rmse: 0.335644383951431 
[1] "2022-04-26 12:52:34 HKT"
Epoch 941 	 loss: 581.217847016827 	 dlt: 0.00649589784636642
mae: 0.290834708152892 	rmse: 0.335640697619132 
[1] "2022-04-26 12:52:46 HKT"
Epoch 943 	 loss: 577.768433225483 	 dlt: 0.00236168610214707
mae: 0.290834708152892 	rmse: 0.335640697619132 
[1] "2022-04-26 12:52:58 HKT"
Epoch 945 	 loss: 575.450605072972 	 dlt: 0.00302038016904976
mae: 0.290834708152892 	rmse: 0.335640697619132 
[1] "2022-04-26 12:53:11 HKT"
Epoch 947 	 loss: 576.49155016034 	 dlt: 0.00402623631799805
mae: 0.290834708152892 	rmse: 0.335640697619132 
[1] "2022-04-26 12:53:23 HKT"
Epoch 949 	 loss: 585.192444485362 	 dlt: 0.0106057474608074
mae: 0.290834708152892 	rmse: 0.335640697619132 
[1] "2022-04-26 12:53:35 HKT"
Epoch 951 	 loss: 584.143056914603 	 dlt: 0.00214350518088526
mae: 0.290829568640837 	rmse: 0.33563587696965 
[1] "2022-04-26 12:53:47 HKT"
Epoch 953 	 loss: 582.497805492498 	 dlt: 0.00477168960776016
mae: 0.290678809620566 	rmse: 0.335473635915768 
[1] "2022-04-26 12:53:59 HKT"
Epoch 955 	 loss: 578.15269662909 	 dlt: 0.0044734415731959
mae: 0.290678809620566 	rmse: 0.335473635915768 
[1] "2022-04-26 12:54:11 HKT"
Epoch 957 	 loss: 581.638091549338 	 dlt: 0.00206713668443649
mae: 0.290570879867417 	rmse: 0.335363255814493 
[1] "2022-04-26 12:54:23 HKT"
Epoch 959 	 loss: 585.680722804033 	 dlt: 0.0084283744296413
mae: 0.290570879867417 	rmse: 0.335363255814493 
[1] "2022-04-26 12:54:35 HKT"
Epoch 961 	 loss: 583.210786984653 	 dlt: 0.0014249179189542
mae: 0.290567453526047 	rmse: 0.335359282588571 
[1] "2022-04-26 12:54:47 HKT"
Epoch 963 	 loss: 589.476075505311 	 dlt: 0.00686419817255655
mae: 0.290567453526047 	rmse: 0.335359282588571 
[1] "2022-04-26 12:54:59 HKT"
Epoch 965 	 loss: 590.116554410793 	 dlt: 0.000928387989453559
mae: 0.290567453526047 	rmse: 0.335359282588571 
[1] "2022-04-26 12:55:12 HKT"
Epoch 967 	 loss: 587.910192055132 	 dlt: 0.00595833346296878
mae: 0.290567453526047 	rmse: 0.335359282588571 
[1] "2022-04-26 12:55:24 HKT"
Epoch 969 	 loss: 582.01018111675 	 dlt: 0.00243191282836796
mae: 0.290567453526047 	rmse: 0.335359282588571 
[1] "2022-04-26 12:55:37 HKT"
Epoch 971 	 loss: 578.621293426966 	 dlt: 0.00433755264891834
mae: 0.290567453526047 	rmse: 0.335359282588571 
[1] "2022-04-26 12:55:49 HKT"
Epoch 973 	 loss: 585.121007456961 	 dlt: 0.00799980994719756
mae: 0.290567453526047 	rmse: 0.335359282588571 
[1] "2022-04-26 12:56:01 HKT"
Epoch 975 	 loss: 579.336001855942 	 dlt: 0.000479858014601724
mae: 0.290567453526047 	rmse: 0.335359282588571 
[1] "2022-04-26 12:56:13 HKT"
Epoch 977 	 loss: 584.600357514981 	 dlt: 0.00933694565928628
mae: 0.290536616453719 	rmse: 0.33532125075865 
[1] "2022-04-26 12:56:26 HKT"
Epoch 979 	 loss: 581.938615632234 	 dlt: 0.00288136682407581
mae: 0.29052633742961 	rmse: 0.335314438632138 
[1] "2022-04-26 12:56:38 HKT"
Epoch 981 	 loss: 586.619834022107 	 dlt: 0.00761212534122655
mae: 0.29052633742961 	rmse: 0.335314438632138 
[1] "2022-04-26 12:56:50 HKT"
Epoch 983 	 loss: 582.617695972828 	 dlt: 0.00404520113729231
mae: 0.29051948474687 	rmse: 0.335311032516984 
[1] "2022-04-26 12:57:02 HKT"
Epoch 985 	 loss: 579.926922907233 	 dlt: 0.00178704571198855
mae: 0.29051948474687 	rmse: 0.335311032516984 
[1] "2022-04-26 12:57:15 HKT"
Epoch 987 	 loss: 578.054549586852 	 dlt: 0.00491888445552193
mae: 0.29051948474687 	rmse: 0.335311032516984 
[1] "2022-04-26 12:57:27 HKT"
Epoch 989 	 loss: 580.836391964639 	 dlt: 0.00618698417695729
mae: 0.290517771576185 	rmse: 0.335308477907912 
[1] "2022-04-26 12:57:39 HKT"
Epoch 991 	 loss: 579.39953176423 	 dlt: 0.00181752451908907
mae: 0.2905160584055 	rmse: 0.33530478788267 
[1] "2022-04-26 12:57:51 HKT"
Epoch 993 	 loss: 586.1879466386 	 dlt: 0.00763391726084463
mae: 0.2905160584055 	rmse: 0.33530478788267 
[1] "2022-04-26 12:58:03 HKT"
Epoch 995 	 loss: 586.727631538111 	 dlt: 0.00410790343875862
mae: 0.288874840889363 	rmse: 0.333629865493351 
[1] "2022-04-26 12:58:15 HKT"
Epoch 997 	 loss: 585.302911104988 	 dlt: 0.00158094523903739
mae: 0.288874840889363 	rmse: 0.333629865493351 
[1] "2022-04-26 12:58:28 HKT"
Epoch 999 	 loss: 580.600238089411 	 dlt: 0.000745572541211428
mae: 0.288874840889363 	rmse: 0.333629865493351 
[1] "2022-04-26 12:58:40 HKT"
Epoch 1001 	 loss: 577.910339571903 	 dlt: 0.00136413129739996
mae: 0.288874840889363 	rmse: 0.333629865493351 
[1] "2022-04-26 12:58:52 HKT"
Epoch 1003 	 loss: 578.832817776724 	 dlt: 0.00190327994997802
mae: 0.288874840889363 	rmse: 0.333629865493351 
[1] "2022-04-26 12:59:04 HKT"
Epoch 1005 	 loss: 579.066036687811 	 dlt: 0.00135795351115368
mae: 0.288874840889363 	rmse: 0.333629865493351 
[1] "2022-04-26 12:59:17 HKT"
Epoch 1007 	 loss: 583.895512090076 	 dlt: 0.00470075174006535
mae: 0.288874840889363 	rmse: 0.333629865493351 
[1] "2022-04-26 12:59:29 HKT"
Epoch 1009 	 loss: 586.208691128616 	 dlt: 0.00425015579271087
mae: 0.288874840889363 	rmse: 0.333629865493351 
[1] "2022-04-26 12:59:41 HKT"
Epoch 1011 	 loss: 586.725123167491 	 dlt: 0.00114299330060938
mae: 0.288874840889363 	rmse: 0.333629865493351 
[1] "2022-04-26 12:59:53 HKT"
Epoch 1013 	 loss: 586.547983414849 	 dlt: 0.000509635195483102
mae: 0.288874840889363 	rmse: 0.333629865493351 
[1] "2022-04-26 13:00:05 HKT"
Epoch 1015 	 loss: 587.241803010067 	 dlt: 0.00114034011403797
mae: 0.288874840889363 	rmse: 0.333629865493351 
[1] "2022-04-26 13:00:18 HKT"
Epoch 1017 	 loss: 583.941513007341 	 dlt: 0.00728831621451788
mae: 0.288874840889363 	rmse: 0.333629865493351 
[1] "2022-04-26 13:00:30 HKT"
Epoch 1019 	 loss: 586.389645490407 	 dlt: 0.00260394506050681
mae: 0.288874840889363 	rmse: 0.333629865493351 
[1] "2022-04-26 13:00:42 HKT"
Epoch 1021 	 loss: 585.078945012733 	 dlt: 0.00955899670586318
mae: 0.288874840889363 	rmse: 0.333629865493351 
[1] "2022-04-26 13:00:54 HKT"
Epoch 1023 	 loss: 580.628328230603 	 dlt: 0.00323238359420056
mae: 0.288873127718678 	rmse: 0.333627298011459 
[1] "2022-04-26 13:01:07 HKT"
Epoch 1025 	 loss: 580.423373413896 	 dlt: 0.000182048074156874
mae: 0.288873127718678 	rmse: 0.333627298011459 
[1] "2022-04-26 13:01:19 HKT"
Epoch 1027 	 loss: 583.624984779835 	 dlt: 0.000397643790795995
mae: 0.288886833084158 	rmse: 0.333643843659267 
[1] "2022-04-26 13:01:31 HKT"
Epoch 1029 	 loss: 578.978492925086 	 dlt: 0.0108112492936028
mae: 0.288886833084158 	rmse: 0.333643843659267 
[1] "2022-04-26 13:01:43 HKT"
Epoch 1031 	 loss: 579.527376765654 	 dlt: 0.00807779940665896
mae: 0.288886833084158 	rmse: 0.333643843659267 
[1] "2022-04-26 13:01:56 HKT"
Epoch 1033 	 loss: 576.937985386853 	 dlt: 0.00389092614658941
mae: 0.288886833084158 	rmse: 0.333643843659267 
[1] "2022-04-26 13:02:08 HKT"
Epoch 1035 	 loss: 582.055824101582 	 dlt: 0.00472933653931508
mae: 0.288886833084158 	rmse: 0.333643843659267 
[1] "2022-04-26 13:02:20 HKT"
Epoch 1037 	 loss: 576.803694706401 	 dlt: 0.00215202717629585
mae: 0.288886833084158 	rmse: 0.333643843659267 
[1] "2022-04-26 13:02:32 HKT"
Epoch 1039 	 loss: 578.967895928991 	 dlt: 0.00316254082473884
mae: 0.288833724792926 	rmse: 0.333590495266192 
[1] "2022-04-26 13:02:44 HKT"
Epoch 1041 	 loss: 581.605755838483 	 dlt: 0.000178657252640271
mae: 0.288833724792926 	rmse: 0.333590495266192 
[1] "2022-04-26 13:02:57 HKT"
Epoch 1043 	 loss: 576.972215151582 	 dlt: 0.00296502000834319
mae: 0.288832011622241 	rmse: 0.333587927481284 
[1] "2022-04-26 13:03:09 HKT"
Epoch 1045 	 loss: 578.070560656242 	 dlt: 0.00335997731954919
mae: 0.288832011622241 	rmse: 0.333587927481284 
[1] "2022-04-26 13:03:21 HKT"
Epoch 1047 	 loss: 579.204760892843 	 dlt: 0.00120959892244875
mae: 0.288832011622241 	rmse: 0.333587927481284 
[1] "2022-04-26 13:03:34 HKT"
Epoch 1049 	 loss: 581.265047433608 	 dlt: 0.00616786552177354
mae: 0.288832011622241 	rmse: 0.333587927481284 
[1] "2022-04-26 13:03:46 HKT"
Epoch 1051 	 loss: 586.535187529731 	 dlt: 0.0105238231458512
mae: 0.288832011622241 	rmse: 0.333587927481284 
[1] "2022-04-26 13:03:58 HKT"
Epoch 1053 	 loss: 578.64294722458 	 dlt: 0.00388460282316616
mae: 0.288832011622241 	rmse: 0.333587927481284 
[1] "2022-04-26 13:04:11 HKT"
Epoch 1055 	 loss: 578.814221820263 	 dlt: 0.00104452309914676
mae: 0.288830298451556 	rmse: 0.333585930301579 
[1] "2022-04-26 13:04:24 HKT"
Epoch 1057 	 loss: 580.468003016 	 dlt: 0.00172871879940533
mae: 0.288830298451556 	rmse: 0.333585930301579 
[1] "2022-04-26 13:04:37 HKT"
Epoch 1059 	 loss: 581.592642051908 	 dlt: 0.00829290519944799
mae: 0.288828585280871 	rmse: 0.333583933109917 
[1] "2022-04-26 13:04:50 HKT"
Epoch 1061 	 loss: 581.161743945408 	 dlt: 0.00184409320981546
mae: 0.288828585280871 	rmse: 0.333583933109917 
[1] "2022-04-26 13:05:02 HKT"
Epoch 1063 	 loss: 577.903087740811 	 dlt: 0.00567351016674771
mae: 0.288828585280871 	rmse: 0.333583933109917 
[1] "2022-04-26 13:05:14 HKT"
Epoch 1065 	 loss: 580.597616044205 	 dlt: 0.00175425469283689
mae: 0.288828585280871 	rmse: 0.333583933109917 
[1] "2022-04-26 13:05:27 HKT"
Epoch 1067 	 loss: 582.225482554338 	 dlt: 7.72975205139377e-05
mae: 0.288828585280871 	rmse: 0.333583933109917 
[1] "2022-04-26 13:05:39 HKT"
Epoch 1069 	 loss: 583.50517482586 	 dlt: 0.00527994782215541
mae: 0.288828585280871 	rmse: 0.333583933109917 
[1] "2022-04-26 13:05:51 HKT"
Epoch 1071 	 loss: 583.705442149858 	 dlt: 0.00775685044419086
mae: 0.288828585280871 	rmse: 0.333583933109917 
[1] "2022-04-26 13:06:04 HKT"
Epoch 1073 	 loss: 584.472350632006 	 dlt: 0.00317723339482633
mae: 0.288821732598131 	rmse: 0.333574802938614 
[1] "2022-04-26 13:06:16 HKT"
Epoch 1075 	 loss: 580.283474135532 	 dlt: 0.00497746508461049
mae: 0.288821732598131 	rmse: 0.333574802938614 
[1] "2022-04-26 13:06:29 HKT"
Epoch 1077 	 loss: 579.91627676934 	 dlt: 0.00461212044588307
mae: 0.288821732598131 	rmse: 0.333574802938614 

Execution halted

Attaching package: ‘dplyr’

The following objects are masked from ‘package:stats’:

    filter, lag

The following objects are masked from ‘package:base’:

    intersect, setdiff, setequal, union


> dim = 2

> a <- max(FU[2, ])

> b <- max(FV[2, ])

> U <- matrix(0, nrow = dim, ncol = N)

> V <- matrix(0, nrow = dim, ncol = M)

> WU <- matrix(0, nrow = 1 + a, ncol = dim)

> WV <- matrix(0, nrow = 1 + b, ncol = dim)

> aaa <- grad_ws_lpmf(train, t(U), t(V), t(FU), t(FV), 
+     t(WU), t(WV), 1, 1, 0.1, 0.1, 30000, nrow(train))
[1] 1e-08 1e+00 1e+00 1e+03 1e+03
[1] 8
[1] "2022-04-26 13:07:12 HKT"
Epoch 1 	 loss: 11774.3020624215 	 dlt: 0.26561243725506
mae: 0.318488709348615 	rmse: 0.362509497101563 
[1] "2022-04-26 13:07:25 HKT"
Epoch 3 	 loss: 6024.92857527621 	 dlt: 0.213123835312788
mae: 0.31760985278726 	rmse: 0.361629154855832 
[1] "2022-04-26 13:07:38 HKT"
Epoch 5 	 loss: 4057.35010742991 	 dlt: 0.16647298466616
mae: 0.315713372839073 	rmse: 0.35983582516203 
[1] "2022-04-26 13:07:50 HKT"
Epoch 7 	 loss: 3052.11654818088 	 dlt: 0.112620376580889
mae: 0.313806613866774 	rmse: 0.357936737792791 
[1] "2022-04-26 13:08:02 HKT"
Epoch 9 	 loss: 2644.02353524988 	 dlt: 0.057885781412338
mae: 0.311360206128732 	rmse: 0.355581605503077 
[1] "2022-04-26 13:08:14 HKT"
Epoch 11 	 loss: 2463.32178399393 	 dlt: 0.0327601149909475
mae: 0.30968643836958 	rmse: 0.353928690080609 
[1] "2022-04-26 13:08:26 HKT"
Epoch 13 	 loss: 2389.30487659921 	 dlt: 0.0109003859820563
mae: 0.308800729125483 	rmse: 0.353090570473774 
[1] "2022-04-26 13:08:38 HKT"
Epoch 15 	 loss: 2287.06923030323 	 dlt: 0.0263412016149168
mae: 0.307663183790708 	rmse: 0.351952846802467 
[1] "2022-04-26 13:08:51 HKT"
Epoch 17 	 loss: 2227.39101421793 	 dlt: 0.0134927527395613
mae: 0.306676397476203 	rmse: 0.350992074579911 
[1] "2022-04-26 13:09:03 HKT"
Epoch 19 	 loss: 2151.00751364359 	 dlt: 0.0127933681773041
mae: 0.30583351749923 	rmse: 0.350200469896885 
[1] "2022-04-26 13:09:15 HKT"
Epoch 21 	 loss: 2100.00740500155 	 dlt: 0.00714207033304929
mae: 0.304891273622533 	rmse: 0.349286653192231 
[1] "2022-04-26 13:09:27 HKT"
Epoch 23 	 loss: 2088.32411268392 	 dlt: 0.000418135515244893
mae: 0.303491613172965 	rmse: 0.347822781638752 
[1] "2022-04-26 13:09:39 HKT"
Epoch 25 	 loss: 2061.13326119766 	 dlt: 0.00194074730808176
mae: 0.30100922885054 	rmse: 0.345456279386654 
[1] "2022-04-26 13:09:51 HKT"
Epoch 27 	 loss: 2089.49006655515 	 dlt: 0.0204175434874971
mae: 0.300156069849458 	rmse: 0.344621582192619 
[1] "2022-04-26 13:10:04 HKT"
Epoch 29 	 loss: 2112.27890808822 	 dlt: 0.00267162668377425
mae: 0.299011671831942 	rmse: 0.343501249058478 
[1] "2022-04-26 13:10:16 HKT"
Epoch 31 	 loss: 2114.044885288 	 dlt: 0.0049872859449836
mae: 0.295535648512271 	rmse: 0.340145810730693 
[1] "2022-04-26 13:10:28 HKT"
Epoch 33 	 loss: 2126.87146152096 	 dlt: 0.000874112819365311
mae: 0.293584347102166 	rmse: 0.338157546897922 
[1] "2022-04-26 13:10:41 HKT"
Epoch 35 	 loss: 2160.42008917323 	 dlt: 0.00562777655228167
mae: 0.292756885661358 	rmse: 0.337306199514307 
[1] "2022-04-26 13:10:55 HKT"
Epoch 37 	 loss: 2165.92836798467 	 dlt: 0.00693819183063815
mae: 0.290757615472076 	rmse: 0.335313587106593 
[1] "2022-04-26 13:11:08 HKT"
Epoch 39 	 loss: 2155.87354615776 	 dlt: 0.00456127540413168
mae: 0.289363094534564 	rmse: 0.333922714051456 
[1] "2022-04-26 13:11:21 HKT"
Epoch 41 	 loss: 2162.92603201744 	 dlt: 0.002423672267063
mae: 0.288059371643351 	rmse: 0.332598429569602 
[1] "2022-04-26 13:11:34 HKT"
Epoch 43 	 loss: 2136.81849618459 	 dlt: 0.0077696660789316
mae: 0.287684187263357 	rmse: 0.332223062849441 
[1] "2022-04-26 13:11:46 HKT"
Epoch 45 	 loss: 2222.87389551716 	 dlt: 0.0492613928909624
mae: 0.287288444835143 	rmse: 0.331801379228945 
[1] "2022-04-26 13:12:00 HKT"
Epoch 47 	 loss: 2185.42782507015 	 dlt: 0.00751768628799026
mae: 0.286366759006666 	rmse: 0.330844800631374 
[1] "2022-04-26 13:12:12 HKT"
Epoch 49 	 loss: 2192.68948947419 	 dlt: 0.00573620866116218
mae: 0.285792846827223 	rmse: 0.330231193797749 
[1] "2022-04-26 13:12:24 HKT"
Epoch 51 	 loss: 2164.61253059215 	 dlt: 0.0106924255264682
mae: 0.28507160196888 	rmse: 0.329487637832298 
[1] "2022-04-26 13:12:37 HKT"
Epoch 53 	 loss: 2153.4543334234 	 dlt: 0.000126223792487031
mae: 0.285146981479015 	rmse: 0.32960142944145 
[1] "2022-04-26 13:12:49 HKT"
Epoch 55 	 loss: 2163.72457734148 	 dlt: 0.00127759675118278
mae: 0.284127644921498 	rmse: 0.328588341529064 
[1] "2022-04-26 13:13:01 HKT"
Epoch 57 	 loss: 2166.51318646637 	 dlt: 0.00188579898777616
mae: 0.283822700539585 	rmse: 0.328236516095721 
[1] "2022-04-26 13:13:13 HKT"
Epoch 59 	 loss: 2187.22285625391 	 dlt: 0.00380942457512447
mae: 0.282902727881791 	rmse: 0.327269808716812 
[1] "2022-04-26 13:13:26 HKT"
Epoch 61 	 loss: 2215.33051586886 	 dlt: 0.0011199025573098
mae: 0.282829061542341 	rmse: 0.327194478028394 
[1] "2022-04-26 13:13:38 HKT"
Epoch 63 	 loss: 2249.63268880663 	 dlt: 0.00299296433862408
mae: 0.282447024479607 	rmse: 0.326783780747055 
[1] "2022-04-26 13:13:50 HKT"
Epoch 65 	 loss: 2296.99350422573 	 dlt: 0.0126762945046439
mae: 0.281554462552772 	rmse: 0.325845478740512 
[1] "2022-04-26 13:14:02 HKT"
Epoch 67 	 loss: 2332.01855795308 	 dlt: 0.0151843623829548
mae: 0.280670466479362 	rmse: 0.324910032725361 
[1] "2022-04-26 13:14:14 HKT"
Epoch 69 	 loss: 2345.41307899711 	 dlt: 0.00176715330388401
mae: 0.280046872350057 	rmse: 0.324255552050752 
[1] "2022-04-26 13:14:27 HKT"
Epoch 71 	 loss: 2385.1293795978 	 dlt: 0.0129846941424674
mae: 0.279971492839922 	rmse: 0.324176878601462 
[1] "2022-04-26 13:14:39 HKT"
Epoch 73 	 loss: 2429.32562792614 	 dlt: 0.00307052609182921
mae: 0.279781330893897 	rmse: 0.323973354578812 
[1] "2022-04-26 13:14:51 HKT"
Epoch 75 	 loss: 2448.56351832053 	 dlt: 0.00840985108929607
mae: 0.279515789437737 	rmse: 0.323699143932624 
[1] "2022-04-26 13:15:04 HKT"
Epoch 77 	 loss: 2452.51176647882 	 dlt: 0.00454541819303391
mae: 0.278789405067338 	rmse: 0.322941432719354 
[1] "2022-04-26 13:15:16 HKT"
Epoch 79 	 loss: 2486.89533099007 	 dlt: 0.00155023397205795
mae: 0.278607808974738 	rmse: 0.322769862176141 
[1] "2022-04-26 13:15:29 HKT"
Epoch 81 	 loss: 2530.56761548903 	 dlt: 0.00585163858257672
mae: 0.277877998262969 	rmse: 0.321995185520537 
[1] "2022-04-26 13:15:41 HKT"
Epoch 83 	 loss: 2625.74990865274 	 dlt: 0.017388813449029
mae: 0.276707902685181 	rmse: 0.320680410449638 
[1] "2022-04-26 13:15:53 HKT"
Epoch 85 	 loss: 2660.75014491971 	 dlt: 0.00177254568319504
mae: 0.275870162220263 	rmse: 0.319746820276785 
[1] "2022-04-26 13:16:05 HKT"
Epoch 87 	 loss: 2703.94361364223 	 dlt: 0.0037364261080024
mae: 0.275505256864379 	rmse: 0.319337274158405 
[1] "2022-04-26 13:16:17 HKT"
Epoch 89 	 loss: 2753.75645191599 	 dlt: 0.00552430958077975
mae: 0.273211321317293 	rmse: 0.316883599241697 
[1] "2022-04-26 13:16:30 HKT"
Epoch 91 	 loss: 2764.38860439022 	 dlt: 0.000898904490037803
mae: 0.272517487189908 	rmse: 0.316100820049295 
[1] "2022-04-26 13:16:42 HKT"
Epoch 93 	 loss: 2796.5735551472 	 dlt: 0.00913166194800571
mae: 0.271580382825267 	rmse: 0.315082384027415 
[1] "2022-04-26 13:16:54 HKT"
Epoch 95 	 loss: 2862.87052801433 	 dlt: 0.020719315747517
mae: 0.270651844314048 	rmse: 0.314042158830249 
[1] "2022-04-26 13:17:06 HKT"
Epoch 97 	 loss: 2911.58317091878 	 dlt: 0.0158317318751398
mae: 0.270040242379537 	rmse: 0.31340476598799 
[1] "2022-04-26 13:17:18 HKT"
Epoch 99 	 loss: 3042.37132495502 	 dlt: 0.0221981319320777
mae: 0.26795531365601 	rmse: 0.311121549040319 
[1] "2022-04-26 13:17:30 HKT"
Epoch 101 	 loss: 3067.09145314378 	 dlt: 0.000677040366750085
mae: 0.267285463918213 	rmse: 0.31039292865582 
[1] "2022-04-26 13:17:43 HKT"
Epoch 103 	 loss: 3101.5692897937 	 dlt: 0.00905939043086
mae: 0.266708125397401 	rmse: 0.309751713810173 
[1] "2022-04-26 13:17:55 HKT"
Epoch 105 	 loss: 3151.82902439566 	 dlt: 0.0112409315982952
mae: 0.264811645449215 	rmse: 0.30760230548019 
[1] "2022-04-26 13:18:07 HKT"
Epoch 107 	 loss: 3189.6747207766 	 dlt: 0.00973552807981827
mae: 0.264009881568681 	rmse: 0.306647211879214 
[1] "2022-04-26 13:18:20 HKT"
Epoch 109 	 loss: 3283.25447059521 	 dlt: 0.0164282949354179
mae: 0.263453101096088 	rmse: 0.306048531567179 
[1] "2022-04-26 13:18:32 HKT"
Epoch 111 	 loss: 3298.82993257928 	 dlt: 0.00311031835621829
mae: 0.263096761593628 	rmse: 0.305658931812773 
[1] "2022-04-26 13:18:44 HKT"
Epoch 113 	 loss: 3380.56688883617 	 dlt: 0.0201040002931793
mae: 0.261481241637766 	rmse: 0.303774566382938 
[1] "2022-04-26 13:18:56 HKT"
Epoch 115 	 loss: 3463.37939699839 	 dlt: 0.00881239945500071
mae: 0.259935961679984 	rmse: 0.301963867438148 
[1] "2022-04-26 13:19:08 HKT"
Epoch 117 	 loss: 3464.15024914099 	 dlt: 0.000981160698818126
mae: 0.259226709016435 	rmse: 0.301149577965053 
[1] "2022-04-26 13:19:21 HKT"
Epoch 119 	 loss: 3545.56684649223 	 dlt: 0.0102894222092008
mae: 0.257982947099196 	rmse: 0.299763384440241 
[1] "2022-04-26 13:19:33 HKT"
Epoch 121 	 loss: 3635.0465495783 	 dlt: 0.0156942939927907
mae: 0.257225725656469 	rmse: 0.298881966803145 
[1] "2022-04-26 13:19:45 HKT"
Epoch 123 	 loss: 3746.76299159028 	 dlt: 0.00788483112857077
mae: 0.25635543494854 	rmse: 0.297859296668229 

Execution halted

Attaching package: ‘dplyr’

The following objects are masked from ‘package:stats’:

    filter, lag

The following objects are masked from ‘package:base’:

    intersect, setdiff, setequal, union


> dim = 2

> a <- max(FU[2, ])

> b <- max(FV[2, ])

> U <- matrix(0, nrow = dim, ncol = N)

> V <- matrix(0, nrow = dim, ncol = M)

> WU <- matrix(0, nrow = 1 + a, ncol = dim)

> WV <- matrix(0, nrow = 1 + b, ncol = dim)

> aaa <- grad_ws_lpmf(train, t(U), t(V), t(FU), t(FV), 
+     t(WU), t(WV), 1, 1, 0.1, 0.1, 30000, nrow(train))
[1] 1e-08 1e+00 1e+00 1e+03 1e+03
[1] 8
[1] "2022-04-26 13:20:25 HKT"
Epoch 1 	 loss: 10831.3792447963 	 dlt: 0.324424482862625
mae: 0.318488709348615 	rmse: 0.362509497101563 
[1] "2022-04-26 13:20:38 HKT"
Epoch 3 	 loss: 6231.16288962977 	 dlt: 0.170946878515083
mae: 0.316319835261527 	rmse: 0.360409858719206 
[1] "2022-04-26 13:20:51 HKT"
Epoch 5 	 loss: 4664.302107394 	 dlt: 0.12699090387391
mae: 0.31290377291583 	rmse: 0.357078173653406 
[1] "2022-04-26 13:21:03 HKT"
Epoch 7 	 loss: 4015.79073972158 	 dlt: 0.0597941393772949
mae: 0.305633076529096 	rmse: 0.349936475712846 
[1] "2022-04-26 13:21:16 HKT"
Epoch 9 	 loss: 3896.33133216165 	 dlt: 0.0117341840673426
mae: 0.297188858223203 	rmse: 0.341631991829828 
[1] "2022-04-26 13:21:29 HKT"
Epoch 11 	 loss: 3855.45279209669 	 dlt: 0.012765026691268
mae: 0.287925744329929 	rmse: 0.332297826413184 
[1] "2022-04-26 13:21:41 HKT"
Epoch 13 	 loss: 3959.48922355195 	 dlt: 0.0175823419588492
mae: 0.283401260551099 	rmse: 0.327646783333004 
[1] "2022-04-26 13:21:53 HKT"
Epoch 15 	 loss: 4047.28459363023 	 dlt: 0.00592488718974996
mae: 0.27940100700185 	rmse: 0.323436471629765 
[1] "2022-04-26 13:22:06 HKT"
Epoch 17 	 loss: 4177.35202560522 	 dlt: 0.0117719172282454
mae: 0.276089448067933 	rmse: 0.319943811158468 
[1] "2022-04-26 13:22:18 HKT"
Epoch 19 	 loss: 4248.45177038474 	 dlt: 0.0150291593069975
mae: 0.274258068605772 	rmse: 0.317933986181721 
[1] "2022-04-26 13:22:30 HKT"
Epoch 21 	 loss: 4324.62955531149 	 dlt: 0.00571235505434668
mae: 0.269171664842293 	rmse: 0.312391555324841 
[1] "2022-04-26 13:22:43 HKT"
Epoch 23 	 loss: 4493.63377661387 	 dlt: 0.0378681789728766
mae: 0.265627114695229 	rmse: 0.308426714583312 
[1] "2022-04-26 13:22:55 HKT"
Epoch 25 	 loss: 4608.39054142727 	 dlt: 0.016452521283637
mae: 0.261510365539411 	rmse: 0.303719731872884 
[1] "2022-04-26 13:23:08 HKT"
Epoch 27 	 loss: 4765.91294035254 	 dlt: 0.0158618453195044
mae: 0.257045842734555 	rmse: 0.298554111619892 
[1] "2022-04-26 13:23:20 HKT"
Epoch 29 	 loss: 5031.69559726246 	 dlt: 0.0279270117649821
mae: 0.253352246737906 	rmse: 0.29418726521137 
[1] "2022-04-26 13:23:32 HKT"
Epoch 31 	 loss: 5216.64657628462 	 dlt: 0.0214822115974218
mae: 0.250592328764524 	rmse: 0.29093111015948 
[1] "2022-04-26 13:23:45 HKT"
Epoch 33 	 loss: 5462.59973010871 	 dlt: 0.0255015653186777
mae: 0.249264621483721 	rmse: 0.289385176670523 
[1] "2022-04-26 13:23:58 HKT"
Epoch 35 	 loss: 5745.11153381575 	 dlt: 0.0232663526213885
mae: 0.247467505435254 	rmse: 0.287144318118801 
[1] "2022-04-26 13:24:10 HKT"
Epoch 37 	 loss: 6047.81239555011 	 dlt: 0.0235865004138332
mae: 0.244597944538034 	rmse: 0.283720835295944 
[1] "2022-04-26 13:24:22 HKT"
Epoch 39 	 loss: 6343.37534907511 	 dlt: 0.0241338172501939
mae: 0.243033819702713 	rmse: 0.281770831557921 
[1] "2022-04-26 13:24:35 HKT"
Epoch 41 	 loss: 6644.4752233155 	 dlt: 0.0214625816868562
mae: 0.241853445100813 	rmse: 0.280223950743688 
[1] "2022-04-26 13:24:47 HKT"
Epoch 43 	 loss: 6976.96207046557 	 dlt: 0.0291407140940166
mae: 0.241012278294524 	rmse: 0.27912031467978 
[1] "2022-04-26 13:25:00 HKT"
Epoch 45 	 loss: 7302.02504063484 	 dlt: 0.0242049580957875
mae: 0.240604543671516 	rmse: 0.278614514985893 
[1] "2022-04-26 13:25:12 HKT"
Epoch 47 	 loss: 7493.64352285613 	 dlt: 0.0147944163523068
mae: 0.239994654907689 	rmse: 0.277783174213089 
[1] "2022-04-26 13:25:25 HKT"
Epoch 49 	 loss: 7845.81752606894 	 dlt: 0.0306911488412117
mae: 0.239845609058102 	rmse: 0.277545631803423 
[1] "2022-04-26 13:25:37 HKT"
Epoch 51 	 loss: 8173.091512606 	 dlt: 0.0194489740552257
mae: 0.239633175893174 	rmse: 0.277273905575136 
[1] "2022-04-26 13:25:50 HKT"
Epoch 53 	 loss: 8390.92926894842 	 dlt: 0.013350601282215
mae: 0.239530385652079 	rmse: 0.27712763960638 
[1] "2022-04-26 13:26:02 HKT"
Epoch 55 	 loss: 8740.66966115571 	 dlt: 0.0234988779763253
mae: 0.239431021752355 	rmse: 0.27699297921222 
[1] "2022-04-26 13:26:14 HKT"
Epoch 57 	 loss: 8991.25750829232 	 dlt: 0.0182155295211163
mae: 0.239376200290438 	rmse: 0.276914626209674 
[1] "2022-04-26 13:26:27 HKT"
Epoch 59 	 loss: 9203.70961513046 	 dlt: 0.0124879423901328
mae: 0.239357355412904 	rmse: 0.276882660065775 
[1] "2022-04-26 13:26:39 HKT"
Epoch 61 	 loss: 9362.52745610074 	 dlt: 0.00555966265656698
mae: 0.239329944681945 	rmse: 0.276842095559721 
[1] "2022-04-26 13:26:52 HKT"
Epoch 63 	 loss: 9542.43101730679 	 dlt: 0.00826992256448205
mae: 0.239307673463042 	rmse: 0.276810808702894 
[1] "2022-04-26 13:27:05 HKT"
Epoch 65 	 loss: 9726.2574967614 	 dlt: 0.0099622240314509
mae: 0.239287115414823 	rmse: 0.276783300852642 
[1] "2022-04-26 13:27:17 HKT"
Epoch 67 	 loss: 9863.14061835232 	 dlt: 0.00865413919511868
mae: 0.239252852001125 	rmse: 0.276752351252948 
[1] "2022-04-26 13:27:29 HKT"
Epoch 69 	 loss: 9991.44656177607 	 dlt: 0.00397307145654939
mae: 0.238646389578666 	rmse: 0.276241526771997 
[1] "2022-04-26 13:27:42 HKT"
Epoch 71 	 loss: 10107.9664954295 	 dlt: 0.00685393448532603
mae: 0.238303755441684 	rmse: 0.275914019995209 
[1] "2022-04-26 13:27:54 HKT"
Epoch 73 	 loss: 10231.1871421139 	 dlt: 0.00526807763370595
mae: 0.237568805217857 	rmse: 0.275276854165966 
[1] "2022-04-26 13:28:06 HKT"
Epoch 75 	 loss: 10348.6952581109 	 dlt: 0.00410910526045363
mae: 0.236542615977595 	rmse: 0.274423264363909 
[1] "2022-04-26 13:28:19 HKT"
Epoch 77 	 loss: 10481.3640039231 	 dlt: 0.00795645136846806
mae: 0.235257737963912 	rmse: 0.273301428472588 
[1] "2022-04-26 13:28:31 HKT"
Epoch 79 	 loss: 10577.7679282763 	 dlt: 0.00424518555310853
mae: 0.234421710669676 	rmse: 0.272478328277892 
[1] "2022-04-26 13:28:44 HKT"
Epoch 81 	 loss: 10673.7089059758 	 dlt: 0.00476124661379031
mae: 0.233753574102561 	rmse: 0.271892274493272 
[1] "2022-04-26 13:28:57 HKT"
Epoch 83 	 loss: 10745.6062766697 	 dlt: 0.00499830192333039
mae: 0.23269654778997 	rmse: 0.270990799050699 
[1] "2022-04-26 13:29:09 HKT"
Epoch 85 	 loss: 10801.484992934 	 dlt: 0.00204945744737434
mae: 0.231893070738748 	rmse: 0.270263157431615 
[1] "2022-04-26 13:29:21 HKT"
Epoch 87 	 loss: 10905.33838171 	 dlt: 0.00514509082202656
mae: 0.230255279563974 	rmse: 0.268823208805237 
[1] "2022-04-26 13:29:34 HKT"
Epoch 89 	 loss: 10953.4797383418 	 dlt: 0.00228528645186925
mae: 0.228668883509746 	rmse: 0.267472310239633 
[1] "2022-04-26 13:29:46 HKT"
Epoch 91 	 loss: 11030.4668621531 	 dlt: 0.002536275055931
mae: 0.227963057187562 	rmse: 0.266869557379937 
[1] "2022-04-26 13:29:59 HKT"
Epoch 93 	 loss: 11135.4573906911 	 dlt: 0.00537443227200715
mae: 0.227462811347568 	rmse: 0.26641981300248 
[1] "2022-04-26 13:30:12 HKT"
Epoch 95 	 loss: 11171.3713666773 	 dlt: 0.00156916262833725
mae: 0.227063642577984 	rmse: 0.266060543298817 
[1] "2022-04-26 13:30:24 HKT"
Epoch 97 	 loss: 11210.9608002118 	 dlt: 0.00161454747712651
mae: 0.224625800693355 	rmse: 0.263962088606223 
[1] "2022-04-26 13:30:36 HKT"
Epoch 99 	 loss: 11261.3877201118 	 dlt: 0.000476946922111325
mae: 0.224365398749249 	rmse: 0.263710292398932 
[1] "2022-04-26 13:30:48 HKT"
Epoch 101 	 loss: 11334.9389124167 	 dlt: 0.0052021929442393
mae: 0.223447139262137 	rmse: 0.262868747032875 
[1] "2022-04-26 13:31:00 HKT"
Epoch 103 	 loss: 11388.3777070345 	 dlt: 0.00278133465184274
mae: 0.222583701236942 	rmse: 0.262065904264836 
[1] "2022-04-26 13:31:13 HKT"
Epoch 105 	 loss: 11403.1871483971 	 dlt: 0.00116580802842205
mae: 0.222016641740237 	rmse: 0.261535493145562 
[1] "2022-04-26 13:31:25 HKT"
Epoch 107 	 loss: 11435.4313007631 	 dlt: 0.000897766286798682
mae: 0.221500977364078 	rmse: 0.261057238181963 
[1] "2022-04-26 13:31:37 HKT"
Epoch 109 	 loss: 11472.2557414455 	 dlt: 0.0031634413687455
mae: 0.220896228112305 	rmse: 0.260535733005841 
[1] "2022-04-26 13:31:49 HKT"
Epoch 111 	 loss: 11513.3415625011 	 dlt: 0.00364738071498387
mae: 0.220284626177791 	rmse: 0.25997437834326 
[1] "2022-04-26 13:32:01 HKT"
Epoch 113 	 loss: 11519.5417798001 	 dlt: 0.00113524726347194
mae: 0.219129949136161 	rmse: 0.258898018052832 
[1] "2022-04-26 13:32:13 HKT"
Epoch 115 	 loss: 11567.824069997 	 dlt: 0.00246290541348615
mae: 0.218456673056991 	rmse: 0.258257198157775 
[1] "2022-04-26 13:32:26 HKT"
Epoch 117 	 loss: 11622.4551454607 	 dlt: 0.0019308346275185
mae: 0.217002191145502 	rmse: 0.256874818641839 
[1] "2022-04-26 13:32:38 HKT"
Epoch 119 	 loss: 11652.8809053021 	 dlt: 0.00158239051972695
mae: 0.216011978489624 	rmse: 0.255891812229931 
[1] "2022-04-26 13:32:50 HKT"
Epoch 121 	 loss: 11681.1446317011 	 dlt: 0.000399938923659535
mae: 0.214094940493208 	rmse: 0.254113342555657 
[1] "2022-04-26 13:33:02 HKT"
Epoch 123 	 loss: 11698.795541428 	 dlt: 0.000582929618771729
mae: 0.21272783028665 	rmse: 0.252738047686433 
[1] "2022-04-26 13:33:14 HKT"
Epoch 125 	 loss: 11703.8137238702 	 dlt: 0.000114219642543066
mae: 0.21205112786611 	rmse: 0.252114037083668 
[1] "2022-04-26 13:33:26 HKT"
Epoch 127 	 loss: 11726.4251030864 	 dlt: 0.00208812308784447
mae: 0.21118255032886 	rmse: 0.251245394913772 
[1] "2022-04-26 13:33:38 HKT"
Epoch 129 	 loss: 11740.9734303589 	 dlt: 0.00135338295054634
mae: 0.210245445964214 	rmse: 0.250309868063586 
[1] "2022-04-26 13:33:51 HKT"
Epoch 131 	 loss: 11749.2035124796 	 dlt: 0.00137395701843526
mae: 0.209339178671896 	rmse: 0.249431890507959 
[1] "2022-04-26 13:34:03 HKT"
Epoch 133 	 loss: 11824.4216048819 	 dlt: 0.00428810725785879
mae: 0.208857777709436 	rmse: 0.24896020347426 
[1] "2022-04-26 13:34:15 HKT"
Epoch 135 	 loss: 11811.7896644738 	 dlt: 0.00139343513486442
mae: 0.208326694797114 	rmse: 0.248418284471008 
[1] "2022-04-26 13:34:28 HKT"
Epoch 137 	 loss: 11851.1831796443 	 dlt: 0.00196556249051792
mae: 0.207660271400684 	rmse: 0.24772193007092 
[1] "2022-04-26 13:34:40 HKT"
Epoch 139 	 loss: 11878.4729994248 	 dlt: 0.00126895582097349
mae: 0.207079506538499 	rmse: 0.247137632700705 
[1] "2022-04-26 13:34:52 HKT"
Epoch 141 	 loss: 11900.1041518158 	 dlt: 0.0009270678827246
mae: 0.206353122168097 	rmse: 0.246405602279434 
[1] "2022-04-26 13:35:04 HKT"
Epoch 143 	 loss: 11920.706939239 	 dlt: 0.00113283074377506
mae: 0.206073875346456 	rmse: 0.246123859081587 
[1] "2022-04-26 13:35:16 HKT"
Epoch 145 	 loss: 11919.7883270768 	 dlt: 0.000177118471914963
mae: 0.205732954380159 	rmse: 0.245823209387185 
[1] "2022-04-26 13:35:28 HKT"
Epoch 147 	 loss: 11937.7289782007 	 dlt: 0.000130372312877448
mae: 0.205102507568112 	rmse: 0.245195962965805 
[1] "2022-04-26 13:35:40 HKT"
Epoch 149 	 loss: 11935.0315287306 	 dlt: 0.000226625872452329
mae: 0.203649738827307 	rmse: 0.243824237424085 
[1] "2022-04-26 13:35:53 HKT"
Epoch 151 	 loss: 11978.3553107692 	 dlt: 0.00297029708542386
mae: 0.203298538836901 	rmse: 0.243487134612865 
[1] "2022-04-26 13:36:05 HKT"
Epoch 153 	 loss: 12003.0393067608 	 dlt: 0.00121320166639631
mae: 0.20282741689855 	rmse: 0.242974140308966 
[1] "2022-04-26 13:36:17 HKT"
Epoch 155 	 loss: 11997.0616954838 	 dlt: 0.000335636840163269
mae: 0.202220954476092 	rmse: 0.242315168732166 
[1] "2022-04-26 13:36:29 HKT"
Epoch 157 	 loss: 11989.3256791764 	 dlt: 0.000520302637357933
mae: 0.201765251073905 	rmse: 0.241847310844452 
[1] "2022-04-26 13:36:41 HKT"
Epoch 159 	 loss: 11999.1318733078 	 dlt: 0.000512197633143452
mae: 0.201504849129799 	rmse: 0.241589799783827 
[1] "2022-04-26 13:36:53 HKT"
Epoch 161 	 loss: 12005.1382951161 	 dlt: 0.00135753683475964
mae: 0.201217036454734 	rmse: 0.241287839517606 
[1] "2022-04-26 13:37:06 HKT"
Epoch 163 	 loss: 12010.8235419375 	 dlt: 0.000192845729587803
mae: 0.200805875490355 	rmse: 0.240858294850931 
[1] "2022-04-26 13:37:18 HKT"
Epoch 165 	 loss: 12021.4502514238 	 dlt: 0.000290841420392756
mae: 0.200458101841318 	rmse: 0.24049329102315 
[1] "2022-04-26 13:37:30 HKT"
Epoch 167 	 loss: 12029.631315909 	 dlt: 0.000336420663109313
mae: 0.199908174051462 	rmse: 0.239965171250914 
[1] "2022-04-26 13:37:42 HKT"
Epoch 169 	 loss: 12038.0755878536 	 dlt: 0.000678193379916553
mae: 0.199730004300232 	rmse: 0.239780272838409 
[1] "2022-04-26 13:37:54 HKT"
Epoch 171 	 loss: 12066.5115314558 	 dlt: 0.000810923237479328
mae: 0.199212626753388 	rmse: 0.239235064087943 
[1] "2022-04-26 13:38:06 HKT"
Epoch 173 	 loss: 12060.5451069242 	 dlt: 0.000201036021406365
mae: 0.198842581885447 	rmse: 0.238863993827292 
[1] "2022-04-26 13:38:18 HKT"
Epoch 175 	 loss: 12057.8819900548 	 dlt: 0.000421440429727912
mae: 0.198664412134217 	rmse: 0.238699774612829 
[1] "2022-04-26 13:38:31 HKT"
Epoch 177 	 loss: 12071.2160635483 	 dlt: 0.000849970042268295
mae: 0.19850851360189 	rmse: 0.238541427298867 
[1] "2022-04-26 13:38:43 HKT"
Epoch 179 	 loss: 12102.4854485397 	 dlt: 0.00159571205678184
mae: 0.197269891196699 	rmse: 0.237363487123058 
[1] "2022-04-26 13:38:55 HKT"
Epoch 181 	 loss: 12119.7692298094 	 dlt: 0.00104630273667279
mae: 0.197091721445469 	rmse: 0.237183783572084 
[1] "2022-04-26 13:39:07 HKT"
Epoch 183 	 loss: 12120.6214747114 	 dlt: 7.09825169729621e-05
mae: 0.197028334130127 	rmse: 0.237111141500295 
[1] "2022-04-26 13:39:19 HKT"
Epoch 185 	 loss: 12146.3631488158 	 dlt: 0.00149512671355207
mae: 0.196853590720266 	rmse: 0.236921605470595 
[1] "2022-04-26 13:39:31 HKT"
Epoch 187 	 loss: 12161.2284385812 	 dlt: 0.000209193931355114
mae: 0.196761079503281 	rmse: 0.236806685677249 
[1] "2022-04-26 13:39:43 HKT"
Epoch 189 	 loss: 12162.8004969707 	 dlt: 1.4639277098927e-05
mae: 0.196692552675884 	rmse: 0.236735134004951 
[1] "2022-04-26 13:39:56 HKT"
Epoch 191 	 loss: 12170.3018261925 	 dlt: 0.000406069214323326
mae: 0.196553785850406 	rmse: 0.236589954335866 
[1] "2022-04-26 13:40:08 HKT"
Epoch 193 	 loss: 12176.2499171714 	 dlt: 0.000185128673366206
mae: 0.196408166342189 	rmse: 0.236436634781893 
[1] "2022-04-26 13:40:20 HKT"
Epoch 195 	 loss: 12196.9680538641 	 dlt: 0.000847486734428537
mae: 0.196356771221642 	rmse: 0.236381882458056 
[1] "2022-04-26 13:40:32 HKT"
Epoch 197 	 loss: 12203.0856134058 	 dlt: 6.11644051441829e-05
mae: 0.196305376101094 	rmse: 0.236318257211073 
[1] "2022-04-26 13:40:44 HKT"
Epoch 199 	 loss: 12210.2560681886 	 dlt: 0.000450478341659107
mae: 0.196228283420273 	rmse: 0.23624051451371 
[1] "2022-04-26 13:40:56 HKT"
Epoch 201 	 loss: 12217.4656313406 	 dlt: 0.000364378551870776
mae: 0.19599700537781 	rmse: 0.236012778571733 

Execution halted

Attaching package: ‘dplyr’

The following objects are masked from ‘package:stats’:

    filter, lag

The following objects are masked from ‘package:base’:

    intersect, setdiff, setequal, union


> dim = 2

> a <- max(FU[2, ])

> b <- max(FV[2, ])

> U <- matrix(0, nrow = dim, ncol = N)

> V <- matrix(0, nrow = dim, ncol = M)

> WU <- matrix(0, nrow = 1 + a, ncol = dim)

> WV <- matrix(0, nrow = 1 + b, ncol = dim)

> aaa <- grad_ws_lpmf(train, t(U), t(V), t(FU), t(FV), 
+     t(WU), t(WV), 1, 1, 0.1, 0.1, 30000, nrow(train))
[1] 1e-08 1e+00 1e+00 1e+03 1e+03
[1] 8
[1] "2022-04-26 13:41:47 HKT"
Epoch 1 	 loss: 11092.6827641603 	 dlt: 0.308126442120588
mae: 0.318488709348615 	rmse: 0.362509497101563 
[1] "2022-04-26 13:42:00 HKT"
Epoch 3 	 loss: 7091.67645889568 	 dlt: 0.0925756172938618
mae: 0.314918461641277 	rmse: 0.359060537431431 
[1] "2022-04-26 13:42:13 HKT"
Epoch 5 	 loss: 6231.92523420418 	 dlt: 0.0249796528963216
mae: 0.304555492168291 	rmse: 0.348904962533606 
[1] "2022-04-26 13:42:26 HKT"
Epoch 7 	 loss: 6452.07700154897 	 dlt: 0.0255483900042624
mae: 0.273961690077283 	rmse: 0.317622800710908 
[1] "2022-04-26 13:42:38 HKT"
Epoch 9 	 loss: 6912.39685244926 	 dlt: 0.0414903816221616
mae: 0.256286908121142 	rmse: 0.298107790404392 

Execution halted

Attaching package: ‘dplyr’

The following objects are masked from ‘package:stats’:

    filter, lag

The following objects are masked from ‘package:base’:

    intersect, setdiff, setequal, union


> dim = 2

> a <- max(FU[2, ])

> b <- max(FV[2, ])

> U <- matrix(0, nrow = dim, ncol = N)

> V <- matrix(0, nrow = dim, ncol = M)

> WU <- matrix(0, nrow = 1 + a, ncol = dim)

> WV <- matrix(0, nrow = 1 + b, ncol = dim)

> aaa <- grad_ws_lpmf(train, t(U), t(V), t(FU), t(FV), 
+     t(WU), t(WV), 1, 1, 0.1, 0.1, 30000, nrow(train))
[1] 1e-08 1e+00 1e+00 1e+03 1e+03
[1] 8
[1] "2022-04-26 13:43:39 HKT"
Epoch 1 	 loss: 11092.6827641603 	 dlt: 0.308126442120588
mae: 0.318488709348615 	rmse: 0.362509497101563 
[1] "2022-04-26 13:43:54 HKT"
Epoch 3 	 loss: 7091.67645889568 	 dlt: 0.0925756172938618
mae: 0.314918461641277 	rmse: 0.359060537431431 
[1] "2022-04-26 13:44:09 HKT"
Epoch 5 	 loss: 6231.92523420418 	 dlt: 0.0249796528963216
mae: 0.304555492168291 	rmse: 0.348904962533606 
[1] "2022-04-26 13:44:23 HKT"
Epoch 7 	 loss: 6452.07700154897 	 dlt: 0.0255483900042624
mae: 0.273961690077283 	rmse: 0.317622800710908 
[1] "2022-04-26 13:44:37 HKT"
Epoch 9 	 loss: 6912.39685244926 	 dlt: 0.0414903816221616
mae: 0.256286908121142 	rmse: 0.298107790404392 
[1] "2022-04-26 13:44:51 HKT"
Epoch 11 	 loss: 7516.22709432917 	 dlt: 0.0454544539679861
mae: 0.24777073664648 	rmse: 0.287878221602978 
[1] "2022-04-26 13:45:05 HKT"
Epoch 13 	 loss: 8258.3207313392 	 dlt: 0.0516965314425416
mae: 0.242925889949564 	rmse: 0.281777249277706 
[1] "2022-04-26 13:45:19 HKT"
Epoch 15 	 loss: 8777.34452814556 	 dlt: 0.0316112572857739
mae: 0.240697054888501 	rmse: 0.278699220183352 
[1] "2022-04-26 13:45:34 HKT"
Epoch 17 	 loss: 9424.92758203235 	 dlt: 0.0312097358036311
mae: 0.239873019789061 	rmse: 0.277592265104295 
[1] "2022-04-26 13:45:48 HKT"
Epoch 19 	 loss: 9904.29241149186 	 dlt: 0.0238590903354369
mae: 0.23952353296934 	rmse: 0.27713382142058 
[1] "2022-04-26 13:46:02 HKT"
Epoch 21 	 loss: 10425.0394002144 	 dlt: 0.028420843909778
mae: 0.239299107609617 	rmse: 0.276804963513443 
[1] "2022-04-26 13:46:16 HKT"
Epoch 23 	 loss: 10826.4197796982 	 dlt: 0.0219573794352973
mae: 0.239285402244138 	rmse: 0.276782269255076 
[1] "2022-04-26 13:46:30 HKT"
Epoch 25 	 loss: 11235.5284835281 	 dlt: 0.0177626405365847
mae: 0.239047271518935 	rmse: 0.276570710507314 
[1] "2022-04-26 13:46:44 HKT"
Epoch 27 	 loss: 11580.6691491743 	 dlt: 0.0162939510990029
mae: 0.237743548627718 	rmse: 0.275492515821508 
[1] "2022-04-26 13:46:59 HKT"
Epoch 29 	 loss: 11849.0412517022 	 dlt: 0.00825684908522481
mae: 0.234935661875149 	rmse: 0.273116795688303 
[1] "2022-04-26 13:47:12 HKT"
Epoch 31 	 loss: 12025.0017422502 	 dlt: 0.00763646605909019
mae: 0.231493901969164 	rmse: 0.270008424967108 
[1] "2022-04-26 13:47:26 HKT"
Epoch 33 	 loss: 12255.8725286977 	 dlt: 0.00822624522338049
mae: 0.226265305038815 	rmse: 0.265496889215111 
[1] "2022-04-26 13:47:41 HKT"
Epoch 35 	 loss: 12453.6400817719 	 dlt: 0.00276929885647893
mae: 0.22481253629801 	rmse: 0.264078526226041 
[1] "2022-04-26 13:47:55 HKT"
Epoch 37 	 loss: 12641.6725900049 	 dlt: 0.00644495913037565
mae: 0.221968672961059 	rmse: 0.261529670473771 
[1] "2022-04-26 13:48:09 HKT"
Epoch 39 	 loss: 12792.6134110095 	 dlt: 0.00702682799849587
mae: 0.218848989143836 	rmse: 0.258593449353754 
[1] "2022-04-26 13:48:23 HKT"
Epoch 41 	 loss: 12946.5448219474 	 dlt: 0.00528531336163137
mae: 0.21319209954226 	rmse: 0.253198938216169 
[1] "2022-04-26 13:48:37 HKT"
Epoch 43 	 loss: 13059.9440129295 	 dlt: 0.00388337470569084
mae: 0.209327186477101 	rmse: 0.249413955993551 
[1] "2022-04-26 13:48:52 HKT"
Epoch 45 	 loss: 13165.1927194983 	 dlt: 0.00363481514637642
mae: 0.205834031450569 	rmse: 0.245825919584376 
[1] "2022-04-26 13:49:06 HKT"
Epoch 47 	 loss: 13271.0017471057 	 dlt: 0.00563696131184707
mae: 0.203555514439637 	rmse: 0.243532473375911 
[1] "2022-04-26 13:49:20 HKT"
Epoch 49 	 loss: 13394.1778530954 	 dlt: 0.00504746015605308
mae: 0.199666616984889 	rmse: 0.239695711690716 
[1] "2022-04-26 13:49:34 HKT"
Epoch 51 	 loss: 13484.5816533501 	 dlt: 0.00287524514307134
mae: 0.197653641430119 	rmse: 0.237636792788227 
[1] "2022-04-26 13:49:49 HKT"
Epoch 53 	 loss: 13597.6416638199 	 dlt: 0.00312104092463189
mae: 0.194318098106598 	rmse: 0.234271500745956 
[1] "2022-04-26 13:50:03 HKT"
Epoch 55 	 loss: 13640.4851940246 	 dlt: 0.000828832292742345
mae: 0.192010457194023 	rmse: 0.231982393135907 
[1] "2022-04-26 13:50:17 HKT"
Epoch 57 	 loss: 13702.5724151148 	 dlt: 7.99160672171961e-05
mae: 0.190612509915136 	rmse: 0.230489115983261 
[1] "2022-04-26 13:50:32 HKT"
Epoch 59 	 loss: 13763.8341555752 	 dlt: 0.00201289532491788
mae: 0.18830829534393 	rmse: 0.228204608157843 
[1] "2022-04-26 13:50:45 HKT"
Epoch 61 	 loss: 13806.4793883785 	 dlt: 0.00307615951135402
mae: 0.187451710001475 	rmse: 0.227407455900798 
[1] "2022-04-26 13:51:00 HKT"
Epoch 63 	 loss: 13866.8195051269 	 dlt: 0.00112315604037448
mae: 0.186004080772725 	rmse: 0.225941654251327 
[1] "2022-04-26 13:51:14 HKT"
Epoch 65 	 loss: 13905.7353976758 	 dlt: 0.00145092150072303
mae: 0.185222874940406 	rmse: 0.225204119208234 
[1] "2022-04-26 13:51:28 HKT"
Epoch 67 	 loss: 13968.440982296 	 dlt: 0.00260403735851903
mae: 0.184503343252744 	rmse: 0.224460768671277 
[1] "2022-04-26 13:51:42 HKT"
Epoch 69 	 loss: 14037.0310810815 	 dlt: 0.0013873462191139
mae: 0.183237310116594 	rmse: 0.22310787976119 
[1] "2022-04-26 13:51:57 HKT"
Epoch 71 	 loss: 14069.3419164257 	 dlt: 0.00183234447769654
mae: 0.182582878914958 	rmse: 0.222599655832009 
[1] "2022-04-26 13:52:11 HKT"
Epoch 73 	 loss: 14077.4664121526 	 dlt: 0.000409842784181402
mae: 0.181978129663185 	rmse: 0.222047838683446 
[1] "2022-04-26 13:52:25 HKT"
Epoch 75 	 loss: 14099.3872622532 	 dlt: 0.000177803183484929
mae: 0.181241466268674 	rmse: 0.221324850375219 
[1] "2022-04-26 13:52:40 HKT"
Epoch 77 	 loss: 14129.6839208653 	 dlt: 7.65298762994037e-05
mae: 0.180849150181829 	rmse: 0.221043001785198 
[1] "2022-04-26 13:52:54 HKT"
Epoch 79 	 loss: 14180.4373001259 	 dlt: 0.00114073696373956
mae: 0.180576756042928 	rmse: 0.220774589018653 
[1] "2022-04-26 13:53:08 HKT"
Epoch 81 	 loss: 14198.6847949009 	 dlt: 0.000806764821097135
mae: 0.180362609707315 	rmse: 0.220552460250886 
[1] "2022-04-26 13:53:22 HKT"
Epoch 83 	 loss: 14225.3299600148 	 dlt: 0.000467121564741183
mae: 0.179927464353347 	rmse: 0.220224249291473 
[1] "2022-04-26 13:53:36 HKT"
Epoch 85 	 loss: 14251.3683428183 	 dlt: 0.00123754576002048
mae: 0.17967048875061 	rmse: 0.22000026701225 
[1] "2022-04-26 13:53:50 HKT"
Epoch 87 	 loss: 14260.8466894458 	 dlt: 0.0001992722850371
mae: 0.179278172663766 	rmse: 0.219641333610391 
[1] "2022-04-26 13:54:05 HKT"
Epoch 89 	 loss: 14302.6675813062 	 dlt: 0.00149869562676066
mae: 0.178317083909531 	rmse: 0.218789932522359 
[1] "2022-04-26 13:54:19 HKT"
Epoch 91 	 loss: 14327.7979447456 	 dlt: 0.000587586834767816
mae: 0.177828830264331 	rmse: 0.218343590396781 
[1] "2022-04-26 13:54:33 HKT"
Epoch 93 	 loss: 14345.5923309176 	 dlt: 0.000343586610993417
mae: 0.177134996136943 	rmse: 0.217708430873259 
[1] "2022-04-26 13:54:48 HKT"
Epoch 95 	 loss: 14399.2992019372 	 dlt: 0.00182101975496404
mae: 0.176487417618047 	rmse: 0.217156894841975 
[1] "2022-04-26 13:55:02 HKT"
Epoch 97 	 loss: 14411.1079528137 	 dlt: 0.000946351983395272
mae: 0.176038566898601 	rmse: 0.216731343483205 
[1] "2022-04-26 13:55:16 HKT"
Epoch 99 	 loss: 14438.4585086989 	 dlt: 0.0016434288981224
mae: 0.175444096670936 	rmse: 0.216370506333722 
[1] "2022-04-26 13:55:30 HKT"
Epoch 101 	 loss: 14452.6205972041 	 dlt: 0.000925853341521379
mae: 0.175192260580254 	rmse: 0.21612359512962 
[1] "2022-04-26 13:55:44 HKT"
Epoch 103 	 loss: 14466.40079642 	 dlt: 0.00085190079765718
mae: 0.175027796194503 	rmse: 0.216054004148539 
[1] "2022-04-26 13:55:58 HKT"
Epoch 105 	 loss: 14495.2623870022 	 dlt: 0.000647485906445743
mae: 0.174815363029574 	rmse: 0.215878605919818 
[1] "2022-04-26 13:56:13 HKT"
Epoch 107 	 loss: 14491.7327367313 	 dlt: 0.000242690060252725
mae: 0.174400775723826 	rmse: 0.215524731644952 
[1] "2022-04-26 13:56:27 HKT"
Epoch 109 	 loss: 14498.3358515392 	 dlt: 0.000197964693315889
mae: 0.174226032313965 	rmse: 0.215382488867058 
[1] "2022-04-26 13:56:41 HKT"
Epoch 111 	 loss: 14523.6904085267 	 dlt: 0.00146053144815363
mae: 0.17383714256849 	rmse: 0.215313984460666 
[1] "2022-04-26 13:56:56 HKT"
Epoch 113 	 loss: 14531.5269361116 	 dlt: 0.00064866343647712
mae: 0.17365212013452 	rmse: 0.215166294378762 
[1] "2022-04-26 13:57:09 HKT"
Epoch 115 	 loss: 14562.2155628245 	 dlt: 0.00131510607773738
mae: 0.173448252823015 	rmse: 0.215107455428702 
[1] "2022-04-26 13:57:23 HKT"
Epoch 117 	 loss: 14575.6043556316 	 dlt: 0.000618039442125071
mae: 0.173295780632058 	rmse: 0.215000796456932 
[1] "2022-04-26 13:57:38 HKT"
Epoch 119 	 loss: 14570.6787373626 	 dlt: 0.000336770827245487
mae: 0.173009681127678 	rmse: 0.214796624898037 
[1] "2022-04-26 13:57:52 HKT"
Epoch 121 	 loss: 14584.0309097961 	 dlt: 0.00096950482870855
mae: 0.172720155281928 	rmse: 0.214619755615733 
[1] "2022-04-26 13:58:06 HKT"
Epoch 123 	 loss: 14588.0122511301 	 dlt: 0.000400046099896858
mae: 0.172526566994532 	rmse: 0.214443628112663 
[1] "2022-04-26 13:58:20 HKT"
Epoch 125 	 loss: 14603.290870182 	 dlt: 0.000293999124219748
mae: 0.172240467490152 	rmse: 0.214240702570236 
[1] "2022-04-26 13:58:34 HKT"
Epoch 127 	 loss: 14626.0867212914 	 dlt: 0.000740057109953777
mae: 0.171663128969337 	rmse: 0.214115832301022 
[1] "2022-04-26 13:58:48 HKT"
Epoch 129 	 loss: 14620.031868264 	 dlt: 0.000100802382068468
mae: 0.171424998244134 	rmse: 0.21387432838929 
[1] "2022-04-26 13:59:03 HKT"
Epoch 131 	 loss: 14640.5977505904 	 dlt: 0.000941598572419921
mae: 0.171058379717563 	rmse: 0.213651707680533 
[1] "2022-04-26 13:59:17 HKT"
Epoch 133 	 loss: 14646.9973548561 	 dlt: 5.82623657936775e-05
mae: 0.170676342654828 	rmse: 0.213373997274626 
[1] "2022-04-26 13:59:31 HKT"
Epoch 135 	 loss: 14651.3640028917 	 dlt: 4.10843521416547e-05
mae: 0.170594110461953 	rmse: 0.213300832009692 
[1] "2022-04-26 13:59:45 HKT"
Epoch 137 	 loss: 14671.0240304369 	 dlt: 0.000736698492087076
mae: 0.170318289981682 	rmse: 0.213048576356365 
[1] "2022-04-26 13:59:59 HKT"
Epoch 139 	 loss: 14689.1278007652 	 dlt: 0.00116679681555058
mae: 0.169936252918947 	rmse: 0.212811228127334 
[1] "2022-04-26 14:00:13 HKT"
Epoch 141 	 loss: 14698.7812534239 	 dlt: 0.000630906525521481
mae: 0.169816330971003 	rmse: 0.212719078231384 
[1] "2022-04-26 14:00:28 HKT"
Epoch 143 	 loss: 14713.9694184142 	 dlt: 0.00103765323603867
mae: 0.169547363173472 	rmse: 0.212461652238877 
[1] "2022-04-26 14:00:42 HKT"
Epoch 145 	 loss: 14716.3988162689 	 dlt: 0.000239836536611787
mae: 0.1693966041532 	rmse: 0.212292252574858 
[1] "2022-04-26 14:00:56 HKT"
Epoch 147 	 loss: 14726.3747741429 	 dlt: 0.000609452771506105
mae: 0.16911050464882 	rmse: 0.212112397637855 
[1] "2022-04-26 14:01:10 HKT"
Epoch 149 	 loss: 14734.2938793876 	 dlt: 0.000381678488495659
mae: 0.168939187580329 	rmse: 0.211996599828186 
[1] "2022-04-26 14:01:24 HKT"
Epoch 151 	 loss: 14745.3692653905 	 dlt: 2.89256385406313e-05
mae: 0.168728467586085 	rmse: 0.211822784419573 
[1] "2022-04-26 14:01:38 HKT"
Epoch 153 	 loss: 14775.61811328 	 dlt: 0.00149168461856631
mae: 0.168564003200334 	rmse: 0.211677154777279 
[1] "2022-04-26 14:01:53 HKT"
Epoch 155 	 loss: 14770.27931713 	 dlt: 5.4582739070548e-05
mae: 0.168380693937048 	rmse: 0.21155347071737 
[1] "2022-04-26 14:02:07 HKT"
Epoch 157 	 loss: 14770.5198478316 	 dlt: 7.69743263014797e-05
mae: 0.168200811015132 	rmse: 0.211439617482366 
[1] "2022-04-26 14:02:21 HKT"
Epoch 159 	 loss: 14782.7494977388 	 dlt: 6.5455032538748e-05
mae: 0.167979811996779 	rmse: 0.211278858550939 
[1] "2022-04-26 14:02:36 HKT"
Epoch 161 	 loss: 14799.6792511804 	 dlt: 0.00103500098931202
mae: 0.167623472494318 	rmse: 0.211004791114341 
[1] "2022-04-26 14:02:50 HKT"
Epoch 163 	 loss: 14849.2132014775 	 dlt: 0.00185585397978994
mae: 0.167505263717059 	rmse: 0.210926743030837 
[1] "2022-04-26 14:03:04 HKT"
Epoch 165 	 loss: 14865.9514980264 	 dlt: 0.000535774447319887
mae: 0.167207172017884 	rmse: 0.210676614156212 
[1] "2022-04-26 14:03:19 HKT"
Epoch 167 	 loss: 14871.4171936753 	 dlt: 0.00029616494944124
mae: 0.166981033487476 	rmse: 0.210509395044368 
[1] "2022-04-26 14:03:33 HKT"
Epoch 169 	 loss: 14871.5901121321 	 dlt: 3.05218435778775e-05
mae: 0.166838840320629 	rmse: 0.210423926437947 
[1] "2022-04-26 14:03:47 HKT"
Epoch 171 	 loss: 14879.2585097448 	 dlt: 1.17738082177009e-05
mae: 0.166691507641727 	rmse: 0.210287285453659 
[1] "2022-04-26 14:04:02 HKT"
Epoch 173 	 loss: 14891.1055001453 	 dlt: 0.00024071119537031
mae: 0.16662983349707 	rmse: 0.210229344596047 
[1] "2022-04-26 14:04:16 HKT"
Epoch 175 	 loss: 14910.5212125032 	 dlt: 0.00047897610481211
mae: 0.16652875642666 	rmse: 0.210150102729161 
[1] "2022-04-26 14:04:30 HKT"
Epoch 177 	 loss: 14913.1158059432 	 dlt: 0.000243696693951137
mae: 0.166511624719811 	rmse: 0.21013108023457 
[1] "2022-04-26 14:04:45 HKT"
Epoch 179 	 loss: 14920.8656411601 	 dlt: 0.000260254171136895
mae: 0.166479074476798 	rmse: 0.210106167220621 
[1] "2022-04-26 14:04:58 HKT"
Epoch 181 	 loss: 14932.1350813831 	 dlt: 0.000541582503217891
mae: 0.166360865699539 	rmse: 0.210043192069328 
[1] "2022-04-26 14:05:13 HKT"
Epoch 183 	 loss: 14954.3739783524 	 dlt: 0.00135181328872133
mae: 0.166292338872143 	rmse: 0.210007845223466 
[1] "2022-04-26 14:05:27 HKT"
Epoch 185 	 loss: 14968.4730793405 	 dlt: 0.000263439979230141
mae: 0.166215246191322 	rmse: 0.209948467258808 
[1] "2022-04-26 14:05:41 HKT"
Epoch 187 	 loss: 14961.3559705983 	 dlt: 0.000126597838626234
mae: 0.166059347658995 	rmse: 0.20984100030647 
[1] "2022-04-26 14:05:55 HKT"
Epoch 189 	 loss: 14982.3797812474 	 dlt: 0.000707918527235822
mae: 0.166002813026393 	rmse: 0.209784297249174 
[1] "2022-04-26 14:06:10 HKT"
Epoch 191 	 loss: 15002.9778799551 	 dlt: 0.000415356679934925
mae: 0.165961696929955 	rmse: 0.209762519202097 
[1] "2022-04-26 14:06:24 HKT"
Epoch 193 	 loss: 15010.085315232 	 dlt: 0.00070037382707403
mae: 0.165918867662832 	rmse: 0.209719410150013 
[1] "2022-04-26 14:06:38 HKT"
Epoch 195 	 loss: 14992.1339569964 	 dlt: 5.40817943887286e-08
mae: 0.165855480347491 	rmse: 0.209698986979539 
[1] "2022-04-26 14:06:53 HKT"
Epoch 197 	 loss: 14996.8936700574 	 dlt: 0.000230757801176476
mae: 0.165876038395709 	rmse: 0.209719863975656 
[1] "2022-04-26 14:07:07 HKT"
Epoch 199 	 loss: 15012.6980325006 	 dlt: 0.000330651000807128
mae: 0.165819503763107 	rmse: 0.20967402262521 
[1] "2022-04-26 14:07:21 HKT"
Epoch 201 	 loss: 15011.9830561014 	 dlt: 0.000820263361158638
mae: 0.16576810864256 	rmse: 0.209633165450956 
[1] "2022-04-26 14:07:35 HKT"
Epoch 203 	 loss: 15027.9732756668 	 dlt: 0.000360111291693844
mae: 0.165793806202834 	rmse: 0.209702617910772 
[1] "2022-04-26 14:07:50 HKT"
Epoch 205 	 loss: 15031.6544290076 	 dlt: 0.000387628504255487
mae: 0.165548822794891 	rmse: 0.209540526362157 
[1] "2022-04-26 14:08:04 HKT"
Epoch 207 	 loss: 15042.315745586 	 dlt: 1.06213033567248e-05
mae: 0.165356947678182 	rmse: 0.209408763001017 
[1] "2022-04-26 14:08:18 HKT"
Epoch 209 	 loss: 15043.9905563793 	 dlt: 0.000219332470877282
mae: 0.165432327188318 	rmse: 0.209509637563153 
[1] "2022-04-26 14:08:32 HKT"
Epoch 211 	 loss: 15046.1828114641 	 dlt: 3.05683667581893e-05
mae: 0.165408342798729 	rmse: 0.209487830962861 
[1] "2022-04-26 14:08:46 HKT"
Epoch 213 	 loss: 15054.7951048669 	 dlt: 2.26866720691136e-05
mae: 0.165252444266401 	rmse: 0.209729847891354 
[1] "2022-04-26 14:09:00 HKT"
Epoch 215 	 loss: 15065.3650421391 	 dlt: 0.000154760985823027
mae: 0.165129095977087 	rmse: 0.209630895374455 
[1] "2022-04-26 14:09:14 HKT"
Epoch 217 	 loss: 15077.5684759833 	 dlt: 0.000499109603368831
mae: 0.165034871589417 	rmse: 0.209543251625814 
[1] "2022-04-26 14:09:28 HKT"
Epoch 219 	 loss: 15075.2239777225 	 dlt: 1.41571150474379e-05
mae: 0.164981763298185 	rmse: 0.209495554393394 
[1] "2022-04-26 14:09:42 HKT"
Epoch 221 	 loss: 15073.0029086976 	 dlt: 0.000133233498832728
mae: 0.164909810129419 	rmse: 0.209445574213875 
[1] "2022-04-26 14:09:56 HKT"
Epoch 223 	 loss: 15070.3678018302 	 dlt: 0.000333205549668067
mae: 0.16478817501079 	rmse: 0.209387854986608 
[1] "2022-04-26 14:10:10 HKT"
Epoch 225 	 loss: 15079.1156391025 	 dlt: 0.000397092244710716
mae: 0.164764190621202 	rmse: 0.209377854763415 
[1] "2022-04-26 14:10:24 HKT"
Epoch 227 	 loss: 15075.8853040678 	 dlt: 0.000399287211178049
mae: 0.164760764279832 	rmse: 0.209394218516341 
[1] "2022-04-26 14:10:38 HKT"
Epoch 229 	 loss: 15076.6650854429 	 dlt: 0.00018949752069669
mae: 0.164692237452435 	rmse: 0.209356034436579 
[1] "2022-04-26 14:10:52 HKT"
Epoch 231 	 loss: 15080.1491041219 	 dlt: 0.000209056895234089
mae: 0.164642555502573 	rmse: 0.209350124373337 
[1] "2022-04-26 14:11:07 HKT"
Epoch 233 	 loss: 15082.6966211326 	 dlt: 8.43592341526596e-05
mae: 0.16469395062312 	rmse: 0.209491011233447 
[1] "2022-04-26 14:11:21 HKT"
Epoch 235 	 loss: 15093.8308956022 	 dlt: 0.000367378387562085
mae: 0.164642555502573 	rmse: 0.209444665372941 
[1] "2022-04-26 14:11:35 HKT"
Epoch 237 	 loss: 15100.0116612793 	 dlt: 0.000548253539348446
mae: 0.164611718430244 	rmse: 0.209436485627059 
[1] "2022-04-26 14:11:49 HKT"
Epoch 239 	 loss: 15089.072688481 	 dlt: 0.000105806605019298
mae: 0.164591160382026 	rmse: 0.209427396645823 
[1] "2022-04-26 14:12:03 HKT"
Epoch 241 	 loss: 15098.0579400674 	 dlt: 0.00027719886720745
mae: 0.164628850137093 	rmse: 0.209541888998416 
[1] "2022-04-26 14:12:17 HKT"
Epoch 243 	 loss: 15108.5985097447 	 dlt: 0.000781600490920931
mae: 0.164572315504491 	rmse: 0.209515997394041 
[1] "2022-04-26 14:12:31 HKT"
Epoch 245 	 loss: 15105.6679331114 	 dlt: 0.000160205920093544
mae: 0.164546617944218 	rmse: 0.209487376634549 
[1] "2022-04-26 14:12:45 HKT"
Epoch 247 	 loss: 15114.6286665928 	 dlt: 0.000579179087326929
mae: 0.164551757456272 	rmse: 0.209511454677391 
[1] "2022-04-26 14:12:59 HKT"
Epoch 249 	 loss: 15113.527054686 	 dlt: 0.000141460564516175
mae: 0.164529486237369 	rmse: 0.209514634589388 
[1] "2022-04-26 14:13:13 HKT"
Epoch 251 	 loss: 15117.1529990629 	 dlt: 6.11127916992635e-05
mae: 0.164556896968327 	rmse: 0.20959366261181 
[1] "2022-04-26 14:13:27 HKT"
Epoch 253 	 loss: 15115.8504205169 	 dlt: 0.000357619573587809
mae: 0.164531199408054 	rmse: 0.209572318899734 
[1] "2022-04-26 14:13:41 HKT"
Epoch 255 	 loss: 15121.1930157433 	 dlt: 0.000136192336129557
mae: 0.164524346725314 	rmse: 0.209583218088118 
[1] "2022-04-26 14:13:54 HKT"
Epoch 257 	 loss: 15127.3972965353 	 dlt: 1.78930191502388e-05
mae: 0.164510641359835 	rmse: 0.20957504374997 
[1] "2022-04-26 14:14:08 HKT"
Epoch 259 	 loss: 15131.3932444259 	 dlt: 6.46155213305958e-06
mae: 0.164484943799561 	rmse: 0.209576406161803 
[1] "2022-04-26 14:14:22 HKT"
Epoch 261 	 loss: 15127.0840279742 	 dlt: 0.000155318780031961
mae: 0.164447254044493 	rmse: 0.209566414936014 
[1] "2022-04-26 14:14:36 HKT"
Epoch 263 	 loss: 15135.3399751405 	 dlt: 0.000406475875816434
mae: 0.164421556484219 	rmse: 0.209542343208533 
[1] "2022-04-26 14:14:50 HKT"
Epoch 265 	 loss: 15138.3333650535 	 dlt: 6.88596127701678e-05
mae: 0.164563749651067 	rmse: 0.209698079236906 
[1] "2022-04-26 14:15:04 HKT"
Epoch 267 	 loss: 15137.7460775022 	 dlt: 0.000138058122023722
mae: 0.164546617944218 	rmse: 0.209683554820356 
[1] "2022-04-26 14:15:18 HKT"
Epoch 269 	 loss: 15137.9618707222 	 dlt: 3.79066908285795e-05
mae: 0.164532912578738 	rmse: 0.209675384393904 
[1] "2022-04-26 14:15:32 HKT"
Epoch 271 	 loss: 15137.3613617395 	 dlt: 6.98443662418462e-05
mae: 0.164579168187231 	rmse: 0.209748453011605 
[1] "2022-04-26 14:15:46 HKT"
Epoch 273 	 loss: 15137.836438992 	 dlt: 2.5725772065413e-05
mae: 0.164628850137093 	rmse: 0.209807887582526 
[1] "2022-04-26 14:15:59 HKT"
Epoch 275 	 loss: 15145.4364258732 	 dlt: 8.61116670050439e-05
mae: 0.164580881357916 	rmse: 0.20976977880234 
[1] "2022-04-26 14:16:13 HKT"
Epoch 277 	 loss: 15150.19629097 	 dlt: 0.000126194273193113
mae: 0.164529486237368 	rmse: 0.209718956323386 
[1] "2022-04-26 14:16:28 HKT"
Epoch 279 	 loss: 15154.3472178753 	 dlt: 0.00011092605355401
mae: 0.164512354530519 	rmse: 0.209707156486406 
[1] "2022-04-26 14:16:42 HKT"
Epoch 281 	 loss: 15149.4941972034 	 dlt: 2.97783430139761e-05
mae: 0.16450207550641 	rmse: 0.209703525633756 
[1] "2022-04-26 14:16:56 HKT"
Epoch 283 	 loss: 15157.6212337871 	 dlt: 0.000260335631907668
mae: 0.164440401361753 	rmse: 0.209657226750709 
[1] "2022-04-26 14:17:11 HKT"
Epoch 285 	 loss: 15188.3721640409 	 dlt: 0.000197685180033482
mae: 0.16440442477737 	rmse: 0.209628625273372 
[1] "2022-04-26 14:17:25 HKT"
Epoch 287 	 loss: 15185.6762249039 	 dlt: 0.000283888229706023
mae: 0.164293068682851 	rmse: 0.20948374197259 
[1] "2022-04-26 14:17:39 HKT"
Epoch 289 	 loss: 15187.030691934 	 dlt: 0.000266349464679916
mae: 0.164293068682851 	rmse: 0.209494645769286 
[1] "2022-04-26 14:17:53 HKT"
Epoch 291 	 loss: 15187.9283253497 	 dlt: 7.74737240660594e-05
mae: 0.164291355512166 	rmse: 0.209484196308784 
[1] "2022-04-26 14:18:07 HKT"
Epoch 293 	 loss: 15188.1728239359 	 dlt: 6.45292496504129e-05
mae: 0.164277650146687 	rmse: 0.209471474522867 
[1] "2022-04-26 14:18:21 HKT"
Epoch 295 	 loss: 15195.0722012511 	 dlt: 0.000340533010273296
mae: 0.164251952586413 	rmse: 0.209447391883912 
[1] "2022-04-26 14:18:35 HKT"
Epoch 297 	 loss: 15207.3636366175 	 dlt: 0.000514874327778005
mae: 0.164181712588332 	rmse: 0.209383309489819 
[1] "2022-04-26 14:18:49 HKT"
Epoch 299 	 loss: 15211.57127478 	 dlt: 0.000376991430668201
mae: 0.164135456979839 	rmse: 0.209346487328412 
[1] "2022-04-26 14:19:03 HKT"
Epoch 301 	 loss: 15214.2714145392 	 dlt: 2.44960643277994e-06
mae: 0.164140596491894 	rmse: 0.209361489731492 
[1] "2022-04-26 14:19:17 HKT"
Epoch 303 	 loss: 15218.7870667455 	 dlt: 0.00021103842773465
mae: 0.164130317467784 	rmse: 0.209345123420275 
[1] "2022-04-26 14:19:31 HKT"
Epoch 305 	 loss: 15212.0006422197 	 dlt: 0.000605449026003163
mae: 0.164010395519841 	rmse: 0.209252356811082 
[1] "2022-04-26 14:19:45 HKT"
Epoch 307 	 loss: 15216.1909819684 	 dlt: 2.65662779654566e-05
mae: 0.16401724820258 	rmse: 0.209257814808843 
[1] "2022-04-26 14:19:59 HKT"
Epoch 309 	 loss: 15214.5844957037 	 dlt: 0.00022325788324888
mae: 0.163994976983676 	rmse: 0.20925008260333 
[1] "2022-04-26 14:20:13 HKT"
Epoch 311 	 loss: 15219.1084759376 	 dlt: 9.81756370730014e-06
mae: 0.163967566252718 	rmse: 0.209258269635564 
[1] "2022-04-26 14:20:27 HKT"
Epoch 313 	 loss: 15220.7416615431 	 dlt: 1.33370386034736e-05
mae: 0.163948721375184 	rmse: 0.209241440388448 
[1] "2022-04-26 14:20:40 HKT"
Epoch 315 	 loss: 15224.7370506418 	 dlt: 6.94077672616047e-05
mae: 0.16392987649765 	rmse: 0.209209142636385 
[1] "2022-04-26 14:20:54 HKT"
Epoch 317 	 loss: 15232.381646879 	 dlt: 0.000454564360930573
mae: 0.163941868692444 	rmse: 0.209222335278294 
[1] "2022-04-26 14:21:08 HKT"
Epoch 319 	 loss: 15234.2930914017 	 dlt: 0.000159912683534188
mae: 0.163924736985595 	rmse: 0.209208687702861 
[1] "2022-04-26 14:21:22 HKT"
Epoch 321 	 loss: 15239.6995626381 	 dlt: 0.000176956485046819
mae: 0.16392645015628 	rmse: 0.209211872216759 
[1] "2022-04-26 14:21:37 HKT"
Epoch 323 	 loss: 15242.6990995021 	 dlt: 7.7810553547644e-05
mae: 0.163928163326965 	rmse: 0.209215056682184 
[1] "2022-04-26 14:21:51 HKT"
Epoch 325 	 loss: 15247.9774699135 	 dlt: 0.000249990446892136
mae: 0.163845931134089 	rmse: 0.209154998599486 
[1] "2022-04-26 14:22:05 HKT"
Epoch 327 	 loss: 15246.3005715905 	 dlt: 0.000230387638961019
mae: 0.163827086256555 	rmse: 0.209142711867031 
[1] "2022-04-26 14:22:19 HKT"
Epoch 329 	 loss: 15244.2115041151 	 dlt: 0.000199427478971847
mae: 0.163827086256555 	rmse: 0.209142711867031 
[1] "2022-04-26 14:22:33 HKT"
Epoch 331 	 loss: 15247.0743622407 	 dlt: 0.000143578957730577
mae: 0.163821946744501 	rmse: 0.209134065215182 
[1] "2022-04-26 14:22:47 HKT"
Epoch 333 	 loss: 15249.8842445743 	 dlt: 0.000128790916992455
mae: 0.163811667720391 	rmse: 0.209126783546859 
[1] "2022-04-26 14:23:01 HKT"
Epoch 335 	 loss: 15254.3367495355 	 dlt: 0.000140188954556086
mae: 0.163804815037651 	rmse: 0.209116770838906 
[1] "2022-04-26 14:23:15 HKT"
Epoch 337 	 loss: 15258.2957814263 	 dlt: 2.70765590233972e-05
mae: 0.163796249184227 	rmse: 0.209105392179718 
[1] "2022-04-26 14:23:29 HKT"
Epoch 339 	 loss: 15260.7914986331 	 dlt: 0.000183097748030525
mae: 0.163880194547787 	rmse: 0.209271459180466 
[1] "2022-04-26 14:23:43 HKT"
Epoch 341 	 loss: 15263.7276248689 	 dlt: 4.94654637151697e-06
mae: 0.163890473571897 	rmse: 0.209301473667079 
[1] "2022-04-26 14:23:57 HKT"
Epoch 343 	 loss: 15265.982521481 	 dlt: 0.000339757899496629
mae: 0.163883620889157 	rmse: 0.209298745255248 
[1] "2022-04-26 14:24:11 HKT"
Epoch 345 	 loss: 15266.4625239046 	 dlt: 0.000380814265146612
mae: 0.163953860887239 	rmse: 0.209369217822633 
[1] "2022-04-26 14:24:25 HKT"
Epoch 347 	 loss: 15267.6762468781 	 dlt: 5.91616185531493e-05
mae: 0.16392987649765 	rmse: 0.209348305858773 
[1] "2022-04-26 14:24:39 HKT"
Epoch 349 	 loss: 15267.123235742 	 dlt: 7.32711554422405e-05
mae: 0.163931589668335 	rmse: 0.209347851227664 
[1] "2022-04-26 14:24:54 HKT"
Epoch 351 	 loss: 15266.7278675516 	 dlt: 0.000129918535806121
mae: 0.163914457961486 	rmse: 0.209332393182462 
[1] "2022-04-26 14:25:08 HKT"
Epoch 353 	 loss: 15266.4533904324 	 dlt: 4.24780494126558e-05
mae: 0.163902465766691 	rmse: 0.209325573093739 
[1] "2022-04-26 14:25:22 HKT"
Epoch 355 	 loss: 15274.4340607846 	 dlt: 0.000463105217876156
mae: 0.163902465766691 	rmse: 0.209327391805792 
[1] "2022-04-26 14:25:36 HKT"
Epoch 357 	 loss: 15278.0235374391 	 dlt: 7.41443062838806e-06
mae: 0.163881907718472 	rmse: 0.209308294541057 
[1] "2022-04-26 14:25:49 HKT"
Epoch 359 	 loss: 15279.7721081935 	 dlt: 9.86346686488706e-05
mae: 0.163883620889157 	rmse: 0.209304202043344 
[1] "2022-04-26 14:26:03 HKT"
Epoch 361 	 loss: 15277.2309760949 	 dlt: 0.000118201753756404
mae: 0.163875055035733 	rmse: 0.209296471551552 
[1] "2022-04-26 14:26:17 HKT"
Epoch 363 	 loss: 15277.6341348286 	 dlt: 0.000201905769724378
mae: 0.162871137014375 	rmse: 0.208312824243126 
[1] "2022-04-26 14:26:31 HKT"
Epoch 365 	 loss: 15278.310861333 	 dlt: 0.00015303216761812
mae: 0.162874563355745 	rmse: 0.208318306856905 
[1] "2022-04-26 14:26:45 HKT"
Epoch 367 	 loss: 15279.5091068353 	 dlt: 0.000183963692092004
mae: 0.162773486285335 	rmse: 0.208189884422607 
[1] "2022-04-26 14:26:59 HKT"
Epoch 369 	 loss: 15281.6963126555 	 dlt: 0.000131567566411167
mae: 0.162799183845609 	rmse: 0.208234224249608 
[1] "2022-04-26 14:27:13 HKT"
Epoch 371 	 loss: 15283.8500991672 	 dlt: 4.92090588643047e-05
mae: 0.162804323357663 	rmse: 0.208254791066762 
[1] "2022-04-26 14:27:27 HKT"
Epoch 373 	 loss: 15287.5624796224 	 dlt: 0.00028316073826422
mae: 0.162746075554376 	rmse: 0.208246564583646 
[1] "2022-04-26 14:27:41 HKT"
Epoch 375 	 loss: 15290.105675937 	 dlt: 0.00050406846140607
mae: 0.162797470674924 	rmse: 0.208311453567135 
[1] "2022-04-26 14:27:55 HKT"
Epoch 377 	 loss: 15293.0256969014 	 dlt: 0.000149094089155153
mae: 0.162790617992184 	rmse: 0.208303229321782 
[1] "2022-04-26 14:28:09 HKT"
Epoch 379 	 loss: 15300.2210893498 	 dlt: 0.000273814963397503
mae: 0.162776912626705 	rmse: 0.208302315496698 
[1] "2022-04-26 14:28:23 HKT"
Epoch 381 	 loss: 15300.6580435897 	 dlt: 0.000276027043050656
mae: 0.162783765309444 	rmse: 0.208328814796679 
[1] "2022-04-26 14:28:37 HKT"
Epoch 383 	 loss: 15298.189966934 	 dlt: 2.28115539537001e-05
mae: 0.162773486285335 	rmse: 0.20832150498164 
[1] "2022-04-26 14:28:51 HKT"
Epoch 385 	 loss: 15303.1311881459 	 dlt: 0.000206723855234889
mae: 0.162754641407801 	rmse: 0.20830460005189 
[1] "2022-04-26 14:29:05 HKT"
Epoch 387 	 loss: 15315.8665328011 	 dlt: 2.7069363309131e-05
mae: 0.162682688239035 	rmse: 0.208268044161633 
[1] "2022-04-26 14:29:19 HKT"
Epoch 389 	 loss: 15311.2983852083 	 dlt: 6.18941521509753e-05
mae: 0.16268097506835 	rmse: 0.208266673190928 
[1] "2022-04-26 14:29:33 HKT"
Epoch 391 	 loss: 15312.6555267316 	 dlt: 9.44210346204561e-05
mae: 0.162665556532185 	rmse: 0.208255248084073 
[1] "2022-04-26 14:29:47 HKT"
Epoch 393 	 loss: 15315.1400897293 	 dlt: 0.000107358201202896
mae: 0.16267069604424 	rmse: 0.20825661912999 
[1] "2022-04-26 14:30:01 HKT"
Epoch 395 	 loss: 15323.2532687717 	 dlt: 0.000139836058757356
mae: 0.162612448240953 	rmse: 0.208187141442762 
[1] "2022-04-26 14:30:15 HKT"
Epoch 397 	 loss: 15322.1697781679 	 dlt: 0.000155532965689453
mae: 0.162658703849446 	rmse: 0.208237880721118 
[1] "2022-04-26 14:30:28 HKT"
Epoch 399 	 loss: 15321.5085268715 	 dlt: 2.68414244232527e-05
mae: 0.16267069604424 	rmse: 0.208247478653374 
[1] "2022-04-26 14:30:42 HKT"
Epoch 401 	 loss: 15326.7466365112 	 dlt: 0.0005485232090978
mae: 0.162715238482048 	rmse: 0.208317849977934 
[1] "2022-04-26 14:30:57 HKT"
Epoch 403 	 loss: 15331.4773836471 	 dlt: 0.000188745330355905
mae: 0.162711812140678 	rmse: 0.20831053977813 
[1] "2022-04-26 14:31:11 HKT"
Epoch 405 	 loss: 15331.2928301161 	 dlt: 1.60655570426806e-05
mae: 0.162713525311363 	rmse: 0.208310996673134 
[1] "2022-04-26 14:31:25 HKT"
Epoch 407 	 loss: 15329.0065889636 	 dlt: 0.000282168072254444
mae: 0.162663843361501 	rmse: 0.208275812825165 
[1] "2022-04-26 14:31:39 HKT"
Epoch 409 	 loss: 15329.6873352525 	 dlt: 0.000158912637080988
mae: 0.16268440140972 	rmse: 0.208295918608862 
[1] "2022-04-26 14:31:53 HKT"
Epoch 411 	 loss: 15334.1591309884 	 dlt: 0.000261421925462669
mae: 0.162629579947803 	rmse: 0.20825661912999 
[1] "2022-04-26 14:32:07 HKT"
Epoch 413 	 loss: 15335.6840931177 	 dlt: 6.77132823092411e-06
mae: 0.162615874582323 	rmse: 0.208235595433948 
[1] "2022-04-26 14:32:21 HKT"
Epoch 415 	 loss: 15336.0305077053 	 dlt: 4.68155204809884e-05
mae: 0.162591890192735 	rmse: 0.208219140625907 
[1] "2022-04-26 14:32:35 HKT"
Epoch 417 	 loss: 15344.23168988 	 dlt: 0.000407528129897086
mae: 0.162585037509995 	rmse: 0.208213655400916 
[1] "2022-04-26 14:32:48 HKT"
Epoch 419 	 loss: 15361.7694219927 	 dlt: 0.00134302106933268
mae: 0.16258332433931 	rmse: 0.208207712910769 
[1] "2022-04-26 14:33:02 HKT"
Epoch 421 	 loss: 15364.7890452696 	 dlt: 0.000118907165167392
mae: 0.162597029704789 	rmse: 0.208220511909577 
[1] "2022-04-26 14:33:16 HKT"
Epoch 423 	 loss: 15368.5069263303 	 dlt: 4.30369850907726e-05
mae: 0.16258332433931 	rmse: 0.208212284072089 
[1] "2022-04-26 14:33:30 HKT"
Epoch 425 	 loss: 15365.657053768 	 dlt: 0.000453967662497319
mae: 0.162597029704789 	rmse: 0.208225996953949 
[1] "2022-04-26 14:33:44 HKT"
Epoch 427 	 loss: 15365.3511055283 	 dlt: 0.000133215816944043
mae: 0.162598742875474 	rmse: 0.208228282346461 
[1] "2022-04-26 14:33:58 HKT"
Epoch 429 	 loss: 15363.0129160607 	 dlt: 0.000272865522313411
mae: 0.162595316534104 	rmse: 0.208226454034458 
[1] "2022-04-26 14:34:12 HKT"
Epoch 431 	 loss: 15364.9420249458 	 dlt: 4.6750449093445e-05
mae: 0.162634719459857 	rmse: 0.208275355852979 
[1] "2022-04-26 14:34:26 HKT"
Epoch 433 	 loss: 15362.7488491501 	 dlt: 0.000170542200104874
mae: 0.162612448240954 	rmse: 0.208260275208308 
[1] "2022-04-26 14:34:40 HKT"
Epoch 435 	 loss: 15362.7809830029 	 dlt: 3.56899052037144e-05
mae: 0.162619300923693 	rmse: 0.20827672676653 
[1] "2022-04-26 14:34:54 HKT"
Epoch 437 	 loss: 15363.737940743 	 dlt: 0.000169564769550869
mae: 0.162617587753008 	rmse: 0.208273527954207 
[1] "2022-04-26 14:35:08 HKT"
Epoch 439 	 loss: 15364.314215062 	 dlt: 2.0774388472352e-05
mae: 0.162571332144516 	rmse: 0.208241994174824 
[1] "2022-04-26 14:35:21 HKT"
Epoch 441 	 loss: 15360.7496804084 	 dlt: 0.000156418601628709
mae: 0.162567905803146 	rmse: 0.208240165983208 
[1] "2022-04-26 14:35:35 HKT"
Epoch 443 	 loss: 15364.3672408722 	 dlt: 6.97586479522104e-05
mae: 0.162554200437667 	rmse: 0.208226454034458 
[1] "2022-04-26 14:35:49 HKT"
Epoch 445 	 loss: 15363.6930647876 	 dlt: 8.04673299117868e-05
mae: 0.162554200437667 	rmse: 0.208226454034458 
[1] "2022-04-26 14:36:03 HKT"
Epoch 447 	 loss: 15366.9089310369 	 dlt: 0.000132536042514391
mae: 0.162550774096297 	rmse: 0.208227368192466 
[1] "2022-04-26 14:36:17 HKT"
Epoch 449 	 loss: 15366.7755604716 	 dlt: 1.4128451728121e-05
mae: 0.162561053120406 	rmse: 0.208262103223399 
[1] "2022-04-26 14:36:31 HKT"
Epoch 451 	 loss: 15369.7122286244 	 dlt: 2.33217774606454e-05
mae: 0.162559339949721 	rmse: 0.20826164622113 
[1] "2022-04-26 14:36:45 HKT"
Epoch 453 	 loss: 15373.0137063187 	 dlt: 7.59807246945986e-05
mae: 0.162559339949721 	rmse: 0.20826164622113 
[1] "2022-04-26 14:36:59 HKT"
Epoch 455 	 loss: 15373.6900586425 	 dlt: 0.00015911886592571
mae: 0.162543921413557 	rmse: 0.208246564583646 
[1] "2022-04-26 14:37:13 HKT"
Epoch 457 	 loss: 15371.747482957 	 dlt: 0.000197671820392855
mae: 0.162449697025887 	rmse: 0.208167482362834 
[1] "2022-04-26 14:37:28 HKT"
Epoch 459 	 loss: 15370.8717104882 	 dlt: 0.000183321370475184
mae: 0.162459976049997 	rmse: 0.208179369470265 
[1] "2022-04-26 14:37:42 HKT"
Epoch 461 	 loss: 15371.3377622613 	 dlt: 0.000168807219916978
mae: 0.162463402391367 	rmse: 0.208179369470265 
[1] "2022-04-26 14:37:56 HKT"
Epoch 463 	 loss: 15370.8505359275 	 dlt: 3.93546213368352e-05
mae: 0.162463402391367 	rmse: 0.208179369470265 
[1] "2022-04-26 14:38:10 HKT"
Epoch 465 	 loss: 15375.95117148 	 dlt: 3.99844403544049e-05
mae: 0.162473681415476 	rmse: 0.208201313116312 
[1] "2022-04-26 14:38:24 HKT"
Epoch 467 	 loss: 15376.0519690982 	 dlt: 3.7676374498176e-05
mae: 0.162470255074106 	rmse: 0.208203141649087 
[1] "2022-04-26 14:38:37 HKT"
Epoch 469 	 loss: 15373.4381620948 	 dlt: 4.87366991063828e-05
mae: 0.162470255074106 	rmse: 0.208203141649087 
[1] "2022-04-26 14:38:51 HKT"
Epoch 471 	 loss: 15376.2716905961 	 dlt: 9.23603750612656e-05
mae: 0.162477107756846 	rmse: 0.208222340273755 
[1] "2022-04-26 14:39:05 HKT"
Epoch 473 	 loss: 15372.5961501877 	 dlt: 3.33035887782691e-05
mae: 0.162477107756846 	rmse: 0.208224168621879 
[1] "2022-04-26 14:39:18 HKT"
Epoch 475 	 loss: 15375.8574832752 	 dlt: 3.1813775414718e-06
mae: 0.162471968244791 	rmse: 0.208226454034458 
[1] "2022-04-26 14:39:32 HKT"
Epoch 477 	 loss: 15377.5898704229 	 dlt: 1.56072678435056e-05
mae: 0.162470255074106 	rmse: 0.208225082789921 
[1] "2022-04-26 14:39:47 HKT"
Epoch 479 	 loss: 15379.9673717468 	 dlt: 3.42837676466146e-05
mae: 0.162465115562051 	rmse: 0.208218226431776 
[1] "2022-04-26 14:40:01 HKT"
Epoch 481 	 loss: 15381.5176876146 	 dlt: 5.46164913783862e-05
mae: 0.162449697025887 	rmse: 0.208218683529343 
[1] "2022-04-26 14:40:15 HKT"
Epoch 483 	 loss: 15379.0823480387 	 dlt: 0.000224774684975823
mae: 0.162459976049997 	rmse: 0.20825890418646 
[1] "2022-04-26 14:40:29 HKT"
Epoch 485 	 loss: 15378.897066667 	 dlt: 0.000139530652331871
mae: 0.162497665805065 	rmse: 0.208326530507032 
[1] "2022-04-26 14:40:43 HKT"
Epoch 487 	 loss: 15384.4877029806 	 dlt: 3.38156057298196e-05
mae: 0.16249252629301 	rmse: 0.208318763734873 
[1] "2022-04-26 14:40:57 HKT"
Epoch 489 	 loss: 15384.4401986228 	 dlt: 9.1236764430072e-05
mae: 0.162483960439585 	rmse: 0.208304600051889 
[1] "2022-04-26 14:41:11 HKT"
Epoch 491 	 loss: 15382.3754500674 	 dlt: 7.46402014135133e-05
mae: 0.162526789706708 	rmse: 0.208379976322105 
[1] "2022-04-26 14:41:25 HKT"
Epoch 493 	 loss: 15388.7790454922 	 dlt: 0.000215274318718073
mae: 0.162516510682599 	rmse: 0.208371754781283 
[1] "2022-04-26 14:41:39 HKT"
Epoch 495 	 loss: 15389.497578939 	 dlt: 0.000148074594855057
mae: 0.162552487266982 	rmse: 0.208420622507831 
[1] "2022-04-26 14:41:53 HKT"
Epoch 497 	 loss: 15392.7758899138 	 dlt: 9.81961847599047e-06
mae: 0.162550774096297 	rmse: 0.208412859242131 
[1] "2022-04-26 14:42:07 HKT"
Epoch 499 	 loss: 15394.2892759487 	 dlt: 5.89099500083824e-05
mae: 0.162547347754927 	rmse: 0.20841559925128 
[1] "2022-04-26 14:42:20 HKT"
Epoch 501 	 loss: 15393.2190377177 	 dlt: 0.000149113334691876
mae: 0.162516510682599 	rmse: 0.208395505014249 
[1] "2022-04-26 14:42:34 HKT"
Epoch 503 	 loss: 15396.396328057 	 dlt: 2.80034778318345e-05
mae: 0.162513084341229 	rmse: 0.208391851308436 
[1] "2022-04-26 14:42:48 HKT"
Epoch 505 	 loss: 15397.5183091707 	 dlt: 8.71849375245019e-05
mae: 0.162513084341229 	rmse: 0.208391851308436 
[1] "2022-04-26 14:43:02 HKT"
Epoch 507 	 loss: 15397.8521284217 	 dlt: 1.02262139066066e-05
mae: 0.162507944829174 	rmse: 0.208384086970877 
[1] "2022-04-26 14:43:16 HKT"
Epoch 509 	 loss: 15398.6552722515 	 dlt: 0.000164353617564007
mae: 0.162507944829174 	rmse: 0.208384086970877 
[1] "2022-04-26 14:43:30 HKT"
Epoch 511 	 loss: 15403.5448248468 	 dlt: 0.000257121533989389
mae: 0.162468541903421 	rmse: 0.208354397129734 
[1] "2022-04-26 14:43:44 HKT"
Epoch 513 	 loss: 15405.8144672728 	 dlt: 0.000174830240229271
mae: 0.162473681415476 	rmse: 0.208358508283151 
[1] "2022-04-26 14:43:58 HKT"
Epoch 515 	 loss: 15406.7261416306 	 dlt: 3.58391819405887e-05
mae: 0.162471968244791 	rmse: 0.208355310726392 
[1] "2022-04-26 14:44:12 HKT"
Epoch 517 	 loss: 15411.3534107816 	 dlt: 4.18789946809319e-05
mae: 0.162453123367257 	rmse: 0.208354853928564 
[1] "2022-04-26 14:44:26 HKT"
Epoch 519 	 loss: 15410.165460364 	 dlt: 0.000174545861283339
mae: 0.162465115562051 	rmse: 0.208447563363434 
[1] "2022-04-26 14:44:40 HKT"
Epoch 521 	 loss: 15409.0547817015 	 dlt: 6.17472617452712e-05
mae: 0.162463402391366 	rmse: 0.208445280375117 
[1] "2022-04-26 14:44:53 HKT"
Epoch 523 	 loss: 15404.7857102105 	 dlt: 9.5089808670408e-05
mae: 0.162461689220681 	rmse: 0.208425645643317 
[1] "2022-04-26 14:45:07 HKT"
Epoch 525 	 loss: 15408.2004426141 	 dlt: 6.98739947600735e-05
mae: 0.162502805317119 	rmse: 0.208537949609228 
[1] "2022-04-26 14:45:21 HKT"
Epoch 527 	 loss: 15421.7722611269 	 dlt: 0.000258276107737443
mae: 0.162509657999859 	rmse: 0.208508738138545 
[1] "2022-04-26 14:45:35 HKT"
Epoch 529 	 loss: 15418.7490804311 	 dlt: 1.81835380724661e-05
mae: 0.162506231658489 	rmse: 0.208505086416954 
[1] "2022-04-26 14:45:49 HKT"
Epoch 531 	 loss: 15416.17373694 	 dlt: 0.000152268065161993
mae: 0.16248909995164 	rmse: 0.208485000804891 
[1] "2022-04-26 14:46:03 HKT"
Epoch 533 	 loss: 15421.043446462 	 dlt: 0.000260209697600698
mae: 0.162497665805065 	rmse: 0.208494587361112 
[1] "2022-04-26 14:46:17 HKT"
Epoch 535 	 loss: 15421.0840960458 	 dlt: 0.000419153545541279
mae: 0.162518223853284 	rmse: 0.208526539365527 
[1] "2022-04-26 14:46:31 HKT"
Epoch 537 	 loss: 15423.7530890602 	 dlt: 4.19919824311408e-05
mae: 0.162511371170544 	rmse: 0.208519236481888 
[1] "2022-04-26 14:46:45 HKT"
Epoch 539 	 loss: 15422.5927665266 	 dlt: 0.00021757205661788
mae: 0.162465115562051 	rmse: 0.208487739865934 
[1] "2022-04-26 14:46:59 HKT"
Epoch 541 	 loss: 15417.4190885043 	 dlt: 0.000366320650660686
mae: 0.162459976049997 	rmse: 0.208483631260875 
[1] "2022-04-26 14:47:13 HKT"
Epoch 543 	 loss: 15420.8444507505 	 dlt: 6.36361554585635e-05
mae: 0.162377743857121 	rmse: 0.208440714323469 
[1] "2022-04-26 14:47:26 HKT"
Epoch 545 	 loss: 15423.2911751967 	 dlt: 9.33298027508976e-05
mae: 0.162369178003696 	rmse: 0.208432038549763 
[1] "2022-04-26 14:47:41 HKT"
Epoch 547 	 loss: 15433.1327105977 	 dlt: 0.000460405576047676
mae: 0.162348619955477 	rmse: 0.208412859242131 
[1] "2022-04-26 14:47:54 HKT"
Epoch 549 	 loss: 15429.6601332165 	 dlt: 8.19440067359575e-05
mae: 0.162340054102053 	rmse: 0.208405095687243 
[1] "2022-04-26 14:48:08 HKT"
Epoch 551 	 loss: 15428.5339907837 	 dlt: 5.37186477591826e-05
mae: 0.162314356541779 	rmse: 0.208384543704624 
[1] "2022-04-26 14:48:22 HKT"
Epoch 553 	 loss: 15434.407651089 	 dlt: 0.000149120386416297
mae: 0.162309217029724 	rmse: 0.208379519578347 
[1] "2022-04-26 14:48:36 HKT"
Epoch 555 	 loss: 15435.8832976177 	 dlt: 0.000230370995398725
mae: 0.162298938005615 	rmse: 0.20836398969486 
[1] "2022-04-26 14:48:50 HKT"
Epoch 557 	 loss: 15439.8816911414 	 dlt: 0.000208042755649282
mae: 0.162288658981505 	rmse: 0.208345717761673 
[1] "2022-04-26 14:49:03 HKT"
Epoch 559 	 loss: 15440.6815294484 	 dlt: 3.72085665324055e-05
mae: 0.162250969226437 	rmse: 0.208326530507031 
[1] "2022-04-26 14:49:17 HKT"
Epoch 561 	 loss: 15441.2520043837 	 dlt: 8.71053328076961e-05
mae: 0.162242403373013 	rmse: 0.208319677487803 
[1] "2022-04-26 14:49:31 HKT"
Epoch 563 	 loss: 15444.9718105018 	 dlt: 5.62864681230892e-05
mae: 0.162235550690273 	rmse: 0.208319677487803 
[1] "2022-04-26 14:49:45 HKT"
Epoch 565 	 loss: 15446.6648560043 	 dlt: 7.11105258340302e-05
mae: 0.162214992642054 	rmse: 0.208302315496698 
[1] "2022-04-26 14:49:59 HKT"
Epoch 567 	 loss: 15449.1458173735 	 dlt: 0.000239173990384665
mae: 0.16220642678863 	rmse: 0.208294547821623 
[1] "2022-04-26 14:50:12 HKT"
Epoch 569 	 loss: 15445.9371107241 	 dlt: 3.86945942139324e-05
mae: 0.162168737033562 	rmse: 0.208265302211198 
[1] "2022-04-26 14:50:26 HKT"
Epoch 571 	 loss: 15449.7208323231 	 dlt: 0.000234850717442368
mae: 0.162168737033562 	rmse: 0.208264388219698 
[1] "2022-04-26 14:50:40 HKT"
Epoch 573 	 loss: 15453.1824774089 	 dlt: 7.09829814346347e-05
mae: 0.162167023862877 	rmse: 0.208262103223398 
[1] "2022-04-26 14:50:54 HKT"
Epoch 575 	 loss: 15449.4726322427 	 dlt: 0.000259213749936722
mae: 0.162163597521507 	rmse: 0.208262103223398 
[1] "2022-04-26 14:51:08 HKT"
Epoch 577 	 loss: 15450.7111085367 	 dlt: 3.53217242717257e-05
mae: 0.162167023862877 	rmse: 0.208265759205444 
[1] "2022-04-26 14:51:22 HKT"
Epoch 579 	 loss: 15449.6312076927 	 dlt: 4.76305270220235e-05
mae: 0.162184155569726 	rmse: 0.208280382491886 
[1] "2022-04-26 14:51:36 HKT"
Epoch 581 	 loss: 15449.2025570977 	 dlt: 0.000120975527713094
mae: 0.162175589716301 	rmse: 0.208269872108534 
[1] "2022-04-26 14:51:50 HKT"
Epoch 583 	 loss: 15450.1141930859 	 dlt: 0.00016569643018515
mae: 0.162208139959314 	rmse: 0.20832150498164 
[1] "2022-04-26 14:52:03 HKT"
Epoch 585 	 loss: 15449.0087865011 	 dlt: 5.08885967979914e-05
mae: 0.162209853129999 	rmse: 0.208325616784159 
[1] "2022-04-26 14:52:18 HKT"
Epoch 587 	 loss: 15452.6542185014 	 dlt: 2.60228231544794e-05
mae: 0.162214992642054 	rmse: 0.208328814796678 
[1] "2022-04-26 14:52:31 HKT"
Epoch 589 	 loss: 15451.0482526413 	 dlt: 5.88615759753776e-06
mae: 0.162191008252465 	rmse: 0.208305970772977 
[1] "2022-04-26 14:52:45 HKT"
Epoch 591 	 loss: 15450.1960840675 	 dlt: 8.83064950402522e-05
mae: 0.16218929508178 	rmse: 0.208304600051889 
[1] "2022-04-26 14:52:59 HKT"
Epoch 593 	 loss: 15450.6388113152 	 dlt: 5.87310422830424e-05
mae: 0.162191008252465 	rmse: 0.208305970772977 
[1] "2022-04-26 14:53:12 HKT"
Epoch 595 	 loss: 15457.2173524211 	 dlt: 0.000272753837301219
mae: 0.16219272142315 	rmse: 0.208318306856904 
[1] "2022-04-26 14:53:26 HKT"
Epoch 597 	 loss: 15457.3369146155 	 dlt: 9.30916171235249e-05
mae: 0.162194434593835 	rmse: 0.20832150498164 
[1] "2022-04-26 14:53:41 HKT"
Epoch 599 	 loss: 15457.4433726271 	 dlt: 7.7674688293331e-06
mae: 0.162185868740411 	rmse: 0.208317393097961 
[1] "2022-04-26 14:53:55 HKT"
Epoch 601 	 loss: 15455.7573793032 	 dlt: 7.56224280071864e-05
mae: 0.162170450204246 	rmse: 0.208307798387064 
[1] "2022-04-26 14:54:09 HKT"
Epoch 603 	 loss: 15457.5067050372 	 dlt: 4.14620646451251e-05
mae: 0.162151605326712 	rmse: 0.20828723680399 
[1] "2022-04-26 14:54:23 HKT"
Epoch 605 	 loss: 15459.6426846014 	 dlt: 0.000224896247490404
mae: 0.162156744838767 	rmse: 0.208293177025364 
[1] "2022-04-26 14:54:37 HKT"
Epoch 607 	 loss: 15458.4267783957 	 dlt: 2.64912761059147e-05
mae: 0.162197860935205 	rmse: 0.208359878649597 
[1] "2022-04-26 14:54:51 HKT"
Epoch 609 	 loss: 15460.0286666258 	 dlt: 2.98197095042558e-05
mae: 0.16219957410589 	rmse: 0.208360335436409 
[1] "2022-04-26 14:55:05 HKT"
Epoch 611 	 loss: 15455.6102721483 	 dlt: 3.25108402609456e-05
mae: 0.16219614776452 	rmse: 0.208357594700512 
[1] "2022-04-26 14:55:18 HKT"
Epoch 613 	 loss: 15460.1434859296 	 dlt: 0.000162839446453022
mae: 0.162245829714382 	rmse: 0.208432038549763 
[1] "2022-04-26 14:55:32 HKT"
Epoch 615 	 loss: 15453.5373644075 	 dlt: 0.000165712953766477
mae: 0.162245829714382 	rmse: 0.208432038549763 
[1] "2022-04-26 14:55:46 HKT"
Epoch 617 	 loss: 15457.4860565062 	 dlt: 2.26379713773897e-05
mae: 0.162244116543697 	rmse: 0.208431581920091 
[1] "2022-04-26 14:56:00 HKT"
Epoch 619 	 loss: 15459.3878735315 	 dlt: 6.78995215494305e-06
mae: 0.162240690202328 	rmse: 0.208426102285994 
[1] "2022-04-26 14:56:14 HKT"
Epoch 621 	 loss: 15455.9132561535 	 dlt: 0.000170531237562856
mae: 0.162244116543697 	rmse: 0.208429755391398 
[1] "2022-04-26 14:56:29 HKT"
Epoch 623 	 loss: 15453.7716528141 	 dlt: 0.000115775444740872
mae: 0.162271527274656 	rmse: 0.208462630459268 
[1] "2022-04-26 14:56:43 HKT"
Epoch 625 	 loss: 15451.9621766766 	 dlt: 0.0001050056884959
mae: 0.162345193614107 	rmse: 0.208595447737503 
[1] "2022-04-26 14:56:57 HKT"
Epoch 627 	 loss: 15452.7428507986 	 dlt: 0.000227656365926251
mae: 0.162328061907258 	rmse: 0.20857537082715 
[1] "2022-04-26 14:57:10 HKT"
Epoch 629 	 loss: 15457.0409046863 	 dlt: 2.77654960149208e-05
mae: 0.162328061907258 	rmse: 0.20857537082715 
[1] "2022-04-26 14:57:25 HKT"
Epoch 631 	 loss: 15462.4985950776 	 dlt: 0.000340661281003929
mae: 0.162326348736573 	rmse: 0.208573089237782 
[1] "2022-04-26 14:57:38 HKT"
Epoch 633 	 loss: 15466.4575067122 	 dlt: 9.99596026262394e-05
mae: 0.162304077517669 	rmse: 0.208554379263444 
[1] "2022-04-26 14:57:52 HKT"
Epoch 635 	 loss: 15473.6570854856 	 dlt: 0.000207770525595897
mae: 0.162322922395203 	rmse: 0.208568525984168 
[1] "2022-04-26 14:58:06 HKT"
Epoch 637 	 loss: 15473.4510694196 	 dlt: 8.9748480512676e-05
mae: 0.162266387762601 	rmse: 0.208519692919608 
[1] "2022-04-26 14:58:19 HKT"
Epoch 639 	 loss: 15468.5956516873 	 dlt: 0.000231834968228149
mae: 0.162266387762601 	rmse: 0.208519692919608 
[1] "2022-04-26 14:58:33 HKT"
Epoch 641 	 loss: 15472.6186816412 	 dlt: 0.000277815499416052
mae: 0.162262961421232 	rmse: 0.208516954278298 
[1] "2022-04-26 14:58:48 HKT"
Epoch 643 	 loss: 15486.3625855054 	 dlt: 0.000768145754987374
mae: 0.162257821909177 	rmse: 0.208521062226775 
[1] "2022-04-26 14:59:02 HKT"
Epoch 645 	 loss: 15473.6757659212 	 dlt: 5.48354233095933e-05
mae: 0.162261248250547 	rmse: 0.208531103537928 
[1] "2022-04-26 14:59:16 HKT"
Epoch 647 	 loss: 15476.3031537196 	 dlt: 0.000113029310836612
mae: 0.162240690202328 	rmse: 0.208515584944154 
[1] "2022-04-26 14:59:30 HKT"
Epoch 649 	 loss: 15471.9315307383 	 dlt: 0.00018798952497552
mae: 0.162249256055752 	rmse: 0.208525170094326 
[1] "2022-04-26 14:59:44 HKT"
Epoch 651 	 loss: 15467.4665665939 	 dlt: 1.53415217131337e-05
mae: 0.16228694581082 	rmse: 0.208579933931015 
[1] "2022-04-26 14:59:58 HKT"
Epoch 653 	 loss: 15466.3684335081 	 dlt: 1.42510002510708e-06
mae: 0.162238977031643 	rmse: 0.208555291984061 
[1] "2022-04-26 15:00:11 HKT"
Epoch 655 	 loss: 15468.9538236673 	 dlt: 0.000104343352267429
mae: 0.162223558495479 	rmse: 0.208541144365588 
[1] "2022-04-26 15:00:25 HKT"
Epoch 657 	 loss: 15466.2468241394 	 dlt: 1.06127624313482e-05
mae: 0.162204713617945 	rmse: 0.208527908627736 
[1] "2022-04-26 15:00:38 HKT"
Epoch 659 	 loss: 15466.8348407547 	 dlt: 1.67324055315444e-05
mae: 0.162179016057671 	rmse: 0.208725444596081 
[1] "2022-04-26 15:00:52 HKT"
Epoch 661 	 loss: 15469.5554824143 	 dlt: 0.000203950112678842
mae: 0.162180729228356 	rmse: 0.208725900582869 
[1] "2022-04-26 15:01:06 HKT"
Epoch 663 	 loss: 15472.4243789797 	 dlt: 0.00018349561540474
mae: 0.162177302886986 	rmse: 0.208719516677174 
[1] "2022-04-26 15:01:20 HKT"
Epoch 665 	 loss: 15470.7866107519 	 dlt: 0.000167329974645972
mae: 0.162175589716301 	rmse: 0.208717236663534 
[1] "2022-04-26 15:01:34 HKT"
Epoch 667 	 loss: 15470.7367590598 	 dlt: 1.32004730040356e-05
mae: 0.162136186790548 	rmse: 0.208739579723347 
[1] "2022-04-26 15:01:48 HKT"
Epoch 669 	 loss: 15473.049340716 	 dlt: 0.000143995918917176
mae: 0.162149892156027 	rmse: 0.208751434253363 
[1] "2022-04-26 15:02:02 HKT"
Epoch 671 	 loss: 15470.9152937115 	 dlt: 0.000141803832815914
mae: 0.162158458009452 	rmse: 0.208835764365268 
[1] "2022-04-26 15:02:16 HKT"
Epoch 673 	 loss: 15473.7719144638 	 dlt: 0.000178482532176657
mae: 0.162155031668082 	rmse: 0.208830295336778 
[1] "2022-04-26 15:02:30 HKT"
Epoch 675 	 loss: 15475.1056631319 	 dlt: 0.000176493988847669
mae: 0.162187581911095 	rmse: 0.208899103510505 
[1] "2022-04-26 15:02:44 HKT"
Epoch 677 	 loss: 15477.6378632615 	 dlt: 0.000120168773164431
mae: 0.162143039473287 	rmse: 0.20882254730123 
[1] "2022-04-26 15:02:57 HKT"
Epoch 679 	 loss: 15476.9477713351 	 dlt: 5.50512313879042e-05
mae: 0.162203000447259 	rmse: 0.208820268412534 
[1] "2022-04-26 15:03:12 HKT"
Epoch 681 	 loss: 15474.8974985978 	 dlt: 4.38113430787935e-05
mae: 0.162201287276575 	rmse: 0.20881981263181 
[1] "2022-04-26 15:03:25 HKT"
Epoch 683 	 loss: 15483.5510544245 	 dlt: 0.000469420983646556
mae: 0.16229037215219 	rmse: 0.209094923266376 
[1] "2022-04-26 15:03:39 HKT"
Epoch 685 	 loss: 15481.0722373616 	 dlt: 9.40305347359803e-05
mae: 0.16229379849356 	rmse: 0.208995670133946 
[1] "2022-04-26 15:03:53 HKT"
Epoch 687 	 loss: 15480.1774081356 	 dlt: 1.75899956493563e-05
mae: 0.162333201419313 	rmse: 0.209068976308699 
[1] "2022-04-26 15:04:06 HKT"
Epoch 689 	 loss: 15481.8112171974 	 dlt: 0.000288308522503
mae: 0.162333201419313 	rmse: 0.209067155348644 
[1] "2022-04-26 15:04:20 HKT"
Epoch 691 	 loss: 15480.9041763741 	 dlt: 3.19547458892955e-05
mae: 0.162285232640135 	rmse: 0.209085364235536 
[1] "2022-04-26 15:04:35 HKT"
Epoch 693 	 loss: 15478.9450784215 	 dlt: 6.03767153184023e-05
mae: 0.162209853129999 	rmse: 0.209038017830445 
[1] "2022-04-26 15:04:49 HKT"
Epoch 695 	 loss: 15479.8016736383 	 dlt: 0.000148347070878641
mae: 0.162209853129999 	rmse: 0.209038017830445 
[1] "2022-04-26 15:05:03 HKT"
Epoch 697 	 loss: 15481.1010656644 	 dlt: 4.23985898206048e-05
mae: 0.162211566300684 	rmse: 0.209038473135401 
[1] "2022-04-26 15:05:17 HKT"
Epoch 699 	 loss: 15481.9255441507 	 dlt: 5.97366182211153e-05
mae: 0.162208139959314 	rmse: 0.209035741290789 
[1] "2022-04-26 15:05:31 HKT"
Epoch 701 	 loss: 15483.5613078588 	 dlt: 0.000115395344047885
mae: 0.162208139959314 	rmse: 0.209035741290789 
[1] "2022-04-26 15:05:45 HKT"
Epoch 703 	 loss: 15484.4884384195 	 dlt: 8.45151114463412e-05
mae: 0.162204713617944 	rmse: 0.209039383742337 
[1] "2022-04-26 15:05:59 HKT"
Epoch 705 	 loss: 15490.1526040897 	 dlt: 3.25339949414656e-05
mae: 0.162204713617944 	rmse: 0.209024813555305 
[1] "2022-04-26 15:06:13 HKT"
Epoch 707 	 loss: 15490.8616262632 	 dlt: 0.000197163919713158
mae: 0.162201287276574 	rmse: 0.209022081532167 
[1] "2022-04-26 15:06:26 HKT"
Epoch 709 	 loss: 15490.1774257058 	 dlt: 1.50988351178954e-05
mae: 0.162218418983424 	rmse: 0.209047579026273 
[1] "2022-04-26 15:06:40 HKT"
Epoch 711 	 loss: 15487.6778276513 	 dlt: 8.51245453027362e-05
mae: 0.162218418983424 	rmse: 0.209047579026273 
[1] "2022-04-26 15:06:54 HKT"
Epoch 713 	 loss: 15493.2842904356 	 dlt: 0.000132488851147056
mae: 0.162206426788629 	rmse: 0.209030732816273 
[1] "2022-04-26 15:07:08 HKT"
Epoch 715 	 loss: 15494.5400358121 	 dlt: 5.64379349190484e-05
mae: 0.16218244239904 	rmse: 0.209011608445987 
[1] "2022-04-26 15:07:22 HKT"
Epoch 717 	 loss: 15497.0823943573 	 dlt: 9.48726191961295e-06
mae: 0.16218244239904 	rmse: 0.209013429889976 
[1] "2022-04-26 15:07:36 HKT"
Epoch 719 	 loss: 15494.8644917679 	 dlt: 0.000203316299236403
mae: 0.16218244239904 	rmse: 0.209013429889976 
[1] "2022-04-26 15:07:50 HKT"
Epoch 721 	 loss: 15495.0285956313 	 dlt: 3.40005947816553e-05
mae: 0.162264674591916 	rmse: 0.209100840542667 
[1] "2022-04-26 15:08:04 HKT"
Epoch 723 	 loss: 15494.7592681773 	 dlt: 5.40866411659954e-06
mae: 0.16228351946945 	rmse: 0.209135885592647 
[1] "2022-04-26 15:08:18 HKT"
Epoch 725 	 loss: 15496.1470420364 	 dlt: 0.000145969179611233
mae: 0.162281806298765 	rmse: 0.209133610118338 
[1] "2022-04-26 15:08:32 HKT"
Epoch 727 	 loss: 15496.3852136375 	 dlt: 1.98243473227967e-05
mae: 0.162278379957395 	rmse: 0.209131789721065 
[1] "2022-04-26 15:08:45 HKT"
Epoch 729 	 loss: 15496.6758439415 	 dlt: 0.000100965447331029
mae: 0.16228009312808 	rmse: 0.209132244821869 
[1] "2022-04-26 15:08:59 HKT"
Epoch 731 	 loss: 15501.8298941035 	 dlt: 0.000253905475297204
mae: 0.162250969226437 	rmse: 0.2091144951566 
[1] "2022-04-26 15:09:13 HKT"
Epoch 733 	 loss: 15501.4267607611 	 dlt: 0.000154861090337205
mae: 0.162228698007533 	rmse: 0.209095833627474 
[1] "2022-04-26 15:09:27 HKT"
Epoch 735 	 loss: 15502.9375830144 	 dlt: 4.9880565890681e-05
mae: 0.162223558495478 	rmse: 0.209093557717297 
[1] "2022-04-26 15:09:41 HKT"
Epoch 737 	 loss: 15503.0418603815 	 dlt: 6.02734198511661e-05
mae: 0.162221845324793 	rmse: 0.209093102532289 
[1] "2022-04-26 15:09:55 HKT"
Epoch 739 	 loss: 15501.0362492983 	 dlt: 0.000187798200362273
mae: 0.162221845324793 	rmse: 0.209093102532289 
[1] "2022-04-26 15:10:09 HKT"
Epoch 741 	 loss: 15498.949275951 	 dlt: 0.000222278688446048
mae: 0.162206426788629 	rmse: 0.209075349543995 
[1] "2022-04-26 15:10:23 HKT"
Epoch 743 	 loss: 15506.3189134799 	 dlt: 6.37322917832028e-05
mae: 0.162208139959314 	rmse: 0.209076715211997 
[1] "2022-04-26 15:10:37 HKT"
Epoch 745 	 loss: 15506.7541354982 	 dlt: 4.86286805565224e-05
mae: 0.162285232640135 	rmse: 0.209200043777922 
[1] "2022-04-26 15:10:51 HKT"
Epoch 747 	 loss: 15508.9067751181 	 dlt: 9.89240721632551e-05
mae: 0.162214992642054 	rmse: 0.209206867958868 
[1] "2022-04-26 15:11:05 HKT"
Epoch 749 	 loss: 15507.9148148552 	 dlt: 7.48287549549495e-05
mae: 0.162194434593835 	rmse: 0.209191399495811 
[1] "2022-04-26 15:11:19 HKT"
Epoch 751 	 loss: 15506.5913566038 	 dlt: 1.63189905456168e-05
mae: 0.162180729228355 	rmse: 0.209176839897417 
[1] "2022-04-26 15:11:32 HKT"
Epoch 753 	 loss: 15509.2516040953 	 dlt: 1.90118563759965e-05
mae: 0.16217901605767 	rmse: 0.209174564868624 
[1] "2022-04-26 15:11:46 HKT"
Epoch 755 	 loss: 15510.0791584247 	 dlt: 8.24701139482842e-05
mae: 0.16217901605767 	rmse: 0.209174564868624 
[1] "2022-04-26 15:12:00 HKT"
Epoch 757 	 loss: 15511.8964125808 	 dlt: 0.000106839882655016
mae: 0.162153318497397 	rmse: 0.209153178388369 
[1] "2022-04-26 15:12:14 HKT"
Epoch 759 	 loss: 15514.0567038836 	 dlt: 0.000191563863576298
mae: 0.162153318497397 	rmse: 0.209153178388369 
[1] "2022-04-26 15:12:28 HKT"
Epoch 761 	 loss: 15520.6444851193 	 dlt: 0.000409954271819014
mae: 0.162153318497397 	rmse: 0.209153178388369 
[1] "2022-04-26 15:12:43 HKT"
Epoch 763 	 loss: 15515.1230293759 	 dlt: 6.51690531070286e-06
mae: 0.162153318497397 	rmse: 0.209153178388369 
[1] "2022-04-26 15:12:57 HKT"
Epoch 765 	 loss: 15512.452373185 	 dlt: 0.000148967672303553
mae: 0.162153318497397 	rmse: 0.209151358161413 
[1] "2022-04-26 15:13:10 HKT"
Epoch 767 	 loss: 15511.4046369522 	 dlt: 0.000120767960373255
mae: 0.162153318497397 	rmse: 0.209149537918616 
[1] "2022-04-26 15:13:24 HKT"
Epoch 769 	 loss: 15512.465462979 	 dlt: 2.76601241400122e-05
mae: 0.162144752643972 	rmse: 0.209147262592841 
[1] "2022-04-26 15:13:38 HKT"
Epoch 771 	 loss: 15512.0360423512 	 dlt: 0.00016169194358935
mae: 0.162146465814657 	rmse: 0.209149537918616 
[1] "2022-04-26 15:13:52 HKT"
Epoch 773 	 loss: 15515.1547490718 	 dlt: 0.000181583551646648
mae: 0.162131047278493 	rmse: 0.209137250865348 
[1] "2022-04-26 15:14:06 HKT"
Epoch 775 	 loss: 15516.6496083544 	 dlt: 0.00015971733773153
mae: 0.162127620937123 	rmse: 0.209136340684538 
[1] "2022-04-26 15:14:20 HKT"
Epoch 777 	 loss: 15513.2361718146 	 dlt: 9.46258927106616e-05
mae: 0.162129334107808 	rmse: 0.209142256789003 
[1] "2022-04-26 15:14:34 HKT"
Epoch 779 	 loss: 15512.8273802627 	 dlt: 0.000285808757382299
mae: 0.162127620937123 	rmse: 0.20914089154898 
[1] "2022-04-26 15:14:48 HKT"
Epoch 781 	 loss: 15511.751085853 	 dlt: 9.01935457608864e-05
mae: 0.162120768254383 	rmse: 0.209149082855441 
[1] "2022-04-26 15:15:02 HKT"
Epoch 783 	 loss: 15513.3429980548 	 dlt: 0.000177513577217619
mae: 0.162125907766438 	rmse: 0.209174109859896 
[1] "2022-04-26 15:15:16 HKT"
Epoch 785 	 loss: 15514.0601664685 	 dlt: 9.01086031617934e-05
mae: 0.162052241426987 	rmse: 0.209162734320007 
[1] "2022-04-26 15:15:30 HKT"
Epoch 787 	 loss: 15509.8382778931 	 dlt: 1.19538829953919e-06
mae: 0.162050528256302 	rmse: 0.209161369213645 
[1] "2022-04-26 15:15:44 HKT"
Epoch 789 	 loss: 15509.616337613 	 dlt: 2.34458821929097e-05
mae: 0.162043675573562 	rmse: 0.20915954905797 
[1] "2022-04-26 15:15:58 HKT"
Epoch 791 	 loss: 15511.291000959 	 dlt: 2.6959561772453e-05
mae: 0.162041962402877 	rmse: 0.209159094016577 
[1] "2022-04-26 15:16:12 HKT"
Epoch 793 	 loss: 15512.689249554 	 dlt: 0.000121266787112913
mae: 0.162036822890823 	rmse: 0.209152268276871 
[1] "2022-04-26 15:16:26 HKT"
Epoch 795 	 loss: 15510.8259946122 	 dlt: 0.00010377980279985
mae: 0.162036822890823 	rmse: 0.209152268276871 
[1] "2022-04-26 15:16:40 HKT"
Epoch 797 	 loss: 15514.9743063045 	 dlt: 3.71112869868097e-05
mae: 0.162023117525344 	rmse: 0.209138616129137 
[1] "2022-04-26 15:16:54 HKT"
Epoch 799 	 loss: 15515.4155183111 	 dlt: 0.000109345951317171
mae: 0.162023117525344 	rmse: 0.209142256789003 

Attaching package: ‘dplyr’

The following objects are masked from ‘package:stats’:

    filter, lag

The following objects are masked from ‘package:base’:

    intersect, setdiff, setequal, union


> dim = 2

> a <- max(FU[2, ])

> b <- max(FV[2, ])

> U <- matrix(0, nrow = dim, ncol = N)

> V <- matrix(0, nrow = dim, ncol = M)

> WU <- matrix(0, nrow = 1 + a, ncol = dim)

> WV <- matrix(0, nrow = 1 + b, ncol = dim)

> aaa <- grad_ws_lpmf(train, t(U), t(V), t(FU), t(FV), 
+     t(WU), t(WV), 1, 1, 0.1, 0.1, 30000, nrow(train))
[1] 1e-08 1e+00 1e+00 1e+03 1e+03
[1] 8
[1] "2022-04-26 17:11:28 HKT"
Epoch 1 	 loss: 15831.0951669786 	 dlt: 0.0125818639929172
mae: 0.318488709348615 	rmse: 0.362509497101563 
[1] "2022-04-26 17:11:31 HKT"
Epoch 3 	 loss: 9900.96464939862 	 dlt: 0.275191022822772
mae: 0.318488709348615 	rmse: 0.362509497101563 
[1] "2022-04-26 17:11:34 HKT"
Epoch 5 	 loss: 7580.57902881351 	 dlt: 0.0728721745489897
mae: 0.318488709348615 	rmse: 0.362509497101563 
[1] "2022-04-26 17:11:37 HKT"
Epoch 7 	 loss: 7524.55948412756 	 dlt: 0.0262265930879098
mae: 0.318519546420943 	rmse: 0.362542576642271 
[1] "2022-04-26 17:11:40 HKT"
Epoch 9 	 loss: 7483.03362379068 	 dlt: 0.0124584312875493
mae: 0.318454445934917 	rmse: 0.362489542903179 
[1] "2022-04-26 17:11:42 HKT"
Epoch 11 	 loss: 7689.04939748427 	 dlt: 0.0242860919025403
mae: 0.318363647888617 	rmse: 0.362399998041428 
[1] "2022-04-26 17:11:45 HKT"
Epoch 13 	 loss: 8019.85265948716 	 dlt: 0.0324588708121432
mae: 0.317870254731365 	rmse: 0.361897506189298 
[1] "2022-04-26 17:11:48 HKT"
Epoch 15 	 loss: 8417.87542500564 	 dlt: 0.0142531813578648
mae: 0.317107893776584 	rmse: 0.361136923058522 
[1] "2022-04-26 17:11:51 HKT"
Epoch 17 	 loss: 8754.67351306748 	 dlt: 0.0186092261503437
mae: 0.315004120175522 	rmse: 0.359075381040325 
[1] "2022-04-26 17:11:54 HKT"
Epoch 19 	 loss: 9148.0009935876 	 dlt: 0.0234812696390057
mae: 0.306750063815654 	rmse: 0.351018376428995 
[1] "2022-04-26 17:11:56 HKT"
Epoch 21 	 loss: 9286.53710101559 	 dlt: 0.00428727738450327
mae: 0.280831504523746 	rmse: 0.324734812872284 
[1] "2022-04-26 17:11:59 HKT"
Epoch 23 	 loss: 9557.15510149934 	 dlt: 0.00619174009237418
mae: 0.245855411820755 	rmse: 0.285294461201649 
[1] "2022-04-26 17:12:02 HKT"
Epoch 25 	 loss: 9807.22925893342 	 dlt: 0.0117549362067251
mae: 0.239604051991529 	rmse: 0.277377206624273 
[1] "2022-04-26 17:12:04 HKT"
Epoch 27 	 loss: 9990.86679473866 	 dlt: 0.00799410209054184
mae: 0.238343158367436 	rmse: 0.27595230663111 
[1] "2022-04-26 17:12:07 HKT"
Epoch 29 	 loss: 10222.1600328744 	 dlt: 0.0111685786864742
mae: 0.237219318398135 	rmse: 0.274930197389429 
[1] "2022-04-26 17:12:10 HKT"
Epoch 31 	 loss: 10379.7445780043 	 dlt: 0.00679227186565597
mae: 0.23462215163981 	rmse: 0.272484266280067 
[1] "2022-04-26 17:12:13 HKT"
Epoch 33 	 loss: 10540.8359780876 	 dlt: 0.00816183064085868
mae: 0.231511033676011 	rmse: 0.269696640916236 
[1] "2022-04-26 17:12:16 HKT"
Epoch 35 	 loss: 10648.0895004368 	 dlt: 0.00366344585102459
mae: 0.22621562308895 	rmse: 0.264944609297456 
[1] "2022-04-26 17:12:19 HKT"
Epoch 37 	 loss: 10828.5351360825 	 dlt: 0.00987534741002374
mae: 0.219297839863281 	rmse: 0.258591977136723 
[1] "2022-04-26 17:12:21 HKT"
Epoch 39 	 loss: 10897.9310341215 	 dlt: 0.00335891809678212
mae: 0.211614269341456 	rmse: 0.251272668292546 
[1] "2022-04-26 17:12:24 HKT"
Epoch 41 	 loss: 10978.6963070965 	 dlt: 0.00547173029725927
mae: 0.203721691996072 	rmse: 0.243532082560574 
[1] "2022-04-26 17:12:27 HKT"
Epoch 43 	 loss: 11235.1916637568 	 dlt: 0.00137578441557964
mae: 0.198179584830386 	rmse: 0.237890981325712 
[1] "2022-04-26 17:12:30 HKT"
Epoch 45 	 loss: 11167.0298863899 	 dlt: 0.00252409197242235
mae: 0.192087549874844 	rmse: 0.231853942074935 
[1] "2022-04-26 17:12:32 HKT"
Epoch 47 	 loss: 11295.0603937756 	 dlt: 0.00495668900405339
mae: 0.186775007580934 	rmse: 0.226298585666823 
[1] "2022-04-26 17:12:35 HKT"
Epoch 49 	 loss: 11340.8144838422 	 dlt: 0.00284535584583512
mae: 0.1834977120607 	rmse: 0.222738998888346 
[1] "2022-04-26 17:12:38 HKT"
Epoch 51 	 loss: 11359.4930382761 	 dlt: 0.00360587593204081
mae: 0.180813173597445 	rmse: 0.219558986364645 
[1] "2022-04-26 17:12:41 HKT"
Epoch 53 	 loss: 11446.4292530471 	 dlt: 0.00353430512449582
mae: 0.179005778524864 	rmse: 0.217501987550664 
[1] "2022-04-26 17:12:44 HKT"
Epoch 55 	 loss: 11512.3756561403 	 dlt: 0.00173443461143991
mae: 0.178217720009805 	rmse: 0.216599560383994 
[1] "2022-04-26 17:12:47 HKT"
Epoch 57 	 loss: 11579.9201227644 	 dlt: 0.00258105859694735
mae: 0.177972736601863 	rmse: 0.216337073190057 
[1] "2022-04-26 17:12:49 HKT"
Epoch 59 	 loss: 11628.6007181913 	 dlt: 0.00255685505559616
mae: 0.177666079049264 	rmse: 0.215968526324424 
[1] "2022-04-26 17:12:52 HKT"
Epoch 61 	 loss: 11694.4845183984 	 dlt: 0.00268095119931922
mae: 0.177414242958582 	rmse: 0.215720272618935 
[1] "2022-04-26 17:12:55 HKT"
Epoch 63 	 loss: 11742.1879369801 	 dlt: 0.00107866976950684
mae: 0.177306313205433 	rmse: 0.215643048500481 
[1] "2022-04-26 17:12:58 HKT"
Epoch 65 	 loss: 11796.1262346315 	 dlt: 0.00210482189971467
mae: 0.177129856624887 	rmse: 0.215465990576131 
[1] "2022-04-26 17:13:01 HKT"
Epoch 67 	 loss: 11846.1857791648 	 dlt: 0.00293511062373054
mae: 0.176890012729 	rmse: 0.215222906148196 
[1] "2022-04-26 17:13:03 HKT"
Epoch 69 	 loss: 11892.0923050277 	 dlt: 0.0018819306756497
mae: 0.176612479078044 	rmse: 0.214971577715351 
[1] "2022-04-26 17:13:06 HKT"
Epoch 71 	 loss: 11957.3186002457 	 dlt: 0.00239297311605563
mae: 0.176203031284351 	rmse: 0.214660993811877 
[1] "2022-04-26 17:13:09 HKT"
Epoch 73 	 loss: 12013.8667876176 	 dlt: 0.00223451250213647
mae: 0.175983745436683 	rmse: 0.214454279727134 
[1] "2022-04-26 17:13:12 HKT"
Epoch 75 	 loss: 12048.9139399604 	 dlt: 0.000614086723328899
mae: 0.175844978611205 	rmse: 0.214359728152797 
[1] "2022-04-26 17:13:14 HKT"
Epoch 77 	 loss: 12080.8531503025 	 dlt: 0.000505113429902354
mae: 0.175675374713399 	rmse: 0.214240258321101 
[1] "2022-04-26 17:13:17 HKT"
Epoch 79 	 loss: 12131.1718152481 	 dlt: 0.0020693621647662
mae: 0.17545608886573 	rmse: 0.214097162161089 
[1] "2022-04-26 17:13:20 HKT"
Epoch 81 	 loss: 12167.1559644337 	 dlt: 0.000135262656514991
mae: 0.175259074236966 	rmse: 0.213949966662037 
[1] "2022-04-26 17:13:23 HKT"
Epoch 83 	 loss: 12213.6923099104 	 dlt: 0.00216659832626251
mae: 0.17498839326875 	rmse: 0.213820920557772 
[1] "2022-04-26 17:13:26 HKT"
Epoch 85 	 loss: 12247.2546401912 	 dlt: 0.000980876941683141
mae: 0.174765681079711 	rmse: 0.213666853238758 
[1] "2022-04-26 17:13:28 HKT"
Epoch 87 	 loss: 12289.5807031479 	 dlt: 0.00177642472992523
mae: 0.174491573770126 	rmse: 0.213468985458069 
[1] "2022-04-26 17:13:31 HKT"
Epoch 89 	 loss: 12321.941307251 	 dlt: 0.000684149114688697
mae: 0.174138660609034 	rmse: 0.213252189989956 
[1] "2022-04-26 17:13:34 HKT"
Epoch 91 	 loss: 12376.0190685138 	 dlt: 0.00139885139922503
mae: 0.173624709403561 	rmse: 0.212864442170522 
[1] "2022-04-26 17:13:37 HKT"
Epoch 93 	 loss: 12405.821579204 	 dlt: 0.0013229161384162
mae: 0.173448252823015 	rmse: 0.21274771159922 
[1] "2022-04-26 17:13:39 HKT"
Epoch 95 	 loss: 12425.0971400715 	 dlt: 0.000773708035728383
mae: 0.172983983567404 	rmse: 0.212427603896959 
[1] "2022-04-26 17:13:42 HKT"
Epoch 97 	 loss: 12450.8560451022 	 dlt: 0.0015490865087011
mae: 0.172703023575079 	rmse: 0.212242034116471 
[1] "2022-04-26 17:13:45 HKT"
Epoch 99 	 loss: 12490.0665093346 	 dlt: 0.000948819594451532
mae: 0.172518001141109 	rmse: 0.212106564376975 
[1] "2022-04-26 17:13:48 HKT"
Epoch 101 	 loss: 12527.416129267 	 dlt: 0.00179916039194115
mae: 0.171933809937554 	rmse: 0.211697387107236 
[1] "2022-04-26 17:13:51 HKT"
Epoch 103 	 loss: 12579.8388339802 	 dlt: 0.00365672156490477
mae: 0.171421571902765 	rmse: 0.211548521850864 
[1] "2022-04-26 17:13:53 HKT"
Epoch 105 	 loss: 12556.6680630536 	 dlt: 5.0455539641764e-06
mae: 0.17075686167702 	rmse: 0.211152236726871 
[1] "2022-04-26 17:13:56 HKT"
Epoch 107 	 loss: 12584.6354620809 	 dlt: 0.00151841407395795
mae: 0.170136693889083 	rmse: 0.210693780495921 
[1] "2022-04-26 17:13:59 HKT"
Epoch 109 	 loss: 12618.6864598499 	 dlt: 0.00175595354205138
mae: 0.16941030951868 	rmse: 0.210533808273296 
[1] "2022-04-26 17:14:02 HKT"
Epoch 111 	 loss: 12630.7030279919 	 dlt: 0.00124744929133629
mae: 0.168944327092384 	rmse: 0.210534712412593 
[1] "2022-04-26 17:14:04 HKT"
Epoch 113 	 loss: 12642.4186250071 	 dlt: 0.000815310140497774
mae: 0.168562290029649 	rmse: 0.210308104050208 
[1] "2022-04-26 17:14:07 HKT"
Epoch 115 	 loss: 12668.1247174738 	 dlt: 0.000390728918475115
mae: 0.167940409071026 	rmse: 0.209873654313972 
[1] "2022-04-26 17:14:10 HKT"
Epoch 117 	 loss: 12686.34031054 	 dlt: 0.000795378051731815
mae: 0.167515542741168 	rmse: 0.209853699690938 
[1] "2022-04-26 17:14:13 HKT"
Epoch 119 	 loss: 12708.2498640628 	 dlt: 0.00103081551992196
mae: 0.167040994461447 	rmse: 0.209737108622449 
[1] "2022-04-26 17:14:15 HKT"
Epoch 121 	 loss: 12729.6522270171 	 dlt: 0.000731777615460721
mae: 0.166662383740082 	rmse: 0.20946056951996 
[1] "2022-04-26 17:14:18 HKT"
Epoch 123 	 loss: 12737.3950213149 	 dlt: 0.000252118169327329
mae: 0.166306044237621 	rmse: 0.209237801454344 
[1] "2022-04-26 17:14:21 HKT"
Epoch 125 	 loss: 12759.0820452317 	 dlt: 0.00113488534897203
mae: 0.166047355464199 	rmse: 0.209103571536791 
[1] "2022-04-26 17:14:24 HKT"
Epoch 127 	 loss: 12783.3428351685 	 dlt: 0.000973058607688002
mae: 0.165773248154614 	rmse: 0.208925071565141 
[1] "2022-04-26 17:14:27 HKT"
Epoch 129 	 loss: 12824.2433665073 	 dlt: 0.000721971043128628
mae: 0.165487148650234 	rmse: 0.208770582456838 
[1] "2022-04-26 17:14:29 HKT"
Epoch 131 	 loss: 12856.7636162611 	 dlt: 0.00208929232911621
mae: 0.165089693051335 	rmse: 0.208505086416958 
[1] "2022-04-26 17:14:32 HKT"
Epoch 133 	 loss: 12851.8317500959 	 dlt: 0.00022582633688068
mae: 0.164741919402298 	rmse: 0.208263474224191 
[1] "2022-04-26 17:14:35 HKT"
Epoch 135 	 loss: 12867.2791194777 	 dlt: 0.00106413625305238
mae: 0.16432733209655 	rmse: 0.207972619914729 
[1] "2022-04-26 17:14:38 HKT"
Epoch 137 	 loss: 12895.2610922092 	 dlt: 0.00160477478398103
mae: 0.163998403325047 	rmse: 0.207750088850068 
[1] "2022-04-26 17:14:40 HKT"
Epoch 139 	 loss: 12913.1381441097 	 dlt: 0.00103370980709034
mae: 0.163729435527516 	rmse: 0.207561712805132 
[1] "2022-04-26 17:14:43 HKT"
Epoch 141 	 loss: 12929.7869114168 	 dlt: 0.00108187066964803
mae: 0.163237755540947 	rmse: 0.207253801486065 
[1] "2022-04-26 17:14:46 HKT"
Epoch 143 	 loss: 12951.3824305677 	 dlt: 0.000274768189872789
mae: 0.162747788725062 	rmse: 0.207009349565948 
[1] "2022-04-26 17:14:49 HKT"
Epoch 145 	 loss: 12958.0968861428 	 dlt: 0.000101362849467306
mae: 0.162316069712464 	rmse: 0.206772894080387 
[1] "2022-04-26 17:14:52 HKT"
Epoch 147 	 loss: 12967.8318392268 	 dlt: 0.000913403144529201
mae: 0.161879211187812 	rmse: 0.206764148325358 
[1] "2022-04-26 17:14:54 HKT"
Epoch 149 	 loss: 12973.8110403987 	 dlt: 0.000575091255763371
mae: 0.161707894119321 	rmse: 0.206661933656111 
[1] "2022-04-26 17:14:57 HKT"
Epoch 151 	 loss: 12982.9889531711 	 dlt: 0.000232095182337268
mae: 0.161154539988094 	rmse: 0.206651340957713 
[1] "2022-04-26 17:15:00 HKT"
Epoch 153 	 loss: 13003.6336623507 	 dlt: 0.000932714340805765
mae: 0.160902703897412 	rmse: 0.206488697894855 
[1] "2022-04-26 17:15:02 HKT"
Epoch 155 	 loss: 13010.629217598 	 dlt: 1.47571234428109e-05
mae: 0.160501821957143 	rmse: 0.206367899771626 
[1] "2022-04-26 17:15:05 HKT"
Epoch 157 	 loss: 13014.5849804821 	 dlt: 0.00028239318236605
mae: 0.160265404402625 	rmse: 0.206224879303327 
[1] "2022-04-26 17:15:07 HKT"
Epoch 159 	 loss: 13032.482764443 	 dlt: 0.000862318284890928
mae: 0.160174606356325 	rmse: 0.206199494342891 
[1] "2022-04-26 17:15:10 HKT"
Epoch 161 	 loss: 13040.0951246449 	 dlt: 0.000493444759493605
mae: 0.159933049289752 	rmse: 0.206020788096281 
[1] "2022-04-26 17:15:13 HKT"
Epoch 163 	 loss: 13054.6675221576 	 dlt: 0.00059050012613721
mae: 0.15969491856455 	rmse: 0.20587336579715 
[1] "2022-04-26 17:15:15 HKT"
Epoch 165 	 loss: 13085.8771612662 	 dlt: 0.00215996354310406
mae: 0.159636670761263 	rmse: 0.205842851449736 
[1] "2022-04-26 17:15:18 HKT"
Epoch 167 	 loss: 13077.7073320982 	 dlt: 0.000372114179077347
mae: 0.159521888325374 	rmse: 0.205750818675386 
[1] "2022-04-26 17:15:21 HKT"
Epoch 169 	 loss: 13086.6752705778 	 dlt: 0.000247897763614282
mae: 0.15939854003606 	rmse: 0.205667537477097 
[1] "2022-04-26 17:15:23 HKT"
Epoch 171 	 loss: 13097.5837816809 	 dlt: 0.000681116054226349
mae: 0.159316307843185 	rmse: 0.205620329825298 
[1] "2022-04-26 17:15:26 HKT"
Epoch 173 	 loss: 13113.5596096701 	 dlt: 0.000929974367258635
mae: 0.159191246383186 	rmse: 0.205549498018897 
[1] "2022-04-26 17:15:29 HKT"
Epoch 175 	 loss: 13114.1158362249 	 dlt: 1.78250885225761e-05
mae: 0.159131285409214 	rmse: 0.205518472483212 
[1] "2022-04-26 17:15:31 HKT"
Epoch 177 	 loss: 13126.3876889901 	 dlt: 0.000123542606340852
mae: 0.159011363461271 	rmse: 0.205417491297111 
[1] "2022-04-26 17:15:34 HKT"
Epoch 179 	 loss: 13135.5627424341 	 dlt: 0.000433240835810105
mae: 0.158956541999353 	rmse: 0.205410077878436 
[1] "2022-04-26 17:15:37 HKT"
Epoch 181 	 loss: 13148.8028155822 	 dlt: 0.000793676496331931
mae: 0.158663589812234 	rmse: 0.205263144318352 
[1] "2022-04-26 17:15:39 HKT"
Epoch 183 	 loss: 13161.6970323443 	 dlt: 0.000420564114478468
mae: 0.158571078595248 	rmse: 0.205177809698235 
[1] "2022-04-26 17:15:42 HKT"
Epoch 185 	 loss: 13173.9057050068 	 dlt: 0.000565892106777622
mae: 0.158367211283744 	rmse: 0.205079909444145 
[1] "2022-04-26 17:15:45 HKT"
Epoch 187 	 loss: 13176.4498758696 	 dlt: 9.62075995570412e-05
mae: 0.158293544944293 	rmse: 0.205048812855942 
[1] "2022-04-26 17:15:48 HKT"
Epoch 189 	 loss: 13182.2201879544 	 dlt: 0.000302032435194304
mae: 0.158245576165115 	rmse: 0.205015390368996 
[1] "2022-04-26 17:15:51 HKT"
Epoch 191 	 loss: 13190.4860305892 	 dlt: 0.000128458557098757
mae: 0.158026290317447 	rmse: 0.204877000425258 
[1] "2022-04-26 17:15:53 HKT"
Epoch 193 	 loss: 13201.6895014258 	 dlt: 0.000352473182533384
mae: 0.15765453227882 	rmse: 0.204816134989826 
[1] "2022-04-26 17:15:56 HKT"
Epoch 195 	 loss: 13209.2182360831 	 dlt: 0.0002382896601769
mae: 0.157548315696356 	rmse: 0.204727824722213 
[1] "2022-04-26 17:15:59 HKT"
Epoch 197 	 loss: 13228.5712744281 	 dlt: 0.00147263421760885
mae: 0.157498633746494 	rmse: 0.204702254113338 
[1] "2022-04-26 17:16:01 HKT"
Epoch 199 	 loss: 13225.8461817253 	 dlt: 0.00043020433191938
mae: 0.157311898141838 	rmse: 0.204671100146292 

Attaching package: ‘dplyr’

The following objects are masked from ‘package:stats’:

    filter, lag

The following objects are masked from ‘package:base’:

    intersect, setdiff, setequal, union


> dim = 2

> a <- max(FU[2, ])

> b <- max(FV[2, ])

> U <- matrix(0, nrow = dim, ncol = N)

> V <- matrix(0, nrow = dim, ncol = M)

> WU <- matrix(0, nrow = 1 + a, ncol = dim)

> WV <- matrix(0, nrow = 1 + b, ncol = dim)

> aaa <- grad_ws_lpmf(train, t(U), t(V), t(FU), t(FV), 
+     t(WU), t(WV), 1, 1, 0.1, 0.1, 30000, nrow(train))
[1] 1e-08 1e+00 1e+00 1e+03 1e+03
[1] 8
[1] "2022-04-26 17:19:48 HKT"
Epoch 1 	 loss: 15810.082377382 	 dlt: 0.0138924751235397
mae: 0.318488709348615 	rmse: 0.362509497101563 
[1] "2022-04-26 17:19:51 HKT"
Epoch 3 	 loss: 9530.58456876395 	 dlt: 0.291096675615056
mae: 0.318488709348615 	rmse: 0.362509497101563 
[1] "2022-04-26 17:19:54 HKT"
Epoch 5 	 loss: 7668.51696324592 	 dlt: 0.0494601078186824
mae: 0.318488709348615 	rmse: 0.362509497101563 
[1] "2022-04-26 17:19:56 HKT"
Epoch 7 	 loss: 7625.42511282193 	 dlt: 0.0125599663883303
mae: 0.318519546420943 	rmse: 0.362542576642271 
[1] "2022-04-26 17:19:59 HKT"
Epoch 9 	 loss: 7795.93388740288 	 dlt: 0.00601846030751406
mae: 0.318451019593547 	rmse: 0.362484291615773 
[1] "2022-04-26 17:20:02 HKT"
Epoch 11 	 loss: 8244.29784306085 	 dlt: 0.0277149709805671
mae: 0.318327671304234 	rmse: 0.362357187255615 
[1] "2022-04-26 17:20:04 HKT"
Epoch 13 	 loss: 8731.59067034971 	 dlt: 0.030506077406158
mae: 0.317645829371643 	rmse: 0.361665209698989 
[1] "2022-04-26 17:20:07 HKT"
Epoch 15 	 loss: 9287.52274220736 	 dlt: 0.0312677141874403
mae: 0.315502652844829 	rmse: 0.35955984706706 
[1] "2022-04-26 17:20:10 HKT"
Epoch 17 	 loss: 9604.60630250233 	 dlt: 0.0217034916314474
mae: 0.310496768103541 	rmse: 0.354611877348761 
[1] "2022-04-26 17:20:13 HKT"
Epoch 19 	 loss: 9885.86948156391 	 dlt: 0.00866536060647904
mae: 0.277436000226267 	rmse: 0.321180119666245 
[1] "2022-04-26 17:20:15 HKT"
Epoch 21 	 loss: 10217.5285064131 	 dlt: 0.0151587706376694
mae: 0.242723735808745 	rmse: 0.28131412257796 
[1] "2022-04-26 17:20:18 HKT"
Epoch 23 	 loss: 10456.0867726554 	 dlt: 0.00855947692540064
mae: 0.238677226650994 	rmse: 0.276285624322926 
[1] "2022-04-26 17:20:20 HKT"
Epoch 25 	 loss: 10625.3443141496 	 dlt: 0.00174555911972035
mae: 0.237186768155121 	rmse: 0.274900077822172 
[1] "2022-04-26 17:20:23 HKT"
Epoch 27 	 loss: 10854.6508206664 	 dlt: 0.00906920790663768
mae: 0.232607462914354 	rmse: 0.270678036834593 
[1] "2022-04-26 17:20:26 HKT"
Epoch 29 	 loss: 11043.274223046 	 dlt: 0.0109941148724706
mae: 0.222826971474196 	rmse: 0.261906057904136 
[1] "2022-04-26 17:20:28 HKT"
Epoch 31 	 loss: 11237.3747920739 	 dlt: 0.00676585660445078
mae: 0.206371967045629 	rmse: 0.246073582918668 
[1] "2022-04-26 17:20:31 HKT"
Epoch 33 	 loss: 11377.3216337393 	 dlt: 0.00635892779258481
mae: 0.19108534502417 	rmse: 0.23086870013322 
[1] "2022-04-26 17:20:34 HKT"
Epoch 35 	 loss: 11488.9182249908 	 dlt: 0.00538038676733697
mae: 0.181656053574421 	rmse: 0.220597766792965 
[1] "2022-04-26 17:20:36 HKT"
Epoch 37 	 loss: 11627.6533943981 	 dlt: 0.00421686405347301
mae: 0.177988155138027 	rmse: 0.21634103264782 
[1] "2022-04-26 17:20:39 HKT"
Epoch 39 	 loss: 11726.8498042809 	 dlt: 0.00480361952821251
mae: 0.17746563807913 	rmse: 0.215751154526853 
[1] "2022-04-26 17:20:41 HKT"
Epoch 41 	 loss: 11839.6765373367 	 dlt: 0.00472521247072362
mae: 0.177136709307627 	rmse: 0.215471291179435 
[1] "2022-04-26 17:20:44 HKT"
Epoch 43 	 loss: 11980.1542523642 	 dlt: 0.00528544971700081
mae: 0.176840330779137 	rmse: 0.215175583268536 
[1] "2022-04-26 17:20:47 HKT"
Epoch 45 	 loss: 12040.6356727041 	 dlt: 0.000604625830464538
mae: 0.176245860551474 	rmse: 0.21466143719029 
[1] "2022-04-26 17:20:49 HKT"
Epoch 47 	 loss: 12133.7578357465 	 dlt: 0.00348470517728385
mae: 0.175829560075041 	rmse: 0.214329977953979 
[1] "2022-04-26 17:20:52 HKT"
Epoch 49 	 loss: 12234.634161679 	 dlt: 0.00481611607866597
mae: 0.175476646913949 	rmse: 0.214086492778671 
[1] "2022-04-26 17:20:55 HKT"
Epoch 51 	 loss: 12311.1495540845 	 dlt: 0.00261211408123961
mae: 0.175041501559982 	rmse: 0.213819585191063 
[1] "2022-04-26 17:20:58 HKT"
Epoch 53 	 loss: 12371.4097155775 	 dlt: 0.00271897801257951
mae: 0.174472728892591 	rmse: 0.213506879743616 
[1] "2022-04-26 17:21:00 HKT"
Epoch 55 	 loss: 12448.5673262537 	 dlt: 0.00264739068214876
mae: 0.173818297690956 	rmse: 0.213027578800153 
[1] "2022-04-26 17:21:03 HKT"
Epoch 57 	 loss: 12499.915710093 	 dlt: 0.00195438372800357
mae: 0.173187850878909 	rmse: 0.212566003296824 
[1] "2022-04-26 17:21:05 HKT"
Epoch 59 	 loss: 12547.331163053 	 dlt: 0.00238623238392272
mae: 0.172730434306038 	rmse: 0.212238446629047 
[1] "2022-04-26 17:21:08 HKT"
Epoch 61 	 loss: 12607.1155697461 	 dlt: 0.00276534411010753
mae: 0.172249033343578 	rmse: 0.211980436965242 
[1] "2022-04-26 17:21:11 HKT"
Epoch 63 	 loss: 12648.8474588085 	 dlt: 0.000761575168390564
mae: 0.170583831437844 	rmse: 0.21106251909658 
[1] "2022-04-26 17:21:14 HKT"
Epoch 65 	 loss: 12690.5746604595 	 dlt: 0.00127788468862778
mae: 0.169579913416486 	rmse: 0.210706880182672 
[1] "2022-04-26 17:21:16 HKT"
Epoch 67 	 loss: 12735.4487894286 	 dlt: 0.00189130655566596
mae: 0.168382407107733 	rmse: 0.210533808273295 
[1] "2022-04-26 17:21:19 HKT"
Epoch 69 	 loss: 12783.2043106092 	 dlt: 0.00107275802534339
mae: 0.167236295919528 	rmse: 0.209697171490349 
[1] "2022-04-26 17:21:22 HKT"
Epoch 71 	 loss: 12838.3520155828 	 dlt: 0.00239145139548872
mae: 0.166581864717892 	rmse: 0.209322844996035 
[1] "2022-04-26 17:21:25 HKT"
Epoch 73 	 loss: 12879.834964631 	 dlt: 0.00257173918026928
mae: 0.165745837423656 	rmse: 0.208746418957443 
[1] "2022-04-26 17:21:27 HKT"
Epoch 75 	 loss: 12922.9732389345 	 dlt: 0.0028700801956003
mae: 0.16509483256339 	rmse: 0.20836216257365 
[1] "2022-04-26 17:21:30 HKT"
Epoch 77 	 loss: 12974.3199942331 	 dlt: 0.00221879424907208
mae: 0.164466098922028 	rmse: 0.207963924613209 
[1] "2022-04-26 17:21:32 HKT"
Epoch 79 	 loss: 13004.7990229042 	 dlt: 0.000916757705876271
mae: 0.163756846258475 	rmse: 0.207575468665134 
[1] "2022-04-26 17:21:35 HKT"
Epoch 81 	 loss: 13047.3312210903 	 dlt: 0.00164892986861406
mae: 0.162886555550539 	rmse: 0.207378214148137 
[1] "2022-04-26 17:21:38 HKT"
Epoch 83 	 loss: 13094.1493755001 	 dlt: 0.00174846262583638
mae: 0.162016264842604 	rmse: 0.207040151689726 
[1] "2022-04-26 17:21:41 HKT"
Epoch 85 	 loss: 13122.8570281621 	 dlt: 0.000951352816589818
mae: 0.161471476564802 	rmse: 0.206669302169567 
[1] "2022-04-26 17:21:43 HKT"
Epoch 87 	 loss: 13147.0165713177 	 dlt: 0.000826785332999538
mae: 0.160765650242619 	rmse: 0.206491463436392 
[1] "2022-04-26 17:21:46 HKT"
Epoch 89 	 loss: 13190.2579034451 	 dlt: 0.000515718646161664
mae: 0.159888506851945 	rmse: 0.205900639946185 
[1] "2022-04-26 17:21:49 HKT"
Epoch 91 	 loss: 13199.3863463193 	 dlt: 0.000690484056014476
mae: 0.1592237966262 	rmse: 0.205459186793017 
[1] "2022-04-26 17:21:51 HKT"
Epoch 93 	 loss: 13214.2497515768 	 dlt: 0.000572018373856324
mae: 0.159083316630037 	rmse: 0.205404517638842 
[1] "2022-04-26 17:21:54 HKT"
Epoch 95 	 loss: 13245.6541974381 	 dlt: 0.00098932274694828
mae: 0.158798930296342 	rmse: 0.205298844474166 
[1] "2022-04-26 17:21:57 HKT"
Epoch 97 	 loss: 13277.1484654077 	 dlt: 0.000815055861421116
mae: 0.158480280548949 	rmse: 0.205051133659687 
[1] "2022-04-26 17:21:59 HKT"
Epoch 99 	 loss: 13298.26123176 	 dlt: 0.001158313215497
mae: 0.157992026903748 	rmse: 0.204966175122944 
[1] "2022-04-26 17:22:02 HKT"
Epoch 101 	 loss: 13307.1988368987 	 dlt: 0.000535366879663483
mae: 0.157500346917179 	rmse: 0.204757575592655 
[1] "2022-04-26 17:22:04 HKT"
Epoch 103 	 loss: 13338.6547890359 	 dlt: 0.00128522447446756
mae: 0.15710289131828 	rmse: 0.204663659691506 
[1] "2022-04-26 17:22:07 HKT"
Epoch 105 	 loss: 13348.1241227167 	 dlt: 0.000366313495534961
mae: 0.156662606452258 	rmse: 0.204378393279349 
[1] "2022-04-26 17:22:10 HKT"
Epoch 107 	 loss: 13367.0639572805 	 dlt: 0.000892169229746785
mae: 0.156355948899659 	rmse: 0.204187838887221 
[1] "2022-04-26 17:22:13 HKT"
Epoch 109 	 loss: 13390.8912528036 	 dlt: 0.0005349882401394
mae: 0.156170926465689 	rmse: 0.20404049162645 
[1] "2022-04-26 17:22:15 HKT"
Epoch 111 	 loss: 13407.5075613425 	 dlt: 0.000181919249790897
mae: 0.156035585981581 	rmse: 0.203954178795076 
[1] "2022-04-26 17:22:18 HKT"
Epoch 113 	 loss: 13429.0084888795 	 dlt: 0.000706605367674081
mae: 0.155838571352816 	rmse: 0.203789383154927 
[1] "2022-04-26 17:22:20 HKT"
Epoch 115 	 loss: 13443.6310404341 	 dlt: 0.00121156617476017
mae: 0.155644983065421 	rmse: 0.203633802133447 
[1] "2022-04-26 17:22:23 HKT"
Epoch 117 	 loss: 13458.3538205769 	 dlt: 0.000673355693446161
mae: 0.155573029896655 	rmse: 0.203585187900048 
[1] "2022-04-26 17:22:26 HKT"
Epoch 119 	 loss: 13471.8357603545 	 dlt: 0.000258471831970079
mae: 0.155418844535014 	rmse: 0.203430854281869 
[1] "2022-04-26 17:22:28 HKT"
Epoch 121 	 loss: 13488.1010375196 	 dlt: 0.000216550346189177
mae: 0.15520812454077 	rmse: 0.203329304393427 
[1] "2022-04-26 17:22:31 HKT"
Epoch 123 	 loss: 13502.8241261249 	 dlt: 0.000595551407609052
mae: 0.155175574297756 	rmse: 0.20334943121126 
[1] "2022-04-26 17:22:34 HKT"
Epoch 125 	 loss: 13517.030025473 	 dlt: 0.000591898906083667
mae: 0.155124179177209 	rmse: 0.203338197884173 
[1] "2022-04-26 17:22:36 HKT"
Epoch 127 	 loss: 13543.0760357744 	 dlt: 0.000999211789200217
mae: 0.15509334210488 	rmse: 0.203329772481585 
[1] "2022-04-26 17:22:39 HKT"
Epoch 129 	 loss: 13559.1006061555 	 dlt: 0.000270287237548206
mae: 0.155038520642963 	rmse: 0.203288576597803 
[1] "2022-04-26 17:22:42 HKT"
Epoch 131 	 loss: 13568.4186889377 	 dlt: 0.000991546831939635
mae: 0.154963141132827 	rmse: 0.203233323556838 
[1] "2022-04-26 17:22:44 HKT"
Epoch 133 	 loss: 13590.4782730281 	 dlt: 0.00107116012758746
mae: 0.154928877719129 	rmse: 0.203205223028492 
[1] "2022-04-26 17:22:47 HKT"
Epoch 135 	 loss: 13603.0287986881 	 dlt: 0.000342204235910859
mae: 0.154944296255293 	rmse: 0.203234728481265 
[1] "2022-04-26 17:22:50 HKT"
Epoch 137 	 loss: 13606.5521457106 	 dlt: 0.000324327363784639
mae: 0.15490831967091 	rmse: 0.203203349521768 
[1] "2022-04-26 17:22:52 HKT"
Epoch 139 	 loss: 13614.4195242366 	 dlt: 0.000453746307875782
mae: 0.154884335281321 	rmse: 0.203204286277289 
[1] "2022-04-26 17:22:55 HKT"
Epoch 141 	 loss: 13634.1649409378 	 dlt: 0.000780475841592797
mae: 0.154784971381596 	rmse: 0.203186487183883 
[1] "2022-04-26 17:22:58 HKT"
Epoch 143 	 loss: 13641.7025117969 	 dlt: 0.000599407069139557
mae: 0.154733576261049 	rmse: 0.203149010310807 
[1] "2022-04-26 17:23:00 HKT"
Epoch 145 	 loss: 13642.7587284102 	 dlt: 0.000202138317057892
mae: 0.154760986992007 	rmse: 0.203193981729035 
[1] "2022-04-26 17:23:03 HKT"
Epoch 147 	 loss: 13657.8779508021 	 dlt: 0.000393861657933807
mae: 0.154738715773104 	rmse: 0.203170091902536 
[1] "2022-04-26 17:23:06 HKT"
Epoch 149 	 loss: 13664.4540554162 	 dlt: 0.000466502111231039
mae: 0.15472329723694 	rmse: 0.203148073300397 
[1] "2022-04-26 17:23:08 HKT"
Epoch 151 	 loss: 13677.8080251015 	 dlt: 0.000236706824943926
mae: 0.154644491385434 	rmse: 0.203111526522732 
[1] "2022-04-26 17:23:11 HKT"
Epoch 153 	 loss: 13714.0237102968 	 dlt: 0.00115155986673749
mae: 0.15462222016653 	rmse: 0.203087626996772 
[1] "2022-04-26 17:23:14 HKT"
Epoch 155 	 loss: 13716.4214525313 	 dlt: 0.000298595917983423
mae: 0.15461536748379 	rmse: 0.203081065850569 
[1] "2022-04-26 17:23:16 HKT"
Epoch 157 	 loss: 13729.9682283699 	 dlt: 0.000685250006892583
mae: 0.15452114309612 	rmse: 0.203028100265192 
[1] "2022-04-26 17:23:19 HKT"
Epoch 159 	 loss: 13747.4601664878 	 dlt: 0.000626902086833105
mae: 0.15452114309612 	rmse: 0.203023412379729 
[1] "2022-04-26 17:23:22 HKT"
Epoch 161 	 loss: 13743.3566598641 	 dlt: 1.90243642192592e-06
mae: 0.154509150901326 	rmse: 0.203007941589645 
[1] "2022-04-26 17:23:24 HKT"
Epoch 163 	 loss: 13753.9846325449 	 dlt: 0.000537416398799888
mae: 0.154502298218586 	rmse: 0.203007941589645 
[1] "2022-04-26 17:23:27 HKT"
Epoch 165 	 loss: 13762.8394927879 	 dlt: 0.000633806673270326
mae: 0.154512577242695 	rmse: 0.203029506609723 
[1] "2022-04-26 17:23:29 HKT"
Epoch 167 	 loss: 13779.3279373938 	 dlt: 0.000962296648886567
mae: 0.154512577242695 	rmse: 0.203025756335991 
[1] "2022-04-26 17:23:32 HKT"
Epoch 169 	 loss: 13793.321382457 	 dlt: 0.000451575708257695
mae: 0.154529708949545 	rmse: 0.203060443725205 
[1] "2022-04-26 17:23:35 HKT"
Epoch 171 	 loss: 13806.7277797949 	 dlt: 0.000726425689453164
mae: 0.154519429925435 	rmse: 0.20304825693938 
[1] "2022-04-26 17:23:38 HKT"
Epoch 173 	 loss: 13813.6489137756 	 dlt: 9.46617805758085e-05
mae: 0.154642778214749 	rmse: 0.203236601698726 
[1] "2022-04-26 17:23:40 HKT"
Epoch 175 	 loss: 13828.0355217653 	 dlt: 0.000105932505509366
mae: 0.154673615287077 	rmse: 0.203301217131662 
[1] "2022-04-26 17:23:43 HKT"
Epoch 177 	 loss: 13832.7029585961 	 dlt: 0.000231073256310157
mae: 0.154677041628447 	rmse: 0.203308707447538 
[1] "2022-04-26 17:23:46 HKT"
Epoch 179 	 loss: 13830.7241354969 	 dlt: 0.000235387497991067
mae: 0.154685607481871 	rmse: 0.203324155352563 
[1] "2022-04-26 17:23:48 HKT"
Epoch 181 	 loss: 13847.4471992664 	 dlt: 0.000475407252756394
mae: 0.154658196750913 	rmse: 0.203297940031686 
[1] "2022-04-26 17:23:51 HKT"
Epoch 183 	 loss: 13849.0593413263 	 dlt: 9.98832872859137e-05
mae: 0.154731863090364 	rmse: 0.2033995055792 
[1] "2022-04-26 17:23:53 HKT"
Epoch 185 	 loss: 13856.9436008612 	 dlt: 0.000295079996472806
mae: 0.154802103088445 	rmse: 0.203518792021611 
[1] "2022-04-26 17:23:56 HKT"
Epoch 187 	 loss: 13862.905161997 	 dlt: 0.000383276758074899
mae: 0.15480038991776 	rmse: 0.203515518425125 
[1] "2022-04-26 17:23:59 HKT"
Epoch 189 	 loss: 13869.6899295273 	 dlt: 0.000349873399713396
mae: 0.154858637721047 	rmse: 0.20359126531405 
[1] "2022-04-26 17:24:02 HKT"
Epoch 191 	 loss: 13879.5327574562 	 dlt: 0.000842667334217444
mae: 0.154937443572553 	rmse: 0.203687544748398 
[1] "2022-04-26 17:24:04 HKT"
Epoch 193 	 loss: 13891.9951160577 	 dlt: 0.000656508433397264
mae: 0.15517386112707 	rmse: 0.203990108032091 
[1] "2022-04-26 17:24:07 HKT"
Epoch 195 	 loss: 13901.4477847171 	 dlt: 0.000375483250617142
mae: 0.155257806490631 	rmse: 0.204110914505349 
[1] "2022-04-26 17:24:10 HKT"
Epoch 197 	 loss: 13903.6730251294 	 dlt: 0.000231301640183599
mae: 0.155256093319946 	rmse: 0.204114178552834 
[1] "2022-04-26 17:24:12 HKT"
Epoch 199 	 loss: 13904.9703025561 	 dlt: 5.88493590965549e-05
mae: 0.155252666978576 	rmse: 0.204111380801042 
