
Attaching package: ‘dplyr’

The following objects are masked from ‘package:stats’:

    filter, lag

The following objects are masked from ‘package:base’:

    intersect, setdiff, setequal, union


> dim = 2

> Y <- matrix(rnorm(N * dim), nrow = dim)

> W <- matrix(rnorm(M * dim), nrow = dim)

> aaa <- user_cpmf(read, t(Y), t(W))

> dim = 2

> Y <- matrix(rnorm(N * dim), nrow = dim)

> V <- matrix(rnorm(M * dim), nrow = dim)

> W <- matrix(rnorm(M * dim), nrow = dim)

> Ut <- user_cpmf(read, t(Y), t(W))

> loss_cpmf_aux(train, t(Y), t(V), t(W), Ut, 1, 1, 1)
[1] 26493.36

> dim = 2

> Y <- matrix(rnorm(N * dim), nrow = dim)

> V <- matrix(rnorm(M * dim), nrow = dim)

> W <- matrix(rnorm(M * dim), nrow = dim)

> Ut <- user_cpmf(read, t(Y), t(W))

> pred_cpmf(test, Ut, t(V))$mae
[1] 0.3617891
[1] 0.0000100 0.6666667 1.0000000 0.3333333
[1] 16
[1] "2022-04-21 17:15:53 HKT"
Epoch 1 	 loss: 14408384.1197809 	 dlt: 897.680706569423
mae: 0.689785905059718 	rmse: 0.735525521300585 
[1] "2022-04-21 17:16:18 HKT"
Epoch 3 	 loss: 9686.28625763718 	 dlt: 0.133238116366826
mae: 0.165790379861464 	rmse: 0.220776744513191 
[1] "2022-04-21 17:16:38 HKT"
Epoch 5 	 loss: 50030.8788725814 	 dlt: 3.45869311563767
mae: 0.431196495538009 	rmse: 0.512707987990546 

Execution halted

Attaching package: ‘dplyr’

The following objects are masked from ‘package:stats’:

    filter, lag

The following objects are masked from ‘package:base’:

    intersect, setdiff, setequal, union


> dim = 2

> Y <- matrix(rnorm(N * dim), nrow = dim)

> W <- matrix(rnorm(M * dim), nrow = dim)

> aaa <- user_cpmf(read, t(Y), t(W))

> dim = 2

> Y <- matrix(rnorm(N * dim), nrow = dim)

> V <- matrix(rnorm(M * dim), nrow = dim)

> W <- matrix(rnorm(M * dim), nrow = dim)

> Ut <- user_cpmf(read, t(Y), t(W))

> loss_cpmf_aux(train, t(Y), t(V), t(W), Ut, 1, 1, 1)
[1] 26308.04

> dim = 2

> Y <- matrix(rnorm(N * dim), nrow = dim)

> V <- matrix(rnorm(M * dim), nrow = dim)

> W <- matrix(rnorm(M * dim), nrow = dim)

> Ut <- user_cpmf(read, t(Y), t(W))

> pred_cpmf(test, Ut, t(V))$mae
[1] 0.3590395
[1] 1e-05 5e-01 1e+00 5e-01
[1] 16
[1] "2022-04-21 17:33:00 HKT"
Epoch 1 	 loss: 19181834.1172715 	 dlt: 1195.41065191626
mae: 0.689763633840815 	rmse: 0.735509863874306 
[1] "2022-04-21 17:33:18 HKT"
Epoch 3 	 loss: 9463.02772327191 	 dlt: 0.12020996702145
mae: 0.165804085226943 	rmse: 0.220781917614244 
[1] "2022-04-21 17:33:36 HKT"
Epoch 5 	 loss: 50861.9987831182 	 dlt: 3.54923620608306
mae: 0.431621361867867 	rmse: 0.513056119601909 
[1] "2022-04-21 17:33:54 HKT"
Epoch 7 	 loss: 283659261759725 	 dlt: 6.99410442763161e-10
mae: 0.642120357093438 	rmse: 0.702169600321444 

Attaching package: ‘dplyr’

The following objects are masked from ‘package:stats’:

    filter, lag

The following objects are masked from ‘package:base’:

    intersect, setdiff, setequal, union


> dim = 2

> Y <- matrix(rnorm(N * dim), nrow = dim)

> W <- matrix(rnorm(M * dim), nrow = dim)

> aaa <- user_cpmf(read, t(Y), t(W))

> dim = 2

> Y <- matrix(rnorm(N * dim), nrow = dim)

> V <- matrix(rnorm(M * dim), nrow = dim)

> W <- matrix(rnorm(M * dim), nrow = dim)

> Ut <- user_cpmf(read, t(Y), t(W))

> loss_cpmf_aux(train, t(Y), t(V), t(W), Ut, 1, 1, 1)
[1] 26333.87

> dim = 2

> Y <- matrix(rnorm(N * dim), nrow = dim)

> V <- matrix(rnorm(M * dim), nrow = dim)

> W <- matrix(rnorm(M * dim), nrow = dim)

> Ut <- user_cpmf(read, t(Y), t(W))

> pred_cpmf(test, Ut, t(V))$mae
[1] 0.3611604
[1] 3e-04 5e-01 1e+00 5e-01
[1] 16
[1] "2022-04-21 17:54:35 HKT"
Epoch 1 	 loss: 572908201.61163 	 dlt: 35732.4690096801
mae: 0.690017183102182 	rmse: 0.735706528005461 
[1] "2022-04-21 17:54:52 HKT"
Epoch 3 	 loss: 135749.935513661 	 dlt: 1.33028505950734
mae: 0.167818773952393 	rmse: 0.218894310398266 
[1] "2022-04-21 17:55:08 HKT"
Epoch 5 	 loss: 1389677869243.12 	 dlt: 5695361.04417763
mae: 0.669627025610374 	rmse: 0.721490690260446 
[1] "2022-04-21 17:55:24 HKT"
Epoch 7 	 loss: 7658835292735765504 	 dlt: 2.86375867370667e-12
mae: 0.651222432942375 	rmse: 0.708621354084461 

Attaching package: ‘dplyr’

The following objects are masked from ‘package:stats’:

    filter, lag

The following objects are masked from ‘package:base’:

    intersect, setdiff, setequal, union


> dim = 2

> Y <- matrix(rnorm(N * dim), nrow = dim)

> W <- matrix(rnorm(M * dim), nrow = dim)

> aaa <- user_cpmf(read, t(Y), t(W))

> dim = 2

> Y <- matrix(rnorm(N * dim), nrow = dim)

> V <- matrix(rnorm(M * dim), nrow = dim)

> W <- matrix(rnorm(M * dim), nrow = dim)

> Ut <- user_cpmf(read, t(Y), t(W))

> loss_cpmf_aux(train, t(Y), t(V), t(W), Ut, 1, 1, 1)
[1] 26610.46

> dim = 2

> Y <- matrix(rnorm(N * dim), nrow = dim)

> V <- matrix(rnorm(M * dim), nrow = dim)

> W <- matrix(rnorm(M * dim), nrow = dim)

> Ut <- user_cpmf(read, t(Y), t(W))

> pred_cpmf(test, Ut, t(V))$mae
[1] 0.3617463
[1] 1e-05 5e-01 1e+00 5e-01
[1] 16
[1] "2022-04-21 20:08:33 HKT"
Epoch 1 	 loss: 19189754.9661345 	 dlt: 1195.90469163604
mae: 0.74015826270817 	rmse: 0.768862120774793 
[1] "2022-04-21 20:08:50 HKT"
Epoch 3 	 loss: 7944.95662832156 	 dlt: 0.160464982882739
mae: 0.180962219447024 	rmse: 0.229961198252623 
[1] "2022-04-21 20:09:08 HKT"
Epoch 5 	 loss: 52618.4699881224 	 dlt: 6.11709128504909
mae: 0.543304671987805 	rmse: 0.596602088552819 
[1] "2022-04-21 20:09:25 HKT"
Epoch 7 	 loss: 283656885274926 	 dlt: 8.06727067786856e-10
mae: 0.72303340854179 	rmse: 0.757598309834395 

Attaching package: ‘dplyr’

The following objects are masked from ‘package:stats’:

    filter, lag

The following objects are masked from ‘package:base’:

    intersect, setdiff, setequal, union


> dim = 2

> Y <- matrix(rnorm(N * dim), nrow = dim)

> W <- matrix(rnorm(M * dim), nrow = dim)

> aaa <- user_cpmf(read, t(Y), t(W))

> dim = 2

> Y <- matrix(rnorm(N * dim), nrow = dim)

> V <- matrix(rnorm(M * dim), nrow = dim)

> W <- matrix(rnorm(M * dim), nrow = dim)

> Ut <- user_cpmf(read, t(Y), t(W))

> loss_cpmf_aux(train, t(Y), t(V), t(W), Ut, 1, 1, 1)
[1] 26698.77

> dim = 2

> Y <- matrix(rnorm(N * dim), nrow = dim)

> V <- matrix(rnorm(M * dim), nrow = dim)

> W <- matrix(rnorm(M * dim), nrow = dim)

> Ut <- user_cpmf(read, t(Y), t(W))

> pred_cpmf(test, Ut, t(V))$mae
[1] 0.3607218
[1] 3e-05 5e-01 1e+00 5e-01
[1] 16
[1] 1
[1] 1
[1] "2022-04-21 20:16:31 HKT"
Epoch 1 	 loss: 18260.9162001864 	 dlt: 0.865154309937791
mae: 0.167342512501991 	rmse: 0.217023615947009 
[1] 0.04035361
Error in while (loss_cpmf(data, t(Y - t * grad_Y), t(V - t * grad_V),  : 
  missing value where TRUE/FALSE needed
Calls: cpmf_gd
Execution halted

Attaching package: ‘dplyr’

The following objects are masked from ‘package:stats’:

    filter, lag

The following objects are masked from ‘package:base’:

    intersect, setdiff, setequal, union


> dim = 2

> Y <- matrix(rnorm(N * dim), nrow = dim)

> W <- matrix(rnorm(M * dim), nrow = dim)

> aaa <- user_cpmf(read, t(Y), t(W))

> dim = 2

> Y <- matrix(rnorm(N * dim), nrow = dim)

> V <- matrix(rnorm(M * dim), nrow = dim)

> W <- matrix(rnorm(M * dim), nrow = dim)

> Ut <- user_cpmf(read, t(Y), t(W))

> loss_cpmf_aux(train, t(Y), t(V), t(W), Ut, 1, 1, 1)
[1] 26315.27

> dim = 2

> Y <- matrix(rnorm(N * dim), nrow = dim)

> V <- matrix(rnorm(M * dim), nrow = dim)

> W <- matrix(rnorm(M * dim), nrow = dim)

> Ut <- user_cpmf(read, t(Y), t(W))

> pred_cpmf(test, Ut, t(V))$mae
[1] 0.3604254
[1] 3e-05 5e-01 1e+00 5e-01
[1] 16
[1] 0.2401
[1] 1
[1] "2022-04-21 20:29:23 HKT"
Epoch 1 	 loss: 56044666871.0642 	 dlt: 413854.564292997
mae: 0.694933982967871 	rmse: 0.738818467455457 
[1] 1
[1] 1
[1] 1.299348e-06
[1] 4.599865e-05
[1] "2022-04-21 20:30:09 HKT"
Epoch 3 	 loss: 25861.6660162987 	 dlt: 1.44526426758642e-06
mae: 0.256917354933117 	rmse: 0.345795814537233 
[1] 4.318115e-09
[1] 6.366806e-07
[1] 0.002326305
[1] 0.0007979227
[1] "2022-04-21 20:31:33 HKT"
Epoch 5 	 loss: 25865.0378724769 	 dlt: 0.0452794868755308
mae: 0.256985881760513 	rmse: 0.345894335707118 
[1] 3.219906e-05
[1] 3.670337e-08
[1] 1.481113e-09
[1] 3.219906e-05
[1] "2022-04-21 20:33:13 HKT"
Epoch 7 	 loss: 25862.1615895598 	 dlt: 5.10812930303893e-05
mae: 0.256973889565719 	rmse: 0.34588030228253 
[1] 0.0005585459
[1] 0.001628414
[1] 1.299348e-06
[1] 2.651731e-06
[1] "2022-04-21 20:34:26 HKT"
Epoch 9 	 loss: 25856.5958854881 	 dlt: 3.75364482407013e-06
mae: 0.25687281249531 	rmse: 0.345735256874155 
[1] 3.119735e-07
[1] 2.115876e-09
Error in t.default(Y) : argument is not a matrix
Calls: cpmf_gd -> t -> user_cpmf -> t -> t.default
Execution halted

Attaching package: ‘dplyr’

The following objects are masked from ‘package:stats’:

    filter, lag

The following objects are masked from ‘package:base’:

    intersect, setdiff, setequal, union


> dim = 2

> Y <- matrix(rnorm(N * dim), nrow = dim)

> W <- matrix(rnorm(M * dim), nrow = dim)

> aaa <- user_cpmf(read, t(Y), t(W))

> dim = 2

> Y <- matrix(rnorm(N * dim), nrow = dim)

> V <- matrix(rnorm(M * dim), nrow = dim)

> W <- matrix(rnorm(M * dim), nrow = dim)

> Ut <- user_cpmf(read, t(Y), t(W))

> loss_cpmf_aux(train, t(Y), t(V), t(W), Ut, 1, 1, 1)
[1] 26668.57

> dim = 2

> Y <- matrix(rnorm(N * dim), nrow = dim)

> V <- matrix(rnorm(M * dim), nrow = dim)

> W <- matrix(rnorm(M * dim), nrow = dim)

> Ut <- user_cpmf(read, t(Y), t(W))

> pred_cpmf(test, Ut, t(V))$mae
[1] 0.3613248
[1] 3e-05 5e-01 1e+00 5e-01
[1] 16
[1] 0.00113989
[1] 2.253934e-05
[1] "2022-04-21 20:48:03 HKT"
Epoch 1 	 loss: 12906.0105760379 	 dlt: 0.00212769451531662
mae: 0.318488709348615 	rmse: 0.362509497101563 
[1] 0.343
[1] 0.0005585459
[1] 0.0007979227
[1] 0.001628414
[1] "2022-04-21 20:48:47 HKT"
Epoch 3 	 loss: 12847.7530221472 	 dlt: 0.00369651557481463
mae: 0.315115476270036 	rmse: 0.359322066201054 
[1] 9.38748e-05
[1] 1.104428e-05
[1] 0.7
[1] 6.600972e-16
[1] "2022-04-21 20:50:22 HKT"
Epoch 5 	 loss: 12845.9889043674 	 dlt: 2.57388326684709e-05
mae: 0.315115476270036 	rmse: 0.359322066201054 
[1] 0.00113989
[1] 0.0007979227
[1] 1
[1] 1
[1] "2022-04-21 20:50:51 HKT"
Epoch 7 	 loss: 3.95394649825183e+36 	 dlt: 1.01264764730679e+23
mae: 0.280036593325896 	rmse: 0.361881726325175 
[1] 1
[1] 1
[1] 1
[1] 1
[1] "2022-04-21 20:50:58 HKT"
Epoch 9 	 loss: 180363035.449172 	 dlt: 0.142589077476701
mae: 0.285736312194577 	rmse: 0.369693563509899 
[1] 1
[1] 0.7
[1] 3.788187e-06
[1] 0.0005585459
[1] "2022-04-21 20:51:38 HKT"
Epoch 11 	 loss: 9704.70884854093 	 dlt: 0.0156754982664999
mae: 0.160405884398793 	rmse: 0.20725701603688 
[1] 4.599865e-05
[1] 2.253934e-05
[1] 1
[1] 1
[1] "2022-04-21 20:52:18 HKT"
Epoch 13 	 loss: 75626606764.0524 	 dlt: 0.999995624169837
mae: 0.255774670086273 	rmse: 0.326636665805694 
[1] 1
[1] 1
[1] 1
[1] 1
[1] "2022-04-21 20:52:25 HKT"
Epoch 15 	 loss: 48232197.7291219 	 dlt: 0.203475976081598
mae: 0.332353399701572 	rmse: 0.428311446313195 
[1] 1
[1] 1
[1] 1
[1] 0.7
[1] "2022-04-21 20:52:32 HKT"
Epoch 17 	 loss: 16635.9326741901 	 dlt: 0.999999590344446
mae: 0.162578184827256 	rmse: 0.216247306035419 
[1] 1.299348e-06
[1] 1.52867e-07

Attaching package: ‘dplyr’

The following objects are masked from ‘package:stats’:

    filter, lag

The following objects are masked from ‘package:base’:

    intersect, setdiff, setequal, union


> dim = 2

> Y <- matrix(rnorm(N * dim), nrow = dim)

> W <- matrix(rnorm(M * dim), nrow = dim)

> aaa <- user_cpmf(read, t(Y), t(W))

> dim = 2

> Y <- matrix(rnorm(N * dim), nrow = dim)

> V <- matrix(rnorm(M * dim), nrow = dim)

> W <- matrix(rnorm(M * dim), nrow = dim)

> Ut <- user_cpmf(read, t(Y), t(W))

> loss_cpmf_aux(train, t(Y), t(V), t(W), Ut, 1, 1, 1)
[1] 26667.33

> dim = 2

> Y <- matrix(rnorm(N * dim), nrow = dim)

> V <- matrix(rnorm(M * dim), nrow = dim)

> W <- matrix(rnorm(M * dim), nrow = dim)

> Ut <- user_cpmf(read, t(Y), t(W))

> pred_cpmf(test, Ut, t(V))$mae
[1] 0.3611449
[1] 1e-04 5e-01 1e+00 5e-01
[1] 16
[1] 0.00113989
[1] 2.253934e-05
[1] "2022-04-21 21:00:19 HKT"
Epoch 1 	 loss: 12913.5664031601 	 dlt: 0.00212209442509549
mae: 0.318488709348615 	rmse: 0.362509497101563 
[1] 0.343
[1] 0.0005585459
[1] 0.0007979227
[1] 0.0007979227
[1] "2022-04-21 21:01:05 HKT"
Epoch 3 	 loss: 12870.90961286 	 dlt: 0.00251394271374545
mae: 0.315117189440721 	rmse: 0.359322331077951 
[1] 0.0005585459
[1] 0.0005585459
[1] 1
[1] 1
[1] "2022-04-21 21:01:37 HKT"
Epoch 5 	 loss: 9588.87147010502 	 dlt: 0.999999999927008
mae: 0.215552848746053 	rmse: 0.26134728243595 
[1] 5.243338e-08
[1] 1.577754e-05
[1] 0.343
[1] 0.49
[1] "2022-04-21 21:02:34 HKT"
Epoch 7 	 loss: 9735.05314419438 	 dlt: 0.983086995416852
mae: 0.192382215232644 	rmse: 0.238531851295835 
[1] 9.38748e-05
[1] 0.0001915812
[1] 1
[1] 0.0823543
[1] "2022-04-21 21:03:15 HKT"
Epoch 9 	 loss: 10454.9474965088 	 dlt: 0.994996527786343
mae: 0.180314640928134 	rmse: 0.227392388431387 
[1] 3.670337e-08
[1] 1.070069e-07
[1] 0.001628414
[1] 0.002326305
[1] "2022-04-21 21:04:38 HKT"
Epoch 11 	 loss: 10455.5700608983 	 dlt: 0.102252325922072
mae: 0.180258106295532 	rmse: 0.227316617409582 
[1] 7.490483e-08
[1] 2.651731e-06
[1] 0.0001341069
[1] 6.571236e-05
[1] "2022-04-21 21:06:03 HKT"
Epoch 13 	 loss: 10455.611214322 	 dlt: 0.00827268303240598
mae: 0.180254679954162 	rmse: 0.227309918203674 
[1] 9.38748e-05
[1] 0.0001915812
[1] 0.009688901
[1] 3.219906e-05
[1] "2022-04-21 21:07:05 HKT"
Epoch 15 	 loss: 849342736.965254 	 dlt: 81231.6819286652
mae: 0.26176734114207 	rmse: 0.33573000889435 
[1] 1
[1] 1
[1] 3.670337e-08
[1] 0.0001341069
[1] "2022-04-21 21:07:55 HKT"
Epoch 17 	 loss: 13724.379698645 	 dlt: 6.67227224719306e-06
mae: 0.170700327044417 	rmse: 0.218173086604902 
[1] 1.21976e-10
[1] 0.0002736875
[1] 1.104428e-05
[1] 2.569236e-08
[1] "2022-04-21 21:09:44 HKT"
Epoch 19 	 loss: 13724.6204866562 	 dlt: 1.19452738692287e-06
mae: 0.170702040215102 	rmse: 0.218174395325403 
[1] 1.070069e-07
[1] 1.577754e-05

Attaching package: ‘dplyr’

The following objects are masked from ‘package:stats’:

    filter, lag

The following objects are masked from ‘package:base’:

    intersect, setdiff, setequal, union


> dim = 2

> Y <- matrix(rnorm(N * dim), nrow = dim)

> W <- matrix(rnorm(M * dim), nrow = dim)

> aaa <- user_cpmf(read, t(Y), t(W))

> dim = 2

> Y <- matrix(rnorm(N * dim), nrow = dim)

> V <- matrix(rnorm(M * dim), nrow = dim)

> W <- matrix(rnorm(M * dim), nrow = dim)

> Ut <- user_cpmf(read, t(Y), t(W))

> loss_cpmf_aux(train, t(Y), t(V), t(W), Ut, 1, 1, 1)
[1] 26200.4

> dim = 2

> Y <- matrix(rnorm(N * dim), nrow = dim)

> V <- matrix(rnorm(M * dim), nrow = dim)

> W <- matrix(rnorm(M * dim), nrow = dim)

> Ut <- user_cpmf(read, t(Y), t(W))

> pred_cpmf(test, Ut, t(V))$mae
[1] 0.3577906
[1] 3e-05 1e+00 1e+00 1e+00
[1] 16
[1] 0.00113989
[1] 2.253934e-05
[1] "2022-04-21 21:12:29 HKT"
Epoch 1 	 loss: 12904.6260679981 	 dlt: 0.00212797478433993
mae: 0.318488709348615 	rmse: 0.362509497101563 
[1] 0.343
[1] 0.0005585459
[1] 0.0007979227
[1] 0.001628414
[1] "2022-04-21 21:13:14 HKT"
Epoch 3 	 loss: 12846.3127528782 	 dlt: 0.00369711217425592
mae: 0.315115476270036 	rmse: 0.359322066201054 
[1] 9.38748e-05
[1] 1.104428e-05
[1] 0.7
[1] 6.600972e-16
[1] "2022-04-21 21:14:53 HKT"
Epoch 5 	 loss: 12844.4384632201 	 dlt: 1.71745688629225e-05
mae: 0.315115476270036 	rmse: 0.359322066201054 
[1] 0.00113989
[1] 0.0007979227
[1] 1
[1] 1
[1] "2022-04-21 21:15:24 HKT"
Epoch 7 	 loss: 1.97673943820071e+36 	 dlt: 1.01258748730406e+23
mae: 0.280036593325896 	rmse: 0.361881726325175 
[1] 1
[1] 1
[1] 1
[1] 1
[1] "2022-04-21 21:15:31 HKT"
Epoch 9 	 loss: 59245280.3434512 	 dlt: 0.0422477220687629
mae: 0.2856883434154 	rmse: 0.369653399743745 
[1] 1
[1] 0.7

Execution halted

Attaching package: ‘dplyr’

The following objects are masked from ‘package:stats’:

    filter, lag

The following objects are masked from ‘package:base’:

    intersect, setdiff, setequal, union


> dim = 2

> Y <- matrix(rnorm(N * dim), nrow = dim)

> W <- matrix(rnorm(M * dim), nrow = dim)

> aaa <- user_cpmf(read, t(Y), t(W))

> dim = 2

> Y <- matrix(rnorm(N * dim), nrow = dim)

> V <- matrix(rnorm(M * dim), nrow = dim)

> W <- matrix(rnorm(M * dim), nrow = dim)

> Ut <- user_cpmf(read, t(Y), t(W))

> loss_cpmf_aux(train, t(Y), t(V), t(W), Ut, 1, 1, 1)
[1] 26476.89

> dim = 2

> Y <- matrix(rnorm(N * dim), nrow = dim)

> V <- matrix(rnorm(M * dim), nrow = dim)

> W <- matrix(rnorm(M * dim), nrow = dim)

> Ut <- user_cpmf(read, t(Y), t(W))

> pred_cpmf(test, Ut, t(V))$mae
[1] 0.3616949
[1] 3e-05 1e+00 1e+00 1e-01
[1] 16
[1] 0.00113989
[1] 2.253934e-05
[1] "2022-04-21 21:31:55 HKT"
Epoch 1 	 loss: 12908.6446734814 	 dlt: 0.0021271911830352
mae: 0.318488709348615 	rmse: 0.362509497101563 
[1] 0.343
[1] 0.0005585459
[1] 0.0007979227
[1] 0.001628414
[1] "2022-04-21 21:32:40 HKT"
Epoch 3 	 loss: 12850.3872886445 	 dlt: 0.00369513840585259
mae: 0.315115476270036 	rmse: 0.359322066201054 
[1] 0.001628414
[1] 1.577754e-05
[1] 0.7
[1] 0.001628414
[1] "2022-04-21 21:33:27 HKT"
Epoch 5 	 loss: 12816.9147602181 	 dlt: 0.000153489437895201
mae: 0.315110336757982 	rmse: 0.359315444215158 
[1] 2.253934e-05
[1] 0.0001915812
[1] 1
[1] 1
[1] "2022-04-21 21:34:06 HKT"
Epoch 7 	 loss: 98160918.7775587 	 dlt: 0.359146014146131
mae: 0.25303531016111 	rmse: 0.322423790504436 
[1] 1
[1] 1
[1] 1
[1] 1
[1] "2022-04-21 21:34:13 HKT"
Epoch 9 	 loss: 14023.883018959 	 dlt: 0.999999999980931
mae: 0.167611480299525 	rmse: 0.213749689357524 
[1] 1.104428e-05
[1] 0.0002736875
[1] 0.0001915812
[1] 0.0002736875
[1] "2022-04-21 21:35:21 HKT"
Epoch 11 	 loss: 14024.3742216929 	 dlt: 9.64939618353539e-06
mae: 0.167601201275416 	rmse: 0.213737221456828 
[1] 0.0002736875
[1] 0.01977327
[1] 3.234477e-16
[1] 2.253934e-05
[1] "2022-04-21 21:37:07 HKT"
Epoch 13 	 loss: 13923.7161868234 	 dlt: 0.0328741433288968
mae: 0.16589659644393 	rmse: 0.211971457064402 
[1] 0.0005585459
[1] 0.0001915812
[1] 0.04035361
[1] 0.0005585459
[1] "2022-04-21 21:37:59 HKT"
Epoch 15 	 loss: 13983.0937327705 	 dlt: 0.00506996087122819
mae: 0.167707417857881 	rmse: 0.213683779356988 
[1] 0.05764801
[1] 0.00113989
[1] 1
[1] 1
[1] "2022-04-21 21:38:22 HKT"
Epoch 17 	 loss: 15991.7217243986 	 dlt: 1
mae: 0.188745153868569 	rmse: 0.245940881864118 
[1] 2.651731e-06
[1] 0.0007979227
[1] 0.04035361
[1] 1
[1] "2022-04-21 21:39:09 HKT"
Epoch 19 	 loss: 19411.6533531161 	 dlt: 0.783833604022902
mae: 0.22618649918724 	rmse: 0.306604997742544 
[1] 0.003323293
[1] 0.003323293
[1] 0.00113989
[1] 0.001628414
[1] "2022-04-21 21:39:57 HKT"
Epoch 21 	 loss: 15895.2507073435 	 dlt: 0.0993441548486656
mae: 0.186134281744767 	rmse: 0.242059728174231 
[1] 9.38748e-05
[1] 1.299348e-06
[1] 3.219906e-05
[1] 0.0001341069
[1] "2022-04-21 21:41:16 HKT"
Epoch 23 	 loss: 15077.08855469 	 dlt: 0.0514648992378911
mae: 0.16743331054829 	rmse: 0.224482816696532 

Execution halted

Attaching package: ‘dplyr’

The following objects are masked from ‘package:stats’:

    filter, lag

The following objects are masked from ‘package:base’:

    intersect, setdiff, setequal, union


> dim = 2

> Y <- matrix(rnorm(N * dim), nrow = dim)

> W <- matrix(rnorm(M * dim), nrow = dim)

> aaa <- user_cpmf(read, t(Y), t(W))

> dim = 2

> Y <- matrix(rnorm(N * dim), nrow = dim)

> V <- matrix(rnorm(M * dim), nrow = dim)

> W <- matrix(rnorm(M * dim), nrow = dim)

> Ut <- user_cpmf(read, t(Y), t(W))

> loss_cpmf_aux(train, t(Y), t(V), t(W), Ut, 1, 1, 1)
[1] 26495.35

> dim = 2

> Y <- matrix(rnorm(N * dim), nrow = dim)

> V <- matrix(rnorm(M * dim), nrow = dim)

> W <- matrix(rnorm(M * dim), nrow = dim)

> Ut <- user_cpmf(read, t(Y), t(W))

> pred_cpmf(test, Ut, t(V))$mae
[1] 0.359466
[1] 1e-05 5e-01 1e+00 5e-01
[1] 16
[1] "2022-04-21 21:43:33 HKT"
Epoch 1 	 loss: 19189754.9661345 	 dlt: 1195.90469163604
mae: 0.74015826270817 	rmse: 0.768862120774793 
[1] "2022-04-21 21:43:53 HKT"
Epoch 3 	 loss: 7944.95662832156 	 dlt: 0.160464982882739
mae: 0.180962219447024 	rmse: 0.229961198252623 
[1] "2022-04-21 21:44:13 HKT"
Epoch 5 	 loss: 52618.4699881224 	 dlt: 6.11709128504909
mae: 0.543304671987805 	rmse: 0.596602088552819 
[1] "2022-04-21 21:44:34 HKT"
Epoch 7 	 loss: 283656885274926 	 dlt: 8.06727067786856e-10
mae: 0.72303340854179 	rmse: 0.757598309834395 

Attaching package: ‘dplyr’

The following objects are masked from ‘package:stats’:

    filter, lag

The following objects are masked from ‘package:base’:

    intersect, setdiff, setequal, union


> dim = 2

> Y <- matrix(rnorm(N * dim), nrow = dim)

> W <- matrix(rnorm(M * dim), nrow = dim)

> aaa <- user_cpmf(read, t(Y), t(W))

> dim = 2

> Y <- matrix(rnorm(N * dim), nrow = dim)

> V <- matrix(rnorm(M * dim), nrow = dim)

> W <- matrix(rnorm(M * dim), nrow = dim)

> Ut <- user_cpmf(read, t(Y), t(W))

> loss_cpmf_aux(train, t(Y), t(V), t(W), Ut, 1, 1, 1)
[1] 26485.42

> dim = 2

> Y <- matrix(rnorm(N * dim), nrow = dim)

> V <- matrix(rnorm(M * dim), nrow = dim)

> W <- matrix(rnorm(M * dim), nrow = dim)

> Ut <- user_cpmf(read, t(Y), t(W))

> pred_cpmf(test, Ut, t(V))$mae
[1] 0.3623236
[1] 1e-05 1e+00 1e+00 1e-01
[1] 16
[1] "2022-04-21 21:46:24 HKT"
Epoch 1 	 loss: 9642859.21570121 	 dlt: 600.445065683578
mae: 0.74015826270817 	rmse: 0.768862120774793 
[1] "2022-04-21 21:46:44 HKT"
Epoch 3 	 loss: 9191.51691725105 	 dlt: 0.0660158141874749
mae: 0.180962219447024 	rmse: 0.229957887195451 
[1] "2022-04-21 21:47:04 HKT"
Epoch 5 	 loss: 55886.3130320134 	 dlt: 4.7939604014099
mae: 0.54339718320479 	rmse: 0.596734165075703 
[1] "2022-04-21 21:47:25 HKT"
Epoch 7 	 loss: 35457110122847.8 	 dlt: 1.63066244909396e-09
mae: 0.723088230003708 	rmse: 0.757634490058266 

Attaching package: ‘dplyr’

The following objects are masked from ‘package:stats’:

    filter, lag

The following objects are masked from ‘package:base’:

    intersect, setdiff, setequal, union


> dim = 2

> Y <- matrix(rnorm(N * dim), nrow = dim)

> W <- matrix(rnorm(M * dim), nrow = dim)

> aaa <- user_cpmf(read, t(Y), t(W))

> dim = 2

> Y <- matrix(rnorm(N * dim), nrow = dim)

> V <- matrix(rnorm(M * dim), nrow = dim)

> W <- matrix(rnorm(M * dim), nrow = dim)

> Ut <- user_cpmf(read, t(Y), t(W))

> loss_cpmf_aux(train, t(Y), t(V), t(W), Ut, 1, 1, 1)
[1] 26585.05

> dim = 2

> Y <- matrix(rnorm(N * dim), nrow = dim)

> V <- matrix(rnorm(M * dim), nrow = dim)

> W <- matrix(rnorm(M * dim), nrow = dim)

> Ut <- user_cpmf(read, t(Y), t(W))

> pred_cpmf(test, Ut, t(V))$mae
[1] 0.3627279
[1] 1e-05 1e+00 1e+00 1e-01
[1] 16
[1] "2022-04-21 21:52:43 HKT"
Epoch 1 	 loss: 9643623.26674782 	 dlt: 600.492721127014
mae: 0.746644326921243 	rmse: 0.773024008322767 
[1] "2022-04-21 21:53:03 HKT"
Epoch 3 	 loss: 12700.0704221635 	 dlt: 0.0779797906562308
mae: 0.287415219465824 	rmse: 0.333439247560679 
[1] "2022-04-21 21:53:23 HKT"
Epoch 5 	 loss: 54019.1626814919 	 dlt: 3.54536424251056
mae: 0.605383124926197 	rmse: 0.641967182011703 
[1] "2022-04-21 21:53:43 HKT"
Epoch 7 	 loss: 35457169951751.5 	 dlt: 4.57363419433929e-10
mae: 0.746964689839322 	rmse: 0.773231194638108 

Attaching package: ‘dplyr’

The following objects are masked from ‘package:stats’:

    filter, lag

The following objects are masked from ‘package:base’:

    intersect, setdiff, setequal, union


> dim = 2

> Y <- matrix(rnorm(N * dim), nrow = dim)

> W <- matrix(rnorm(M * dim), nrow = dim)

> aaa <- user_cpmf(read, t(Y), t(W))

> dim = 2

> Y <- matrix(rnorm(N * dim), nrow = dim)

> V <- matrix(rnorm(M * dim), nrow = dim)

> W <- matrix(rnorm(M * dim), nrow = dim)

> Ut <- user_cpmf(read, t(Y), t(W))

> loss_cpmf_aux(train, t(Y), t(V), t(W), Ut, 1, 1, 1)
[1] 26489.11

> dim = 2

> Y <- matrix(rnorm(N * dim), nrow = dim)

> V <- matrix(rnorm(M * dim), nrow = dim)

> W <- matrix(rnorm(M * dim), nrow = dim)

> Ut <- user_cpmf(read, t(Y), t(W))

> pred_cpmf(test, Ut, t(V))$mae
[1] 0.3600622
[1] 1e-05 1e+00 1e+00 1e-01
[1] 16
[1] "2022-04-21 21:57:39 HKT"
Epoch 1 	 loss: 9635088.42718854 	 dlt: 599.960385538108
mae: 0.689796184083828 	rmse: 0.735530697235968 
[1] "2022-04-21 21:57:58 HKT"
Epoch 3 	 loss: 15097.7438089321 	 dlt: 0.390541738193394
mae: 0.165762969130505 	rmse: 0.220690508310118 
[1] "2022-04-21 21:58:17 HKT"
Epoch 5 	 loss: 63735.581927496 	 dlt: 2.18736543888012
mae: 0.431669330647044 	rmse: 0.513165557804671 
[1] "2022-04-21 21:58:36 HKT"
Epoch 7 	 loss: 35457407116924.8 	 dlt: 1.55067057063501e-09
mae: 0.642488688790693 	rmse: 0.702431832502508 

Attaching package: ‘dplyr’

The following objects are masked from ‘package:stats’:

    filter, lag

The following objects are masked from ‘package:base’:

    intersect, setdiff, setequal, union


> dim = 2

> Y <- matrix(rnorm(N * dim), nrow = dim)

> W <- matrix(rnorm(M * dim), nrow = dim)

> aaa <- user_cpmf(read, t(Y), t(W))

> dim = 2

> Y <- matrix(rnorm(N * dim), nrow = dim)

> V <- matrix(rnorm(M * dim), nrow = dim)

> W <- matrix(rnorm(M * dim), nrow = dim)

> Ut <- user_cpmf(read, t(Y), t(W))

> loss_cpmf_aux(train, t(Y), t(V), t(W), Ut, 1, 1, 1)
[1] 26239.96

> dim = 2

> Y <- matrix(rnorm(N * dim), nrow = dim)

> V <- matrix(rnorm(M * dim), nrow = dim)

> W <- matrix(rnorm(M * dim), nrow = dim)

> Ut <- user_cpmf(read, t(Y), t(W))

> pred_cpmf(test, Ut, t(V))$mae
[1] 0.3611449
[1] 3e-05 5e-01 1e+00 5e-01
[1] 16
[1] 1
[1] 1
[1] "2022-04-22 11:45:24 HKT"
Epoch 1 	 loss: 56044675071.8771 	 dlt: 390622.611014025
mae: 0.678461846832462 	rmse: 0.727589639145141 
[1] 0.7
[1] 1
[1] 5.411696e-06
[1] 3.670337e-08
[1] "2022-04-22 11:46:12 HKT"
Epoch 3 	 loss: 30761.4217547709 	 dlt: 6.78737207062069e-07
mae: 0.162855718478209 	rmse: 0.216982826774308 

Attaching package: ‘dplyr’

The following objects are masked from ‘package:stats’:

    filter, lag

The following objects are masked from ‘package:base’:

    intersect, setdiff, setequal, union


> dim = 2

> Y <- matrix(rnorm(N * dim), nrow = dim)

> W <- matrix(rnorm(M * dim), nrow = dim)

> aaa <- user_cpmf(read, t(Y), t(W))

> dim = 2

> Y <- matrix(rnorm(N * dim), nrow = dim)

> V <- matrix(rnorm(M * dim), nrow = dim)

> W <- matrix(rnorm(M * dim), nrow = dim)

> Ut <- user_cpmf(read, t(Y), t(W))

> loss_cpmf_aux(train, t(Y), t(V), t(W), Ut, 1, 1, 1)
[1] 26592.87

> dim = 2

> Y <- matrix(rnorm(N * dim), nrow = dim)

> V <- matrix(rnorm(M * dim), nrow = dim)

> W <- matrix(rnorm(M * dim), nrow = dim)

> Ut <- user_cpmf(read, t(Y), t(W))

> pred_cpmf(test, Ut, t(V))$mae
[1] 0.3598566
[1] 1e-05 5e-01 1e+00 5e-01
[1] 16
[1] "2022-04-22 13:31:05 HKT"
Epoch 1 	 loss: 19181834.1172715 	 dlt: 1195.41065191626
mae: 0.689763633840815 	rmse: 0.735509863874306 
[1] "2022-04-22 13:31:24 HKT"
Epoch 3 	 loss: 9463.02772327191 	 dlt: 0.12020996702145
mae: 0.165804085226943 	rmse: 0.220781917614244 
[1] "2022-04-22 13:31:42 HKT"
Epoch 5 	 loss: 50861.9987831182 	 dlt: 3.54923620608306
mae: 0.431621361867867 	rmse: 0.513056119601909 
[1] "2022-04-22 13:32:01 HKT"
Epoch 7 	 loss: 283659261759725 	 dlt: 6.99410442763161e-10
mae: 0.642120357093438 	rmse: 0.702169600321444 

Attaching package: ‘dplyr’

The following objects are masked from ‘package:stats’:

    filter, lag

The following objects are masked from ‘package:base’:

    intersect, setdiff, setequal, union


> dim = 2

> Y <- matrix(rnorm(N * dim), nrow = dim)

> W <- matrix(rnorm(M * dim), nrow = dim)

> aaa <- user_cpmf(read, t(Y), t(W))

> dim = 2

> Y <- matrix(rnorm(N * dim), nrow = dim)

> V <- matrix(rnorm(M * dim), nrow = dim)

> W <- matrix(rnorm(M * dim), nrow = dim)

> Ut <- user_cpmf(read, t(Y), t(W))

> loss_cpmf_aux(train, t(Y), t(V), t(W), Ut, 1, 1, 1)
[1] 26571.19

> dim = 2

> Y <- matrix(rnorm(N * dim), nrow = dim)

> V <- matrix(rnorm(M * dim), nrow = dim)

> W <- matrix(rnorm(M * dim), nrow = dim)

> Ut <- user_cpmf(read, t(Y), t(W))

> pred_cpmf(test, Ut, t(V))$mae
[1] 0.3618302
[1] 3e-05 5e-01 1e+00 5e-01
[1] 16
[1] 1
[1] 1
[1] "2022-04-22 13:33:52 HKT"
Epoch 1 	 loss: 56044674290.1247 	 dlt: 395418.535642811
mae: 0.677987298552741 	rmse: 0.72726528835344 
[1] 0.7
[1] 1
[1] 5.411696e-06
[1] 3.670337e-08
[1] "2022-04-22 13:34:45 HKT"
Epoch 3 	 loss: 28939.1931842469 	 dlt: 7.57023514386688e-07
mae: 0.163100701886151 	rmse: 0.217143745957498 
[1] 1.074911e-18
[1] 1
[1] 1
[1] 1
[1] "2022-04-22 13:35:55 HKT"
Epoch 5 	 loss: 39906.9953916075 	 dlt: 0.999999999990684
mae: 0.162009412159865 	rmse: 0.215850828812596 
[1] 3.219906e-05
[1] 2.837535e-13
[1] 3.670337e-08
[1] 0.00113989
[1] "2022-04-22 13:37:39 HKT"
Epoch 7 	 loss: 40779.3917293644 	 dlt: 0.0218603427205976
mae: 0.173975909393959 	rmse: 0.228821863663821 
[1] 0.01384129
[1] 0.01384129
[1] 3.805329e-17
[1] 1.742515e-10
[1] "2022-04-22 13:39:29 HKT"
Epoch 9 	 loss: 40968.3704925009 	 dlt: 0.0262161740139729
mae: 0.17907430535225 	rmse: 0.233673529059714 
[1] 0.01384129
[1] 0.01977327
[1] 0.02824752
[1] 0.04035361
[1] "2022-04-22 13:39:59 HKT"
Epoch 11 	 loss: 39987.8273071069 	 dlt: 0.0610757231739328
mae: 0.161312151691107 	rmse: 0.214999468418449 
[1] 6.395617e-18
[1] 1.577754e-05
[1] 0.009688901
[1] 1
[1] "2022-04-22 13:41:32 HKT"
Epoch 13 	 loss: 42641.6674592151 	 dlt: 0.0391114304974899
mae: 0.192185200603862 	rmse: 0.250882604649808 
[1] 0.04035361
[1] 0.002326305
[1] 0.0002736875

Execution halted

Attaching package: ‘dplyr’

The following objects are masked from ‘package:stats’:

    filter, lag

The following objects are masked from ‘package:base’:

    intersect, setdiff, setequal, union


> dim = 2

> Y <- matrix(rnorm(N * dim), nrow = dim)

> W <- matrix(rnorm(M * dim), nrow = dim)

> aaa <- user_cpmf(read, t(Y), t(W))

> dim = 2

> Y <- matrix(rnorm(N * dim), nrow = dim)

> V <- matrix(rnorm(M * dim), nrow = dim)

> W <- matrix(rnorm(M * dim), nrow = dim)

> Ut <- user_cpmf(read, t(Y), t(W))

> loss_cpmf_aux(train, t(Y), t(V), t(W), Ut, 1, 1, 1)
[1] 26417.71

> dim = 2

> Y <- matrix(rnorm(N * dim), nrow = dim)

> V <- matrix(rnorm(M * dim), nrow = dim)

> W <- matrix(rnorm(M * dim), nrow = dim)

> Ut <- user_cpmf(read, t(Y), t(W))

> pred_cpmf(test, Ut, t(V))$mae
[1] 0.3593804
[1] 3e-05 5e-01 1e+00 5e-01
[1] 16
[1] 1
[1] 1
[1] "2022-04-22 13:43:17 HKT"
Epoch 1 	 loss: 27945.8155773666 	 dlt: 0.802830125097024
mae: 0.162158458009451 	rmse: 0.216320794657831 
[1] 1.798465e-08
[1] 2.004292e-35
[1] 1
[1] 1
[1] "2022-04-22 13:45:54 HKT"
Epoch 3 	 loss: 541673942.865571 	 dlt: 0.999999873591555
mae: 0.663351681391542 	rmse: 0.71716074709221 
[1] 1
[1] 1
[1] 9.429961e-16
[1] 7.730994e-06
[1] "2022-04-22 13:47:09 HKT"
Epoch 5 	 loss: 235447982.727487 	 dlt: 7557.00518339708
mae: 0.658405757624203 	rmse: 0.713707350289792 
[1] 0.7
[1] 1
[1] 1
[1] 1
[1] "2022-04-22 13:47:17 HKT"
Epoch 7 	 loss: 37736.7314719488 	 dlt: 0.998469064513494
mae: 0.162257821909176 	rmse: 0.217008704665436 
[1] 1.347137e-15
[1] 2.489307e-10
[1] 0.02824752
[1] 4.183778e-11
[1] "2022-04-22 13:49:28 HKT"
Epoch 9 	 loss: 37745.3397875849 	 dlt: 0.000228115029453862
mae: 0.161932319479043 	rmse: 0.216574073067924 
[1] 0.0823543
[1] 1
[1] 0.7
[1] 0.2401
[1] "2022-04-22 13:49:41 HKT"
Epoch 11 	 loss: 38474.4486373485 	 dlt: 0.000871059624668473
mae: 0.160527519517417 	rmse: 0.214704440544511 
[1] 8.812479e-09
[1] 1.494548e-31

Execution halted

Attaching package: ‘dplyr’

The following objects are masked from ‘package:stats’:

    filter, lag

The following objects are masked from ‘package:base’:

    intersect, setdiff, setequal, union


> dim = 2

> Y <- matrix(rnorm(N * dim), nrow = dim)

> W <- matrix(rnorm(M * dim), nrow = dim)

> aaa <- user_cpmf(read, t(Y), t(W))

> dim = 2

> Y <- matrix(rnorm(N * dim), nrow = dim)

> V <- matrix(rnorm(M * dim), nrow = dim)

> W <- matrix(rnorm(M * dim), nrow = dim)

> Ut <- user_cpmf(read, t(Y), t(W))

> loss_cpmf_aux(train, t(Y), t(V), t(W), Ut, 1, 1, 1)
[1] 26823.59

> dim = 2

> Y <- matrix(rnorm(N * dim), nrow = dim)

> V <- matrix(rnorm(M * dim), nrow = dim)

> W <- matrix(rnorm(M * dim), nrow = dim)

> Ut <- user_cpmf(read, t(Y), t(W))

> pred_cpmf(test, Ut, t(V))$mae
[1] 0.3590857
[1] 1e-05 5e-01 1e+00 5e-01
[1] 16
[1] "2022-04-22 13:59:02 HKT"
Epoch 1 	 loss: 15108.0970883052 	 dlt: 0.0576767489424752
mae: 0.310071901773678 	rmse: 0.355188458424832 
[1] "2022-04-22 13:59:10 HKT"
Epoch 3 	 loss: 10346.3678413645 	 dlt: 0.101446846277836
mae: 0.204821547575758 	rmse: 0.257990611628813 
[1] "2022-04-22 13:59:19 HKT"
Epoch 5 	 loss: 15212.6536148509 	 dlt: 0.267092664649143
mae: 0.169631308537026 	rmse: 0.226520121702276 
[1] "2022-04-22 13:59:27 HKT"
Epoch 7 	 loss: 22598.8948295742 	 dlt: 0.198350971963371
mae: 0.168152842235946 	rmse: 0.228818120173855 
[1] "2022-04-22 13:59:35 HKT"
Epoch 9 	 loss: 31252.1161141032 	 dlt: 0.151135324309772
mae: 0.180172447761268 	rmse: 0.248846253596537 
[1] "2022-04-22 13:59:43 HKT"
Epoch 11 	 loss: 37901.5481065636 	 dlt: 0.0874165745594924
mae: 0.186631101243378 	rmse: 0.257792059908964 
[1] "2022-04-22 13:59:51 HKT"
Epoch 13 	 loss: 42563.948476605 	 dlt: 0.0522836183374355
mae: 0.191035663074278 	rmse: 0.263581415404456 
[1] "2022-04-22 13:59:59 HKT"
Epoch 15 	 loss: 45731.1295637524 	 dlt: 0.0320687743846608
mae: 0.193619124467121 	rmse: 0.267184284222651 
[1] "2022-04-22 14:00:07 HKT"
Epoch 17 	 loss: 47622.6311273197 	 dlt: 0.0166839310391211
mae: 0.196152903910101 	rmse: 0.270222303665496 
[1] "2022-04-22 14:00:15 HKT"
Epoch 19 	 loss: 48814.614431179 	 dlt: 0.0107928800342538
mae: 0.196545219996945 	rmse: 0.27142876199554 
[1] "2022-04-22 14:00:23 HKT"
Epoch 21 	 loss: 50476.5691135514 	 dlt: 0.0258628618174094
mae: 0.199748849177724 	rmse: 0.275529133881108 
[1] "2022-04-22 14:00:30 HKT"
Epoch 23 	 loss: 55330.0127662805 	 dlt: 0.0456402540405485
mae: 0.200214831604019 	rmse: 0.276062652799109 
[1] "2022-04-22 14:00:38 HKT"
Epoch 25 	 loss: 59320.5222150872 	 dlt: 0.0304550899437295
mae: 0.202181551550294 	rmse: 0.278886982655829 
[1] "2022-04-22 14:00:46 HKT"
Epoch 27 	 loss: 61209.5812706563 	 dlt: 0.0128469622868354
mae: 0.2032026012785 	rmse: 0.280091118784128 
[1] "2022-04-22 14:00:54 HKT"
Epoch 29 	 loss: 64671.3607388408 	 dlt: 0.0257883262222592
mae: 0.212755241017549 	rmse: 0.294983669764781 
[1] "2022-04-22 14:01:02 HKT"
Epoch 31 	 loss: 67196.5470672967 	 dlt: 0.0173560447841915
mae: 0.215008060468204 	rmse: 0.298416362440556 
[1] "2022-04-22 14:01:10 HKT"
Epoch 33 	 loss: 69086.0903914238 	 dlt: 0.0132401196547749
mae: 0.216904540416397 	rmse: 0.300790971942675 
[1] "2022-04-22 14:01:18 HKT"
Epoch 35 	 loss: 70437.5670310606 	 dlt: 0.00900340471003041
mae: 0.220274347153614 	rmse: 0.305085454205861 
[1] "2022-04-22 14:01:26 HKT"
Epoch 37 	 loss: 71493.589505508 	 dlt: 0.00723770620268586
mae: 0.221338226148942 	rmse: 0.306318657318902 
[1] "2022-04-22 14:01:33 HKT"
Epoch 39 	 loss: 72920.9329123798 	 dlt: 0.0144334968528923
mae: 0.222268477830847 	rmse: 0.307650260755542 
[1] "2022-04-22 14:01:41 HKT"
Epoch 41 	 loss: 75441.8219868721 	 dlt: 0.0161198079166396
mae: 0.222955459275495 	rmse: 0.308656217139055 
[1] "2022-04-22 14:01:50 HKT"
Epoch 43 	 loss: 77421.1543699298 	 dlt: 0.0106125230952117
mae: 0.222605972455773 	rmse: 0.308187776509285 
[1] "2022-04-22 14:01:58 HKT"
Epoch 45 	 loss: 78625.1559186522 	 dlt: 0.00659815489816672
mae: 0.223678417304527 	rmse: 0.309449523992317 
[1] "2022-04-22 14:02:05 HKT"
Epoch 47 	 loss: 79335.7989538026 	 dlt: 0.00438340155139774
mae: 0.224108423146439 	rmse: 0.309949529905182 
[1] "2022-04-22 14:02:13 HKT"
Epoch 49 	 loss: 80493.0580538427 	 dlt: 0.00535675941136338
mae: 0.224435638747258 	rmse: 0.310067729251688 

Attaching package: ‘dplyr’

The following objects are masked from ‘package:stats’:

    filter, lag

The following objects are masked from ‘package:base’:

    intersect, setdiff, setequal, union


> dim = 2

> Y <- matrix(rnorm(N * dim), nrow = dim)

> W <- matrix(rnorm(M * dim), nrow = dim)

> aaa <- user_cpmf(read, t(Y), t(W))

> dim = 2

> Y <- matrix(rnorm(N * dim), nrow = dim)

> V <- matrix(rnorm(M * dim), nrow = dim)

> W <- matrix(rnorm(M * dim), nrow = dim)

> Ut <- user_cpmf(read, t(Y), t(W))

> loss_cpmf_aux(train, t(Y), t(V), t(W), Ut, 1, 1, 1)
[1] 26378.91

> dim = 2

> Y <- matrix(rnorm(N * dim), nrow = dim)

> V <- matrix(rnorm(M * dim), nrow = dim)

> W <- matrix(rnorm(M * dim), nrow = dim)

> Ut <- user_cpmf(read, t(Y), t(W))

> pred_cpmf(test, Ut, t(V))$mae
[1] 0.3611861
[1] 3e-05 5e-01 1e+00 5e-01
[1] 16
[1] 1
[1] 1
[1] "2022-04-22 14:06:52 HKT"
Epoch 1 	 loss: 49722.3081308491 	 dlt: 0.6112148138874
mae: 0.178736810727328 	rmse: 0.247260838452766 
[1] 0.343
[1] 0.7
[1] 0.49
[1] 0.0823543
[1] "2022-04-22 14:07:07 HKT"
Epoch 3 	 loss: 49488.7977298145 	 dlt: 0.000873984330229748
mae: 0.167770805173213 	rmse: 0.226128187526402 
[1] 7.031676e-12
[1] 0.01977327
[1] 1.798465e-08
[1] 8.272697e-13
[1] "2022-04-22 14:09:15 HKT"
Epoch 5 	 loss: 67413903.0734461 	 dlt: 1361.21822488228
mae: 0.504345457442269 	rmse: 0.596228511004974 
[1] 1
[1] 1
[1] 9.38748e-05
[1] 0.0003909821
[1] "2022-04-22 14:09:48 HKT"
Epoch 7 	 loss: 52027.9639845585 	 dlt: 5.28970491822936e-07
mae: 0.168805560266898 	rmse: 0.227295263002368 
[1] 0.0002736875
[1] 0.002326305
[1] 0.117649
[1] 0.01977327
[1] "2022-04-22 14:10:28 HKT"
Epoch 9 	 loss: 52097.780618405 	 dlt: 4.02437952652844e-05
mae: 0.167668014932118 	rmse: 0.225681598181495 
[1] 6.600972e-16
[1] 3.927514e-15
[1] 0.16807
[1] 0.16807
[1] "2022-04-22 14:12:27 HKT"
Epoch 11 	 loss: 65469507181.6824 	 dlt: 1211836.36474273
mae: 0.432164436974998 	rmse: 0.532059196806625 
[1] 1
[1] 1
[1] 1
[1] 1
[1] "2022-04-22 14:12:34 HKT"
Epoch 13 	 loss: 60622.158331504 	 dlt: 0.999999999999871
mae: 0.175740475199413 	rmse: 0.238215627242085 
[1] 0.49
[1] 0.2401
[1] 1.635783e-14
[1] 5.610734e-15
[1] "2022-04-22 14:14:30 HKT"
Epoch 15 	 loss: 61487.9797893147 	 dlt: 0.0184791405947158
mae: 0.17389710354245 	rmse: 0.236039392688658 
[1] 0.7
[1] 0.16807
[1] 1.145048e-14
[1] 2.651731e-06
[1] "2022-04-22 14:15:50 HKT"
Epoch 17 	 loss: 62249.9508412265 	 dlt: 0.0134906696861588
mae: 0.173885111347656 	rmse: 0.235527148826326 

Execution halted
