
Attaching package: ‘dplyr’

The following objects are masked from ‘package:stats’:

    filter, lag

The following objects are masked from ‘package:base’:

    intersect, setdiff, setequal, union

Error in readChar(con, 5L, useBytes = TRUE) : cannot open the connection
Calls: load -> readChar
In addition: Warning message:
In readChar(con, 5L, useBytes = TRUE) :
  cannot open compressed file '/home/mathxuxin/nPMF/cpmf/read.Rda', probable reason 'No such file or directory'
Execution halted

Attaching package: ‘dplyr’

The following objects are masked from ‘package:stats’:

    filter, lag

The following objects are masked from ‘package:base’:

    intersect, setdiff, setequal, union


> dim = 2

> Y <- matrix(rnorm(N * dim), nrow = dim)

> W <- matrix(rnorm(M * dim), nrow = dim)

> aaa <- user_cpmf(read, t(Y), t(W))

> dim = 2

> Y <- matrix(rnorm(N * dim), nrow = dim)

> V <- matrix(rnorm(M * dim), nrow = dim)

> W <- matrix(rnorm(M * dim), nrow = dim)

> Ut <- user_cpmf(read, t(Y), t(W))

> loss_cpmf(train, t(Y), t(V), t(W), Ut, 1, 1, 1)
Error in loss_cpmf(train, t(Y), t(V), t(W), Ut, 1, 1, 1) : 
  could not find function "loss_cpmf"
Calls: sourceCpp -> source -> withVisible -> eval -> eval
Execution halted

Attaching package: ‘dplyr’

The following objects are masked from ‘package:stats’:

    filter, lag

The following objects are masked from ‘package:base’:

    intersect, setdiff, setequal, union


> dim = 2

> Y <- matrix(rnorm(N * dim), nrow = dim)

> W <- matrix(rnorm(M * dim), nrow = dim)

> aaa <- user_cpmf(read, t(Y), t(W))

> dim = 2

> Y <- matrix(rnorm(N * dim), nrow = dim)

> V <- matrix(rnorm(M * dim), nrow = dim)

> W <- matrix(rnorm(M * dim), nrow = dim)

> Ut <- user_cpmf(read, t(Y), t(W))

> loss_cpmf_aux(train, t(Y), t(V), t(W), Ut, 1, 1, 1)
[1] 26435

> dim = 2

> Y <- matrix(rnorm(N * dim), nrow = dim)

> V <- matrix(rnorm(M * dim), nrow = dim)

> W <- matrix(rnorm(M * dim), nrow = dim)

> Ut <- user_cpmf(read, t(Y), t(W))

> pred_cpmf(test, Ut, t(V))$mae
[1] 0.3599543
[1] 0.0000100 0.6666667 1.0000000 0.3333333
[1] 4
[1] "2022-04-21 17:15:27 HKT"
Epoch 1 	 loss: 14236.4407662374 	 dlt: 0.112043755880206
mae: 0.299470801575489 	rmse: 0.346079468577774 
[1] "2022-04-21 17:15:32 HKT"
Epoch 3 	 loss: 10111.2291946249 	 dlt: 0.0173296657199837
mae: 0.181376806752768 	rmse: 0.236530006553483 
[1] "2022-04-21 17:15:37 HKT"
Epoch 5 	 loss: 12943.4126670431 	 dlt: 0.132190983458251
mae: 0.168565716371013 	rmse: 0.225245954871302 
[1] "2022-04-21 17:15:42 HKT"
Epoch 7 	 loss: 15763.2599315807 	 dlt: 0.0960135200585466
mae: 0.16559507840338 	rmse: 0.22278685123496 
[1] "2022-04-21 17:15:47 HKT"
Epoch 9 	 loss: 18151.356277567 	 dlt: 0.0667692576786803
mae: 0.166818282272405 	rmse: 0.225037121716645 
[1] "2022-04-21 17:15:52 HKT"
Epoch 11 	 loss: 20110.0562894818 	 dlt: 0.0479220692829486
mae: 0.168250492964988 	rmse: 0.227976776952352 
[1] "2022-04-21 17:15:57 HKT"
Epoch 13 	 loss: 21622.2949744072 	 dlt: 0.0333099287305488
mae: 0.170314863640304 	rmse: 0.231386732317316 
[1] "2022-04-21 17:16:01 HKT"
Epoch 15 	 loss: 22636.656104532 	 dlt: 0.0200879013015914
mae: 0.172033173837267 	rmse: 0.234043068835836 
[1] "2022-04-21 17:16:06 HKT"
Epoch 17 	 loss: 23290.0869046931 	 dlt: 0.0127529845399335
mae: 0.173662399158616 	rmse: 0.236489362166794 
[1] "2022-04-21 17:16:11 HKT"
Epoch 19 	 loss: 23633.1280477282 	 dlt: 0.00547137189366365
mae: 0.174488147428742 	rmse: 0.237685650107576 
[1] "2022-04-21 17:16:16 HKT"
Epoch 21 	 loss: 23727.6419178162 	 dlt: 0.00124885487459535
mae: 0.175920358121326 	rmse: 0.239731842403249 
[1] "2022-04-21 17:16:21 HKT"
Epoch 23 	 loss: 23669.6761413247 	 dlt: 0.002121619411263
mae: 0.176908857606518 	rmse: 0.241209331062663 
[1] "2022-04-21 17:16:25 HKT"
Epoch 25 	 loss: 23483.0934429674 	 dlt: 0.00496498999759366
mae: 0.177614683928701 	rmse: 0.242277066237707 
[1] "2022-04-21 17:16:30 HKT"
Epoch 27 	 loss: 23213.1356451075 	 dlt: 0.0059670060819926
mae: 0.178498680002114 	rmse: 0.243691092618705 
[1] "2022-04-21 17:16:35 HKT"
Epoch 29 	 loss: 22874.6373113971 	 dlt: 0.00751789409021216
mae: 0.179197653641558 	rmse: 0.244527020898107 
[1] "2022-04-21 17:16:40 HKT"
Epoch 31 	 loss: 22512.2607887421 	 dlt: 0.0075888969051232
mae: 0.179833239965659 	rmse: 0.245788361332582 
[1] "2022-04-21 17:16:44 HKT"
Epoch 33 	 loss: 22102.2512889303 	 dlt: 0.00834095129359863
mae: 0.180216990199079 	rmse: 0.246349202148342 
[1] "2022-04-21 17:16:49 HKT"
Epoch 35 	 loss: 21675.209197701 	 dlt: 0.00954219733019393
mae: 0.181251745292764 	rmse: 0.247762268373081 

Execution halted

Attaching package: ‘dplyr’

The following objects are masked from ‘package:stats’:

    filter, lag

The following objects are masked from ‘package:base’:

    intersect, setdiff, setequal, union


> dim = 2

> Y <- matrix(rnorm(N * dim), nrow = dim)

> W <- matrix(rnorm(M * dim), nrow = dim)

> aaa <- user_cpmf(read, t(Y), t(W))

> dim = 2

> Y <- matrix(rnorm(N * dim), nrow = dim)

> V <- matrix(rnorm(M * dim), nrow = dim)

> W <- matrix(rnorm(M * dim), nrow = dim)

> Ut <- user_cpmf(read, t(Y), t(W))

> loss_cpmf_aux(train, t(Y), t(V), t(W), Ut, 1, 1, 1)
[1] 26359.74

> dim = 2

> Y <- matrix(rnorm(N * dim), nrow = dim)

> V <- matrix(rnorm(M * dim), nrow = dim)

> W <- matrix(rnorm(M * dim), nrow = dim)

> Ut <- user_cpmf(read, t(Y), t(W))

> pred_cpmf(test, Ut, t(V))$mae
[1] 0.3594969
[1] 0.0000300 0.6666667 1.0000000 0.3333333
[1] 4
[1] "2022-04-21 17:17:59 HKT"
Epoch 1 	 loss: 14275.3759423105 	 dlt: 0.109615288450901
mae: 0.299506778159872 	rmse: 0.346116043295817 
[1] "2022-04-21 17:18:04 HKT"
Epoch 3 	 loss: 15339.2851274618 	 dlt: 0.333566191490781
mae: 0.181704022353586 	rmse: 0.236864152543388 
[1] "2022-04-21 17:18:09 HKT"
Epoch 5 	 loss: 27173.8006387004 	 dlt: 0.260564548659207
mae: 0.169069388552377 	rmse: 0.225899947428692 
[1] "2022-04-21 17:18:14 HKT"
Epoch 7 	 loss: 35803.4036089241 	 dlt: 0.124662794520265
mae: 0.166288912530769 	rmse: 0.223569402089399 
[1] "2022-04-21 17:18:19 HKT"
Epoch 9 	 loss: 41616.4119978724 	 dlt: 0.0665005982340509
mae: 0.167697138833764 	rmse: 0.225776466942143 
[1] "2022-04-21 17:18:24 HKT"
Epoch 11 	 loss: 45460.0804260615 	 dlt: 0.0381390051612764
mae: 0.168983730018131 	rmse: 0.228404711614412 
[1] "2022-04-21 17:18:29 HKT"
Epoch 13 	 loss: 47559.4807803342 	 dlt: 0.0178471141161683
mae: 0.170864791430161 	rmse: 0.231364930835843 
[1] "2022-04-21 17:18:34 HKT"
Epoch 15 	 loss: 48146.505357954 	 dlt: 0.00225113426634482
mae: 0.172444334801647 	rmse: 0.233578200492706 
[1] "2022-04-21 17:18:38 HKT"
Epoch 17 	 loss: 47628.4619550338 	 dlt: 0.00782597723381074
mae: 0.173681244036151 	rmse: 0.23562047707101 
[1] "2022-04-21 17:18:43 HKT"
Epoch 19 	 loss: 46434.6561129004 	 dlt: 0.0141560498945088
mae: 0.174652611814494 	rmse: 0.237210266306603 
[1] "2022-04-21 17:18:48 HKT"
Epoch 21 	 loss: 44790.0471498999 	 dlt: 0.0185900270272824
mae: 0.17577131227174 	rmse: 0.238613235071882 
[1] "2022-04-21 17:18:52 HKT"
Epoch 23 	 loss: 42940.5691167914 	 dlt: 0.0215619859583312
mae: 0.176439448838854 	rmse: 0.239511400013626 
[1] "2022-04-21 17:18:57 HKT"
Epoch 25 	 loss: 40969.3185517601 	 dlt: 0.0237608120194972
mae: 0.176973958092546 	rmse: 0.240826285239639 
[1] "2022-04-21 17:19:02 HKT"
Epoch 27 	 loss: 39036.8891735221 	 dlt: 0.0239281362645574
mae: 0.178443858540197 	rmse: 0.242475761856112 
[1] "2022-04-21 17:19:06 HKT"
Epoch 29 	 loss: 37144.7285774829 	 dlt: 0.024944004366697
mae: 0.179216498519092 	rmse: 0.243664923650718 
[1] "2022-04-21 17:19:11 HKT"
Epoch 31 	 loss: 35356.8329573275 	 dlt: 0.0237295316950468
mae: 0.179877782403467 	rmse: 0.244613802782732 
[1] "2022-04-21 17:19:16 HKT"
Epoch 33 	 loss: 33658.3369362193 	 dlt: 0.0233128352089136
mae: 0.180278664343735 	rmse: 0.245045309204172 
[1] "2022-04-21 17:19:20 HKT"
Epoch 35 	 loss: 32065.575005003 	 dlt: 0.0240541940740594
mae: 0.181423062361255 	rmse: 0.246268056021232 
[1] "2022-04-21 17:19:25 HKT"
Epoch 37 	 loss: 30577.359511848 	 dlt: 0.0229243237198656
mae: 0.181251745292763 	rmse: 0.24656005709362 
[1] "2022-04-21 17:19:29 HKT"
Epoch 39 	 loss: 29244.5930972348 	 dlt: 0.0213236493860028
mae: 0.181736572596593 	rmse: 0.24717652614888 
[1] "2022-04-21 17:19:34 HKT"
Epoch 41 	 loss: 27979.6551631548 	 dlt: 0.0217164425915577
mae: 0.182430406723981 	rmse: 0.248199038162654 
[1] "2022-04-21 17:19:39 HKT"
Epoch 43 	 loss: 26828.9758050731 	 dlt: 0.0206757294370912
mae: 0.182889536467536 	rmse: 0.248592929721549 
[1] "2022-04-21 17:19:43 HKT"
Epoch 45 	 loss: 25829.2380286684 	 dlt: 0.0181824629865006
mae: 0.182973481831097 	rmse: 0.248582592301811 
[1] "2022-04-21 17:19:48 HKT"
Epoch 47 	 loss: 24874.1950622087 	 dlt: 0.018811583879993
mae: 0.183624486691362 	rmse: 0.249698085508464 
[1] "2022-04-21 17:19:53 HKT"
Epoch 49 	 loss: 24016.7391150148 	 dlt: 0.0166539317677675
mae: 0.18347030132972 	rmse: 0.249325791011336 

Attaching package: ‘dplyr’

The following objects are masked from ‘package:stats’:

    filter, lag

The following objects are masked from ‘package:base’:

    intersect, setdiff, setequal, union


> dim = 2

> Y <- matrix(rnorm(N * dim), nrow = dim)

> W <- matrix(rnorm(M * dim), nrow = dim)

> aaa <- user_cpmf(read, t(Y), t(W))

> dim = 2

> Y <- matrix(rnorm(N * dim), nrow = dim)

> V <- matrix(rnorm(M * dim), nrow = dim)

> W <- matrix(rnorm(M * dim), nrow = dim)

> Ut <- user_cpmf(read, t(Y), t(W))

> loss_cpmf_aux(train, t(Y), t(V), t(W), Ut, 1, 1, 1)
[1] 26409.44

> dim = 2

> Y <- matrix(rnorm(N * dim), nrow = dim)

> V <- matrix(rnorm(M * dim), nrow = dim)

> W <- matrix(rnorm(M * dim), nrow = dim)

> Ut <- user_cpmf(read, t(Y), t(W))

> pred_cpmf(test, Ut, t(V))$mae
[1] 0.3593735
[1] 0.0001000 0.6666667 1.0000000 0.3333333
[1] 4
[1] "2022-04-21 17:21:40 HKT"
Epoch 1 	 loss: 14409.4787664885 	 dlt: 0.101251018052264
mae: 0.2996284132785 	rmse: 0.346236739942074 
[1] "2022-04-21 17:21:46 HKT"
Epoch 3 	 loss: 31591.5787997344 	 dlt: 1.03481136570347
mae: 0.182445825260151 	rmse: 0.237504186649252 
[1] "2022-04-21 17:21:52 HKT"
Epoch 5 	 loss: 63383.6393456241 	 dlt: 0.262795820796962
mae: 0.170722598263315 	rmse: 0.22654154917637 
[1] "2022-04-21 17:21:58 HKT"
Epoch 7 	 loss: 75995.8621028679 	 dlt: 0.0650998000562473
mae: 0.167606340787465 	rmse: 0.223654102707682 
[1] "2022-04-21 17:22:03 HKT"
Epoch 9 	 loss: 78520.2806034624 	 dlt: 0.00593139031413578
mae: 0.168599979784713 	rmse: 0.225053192685305 
[1] "2022-04-21 17:22:09 HKT"
Epoch 11 	 loss: 76895.1117031694 	 dlt: 0.0158500278183462
mae: 0.169747804143601 	rmse: 0.227365599353628 
[1] "2022-04-21 17:22:15 HKT"
Epoch 13 	 loss: 73261.5359861162 	 dlt: 0.0267760581431134
mae: 0.171214278249883 	rmse: 0.230103528639615 
[1] "2022-04-21 17:22:20 HKT"
Epoch 15 	 loss: 68499.2614431888 	 dlt: 0.034888655006122
mae: 0.172557404066851 	rmse: 0.23168311095023 
[1] "2022-04-21 17:22:26 HKT"
Epoch 17 	 loss: 63610.8249888796 	 dlt: 0.0376148067828073
mae: 0.174416194259978 	rmse: 0.234172757709476 
[1] "2022-04-21 17:22:31 HKT"
Epoch 19 	 loss: 59017.8325966324 	 dlt: 0.0363975543234431
mae: 0.175060346437503 	rmse: 0.235149418004008 
[1] "2022-04-21 17:22:37 HKT"
Epoch 21 	 loss: 55006.3384650457 	 dlt: 0.0337122850149778
mae: 0.176014582508997 	rmse: 0.23637544017438 
[1] "2022-04-21 17:22:42 HKT"
Epoch 23 	 loss: 51597.5410419394 	 dlt: 0.0303928210894918
mae: 0.17644116200954 	rmse: 0.237186993757978 
[1] "2022-04-21 17:22:48 HKT"
Epoch 25 	 loss: 48764.5374424039 	 dlt: 0.0264402775963554
mae: 0.177369700520761 	rmse: 0.238351032075532 
[1] "2022-04-21 17:22:54 HKT"
Epoch 27 	 loss: 46415.093029009 	 dlt: 0.0235491521348133
mae: 0.178462703417732 	rmse: 0.239792180463421 
[1] "2022-04-21 17:23:00 HKT"
Epoch 29 	 loss: 44510.1409050498 	 dlt: 0.0199169487339739
mae: 0.179106855595258 	rmse: 0.2407895282162 

Execution halted

Attaching package: ‘dplyr’

The following objects are masked from ‘package:stats’:

    filter, lag

The following objects are masked from ‘package:base’:

    intersect, setdiff, setequal, union


> dim = 2

> Y <- matrix(rnorm(N * dim), nrow = dim)

> W <- matrix(rnorm(M * dim), nrow = dim)

> aaa <- user_cpmf(read, t(Y), t(W))

> dim = 2

> Y <- matrix(rnorm(N * dim), nrow = dim)

> V <- matrix(rnorm(M * dim), nrow = dim)

> W <- matrix(rnorm(M * dim), nrow = dim)

> Ut <- user_cpmf(read, t(Y), t(W))

> loss_cpmf_aux(train, t(Y), t(V), t(W), Ut, 1, 1, 1)
[1] 26484.57

> dim = 2

> Y <- matrix(rnorm(N * dim), nrow = dim)

> V <- matrix(rnorm(M * dim), nrow = dim)

> W <- matrix(rnorm(M * dim), nrow = dim)

> Ut <- user_cpmf(read, t(Y), t(W))

> pred_cpmf(test, Ut, t(V))$mae
[1] 0.3613642
[1] 1e-05 5e-01 1e+00 5e-01
[1] 4
[1] "2022-04-21 17:23:56 HKT"
Epoch 1 	 loss: 14233.0827348405 	 dlt: 0.112253203241085
mae: 0.299475941087543 	rmse: 0.346084143757188 
[1] "2022-04-21 17:24:03 HKT"
Epoch 3 	 loss: 9642.45564305932 	 dlt: 0.0529439974319142
mae: 0.181584100405642 	rmse: 0.23683120122069 
[1] "2022-04-21 17:24:09 HKT"
Epoch 5 	 loss: 11603.4988352698 	 dlt: 0.106095851843242
mae: 0.168771296853202 	rmse: 0.225550824749709 
[1] "2022-04-21 17:24:16 HKT"
Epoch 7 	 loss: 13851.5277860601 	 dlt: 0.0883304616219536
mae: 0.166208393508578 	rmse: 0.223640484672234 
[1] "2022-04-21 17:24:22 HKT"
Epoch 9 	 loss: 15904.4872707185 	 dlt: 0.0661633499325245
mae: 0.167650883225272 	rmse: 0.226117244000143 
[1] "2022-04-21 17:24:29 HKT"
Epoch 11 	 loss: 17684.5818837688 	 dlt: 0.0498909157902857
mae: 0.168632530027724 	rmse: 0.228665000544715 
[1] "2022-04-21 17:24:35 HKT"
Epoch 13 	 loss: 19163.822507753 	 dlt: 0.0376748868298028
mae: 0.171006984597008 	rmse: 0.232429160671003 
[1] "2022-04-21 17:24:41 HKT"
Epoch 15 	 loss: 20310.7790255166 	 dlt: 0.0262755350020181
mae: 0.173121037222186 	rmse: 0.23536221892339 
[1] "2022-04-21 17:24:46 HKT"
Epoch 17 	 loss: 21159.3836788174 	 dlt: 0.0188745523488583
mae: 0.174344241091211 	rmse: 0.237209463842936 
[1] "2022-04-21 17:24:52 HKT"
Epoch 19 	 loss: 21759.3635182241 	 dlt: 0.0125865199810117
mae: 0.175176842044076 	rmse: 0.238639160346454 
[1] "2022-04-21 17:24:57 HKT"
Epoch 21 	 loss: 22185.0729783954 	 dlt: 0.00883998206436307
mae: 0.176578215664332 	rmse: 0.24044777502158 
[1] "2022-04-21 17:25:03 HKT"
Epoch 23 	 loss: 22471.1062313286 	 dlt: 0.00564708831716686
mae: 0.177383405886239 	rmse: 0.241559857147058 
[1] "2022-04-21 17:25:08 HKT"
Epoch 25 	 loss: 22639.6535100416 	 dlt: 0.00308013605205645
mae: 0.1781029375739 	rmse: 0.243191835259202 
[1] "2022-04-21 17:25:14 HKT"
Epoch 27 	 loss: 22752.1559784717 	 dlt: 0.00225400627623543
mae: 0.179319288760186 	rmse: 0.244562437852689 
[1] "2022-04-21 17:25:20 HKT"
Epoch 29 	 loss: 22797.2912532744 	 dlt: 0.000717647988206943
mae: 0.17970817850566 	rmse: 0.24559893381828 
[1] "2022-04-21 17:25:25 HKT"
Epoch 31 	 loss: 22811.4410219355 	 dlt: 0.000238301258540044
mae: 0.180640143358251 	rmse: 0.246650754193283 
[1] "2022-04-21 17:25:30 HKT"
Epoch 33 	 loss: 22784.1683119411 	 dlt: 9.00712797719178e-05
mae: 0.180821739450852 	rmse: 0.247160353379135 
[1] "2022-04-21 17:25:36 HKT"
Epoch 35 	 loss: 22706.7500601762 	 dlt: 0.00200505981592016
mae: 0.181829083813578 	rmse: 0.248316734636335 
[1] "2022-04-21 17:25:41 HKT"
Epoch 37 	 loss: 22640.1575300268 	 dlt: 0.00190399418391458
mae: 0.181762270156866 	rmse: 0.248921206367606 
[1] "2022-04-21 17:25:47 HKT"
Epoch 39 	 loss: 22565.8469836907 	 dlt: 0.00123404476220336
mae: 0.18253833647713 	rmse: 0.249934296029081 
[1] "2022-04-21 17:25:52 HKT"
Epoch 41 	 loss: 22481.7133608399 	 dlt: 0.00177683029706967
mae: 0.182994039879316 	rmse: 0.250706137733301 
[1] "2022-04-21 17:25:57 HKT"
Epoch 43 	 loss: 22374.1651549552 	 dlt: 0.00269674607899253
mae: 0.183487433036569 	rmse: 0.251188565863608 
[1] "2022-04-21 17:26:03 HKT"
Epoch 45 	 loss: 22271.7067605048 	 dlt: 0.00223732675696077
mae: 0.183848912051086 	rmse: 0.251518374025549 
[1] "2022-04-21 17:26:08 HKT"
Epoch 47 	 loss: 22171.691343697 	 dlt: 0.00240648586129447
mae: 0.184407405694366 	rmse: 0.252448291400293 
[1] "2022-04-21 17:26:13 HKT"
Epoch 49 	 loss: 22064.0712488093 	 dlt: 0.00232292385011324
mae: 0.18449991691135 	rmse: 0.252398520850557 

Attaching package: ‘dplyr’

The following objects are masked from ‘package:stats’:

    filter, lag

The following objects are masked from ‘package:base’:

    intersect, setdiff, setequal, union


> dim = 2

> Y <- matrix(rnorm(N * dim), nrow = dim)

> W <- matrix(rnorm(M * dim), nrow = dim)

> aaa <- user_cpmf(read, t(Y), t(W))

> dim = 2

> Y <- matrix(rnorm(N * dim), nrow = dim)

> V <- matrix(rnorm(M * dim), nrow = dim)

> W <- matrix(rnorm(M * dim), nrow = dim)

> Ut <- user_cpmf(read, t(Y), t(W))

> loss_cpmf_aux(train, t(Y), t(V), t(W), Ut, 1, 1, 1)
[1] 26535.76

> dim = 2

> Y <- matrix(rnorm(N * dim), nrow = dim)

> V <- matrix(rnorm(M * dim), nrow = dim)

> W <- matrix(rnorm(M * dim), nrow = dim)

> Ut <- user_cpmf(read, t(Y), t(W))

> pred_cpmf(test, Ut, t(V))$mae
[1] 0.3582069
[1] 2e-04 5e-01 1e+00 5e-01
[1] 4
[1] "2022-04-21 17:27:32 HKT"
Epoch 1 	 loss: 204518.577137888 	 dlt: 0
mae: 0.166208393508578 	rmse: 0.223640484672234 

Attaching package: ‘dplyr’

The following objects are masked from ‘package:stats’:

    filter, lag

The following objects are masked from ‘package:base’:

    intersect, setdiff, setequal, union


> dim = 2

> Y <- matrix(rnorm(N * dim), nrow = dim)

> W <- matrix(rnorm(M * dim), nrow = dim)

> aaa <- user_cpmf(read, t(Y), t(W))

> dim = 2

> Y <- matrix(rnorm(N * dim), nrow = dim)

> V <- matrix(rnorm(M * dim), nrow = dim)

> W <- matrix(rnorm(M * dim), nrow = dim)

> Ut <- user_cpmf(read, t(Y), t(W))

> loss_cpmf_aux(train, t(Y), t(V), t(W), Ut, 1, 1, 1)
[1] 26544.42

> dim = 2

> Y <- matrix(rnorm(N * dim), nrow = dim)

> V <- matrix(rnorm(M * dim), nrow = dim)

> W <- matrix(rnorm(M * dim), nrow = dim)

> Ut <- user_cpmf(read, t(Y), t(W))

> pred_cpmf(test, Ut, t(V))$mae
[1] 0.3600913
[1] 3e-05 5e-01 1e+00 5e-01
[1] 4
[1] "2022-04-21 17:32:56 HKT"
Epoch 1 	 loss: 33921.7435073051 	 dlt: 0
mae: 0.166208393508578 	rmse: 0.223640484672234 

Attaching package: ‘dplyr’

The following objects are masked from ‘package:stats’:

    filter, lag

The following objects are masked from ‘package:base’:

    intersect, setdiff, setequal, union


> dim = 2

> Y <- matrix(rnorm(N * dim), nrow = dim)

> W <- matrix(rnorm(M * dim), nrow = dim)

> aaa <- user_cpmf(read, t(Y), t(W))

> dim = 2

> Y <- matrix(rnorm(N * dim), nrow = dim)

> V <- matrix(rnorm(M * dim), nrow = dim)

> W <- matrix(rnorm(M * dim), nrow = dim)

> Ut <- user_cpmf(read, t(Y), t(W))

> loss_cpmf_aux(train, t(Y), t(V), t(W), Ut, 1, 1, 1)
[1] 26509.14

> dim = 2

> Y <- matrix(rnorm(N * dim), nrow = dim)

> V <- matrix(rnorm(M * dim), nrow = dim)

> W <- matrix(rnorm(M * dim), nrow = dim)

> Ut <- user_cpmf(read, t(Y), t(W))

> pred_cpmf(test, Ut, t(V))$mae
[1] 0.3591268
[1] 3e-05 5e-01 1e+00 5e-01
[1] 4
[1] "2022-04-21 17:45:56 HKT"
Epoch 1 	 loss: 33921.7435073051 	 dlt: 0
mae: 0.166208393508578 	rmse: 0.223640484672234 

Attaching package: ‘dplyr’

The following objects are masked from ‘package:stats’:

    filter, lag

The following objects are masked from ‘package:base’:

    intersect, setdiff, setequal, union


> dim = 2

> Y <- matrix(rnorm(N * dim), nrow = dim)

> W <- matrix(rnorm(M * dim), nrow = dim)

> aaa <- user_cpmf(read, t(Y), t(W))

> dim = 2

> Y <- matrix(rnorm(N * dim), nrow = dim)

> V <- matrix(rnorm(M * dim), nrow = dim)

> W <- matrix(rnorm(M * dim), nrow = dim)

> Ut <- user_cpmf(read, t(Y), t(W))

> loss_cpmf_aux(train, t(Y), t(V), t(W), Ut, 1, 1, 1)
[1] 26484.29

> dim = 2

> Y <- matrix(rnorm(N * dim), nrow = dim)

> V <- matrix(rnorm(M * dim), nrow = dim)

> W <- matrix(rnorm(M * dim), nrow = dim)

> Ut <- user_cpmf(read, t(Y), t(W))

> pred_cpmf(test, Ut, t(V))$mae
[1] 0.3607115
[1] 3e-04 5e-01 1e+00 5e-01
[1] 4
[1] "2022-04-21 17:48:50 HKT"
Epoch 1 	 loss: 14685.2374164643 	 dlt: 0.0840513809283048
mae: 0.300087543022053 	rmse: 0.346688909497774 
[1] "2022-04-21 17:48:55 HKT"
Epoch 3 	 loss: 60527.378575773 	 dlt: 1.61261998926504
mae: 0.18786801047789 	rmse: 0.242748408717833 
[1] "2022-04-21 17:49:00 HKT"
Epoch 5 	 loss: 119964.719962439 	 dlt: 0.235185955224933
mae: 0.177683210756104 	rmse: 0.230871585881168 
[1] "2022-04-21 17:49:05 HKT"
Epoch 7 	 loss: 143831.743393306 	 dlt: 0.0754007259028649
mae: 0.175553739594762 	rmse: 0.22887301855675 
[1] "2022-04-21 17:49:10 HKT"
Epoch 9 	 loss: 154003.937470756 	 dlt: 0.0273120996039381
mae: 0.175723343492568 	rmse: 0.229806355312919 
[1] "2022-04-21 17:49:14 HKT"
Epoch 11 	 loss: 159218.451498379 	 dlt: 0.0137012562387251
mae: 0.175697645932292 	rmse: 0.23032884295066 
[1] "2022-04-21 17:49:19 HKT"
Epoch 13 	 loss: 162463.456584349 	 dlt: 0.00864617272022435
mae: 0.176537099567897 	rmse: 0.231700774811839 
[1] "2022-04-21 17:49:24 HKT"
Epoch 15 	 loss: 164763.467654549 	 dlt: 0.00680994055719577
mae: 0.183645044739592 	rmse: 0.241650855504018 
[1] "2022-04-21 17:49:29 HKT"
Epoch 17 	 loss: 167283.289740372 	 dlt: 0.0057472402521778
mae: 0.181140389198251 	rmse: 0.238194850370089 
[1] "2022-04-21 17:49:34 HKT"
Epoch 19 	 loss: 168067.736112919 	 dlt: 0.00176426910143512
mae: 0.181921595030569 	rmse: 0.239100956009422 
[1] "2022-04-21 17:49:38 HKT"
Epoch 21 	 loss: 167885.594398914 	 dlt: 0.00105291198693471
mae: 0.181907889665089 	rmse: 0.238780702563602 
[1] "2022-04-21 17:49:43 HKT"
Epoch 23 	 loss: 167416.733378128 	 dlt: 0.00171504210343539
mae: 0.182584592085627 	rmse: 0.239398120985664 
[1] "2022-04-21 17:49:48 HKT"
Epoch 25 	 loss: 167131.451128657 	 dlt: 0.000666001920619783
mae: 0.184589001786972 	rmse: 0.242301028299408 
[1] "2022-04-21 17:49:53 HKT"
Epoch 27 	 loss: 166123.972677158 	 dlt: 0.00292095139088444
mae: 0.185788221266409 	rmse: 0.243760212049677 
[1] "2022-04-21 17:49:58 HKT"
Epoch 29 	 loss: 165152.677146685 	 dlt: 0.00283344584074915
mae: 0.186557434903933 	rmse: 0.244460843610159 
[1] "2022-04-21 17:50:03 HKT"
Epoch 31 	 loss: 164339.716457143 	 dlt: 0.00351020326132597
mae: 0.186183963694622 	rmse: 0.244077441393178 
[1] "2022-04-21 17:50:07 HKT"
Epoch 33 	 loss: 163675.261985682 	 dlt: 0.000516475268431598
mae: 0.185985235895172 	rmse: 0.243908928094411 
[1] "2022-04-21 17:50:12 HKT"
Epoch 35 	 loss: 162326.221977776 	 dlt: 0.00255325656997201
mae: 0.186780147092969 	rmse: 0.244291815583571 
[1] "2022-04-21 17:50:17 HKT"
Epoch 37 	 loss: 162782.602734295 	 dlt: 0.00291277544613317
mae: 0.188143830958158 	rmse: 0.246587462712914 
[1] "2022-04-21 17:50:22 HKT"
Epoch 39 	 loss: 162347.928612384 	 dlt: 0.00221684492227275
mae: 0.189224841660338 	rmse: 0.247875948630925 
[1] "2022-04-21 17:50:27 HKT"
Epoch 41 	 loss: 161464.385283632 	 dlt: 0.00286504442578442
mae: 0.188834238744178 	rmse: 0.247389369011692 
[1] "2022-04-21 17:50:31 HKT"
Epoch 43 	 loss: 160708.670313113 	 dlt: 0.00379669097672337
mae: 0.189713095305535 	rmse: 0.248116579052528 
[1] "2022-04-21 17:50:36 HKT"
Epoch 45 	 loss: 160202.907744735 	 dlt: 0.000929579775319251
mae: 0.189702816281426 	rmse: 0.247801831946626 
[1] "2022-04-21 17:50:41 HKT"
Epoch 47 	 loss: 159805.76400036 	 dlt: 0.00205725138943906
mae: 0.191748342079209 	rmse: 0.249533367936472 
[1] "2022-04-21 17:50:46 HKT"
Epoch 49 	 loss: 159980.590557894 	 dlt: 0.00107544265165993
mae: 0.190593665037579 	rmse: 0.24944333739612 

Attaching package: ‘dplyr’

The following objects are masked from ‘package:stats’:

    filter, lag

The following objects are masked from ‘package:base’:

    intersect, setdiff, setequal, union


> dim = 2

> Y <- matrix(rnorm(N * dim), nrow = dim)

> W <- matrix(rnorm(M * dim), nrow = dim)

> aaa <- user_cpmf(read, t(Y), t(W))

> dim = 2

> Y <- matrix(rnorm(N * dim), nrow = dim)

> V <- matrix(rnorm(M * dim), nrow = dim)

> W <- matrix(rnorm(M * dim), nrow = dim)

> Ut <- user_cpmf(read, t(Y), t(W))

> loss_cpmf_aux(train, t(Y), t(V), t(W), Ut, 1, 1, 1)
[1] 26511.26

> dim = 2

> Y <- matrix(rnorm(N * dim), nrow = dim)

> V <- matrix(rnorm(M * dim), nrow = dim)

> W <- matrix(rnorm(M * dim), nrow = dim)

> Ut <- user_cpmf(read, t(Y), t(W))

> pred_cpmf(test, Ut, t(V))$mae
[1] 0.3589024
[1] 3e-04 5e-01 1e+00 5e-01
[1] 4
[1] "2022-04-21 17:54:06 HKT"
Epoch 1 	 loss: 133747.113916583 	 dlt: 0
mae: 0.175363577648737 	rmse: 0.227678499838217 

Attaching package: ‘dplyr’

The following objects are masked from ‘package:stats’:

    filter, lag

The following objects are masked from ‘package:base’:

    intersect, setdiff, setequal, union


> dim = 2

> Y <- matrix(rnorm(N * dim), nrow = dim)

> W <- matrix(rnorm(M * dim), nrow = dim)

> aaa <- user_cpmf(read, t(Y), t(W))

> dim = 2

> Y <- matrix(rnorm(N * dim), nrow = dim)

> V <- matrix(rnorm(M * dim), nrow = dim)

> W <- matrix(rnorm(M * dim), nrow = dim)

> Ut <- user_cpmf(read, t(Y), t(W))

> loss_cpmf_aux(train, t(Y), t(V), t(W), Ut, 1, 1, 1)
[1] 26355.38

> dim = 2

> Y <- matrix(rnorm(N * dim), nrow = dim)

> V <- matrix(rnorm(M * dim), nrow = dim)

> W <- matrix(rnorm(M * dim), nrow = dim)

> Ut <- user_cpmf(read, t(Y), t(W))

> pred_cpmf(test, Ut, t(V))$mae
[1] 0.3607869
[1] 3e-04 2e+00 1e+00 2e+00
[1] 4
[1] "2022-04-21 18:02:34 HKT"
Epoch 1 	 loss: 14354.2897829431 	 dlt: 0.104693269058004
mae: 0.299888815222604 	rmse: 0.346496685929216 
[1] "2022-04-21 18:02:39 HKT"
Epoch 3 	 loss: 22913.3062788992 	 dlt: 0.72096807767882
mae: 0.184446808620125 	rmse: 0.239400108798971 
[1] "2022-04-21 18:02:44 HKT"
Epoch 5 	 loss: 48333.6228779772 	 dlt: 0.337283048028725
mae: 0.172703023575071 	rmse: 0.227680589972165 
[1] "2022-04-21 18:02:49 HKT"
Epoch 7 	 loss: 68103.4814094176 	 dlt: 0.157081156815164
mae: 0.170165817790719 	rmse: 0.225749064506336 
[1] "2022-04-21 18:02:54 HKT"
Epoch 9 	 loss: 83022.8936541154 	 dlt: 0.0913007440292117
mae: 0.170967581671258 	rmse: 0.22693822160479 
[1] "2022-04-21 18:02:59 HKT"
Epoch 11 	 loss: 94395.8027274538 	 dlt: 0.0591150072581363
mae: 0.171896120182478 	rmse: 0.228711196882071 
[1] "2022-04-21 18:03:04 HKT"
Epoch 13 	 loss: 103253.507398412 	 dlt: 0.0416213159309458
mae: 0.173622996232867 	rmse: 0.231187974887096 
[1] "2022-04-21 18:03:09 HKT"
Epoch 15 	 loss: 110061.811829758 	 dlt: 0.0292018737742946
mae: 0.175010664487642 	rmse: 0.233023382130831 
[1] "2022-04-21 18:03:14 HKT"
Epoch 17 	 loss: 114986.779707723 	 dlt: 0.019386995294268
mae: 0.176783796146523 	rmse: 0.235477843658087 

Execution halted

Attaching package: ‘dplyr’

The following objects are masked from ‘package:stats’:

    filter, lag

The following objects are masked from ‘package:base’:

    intersect, setdiff, setequal, union


> dim = 2

> Y <- matrix(rnorm(N * dim), nrow = dim)

> W <- matrix(rnorm(M * dim), nrow = dim)

> aaa <- user_cpmf(read, t(Y), t(W))

> dim = 2

> Y <- matrix(rnorm(N * dim), nrow = dim)

> V <- matrix(rnorm(M * dim), nrow = dim)

> W <- matrix(rnorm(M * dim), nrow = dim)

> Ut <- user_cpmf(read, t(Y), t(W))

> loss_cpmf_aux(train, t(Y), t(V), t(W), Ut, 1, 1, 1)
[1] 26415.68

> dim = 2

> Y <- matrix(rnorm(N * dim), nrow = dim)

> V <- matrix(rnorm(M * dim), nrow = dim)

> W <- matrix(rnorm(M * dim), nrow = dim)

> Ut <- user_cpmf(read, t(Y), t(W))

> pred_cpmf(test, Ut, t(V))$mae
[1] 0.3607115
[1] 1e-05 2e+00 1e+00 2e+00
[1] 4
[1] "2022-04-21 18:04:24 HKT"
Epoch 1 	 loss: 14221.525905111 	 dlt: 0.112974026604806
mae: 0.299469088404804 	rmse: 0.346080293614025 
[1] "2022-04-21 18:04:29 HKT"
Epoch 3 	 loss: 7937.99365932384 	 dlt: 0.189983803085331
mae: 0.181184931636058 	rmse: 0.236290063334009 
[1] "2022-04-21 18:04:34 HKT"
Epoch 5 	 loss: 6703.02975119732 	 dlt: 0.0610979145258084
mae: 0.167758812978419 	rmse: 0.223993859613023 
[1] "2022-04-21 18:04:39 HKT"
Epoch 7 	 loss: 6341.07342852005 	 dlt: 0.0100123967780575
mae: 0.165134235489139 	rmse: 0.222155826939473 
[1] "2022-04-21 18:04:44 HKT"
Epoch 9 	 loss: 6300.28535858034 	 dlt: 0.00119796472517173
mae: 0.166912506660075 	rmse: 0.225161853071335 
[1] "2022-04-21 18:04:49 HKT"
Epoch 11 	 loss: 6372.38788386639 	 dlt: 0.00762379197597003
mae: 0.168221369063345 	rmse: 0.228149131773036 
[1] "2022-04-21 18:04:54 HKT"
Epoch 13 	 loss: 6507.21286329659 	 dlt: 0.0126145461423604
mae: 0.170234344618113 	rmse: 0.231077617515078 
[1] "2022-04-21 18:04:59 HKT"
Epoch 15 	 loss: 6678.18313791483 	 dlt: 0.0114035574659415
mae: 0.171921817742748 	rmse: 0.233801794597881 
[1] "2022-04-21 18:05:04 HKT"
Epoch 17 	 loss: 6830.3068666799 	 dlt: 0.0110972588674406
mae: 0.173525345503823 	rmse: 0.236234068374822 
[1] "2022-04-21 18:05:08 HKT"
Epoch 19 	 loss: 6964.50626099741 	 dlt: 0.00891083883152432
mae: 0.174810223517505 	rmse: 0.237934586381672 
[1] "2022-04-21 18:05:13 HKT"
Epoch 21 	 loss: 7082.42921071333 	 dlt: 0.00831881003271795
mae: 0.176161915187899 	rmse: 0.239731445392042 
[1] "2022-04-21 18:05:18 HKT"
Epoch 23 	 loss: 7185.17641663076 	 dlt: 0.00703611893356144
mae: 0.176848896632547 	rmse: 0.24084723028122 
[1] "2022-04-21 18:05:23 HKT"
Epoch 25 	 loss: 7261.42805899077 	 dlt: 0.00453716548438536
mae: 0.177595839051167 	rmse: 0.242331664860821 
[1] "2022-04-21 18:05:28 HKT"
Epoch 27 	 loss: 7342.58948071089 	 dlt: 0.00542655809077112
mae: 0.178332502445677 	rmse: 0.243392912423672 
[1] "2022-04-21 18:05:32 HKT"
Epoch 29 	 loss: 7396.34254358528 	 dlt: 0.00388821312946158
mae: 0.179511163876895 	rmse: 0.245077932821434 
[1] "2022-04-21 18:05:37 HKT"
Epoch 31 	 loss: 7453.88198015817 	 dlt: 0.0042077196139438
mae: 0.179961727767026 	rmse: 0.245904115263966 
[1] "2022-04-21 18:05:42 HKT"
Epoch 33 	 loss: 7496.56426245006 	 dlt: 0.003440176540473
mae: 0.180390020438254 	rmse: 0.246440749255935 
[1] "2022-04-21 18:05:47 HKT"
Epoch 35 	 loss: 7526.90077098592 	 dlt: 0.00218961726144222
mae: 0.181328837973585 	rmse: 0.247592803340108 
[1] "2022-04-21 18:05:52 HKT"
Epoch 37 	 loss: 7565.71420366176 	 dlt: 0.00268813819911076
mae: 0.181909602835769 	rmse: 0.248755974373739 
[1] "2022-04-21 18:05:57 HKT"
Epoch 39 	 loss: 7594.58270979454 	 dlt: 0.00268882107270392
mae: 0.182200841852204 	rmse: 0.249145929388618 
[1] "2022-04-21 18:06:01 HKT"
Epoch 41 	 loss: 7627.7629414002 	 dlt: 0.00245273877193401
mae: 0.182641126718225 	rmse: 0.250028717753655 
[1] "2022-04-21 18:06:06 HKT"
Epoch 43 	 loss: 7646.98223267789 	 dlt: 0.00114735507079683
mae: 0.183530262303692 	rmse: 0.25116696745315 
[1] "2022-04-21 18:06:11 HKT"
Epoch 45 	 loss: 7674.57414270694 	 dlt: 0.00194409995605885
mae: 0.183730703273827 	rmse: 0.251510427366721 
[1] "2022-04-21 18:06:16 HKT"
Epoch 47 	 loss: 7701.68801212222 	 dlt: 0.00234053353270038
mae: 0.184320033989435 	rmse: 0.252501444560205 
[1] "2022-04-21 18:06:20 HKT"
Epoch 49 	 loss: 7723.24560191871 	 dlt: 0.00241812977047259
mae: 0.184323460330805 	rmse: 0.252439619964983 

Attaching package: ‘dplyr’

The following objects are masked from ‘package:stats’:

    filter, lag

The following objects are masked from ‘package:base’:

    intersect, setdiff, setequal, union


> dim = 2

> Y <- matrix(rnorm(N * dim), nrow = dim)

> W <- matrix(rnorm(M * dim), nrow = dim)

> aaa <- user_cpmf(read, t(Y), t(W))

> dim = 2

> Y <- matrix(rnorm(N * dim), nrow = dim)

> V <- matrix(rnorm(M * dim), nrow = dim)

> W <- matrix(rnorm(M * dim), nrow = dim)

> Ut <- user_cpmf(read, t(Y), t(W))

> loss_cpmf_aux(train, t(Y), t(V), t(W), Ut, 1, 1, 1)
[1] 26657.85

> dim = 2

> Y <- matrix(rnorm(N * dim), nrow = dim)

> V <- matrix(rnorm(M * dim), nrow = dim)

> W <- matrix(rnorm(M * dim), nrow = dim)

> Ut <- user_cpmf(read, t(Y), t(W))

> pred_cpmf(test, Ut, t(V))$mae
[1] 0.3616006
[1] 3e-05 2e+00 1e+00 2e+00
[1] 4
[1] "2022-04-21 18:17:44 HKT"
Epoch 1 	 loss: 10659.6614492654 	 dlt: 0
mae: 0.165098258904755 	rmse: 0.220958592473191 

Attaching package: ‘dplyr’

The following objects are masked from ‘package:stats’:

    filter, lag

The following objects are masked from ‘package:base’:

    intersect, setdiff, setequal, union


> dim = 2

> Y <- matrix(rnorm(N * dim), nrow = dim)

> W <- matrix(rnorm(M * dim), nrow = dim)

> aaa <- user_cpmf(read, t(Y), t(W))

> dim = 2

> Y <- matrix(rnorm(N * dim), nrow = dim)

> V <- matrix(rnorm(M * dim), nrow = dim)

> W <- matrix(rnorm(M * dim), nrow = dim)

> Ut <- user_cpmf(read, t(Y), t(W))

> loss_cpmf_aux(train, t(Y), t(V), t(W), Ut, 1, 1, 1)
[1] 26425.57

> dim = 2

> Y <- matrix(rnorm(N * dim), nrow = dim)

> V <- matrix(rnorm(M * dim), nrow = dim)

> W <- matrix(rnorm(M * dim), nrow = dim)

> Ut <- user_cpmf(read, t(Y), t(W))

> pred_cpmf(test, Ut, t(V))$mae
[1] 0.3611775
[1] 1e-05 1e+00 1e+00 3e+00
[1] 4
[1] "2022-04-21 18:20:52 HKT"
Epoch 1 	 loss: 14222.1708556912 	 dlt: 0.112933799703696
mae: 0.299470801575489 	rmse: 0.346081118648308 
[1] "2022-04-21 18:20:58 HKT"
Epoch 3 	 loss: 8069.89422239844 	 dlt: 0.178401589339026
mae: 0.181510434066191 	rmse: 0.236755234973277 
[1] "2022-04-21 18:21:03 HKT"
Epoch 5 	 loss: 6995.32901295652 	 dlt: 0.0468737995111313
mae: 0.168911776849365 	rmse: 0.225749907707806 
[1] "2022-04-21 18:21:09 HKT"
Epoch 7 	 loss: 6811.64483851052 	 dlt: 0.00446280809477424
mae: 0.166054208146936 	rmse: 0.2236455915327 
[1] "2022-04-21 18:21:15 HKT"
Epoch 9 	 loss: 6916.15805149255 	 dlt: 0.0096518680062635
mae: 0.167548092984177 	rmse: 0.226110509259183 
[1] "2022-04-21 18:21:21 HKT"
Epoch 11 	 loss: 7108.50755554118 	 dlt: 0.0144606751599693
mae: 0.168754165146352 	rmse: 0.228939960127773 
[1] "2022-04-21 18:21:26 HKT"
Epoch 13 	 loss: 7365.13994564006 	 dlt: 0.0185310796613113
mae: 0.171190293860293 	rmse: 0.232629312435271 
[1] "2022-04-21 18:21:32 HKT"
Epoch 15 	 loss: 7613.79550416046 	 dlt: 0.0159835562844181
mae: 0.172769837231779 	rmse: 0.23504294529546 
[1] "2022-04-21 18:21:38 HKT"
Epoch 17 	 loss: 7857.5444567873 	 dlt: 0.0149719162344434
mae: 0.173903956225189 	rmse: 0.237049318011299 
[1] "2022-04-21 18:21:43 HKT"
Epoch 19 	 loss: 8076.19468585342 	 dlt: 0.0129701403634448
mae: 0.175077478144352 	rmse: 0.238568158272974 
[1] "2022-04-21 18:21:49 HKT"
Epoch 21 	 loss: 8268.97054673144 	 dlt: 0.0120282592321677
mae: 0.176718695660495 	rmse: 0.241053421950115 
[1] "2022-04-21 18:21:54 HKT"
Epoch 23 	 loss: 8435.55260695316 	 dlt: 0.0107080512900743
mae: 0.177638668318291 	rmse: 0.242507946212418 
[1] "2022-04-21 18:22:00 HKT"
Epoch 25 	 loss: 8578.06987740868 	 dlt: 0.00825996340060132
mae: 0.178135487816914 	rmse: 0.243444915070646 
[1] "2022-04-21 18:22:05 HKT"
Epoch 27 	 loss: 8711.82187549474 	 dlt: 0.00726404638925669
mae: 0.179242196079365 	rmse: 0.244818765974028 
[1] "2022-04-21 18:22:11 HKT"
Epoch 29 	 loss: 8835.10901755496 	 dlt: 0.00700334595524576
mae: 0.1802940828799 	rmse: 0.246562759191443 
[1] "2022-04-21 18:22:16 HKT"
Epoch 31 	 loss: 8954.16220568291 	 dlt: 0.00741078029737154
mae: 0.180806320914688 	rmse: 0.247293939533538 
[1] "2022-04-21 18:22:22 HKT"
Epoch 33 	 loss: 9054.53267847795 	 dlt: 0.0060062166650547
mae: 0.181277442853038 	rmse: 0.24815263431358 
[1] "2022-04-21 18:22:27 HKT"
Epoch 35 	 loss: 9143.680394088 	 dlt: 0.00502295277014007
mae: 0.182440685748091 	rmse: 0.249496367790755 
[1] "2022-04-21 18:22:33 HKT"
Epoch 37 	 loss: 9241.15581046815 	 dlt: 0.00502605446593109
mae: 0.182658258425073 	rmse: 0.250412890089236 
[1] "2022-04-21 18:22:38 HKT"
Epoch 39 	 loss: 9331.62405890391 	 dlt: 0.00547181527460003
mae: 0.183285278895751 	rmse: 0.251097612631062 
[1] "2022-04-21 18:22:44 HKT"
Epoch 41 	 loss: 9426.49025185104 	 dlt: 0.00566788504929719
mae: 0.183696439860129 	rmse: 0.251865133613246 
[1] "2022-04-21 18:22:49 HKT"
Epoch 43 	 loss: 9505.91925356408 	 dlt: 0.00399855800116529
mae: 0.18442282423053 	rmse: 0.252634090165996 
[1] "2022-04-21 18:22:54 HKT"
Epoch 45 	 loss: 9585.62694374836 	 dlt: 0.00462612253857489
mae: 0.184688365686691 	rmse: 0.25296427115233 
[1] "2022-04-21 18:23:00 HKT"
Epoch 47 	 loss: 9670.75442234271 	 dlt: 0.00502536176182461
mae: 0.184902512022304 	rmse: 0.253463805471513 
[1] "2022-04-21 18:23:05 HKT"
Epoch 49 	 loss: 9745.61913458016 	 dlt: 0.00400196061962736
mae: 0.184988170556549 	rmse: 0.253535891592056 

Attaching package: ‘dplyr’

The following objects are masked from ‘package:stats’:

    filter, lag

The following objects are masked from ‘package:base’:

    intersect, setdiff, setequal, union


Execution halted

Error in sourceCpp("~/nPMF/cpp/user_cpmf.cpp") : 
  Error occurred building shared library.
Execution halted

Attaching package: ‘dplyr’

The following objects are masked from ‘package:stats’:

    filter, lag

The following objects are masked from ‘package:base’:

    intersect, setdiff, setequal, union


> dim = 2

> Y <- matrix(rnorm(N * dim), nrow = dim)

> W <- matrix(rnorm(M * dim), nrow = dim)

> aaa <- user_cpmf(read, t(Y), t(W))

> dim = 2

> Y <- matrix(rnorm(N * dim), nrow = dim)

> V <- matrix(rnorm(M * dim), nrow = dim)

> W <- matrix(rnorm(M * dim), nrow = dim)

> Ut <- user_cpmf(read, t(Y), t(W))

> loss_cpmf_aux(train, t(Y), t(V), t(W), Ut, 1, 1, 1)
[1] 26277.91

> dim = 2

> Y <- matrix(rnorm(N * dim), nrow = dim)

> V <- matrix(rnorm(M * dim), nrow = dim)

> W <- matrix(rnorm(M * dim), nrow = dim)

> Ut <- user_cpmf(read, t(Y), t(W))

> pred_cpmf(test, Ut, t(V))$mae
[1] 0.361246
[1] 3e-05 5e-01 1e+00 5e-01
[1] 4
[1] 7.765978e-17
[1] 1.109425e-16
[1] "2022-04-21 18:29:24 HKT"
Epoch 1 	 loss: 34973.6459991274 	 dlt: 0
mae: 0.166054208146936 	rmse: 0.2236455915327 

Attaching package: ‘dplyr’

The following objects are masked from ‘package:stats’:

    filter, lag

The following objects are masked from ‘package:base’:

    intersect, setdiff, setequal, union


> dim = 2

> Y <- matrix(rnorm(N * dim), nrow = dim)

> W <- matrix(rnorm(M * dim), nrow = dim)

> aaa <- user_cpmf(read, t(Y), t(W))

> dim = 2

> Y <- matrix(rnorm(N * dim), nrow = dim)

> V <- matrix(rnorm(M * dim), nrow = dim)

> W <- matrix(rnorm(M * dim), nrow = dim)

> Ut <- user_cpmf(read, t(Y), t(W))

> loss_cpmf_aux(train, t(Y), t(V), t(W), Ut, 1, 1, 1)
[1] 26288.82

> dim = 2

> Y <- matrix(rnorm(N * dim), nrow = dim)

> V <- matrix(rnorm(M * dim), nrow = dim)

> W <- matrix(rnorm(M * dim), nrow = dim)

> Ut <- user_cpmf(read, t(Y), t(W))

> pred_cpmf(test, Ut, t(V))$mae
[1] 0.3598121
[1] 1e-05 5e-01 1e+00 5e-01
[1] 4
[1] "2022-04-21 19:17:31 HKT"
Epoch 1 	 loss: 15202.9967887306 	 dlt: 0.0517576584238875
mae: 0.311310524178863 	rmse: 0.356351374964403 
[1] "2022-04-21 19:17:37 HKT"
Epoch 3 	 loss: 10874.8503143763 	 dlt: 0.172296419304954
mae: 0.239628036381064 	rmse: 0.289257209819525 
[1] "2022-04-21 19:17:42 HKT"
Epoch 5 	 loss: 8798.85938298588 	 dlt: 0.0713803095124694
mae: 0.192317114746604 	rmse: 0.24308183753813 
[1] "2022-04-21 19:17:47 HKT"
Epoch 7 	 loss: 8553.0199548013 	 dlt: 2.63643911581118e-05
mae: 0.17661419224872 	rmse: 0.227089990878372 
[1] "2022-04-21 19:17:52 HKT"
Epoch 9 	 loss: 8958.05344644067 	 dlt: 0.0284805159095052
mae: 0.169167039281418 	rmse: 0.219745307075589 
[1] "2022-04-21 19:17:56 HKT"
Epoch 11 	 loss: 9617.88287275791 	 dlt: 0.0379369443875461
mae: 0.165372366214343 	rmse: 0.216349831183401 
[1] "2022-04-21 19:18:01 HKT"
Epoch 13 	 loss: 10391.3132561337 	 dlt: 0.0397554171641682
mae: 0.163355964318204 	rmse: 0.214849347197248 
[1] "2022-04-21 19:18:06 HKT"
Epoch 15 	 loss: 11197.0704048864 	 dlt: 0.0375175719844612
mae: 0.162506231658488 	rmse: 0.214652569447999 
[1] "2022-04-21 19:18:11 HKT"
Epoch 17 	 loss: 12004.0759615393 	 dlt: 0.0345598569189081
mae: 0.162525076536022 	rmse: 0.21530558564667 
[1] "2022-04-21 19:18:15 HKT"
Epoch 19 	 loss: 12784.9971505327 	 dlt: 0.0312285442888161
mae: 0.162674122385609 	rmse: 0.216173352153908 
[1] "2022-04-21 19:18:20 HKT"
Epoch 21 	 loss: 13531.8137512378 	 dlt: 0.028113060112426
mae: 0.163051019936289 	rmse: 0.217329947626279 
[1] "2022-04-21 19:18:25 HKT"
Epoch 23 	 loss: 14247.6913360233 	 dlt: 0.0252813470432287
mae: 0.163813380891074 	rmse: 0.218780362058778 
[1] "2022-04-21 19:18:30 HKT"
Epoch 25 	 loss: 14926.2932717592 	 dlt: 0.0228854598420229
mae: 0.164287929170794 	rmse: 0.219852694665603 
[1] "2022-04-21 19:18:35 HKT"
Epoch 27 	 loss: 15562.6462832892 	 dlt: 0.0204498851492143
mae: 0.165087979880646 	rmse: 0.221200537023288 
[1] "2022-04-21 19:18:39 HKT"
Epoch 29 	 loss: 16158.5578130179 	 dlt: 0.018303922077659
mae: 0.165684163278994 	rmse: 0.222497016215779 
[1] "2022-04-21 19:18:44 HKT"
Epoch 31 	 loss: 16716.1670184632 	 dlt: 0.0165298187060427
mae: 0.166463655940629 	rmse: 0.223842542261596 
[1] "2022-04-21 19:18:49 HKT"
Epoch 33 	 loss: 17224.5986901081 	 dlt: 0.0148676624910875
mae: 0.166763460810487 	rmse: 0.2245391989112 
[1] "2022-04-21 19:18:54 HKT"
Epoch 35 	 loss: 17689.065755872 	 dlt: 0.013203318737678
mae: 0.167294543722809 	rmse: 0.225408153065588 
[1] "2022-04-21 19:18:59 HKT"
Epoch 37 	 loss: 18112.3180119645 	 dlt: 0.0116022220420216
mae: 0.168180252966907 	rmse: 0.226775019305689 
[1] "2022-04-21 19:19:03 HKT"
Epoch 39 	 loss: 18496.9425334604 	 dlt: 0.0103089842881469
mae: 0.168884366118405 	rmse: 0.22780638070929 
[1] "2022-04-21 19:19:08 HKT"
Epoch 41 	 loss: 18846.8290003425 	 dlt: 0.00922009600010076
mae: 0.169177318305524 	rmse: 0.22835845327587 
[1] "2022-04-21 19:19:13 HKT"
Epoch 43 	 loss: 19163.8369249444 	 dlt: 0.0081418258106872
mae: 0.169924260724144 	rmse: 0.229600426502082 
[1] "2022-04-21 19:19:17 HKT"
Epoch 45 	 loss: 19449.0742212457 	 dlt: 0.00716640601710812
mae: 0.17009729096332 	rmse: 0.230058025592644 
[1] "2022-04-21 19:19:22 HKT"
Epoch 47 	 loss: 19709.637826933 	 dlt: 0.00645811109304872
mae: 0.170943597281665 	rmse: 0.231312269727502 
[1] "2022-04-21 19:19:26 HKT"
Epoch 49 	 loss: 19941.7406156966 	 dlt: 0.00573711112238057
mae: 0.17121427824988 	rmse: 0.23167242982241 

Attaching package: ‘dplyr’

The following objects are masked from ‘package:stats’:

    filter, lag

The following objects are masked from ‘package:base’:

    intersect, setdiff, setequal, union


> dim = 2

> Y <- matrix(rnorm(N * dim), nrow = dim)

> W <- matrix(rnorm(M * dim), nrow = dim)

> aaa <- user_cpmf(read, t(Y), t(W))

> dim = 2

> Y <- matrix(rnorm(N * dim), nrow = dim)

> V <- matrix(rnorm(M * dim), nrow = dim)

> W <- matrix(rnorm(M * dim), nrow = dim)

> Ut <- user_cpmf(read, t(Y), t(W))

> loss_cpmf_aux(train, t(Y), t(V), t(W), Ut, 1, 1, 1)
[1] 26582.34

> dim = 2

> Y <- matrix(rnorm(N * dim), nrow = dim)

> V <- matrix(rnorm(M * dim), nrow = dim)

> W <- matrix(rnorm(M * dim), nrow = dim)

> Ut <- user_cpmf(read, t(Y), t(W))

> pred_cpmf(test, Ut, t(V))$mae
[1] 0.3619553
[1] 3e-05 5e-01 1e+00 5e-01
[1] 4
[1] 3.927514e-15
[1] 3.927514e-15
[1] "2022-04-21 19:21:49 HKT"
Epoch 1 	 loss: 28418.2799930742 	 dlt: 1.28015446676517e-16
mae: 0.162482247268899 	rmse: 0.2149786614113 

Attaching package: ‘dplyr’

The following objects are masked from ‘package:stats’:

    filter, lag

The following objects are masked from ‘package:base’:

    intersect, setdiff, setequal, union


> dim = 2

> Y <- matrix(rnorm(N * dim), nrow = dim)

> W <- matrix(rnorm(M * dim), nrow = dim)

> aaa <- user_cpmf(read, t(Y), t(W))

> dim = 2

> Y <- matrix(rnorm(N * dim), nrow = dim)

> V <- matrix(rnorm(M * dim), nrow = dim)

> W <- matrix(rnorm(M * dim), nrow = dim)

> Ut <- user_cpmf(read, t(Y), t(W))

> loss_cpmf_aux(train, t(Y), t(V), t(W), Ut, 1, 1, 1)
[1] 26641.37

> dim = 2

> Y <- matrix(rnorm(N * dim), nrow = dim)

> V <- matrix(rnorm(M * dim), nrow = dim)

> W <- matrix(rnorm(M * dim), nrow = dim)

> Ut <- user_cpmf(read, t(Y), t(W))

> pred_cpmf(test, Ut, t(V))$mae
[1] 0.361049
[1] 3e-05 5e-01 1e+00 5e-01
[1] 4
[1] 3.927514e-15
[1] 3.927514e-15
[1] "2022-04-21 19:23:22 HKT"
Epoch 1 	 loss: 28418.2799930742 	 dlt: 1.28015446676517e-16
mae: 0.162482247268899 	rmse: 0.2149786614113 

Attaching package: ‘dplyr’

The following objects are masked from ‘package:stats’:

    filter, lag

The following objects are masked from ‘package:base’:

    intersect, setdiff, setequal, union


> dim = 2

> Y <- matrix(rnorm(N * dim), nrow = dim)

> W <- matrix(rnorm(M * dim), nrow = dim)

> aaa <- user_cpmf(read, t(Y), t(W))

> dim = 2

> Y <- matrix(rnorm(N * dim), nrow = dim)

> V <- matrix(rnorm(M * dim), nrow = dim)

> W <- matrix(rnorm(M * dim), nrow = dim)

> Ut <- user_cpmf(read, t(Y), t(W))

> loss_cpmf_aux(train, t(Y), t(V), t(W), Ut, 1, 1, 1)
[1] 26358.59

> dim = 2

> Y <- matrix(rnorm(N * dim), nrow = dim)

> V <- matrix(rnorm(M * dim), nrow = dim)

> W <- matrix(rnorm(M * dim), nrow = dim)

> Ut <- user_cpmf(read, t(Y), t(W))

> pred_cpmf(test, Ut, t(V))$mae
[1] 0.3619279
[1] 3e-05 5e-01 1e+00 5e-01
[1] 4
[1] 3.927514e-15
[1] 3.927514e-15
[1] "2022-04-21 19:25:12 HKT"
Epoch 1 	 loss: 28418.2799930742 	 dlt: 1.28015446676517e-16
mae: 0.162482247268899 	rmse: 0.2149786614113 

Attaching package: ‘dplyr’

The following objects are masked from ‘package:stats’:

    filter, lag

The following objects are masked from ‘package:base’:

    intersect, setdiff, setequal, union


> dim = 2

> Y <- matrix(rnorm(N * dim), nrow = dim)

> W <- matrix(rnorm(M * dim), nrow = dim)

> aaa <- user_cpmf(read, t(Y), t(W))

> dim = 2

> Y <- matrix(rnorm(N * dim), nrow = dim)

> V <- matrix(rnorm(M * dim), nrow = dim)

> W <- matrix(rnorm(M * dim), nrow = dim)

> Ut <- user_cpmf(read, t(Y), t(W))

> loss_cpmf_aux(train, t(Y), t(V), t(W), Ut, 1, 1, 1)
[1] 26623.82

> dim = 2

> Y <- matrix(rnorm(N * dim), nrow = dim)

> V <- matrix(rnorm(M * dim), nrow = dim)

> W <- matrix(rnorm(M * dim), nrow = dim)

> Ut <- user_cpmf(read, t(Y), t(W))

> pred_cpmf(test, Ut, t(V))$mae
[1] 0.3630483
[1] 3e-05 5e-01 1e+00 5e-01
[1] 4
Error in t(Y) : object 'result' not found
Calls: cpmf_gd -> t -> user_cpmf -> t
Execution halted

Attaching package: ‘dplyr’

The following objects are masked from ‘package:stats’:

    filter, lag

The following objects are masked from ‘package:base’:

    intersect, setdiff, setequal, union


> dim = 2

> Y <- matrix(rnorm(N * dim), nrow = dim)

> W <- matrix(rnorm(M * dim), nrow = dim)

> aaa <- user_cpmf(read, t(Y), t(W))

> dim = 2

> Y <- matrix(rnorm(N * dim), nrow = dim)

> V <- matrix(rnorm(M * dim), nrow = dim)

> W <- matrix(rnorm(M * dim), nrow = dim)

> Ut <- user_cpmf(read, t(Y), t(W))

> loss_cpmf_aux(train, t(Y), t(V), t(W), Ut, 1, 1, 1)
[1] 26412.43

> dim = 2

> Y <- matrix(rnorm(N * dim), nrow = dim)

> V <- matrix(rnorm(M * dim), nrow = dim)

> W <- matrix(rnorm(M * dim), nrow = dim)

> Ut <- user_cpmf(read, t(Y), t(W))

> pred_cpmf(test, Ut, t(V))$mae
[1] 0.3617257
[1] 3e-05 5e-01 1e+00 5e-01
[1] 4
[1] 1.535588e-18
[1] 2.193697e-18
[1] "2022-04-21 20:38:07 HKT"
Epoch 1 	 loss: 14956.115649188 	 dlt: 0
mae: 0.318488709348615 	rmse: 0.362509497101563 

Attaching package: ‘dplyr’

The following objects are masked from ‘package:stats’:

    filter, lag

The following objects are masked from ‘package:base’:

    intersect, setdiff, setequal, union


> dim = 2

> Y <- matrix(rnorm(N * dim), nrow = dim)

> W <- matrix(rnorm(M * dim), nrow = dim)

> aaa <- user_cpmf(read, t(Y), t(W))

> dim = 2

> Y <- matrix(rnorm(N * dim), nrow = dim)

> V <- matrix(rnorm(M * dim), nrow = dim)

> W <- matrix(rnorm(M * dim), nrow = dim)

> Ut <- user_cpmf(read, t(Y), t(W))

> loss_cpmf_aux(train, t(Y), t(V), t(W), Ut, 1, 1, 1)
[1] 26341.6

> dim = 2

> Y <- matrix(rnorm(N * dim), nrow = dim)

> V <- matrix(rnorm(M * dim), nrow = dim)

> W <- matrix(rnorm(M * dim), nrow = dim)

> Ut <- user_cpmf(read, t(Y), t(W))

> pred_cpmf(test, Ut, t(V))$mae
[1] 0.3592605
[1] 3e-05 5e-01 1e+00 5e-01
[1] 4
[1] 1.535588e-18
[1] 2.193697e-18
[1] "2022-04-21 20:47:43 HKT"
Epoch 1 	 loss: 14956.115649188 	 dlt: 0
mae: 0.318488709348615 	rmse: 0.362509497101563 

Attaching package: ‘dplyr’

The following objects are masked from ‘package:stats’:

    filter, lag

The following objects are masked from ‘package:base’:

    intersect, setdiff, setequal, union


> dim = 2

> Y <- matrix(rnorm(N * dim), nrow = dim)

> W <- matrix(rnorm(M * dim), nrow = dim)

> aaa <- user_cpmf(read, t(Y), t(W))

> dim = 2

> Y <- matrix(rnorm(N * dim), nrow = dim)

> V <- matrix(rnorm(M * dim), nrow = dim)

> W <- matrix(rnorm(M * dim), nrow = dim)

> Ut <- user_cpmf(read, t(Y), t(W))

> loss_cpmf_aux(train, t(Y), t(V), t(W), Ut, 1, 1, 1)
[1] 26561.18

> dim = 2

> Y <- matrix(rnorm(N * dim), nrow = dim)

> V <- matrix(rnorm(M * dim), nrow = dim)

> W <- matrix(rnorm(M * dim), nrow = dim)

> Ut <- user_cpmf(read, t(Y), t(W))

> pred_cpmf(test, Ut, t(V))$mae
[1] 0.3627262
[1] 3e-05 5e-01 1e+00 5e-01
[1] 4
[1] 1.864611e-17
[1] 2.66373e-17
[1] "2022-04-21 22:05:25 HKT"
Epoch 1 	 loss: 28418.2799930742 	 dlt: 0
mae: 0.162482247268899 	rmse: 0.2149786614113 

Attaching package: ‘dplyr’

The following objects are masked from ‘package:stats’:

    filter, lag

The following objects are masked from ‘package:base’:

    intersect, setdiff, setequal, union

make: *** [/home/mathxuxin/anaconda3/envs/r-env/lib/R/etc/Makeconf:177: user_cpmf.o] Interrupt
x86_64-conda-linux-gnu-c++ -std=gnu++14 -I"/home/mathxuxin/anaconda3/envs/r-env/lib/R/include" -DNDEBUG   -I"/import/home/mathxuxin/anaconda3/envs/r-env/lib/R/library/Rcpp/include" -I"/import/home/mathxuxin/nPMF/cpp" -DNDEBUG -D_FORTIFY_SOURCE=2 -O2 -isystem /home/mathxuxin/anaconda3/envs/r-env/include -I/home/mathxuxin/anaconda3/envs/r-env/include -Wl,-rpath-link,/home/mathxuxin/anaconda3/envs/r-env/lib   -fpic  -fvisibility-inlines-hidden  -fmessage-length=0 -march=nocona -mtune=haswell -ftree-vectorize -fPIC -fstack-protector-strong -fno-plt -O2 -ffunction-sections -pipe -isystem /home/mathxuxin/anaconda3/envs/r-env/include -fdebug-prefix-map=/home/conda/feedstock_root/build_artifacts/r-base-split_1642327566152/work=/usr/local/src/conda/r-base-4.1.2 -fdebug-prefix-map=/home/mathxuxin/anaconda3/envs/r-env=/usr/local/src/conda-prefix  -c user_cpmf.cpp -o user_cpmf.o
Error in sourceCpp("~/nPMF/cpp/user_cpmf.cpp") : 
  Error occurred building shared library.
Execution halted

Attaching package: ‘dplyr’

The following objects are masked from ‘package:stats’:

    filter, lag

The following objects are masked from ‘package:base’:

    intersect, setdiff, setequal, union


> dim = 2

> Y <- matrix(rnorm(N * dim), nrow = dim)

> W <- matrix(rnorm(M * dim), nrow = dim)

> aaa <- user_cpmf(read, t(Y), t(W))

> dim = 2

> Y <- matrix(rnorm(N * dim), nrow = dim)

> V <- matrix(rnorm(M * dim), nrow = dim)

> W <- matrix(rnorm(M * dim), nrow = dim)

> Ut <- user_cpmf(read, t(Y), t(W))

> loss_cpmf_aux(train, t(Y), t(V), t(W), Ut, 1, 1, 1)
[1] 26309.66

> dim = 2

> Y <- matrix(rnorm(N * dim), nrow = dim)

> V <- matrix(rnorm(M * dim), nrow = dim)

> W <- matrix(rnorm(M * dim), nrow = dim)

> Ut <- user_cpmf(read, t(Y), t(W))

> pred_cpmf(test, Ut, t(V))$mae
[1] 0.3605573
[1] 0.01 0.50 1.00 0.50
[1] 4
[1] "2022-04-22 12:09:36 HKT"
Epoch 1 	 loss: 18363.7399280737 	 dlt: 0.145384425944175
mae: 0.313179593396094 	rmse: 0.357580783721091 
[1] "2022-04-22 12:09:43 HKT"
Epoch 3 	 loss: 18877.4212262825 	 dlt: 0.018378795958499
mae: 0.317474512303154 	rmse: 0.361653630433163 
[1] "2022-04-22 12:09:48 HKT"
Epoch 5 	 loss: 16950.3765661296 	 dlt: 0.0262618431723825
mae: 0.317555031325342 	rmse: 0.361641787618719 
[1] "2022-04-22 12:09:54 HKT"
Epoch 7 	 loss: 17689.3166175566 	 dlt: 0.00881893083987538
mae: 0.317603000104522 	rmse: 0.361835960827866 
[1] "2022-04-22 12:09:59 HKT"
Epoch 9 	 loss: 16860.77334519 	 dlt: 0.0429621334691853
mae: 0.317841130829722 	rmse: 0.36189934712862 
[1] "2022-04-22 12:10:04 HKT"
Epoch 11 	 loss: 17816.4389699208 	 dlt: 0.0466478980935856
mae: 0.318082687896296 	rmse: 0.362394220193788 
[1] "2022-04-22 12:10:10 HKT"
Epoch 13 	 loss: 16911.7038683471 	 dlt: 0.0405466719745743
mae: 0.316842352320423 	rmse: 0.360984825055077 
[1] "2022-04-22 12:10:15 HKT"
Epoch 15 	 loss: 17908.594804823 	 dlt: 0.0126437698775476
mae: 0.318204323014923 	rmse: 0.362486392139864 
[1] "2022-04-22 12:10:21 HKT"
Epoch 17 	 loss: 17112.4205563499 	 dlt: 0.0157782754070156
mae: 0.31831225276807 	rmse: 0.362623687503448 
[1] "2022-04-22 12:10:26 HKT"
Epoch 19 	 loss: 17268.0692147957 	 dlt: 0.00529770412621548
mae: 0.316191347460159 	rmse: 0.360350964615709 
[1] "2022-04-22 12:10:32 HKT"
Epoch 21 	 loss: 17834.5154935635 	 dlt: 0.0118297134591431
mae: 0.31917055128121 	rmse: 0.363995100269662 
[1] "2022-04-22 12:10:37 HKT"
Epoch 23 	 loss: 16750.5997427005 	 dlt: 0.01553384692695
mae: 0.317220963041786 	rmse: 0.36130081141029 
[1] "2022-04-22 12:10:43 HKT"
Epoch 25 	 loss: 16936.180968769 	 dlt: 0.0184208438805976
mae: 0.318228307404511 	rmse: 0.362415492723515 
[1] "2022-04-22 12:10:48 HKT"
Epoch 27 	 loss: 17737.0492850483 	 dlt: 0.0155355537173149
mae: 0.318180338625333 	rmse: 0.362408139397662 
[1] "2022-04-22 12:10:54 HKT"
Epoch 29 	 loss: 17011.8798552193 	 dlt: 0.0248683788387576
mae: 0.317911370827803 	rmse: 0.362039494015677 
[1] "2022-04-22 12:10:59 HKT"
Epoch 31 	 loss: 16275.8742343633 	 dlt: 0.0273219562288019
mae: 0.318464724959027 	rmse: 0.36264704616631 
[1] "2022-04-22 12:11:05 HKT"
Epoch 33 	 loss: 16625.0454926812 	 dlt: 0.000544334949509779
mae: 0.318872459582034 	rmse: 0.363198293806876 
[1] "2022-04-22 12:11:10 HKT"
Epoch 35 	 loss: 16783.0466059249 	 dlt: 0.015835575820812
mae: 0.317644116200957 	rmse: 0.362061576006328 
[1] "2022-04-22 12:11:15 HKT"
Epoch 37 	 loss: 17119.8235707429 	 dlt: 0.0114805119544911
mae: 0.318098106432457 	rmse: 0.362439652600918 
[1] "2022-04-22 12:11:21 HKT"
Epoch 39 	 loss: 18612.0901994707 	 dlt: 0.0728811241698983
mae: 0.316725856713849 	rmse: 0.360859302534994 
[1] "2022-04-22 12:11:26 HKT"
Epoch 41 	 loss: 19069.1889786091 	 dlt: 0.00277446478034661
mae: 0.317844557171094 	rmse: 0.362268397847462 
[1] "2022-04-22 12:11:31 HKT"
Epoch 43 	 loss: 17618.7849479599 	 dlt: 0.0479663367158823
mae: 0.318065556189445 	rmse: 0.362347994095951 
[1] "2022-04-22 12:11:37 HKT"
Epoch 45 	 loss: 16821.523766616 	 dlt: 0.0225402856490168
mae: 0.318274563013003 	rmse: 0.362654657091013 
[1] "2022-04-22 12:11:42 HKT"
Epoch 47 	 loss: 17535.8902382594 	 dlt: 0.00938628837358133
mae: 0.31726721865028 	rmse: 0.361711259928164 
[1] "2022-04-22 12:11:48 HKT"
Epoch 49 	 loss: 17744.8567743431 	 dlt: 0.0449951218229372
mae: 0.31690745280645 	rmse: 0.361257870365625 

Attaching package: ‘dplyr’

The following objects are masked from ‘package:stats’:

    filter, lag

The following objects are masked from ‘package:base’:

    intersect, setdiff, setequal, union


> dim = 2

> Y <- matrix(rnorm(N * dim), nrow = dim)

> W <- matrix(rnorm(M * dim), nrow = dim)

> aaa <- user_cpmf(read, t(Y), t(W))

> dim = 2

> Y <- matrix(rnorm(N * dim), nrow = dim)

> V <- matrix(rnorm(M * dim), nrow = dim)

> W <- matrix(rnorm(M * dim), nrow = dim)

> Ut <- user_cpmf(read, t(Y), t(W))

> loss_cpmf_aux(train, t(Y), t(V), t(W), Ut, 1, 1, 1)
[1] 26583.1

> dim = 2

> Y <- matrix(rnorm(N * dim), nrow = dim)

> V <- matrix(rnorm(M * dim), nrow = dim)

> W <- matrix(rnorm(M * dim), nrow = dim)

> Ut <- user_cpmf(read, t(Y), t(W))

> pred_cpmf(test, Ut, t(V))$mae
[1] 0.3609171
[1] 0.03 0.50 1.00 0.50
[1] 4
[1] 1
[1] 1
[1] "2022-04-22 12:14:16 HKT"
Epoch 1 	 loss: 16032.8179012351 	 dlt: 0
mae: 0.318488709348615 	rmse: 0.362509497101563 

Attaching package: ‘dplyr’

The following objects are masked from ‘package:stats’:

    filter, lag

The following objects are masked from ‘package:base’:

    intersect, setdiff, setequal, union


> dim = 2

> Y <- matrix(rnorm(N * dim), nrow = dim)

> W <- matrix(rnorm(M * dim), nrow = dim)

> aaa <- user_cpmf(read, t(Y), t(W))

> dim = 2

> Y <- matrix(rnorm(N * dim), nrow = dim)

> V <- matrix(rnorm(M * dim), nrow = dim)

> W <- matrix(rnorm(M * dim), nrow = dim)

> Ut <- user_cpmf(read, t(Y), t(W))

> loss_cpmf_aux(train, t(Y), t(V), t(W), Ut, 1, 1, 1)
[1] 26697.91

> dim = 2

> Y <- matrix(rnorm(N * dim), nrow = dim)

> V <- matrix(rnorm(M * dim), nrow = dim)

> W <- matrix(rnorm(M * dim), nrow = dim)

> Ut <- user_cpmf(read, t(Y), t(W))

> pred_cpmf(test, Ut, t(V))$mae
[1] 0.3627622
[1] 1e-05 5e-01 1e+00 5e-01
[1] 4
[1] "2022-04-22 13:31:04 HKT"
Epoch 1 	 loss: 14233.0827348405 	 dlt: 0.112253203241085
mae: 0.299475941087543 	rmse: 0.346084143757188 
[1] "2022-04-22 13:31:09 HKT"
Epoch 3 	 loss: 9642.45564305932 	 dlt: 0.0529439974319142
mae: 0.181584100405642 	rmse: 0.23683120122069 
[1] "2022-04-22 13:31:14 HKT"
Epoch 5 	 loss: 11603.4988352698 	 dlt: 0.106095851843242
mae: 0.168771296853202 	rmse: 0.225550824749709 
[1] "2022-04-22 13:31:19 HKT"
Epoch 7 	 loss: 13851.5277860601 	 dlt: 0.0883304616219536
mae: 0.166208393508578 	rmse: 0.223640484672234 
[1] "2022-04-22 13:31:24 HKT"
Epoch 9 	 loss: 15904.4872707185 	 dlt: 0.0661633499325245
mae: 0.167650883225272 	rmse: 0.226117244000143 
[1] "2022-04-22 13:31:30 HKT"
Epoch 11 	 loss: 17684.5818837688 	 dlt: 0.0498909157902857
mae: 0.168632530027724 	rmse: 0.228665000544715 
[1] "2022-04-22 13:31:34 HKT"
Epoch 13 	 loss: 19163.822507753 	 dlt: 0.0376748868298028
mae: 0.171006984597008 	rmse: 0.232429160671003 
[1] "2022-04-22 13:31:39 HKT"
Epoch 15 	 loss: 20310.7790255166 	 dlt: 0.0262755350020181
mae: 0.173121037222186 	rmse: 0.23536221892339 
[1] "2022-04-22 13:31:44 HKT"
Epoch 17 	 loss: 21159.3836788174 	 dlt: 0.0188745523488583
mae: 0.174344241091211 	rmse: 0.237209463842936 
[1] "2022-04-22 13:31:49 HKT"
Epoch 19 	 loss: 21759.3635182241 	 dlt: 0.0125865199810117
mae: 0.175176842044076 	rmse: 0.238639160346454 
[1] "2022-04-22 13:31:54 HKT"
Epoch 21 	 loss: 22185.0729783954 	 dlt: 0.00883998206436307
mae: 0.176578215664332 	rmse: 0.24044777502158 
[1] "2022-04-22 13:31:59 HKT"
Epoch 23 	 loss: 22471.1062313286 	 dlt: 0.00564708831716686
mae: 0.177383405886239 	rmse: 0.241559857147058 
[1] "2022-04-22 13:32:04 HKT"
Epoch 25 	 loss: 22639.6535100416 	 dlt: 0.00308013605205645
mae: 0.1781029375739 	rmse: 0.243191835259202 
[1] "2022-04-22 13:32:09 HKT"
Epoch 27 	 loss: 22752.1559784717 	 dlt: 0.00225400627623543
mae: 0.179319288760186 	rmse: 0.244562437852689 
[1] "2022-04-22 13:32:14 HKT"
Epoch 29 	 loss: 22797.2912532744 	 dlt: 0.000717647988206943
mae: 0.17970817850566 	rmse: 0.24559893381828 
[1] "2022-04-22 13:32:19 HKT"
Epoch 31 	 loss: 22811.4410219355 	 dlt: 0.000238301258540044
mae: 0.180640143358251 	rmse: 0.246650754193283 
[1] "2022-04-22 13:32:23 HKT"
Epoch 33 	 loss: 22784.1683119411 	 dlt: 9.00712797719178e-05
mae: 0.180821739450852 	rmse: 0.247160353379135 
[1] "2022-04-22 13:32:28 HKT"
Epoch 35 	 loss: 22706.7500601762 	 dlt: 0.00200505981592016
mae: 0.181829083813578 	rmse: 0.248316734636335 
[1] "2022-04-22 13:32:33 HKT"
Epoch 37 	 loss: 22640.1575300268 	 dlt: 0.00190399418391458
mae: 0.181762270156866 	rmse: 0.248921206367606 
[1] "2022-04-22 13:32:37 HKT"
Epoch 39 	 loss: 22565.8469836907 	 dlt: 0.00123404476220336
mae: 0.18253833647713 	rmse: 0.249934296029081 
[1] "2022-04-22 13:32:42 HKT"
Epoch 41 	 loss: 22481.7133608399 	 dlt: 0.00177683029706967
mae: 0.182994039879316 	rmse: 0.250706137733301 
[1] "2022-04-22 13:32:47 HKT"
Epoch 43 	 loss: 22374.1651549552 	 dlt: 0.00269674607899253
mae: 0.183487433036569 	rmse: 0.251188565863608 
[1] "2022-04-22 13:32:52 HKT"
Epoch 45 	 loss: 22271.7067605048 	 dlt: 0.00223732675696077
mae: 0.183848912051086 	rmse: 0.251518374025549 
[1] "2022-04-22 13:32:57 HKT"
Epoch 47 	 loss: 22171.691343697 	 dlt: 0.00240648586129447
mae: 0.184407405694366 	rmse: 0.252448291400293 
[1] "2022-04-22 13:33:01 HKT"
Epoch 49 	 loss: 22064.0712488093 	 dlt: 0.00232292385011324
mae: 0.18449991691135 	rmse: 0.252398520850557 

Attaching package: ‘dplyr’

The following objects are masked from ‘package:stats’:

    filter, lag

The following objects are masked from ‘package:base’:

    intersect, setdiff, setequal, union


> dim = 2

> Y <- matrix(rnorm(N * dim), nrow = dim)

> W <- matrix(rnorm(M * dim), nrow = dim)

> aaa <- user_cpmf(read, t(Y), t(W))

> dim = 2

> Y <- matrix(rnorm(N * dim), nrow = dim)

> V <- matrix(rnorm(M * dim), nrow = dim)

> W <- matrix(rnorm(M * dim), nrow = dim)

> Ut <- user_cpmf(read, t(Y), t(W))

> loss_cpmf_aux(train, t(Y), t(V), t(W), Ut, 1, 1, 1)
[1] 26445.53

> dim = 2

> Y <- matrix(rnorm(N * dim), nrow = dim)

> V <- matrix(rnorm(M * dim), nrow = dim)

> W <- matrix(rnorm(M * dim), nrow = dim)

> Ut <- user_cpmf(read, t(Y), t(W))

> pred_cpmf(test, Ut, t(V))$mae
[1] 0.3614979
[1] 3e-05 5e-01 1e+00 5e-01
[1] 4
[1] 7.765978e-17
[1] 7.765978e-17
[1] "2022-04-22 13:34:29 HKT"
Epoch 1 	 loss: 33921.7435073051 	 dlt: 0
mae: 0.166208393508578 	rmse: 0.223640484672234 
[1] 1.305228e-17
[1] 1.864611e-17
[1] 1.305228e-17
[1] 1.864611e-17
[1] "2022-04-22 13:35:41 HKT"
Epoch 3 	 loss: 33921.7435073051 	 dlt: 0
mae: 0.166208393508578 	rmse: 0.223640484672234 
[1] 1.305228e-17
[1] 1.305228e-17
[1] 1.305228e-17
[1] 1.305228e-17
[1] "2022-04-22 13:36:53 HKT"
Epoch 5 	 loss: 33921.7435073051 	 dlt: 0
mae: 0.166208393508578 	rmse: 0.223640484672234 
[1] 1.305228e-17
[1] 1.305228e-17
[1] 7.765978e-17
[1] 7.765978e-17
[1] "2022-04-22 13:38:02 HKT"
Epoch 7 	 loss: 33921.7435073051 	 dlt: 0
mae: 0.166208393508578 	rmse: 0.223640484672234 
[1] 7.765978e-17
[1] 1.109425e-16
[1] 7.765978e-17
[1] 1.109425e-16
[1] "2022-04-22 13:39:11 HKT"
Epoch 9 	 loss: 33921.7435073051 	 dlt: 0
mae: 0.166208393508578 	rmse: 0.223640484672234 
[1] 7.765978e-17
[1] 1.109425e-16
[1] 7.765978e-17
[1] 1.109425e-16
[1] "2022-04-22 13:40:19 HKT"
Epoch 11 	 loss: 33921.7435073051 	 dlt: 0
mae: 0.166208393508578 	rmse: 0.223640484672234 
[1] 7.765978e-17
[1] 7.765978e-17
[1] 7.765978e-17
[1] 7.765978e-17
[1] "2022-04-22 13:41:26 HKT"
Epoch 13 	 loss: 33921.7435073051 	 dlt: 0
mae: 0.166208393508578 	rmse: 0.223640484672234 
[1] 7.765978e-17
[1] 7.765978e-17
[1] 7.765978e-17

Execution halted

Attaching package: ‘dplyr’

The following objects are masked from ‘package:stats’:

    filter, lag

The following objects are masked from ‘package:base’:

    intersect, setdiff, setequal, union


> dim = 2

> Y <- matrix(rnorm(N * dim), nrow = dim)

> W <- matrix(rnorm(M * dim), nrow = dim)

> aaa <- user_cpmf(read, t(Y), t(W))

> dim = 2

> Y <- matrix(rnorm(N * dim), nrow = dim)

> V <- matrix(rnorm(M * dim), nrow = dim)

> W <- matrix(rnorm(M * dim), nrow = dim)

> Ut <- user_cpmf(read, t(Y), t(W))

> loss_cpmf_aux(train, t(Y), t(V), t(W), Ut, 1, 1, 1)
[1] 26368.33

> dim = 2

> Y <- matrix(rnorm(N * dim), nrow = dim)

> V <- matrix(rnorm(M * dim), nrow = dim)

> W <- matrix(rnorm(M * dim), nrow = dim)

> Ut <- user_cpmf(read, t(Y), t(W))

> pred_cpmf(test, Ut, t(V))$mae
[1] 0.3630414
[1] 3e-05 5e-01 1e+00 5e-01
[1] 4
[1] 5.610734e-15
[1] 0.001628414
[1] "2022-04-22 13:43:34 HKT"
Epoch 1 	 loss: 33921.7281480539 	 dlt: 4.5278483980017e-07
mae: 0.166196401313783 	rmse: 0.223630696197034 
[1] 6.812922e-14
[1] 1.635783e-14
[1] 2.336832e-14
[1] 3.338332e-14
[1] "2022-04-22 13:44:32 HKT"
Epoch 3 	 loss: 33921.7281480539 	 dlt: 0
mae: 0.166196401313783 	rmse: 0.223630696197034 
[1] 5.610734e-15
[1] 0.002326305
[1] 5.610734e-15
[1] 4.769045e-14
[1] "2022-04-22 13:45:20 HKT"
Epoch 5 	 loss: 33921.7248461941 	 dlt: 0
mae: 0.166189548631044 	rmse: 0.22362218413119 
[1] 5.610734e-15
[1] 5.610734e-15
[1] 1.635783e-14
[1] 5.610734e-15
[1] "2022-04-22 13:46:20 HKT"
Epoch 7 	 loss: 33921.7248461941 	 dlt: 0
mae: 0.166189548631044 	rmse: 0.22362218413119 
[1] 5.610734e-15
[1] 3.338332e-14
[1] 1.635783e-14
[1] 5.610734e-15
[1] "2022-04-22 13:47:19 HKT"
Epoch 9 	 loss: 33921.7248461941 	 dlt: 0
mae: 0.166189548631044 	rmse: 0.22362218413119 
[1] 5.610734e-15
[1] 3.338332e-14
[1] 5.610734e-15
[1] 3.338332e-14
[1] "2022-04-22 13:48:17 HKT"
Epoch 11 	 loss: 33921.7248461941 	 dlt: 0
mae: 0.166189548631044 	rmse: 0.22362218413119 
[1] 5.610734e-15
[1] 5.610734e-15
[1] 5.610734e-15
[1] 1.635783e-14
[1] "2022-04-22 13:49:17 HKT"
Epoch 13 	 loss: 33921.7248461941 	 dlt: 0
mae: 0.166189548631044 	rmse: 0.22362218413119 
[1] 1.635783e-14
[1] 5.610734e-15
[1] 2.336832e-14
[1] 5.610734e-15
[1] "2022-04-22 13:50:16 HKT"
Epoch 15 	 loss: 33921.7248461941 	 dlt: 0
mae: 0.166189548631044 	rmse: 0.22362218413119 
[1] 5.610734e-15
[1] 5.610734e-15
[1] 5.610734e-15
[1] 5.610734e-15
[1] "2022-04-22 13:51:16 HKT"
Epoch 17 	 loss: 33921.7248461941 	 dlt: 2.14492560362825e-16
mae: 0.166189548631044 	rmse: 0.22362218413119 
[1] 3.927514e-15
[1] 5.610734e-15
[1] 5.610734e-15
[1] 5.610734e-15
[1] "2022-04-22 13:52:16 HKT"
Epoch 19 	 loss: 33921.7248461941 	 dlt: 0
mae: 0.166189548631044 	rmse: 0.22362218413119 

Execution halted

Attaching package: ‘dplyr’

The following objects are masked from ‘package:stats’:

    filter, lag

The following objects are masked from ‘package:base’:

    intersect, setdiff, setequal, union


> dim = 2

> Y <- matrix(rnorm(N * dim), nrow = dim)

> W <- matrix(rnorm(M * dim), nrow = dim)

> aaa <- user_cpmf(read, t(Y), t(W))

> dim = 2

> Y <- matrix(rnorm(N * dim), nrow = dim)

> V <- matrix(rnorm(M * dim), nrow = dim)

> W <- matrix(rnorm(M * dim), nrow = dim)

> Ut <- user_cpmf(read, t(Y), t(W))

> loss_cpmf_aux(train, t(Y), t(V), t(W), Ut, 1, 1, 1)
[1] 26440.81

> dim = 2

> Y <- matrix(rnorm(N * dim), nrow = dim)

> V <- matrix(rnorm(M * dim), nrow = dim)

> W <- matrix(rnorm(M * dim), nrow = dim)

> Ut <- user_cpmf(read, t(Y), t(W))

> pred_cpmf(test, Ut, t(V))$mae
[1] 0.3614876
[1] 1e-05 5e-01 1e+00 5e-01
[1] 4
[1] "2022-04-22 13:58:48 HKT"
Epoch 1 	 loss: 15753.8018292953 	 dlt: 0.0174028092665058
mae: 0.31523539821798 	rmse: 0.359437534018171 
[1] "2022-04-22 13:58:51 HKT"
Epoch 3 	 loss: 11382.9807690577 	 dlt: 0.19618069125755
mae: 0.241843166076648 	rmse: 0.293343603352292 
[1] "2022-04-22 13:58:53 HKT"
Epoch 5 	 loss: 10082.9885255144 	 dlt: 0.0209742842462586
mae: 0.179053747304028 	rmse: 0.234757700864416 
[1] "2022-04-22 13:58:56 HKT"
Epoch 7 	 loss: 12895.4472990301 	 dlt: 0.140099153550083
mae: 0.172199351393704 	rmse: 0.230570036295287 
[1] "2022-04-22 13:58:58 HKT"
Epoch 9 	 loss: 15938.7764120368 	 dlt: 0.0996556894532432
mae: 0.170883636307694 	rmse: 0.231344772921408 
[1] "2022-04-22 13:59:00 HKT"
Epoch 11 	 loss: 18424.6733955022 	 dlt: 0.068288794619319
mae: 0.17019836803373 	rmse: 0.231151332200022 
[1] "2022-04-22 13:59:02 HKT"
Epoch 13 	 loss: 20459.5590349928 	 dlt: 0.0508070708119364
mae: 0.171269099711799 	rmse: 0.233412708977664 
[1] "2022-04-22 13:59:05 HKT"
Epoch 15 	 loss: 22286.7261439332 	 dlt: 0.0411901677373228
mae: 0.170823675333722 	rmse: 0.233658050997355 
[1] "2022-04-22 13:59:07 HKT"
Epoch 17 	 loss: 23879.6522729829 	 dlt: 0.0327518479791595
mae: 0.172266165050415 	rmse: 0.23580782998364 
[1] "2022-04-22 13:59:09 HKT"
Epoch 19 	 loss: 25201.692067411 	 dlt: 0.0255250379207295
mae: 0.174080412805733 	rmse: 0.238226414518615 
[1] "2022-04-22 13:59:12 HKT"
Epoch 21 	 loss: 26223.1668639553 	 dlt: 0.0178666227645001
mae: 0.17449842645285 	rmse: 0.239320185694801 
[1] "2022-04-22 13:59:14 HKT"
Epoch 23 	 loss: 27003.7585545649 	 dlt: 0.0132164047547621
mae: 0.176033427386528 	rmse: 0.241452663600474 
[1] "2022-04-22 13:59:16 HKT"
Epoch 25 	 loss: 27610.607708652 	 dlt: 0.0100946793878745
mae: 0.177112724918022 	rmse: 0.243089276675418 
[1] "2022-04-22 13:59:18 HKT"
Epoch 27 	 loss: 28035.772647503 	 dlt: 0.00747693266634915
mae: 0.177786000997191 	rmse: 0.24391517140378 
[1] "2022-04-22 13:59:20 HKT"
Epoch 29 	 loss: 28393.9838989352 	 dlt: 0.00627829494459605
mae: 0.17903832876786 	rmse: 0.245538084585341 
[1] "2022-04-22 13:59:23 HKT"
Epoch 31 	 loss: 28640.2215252632 	 dlt: 0.00435017973155293
mae: 0.179228490713885 	rmse: 0.246141646648682 
[1] "2022-04-22 13:59:25 HKT"
Epoch 33 	 loss: 28867.6854027273 	 dlt: 0.00353922049086727
mae: 0.180492810679347 	rmse: 0.247965396769765 
[1] "2022-04-22 13:59:27 HKT"
Epoch 35 	 loss: 29018.4660822949 	 dlt: 0.00213371185975839
mae: 0.180967358959067 	rmse: 0.248621259705638 
[1] "2022-04-22 13:59:29 HKT"
Epoch 37 	 loss: 29143.0892416134 	 dlt: 0.00162829342898866
mae: 0.181352822363172 	rmse: 0.249302885914962 
[1] "2022-04-22 13:59:32 HKT"
Epoch 39 	 loss: 29235.3871859245 	 dlt: 0.00129425729057601
mae: 0.181913029177138 	rmse: 0.249974277322439 
[1] "2022-04-22 13:59:34 HKT"
Epoch 41 	 loss: 29317.0315899579 	 dlt: 0.00124991852904342
mae: 0.183132806704793 	rmse: 0.251480530543863 
[1] "2022-04-22 13:59:36 HKT"
Epoch 43 	 loss: 29416.7712947799 	 dlt: 0.00136368148748694
mae: 0.183209899385613 	rmse: 0.251918787620891 
[1] "2022-04-22 13:59:38 HKT"
Epoch 45 	 loss: 29507.6563284753 	 dlt: 0.00172872283546756
mae: 0.183792377418483 	rmse: 0.252207265383649 
[1] "2022-04-22 13:59:41 HKT"
Epoch 47 	 loss: 29593.5258683917 	 dlt: 0.00179767635785755
mae: 0.183754687663415 	rmse: 0.252394372861731 
[1] "2022-04-22 13:59:43 HKT"
Epoch 49 	 loss: 29657.1691518902 	 dlt: 0.00106035940395053
mae: 0.183857477904509 	rmse: 0.25279904632072 

Attaching package: ‘dplyr’

The following objects are masked from ‘package:stats’:

    filter, lag

The following objects are masked from ‘package:base’:

    intersect, setdiff, setequal, union


> dim = 2

> Y <- matrix(rnorm(N * dim), nrow = dim)

> W <- matrix(rnorm(M * dim), nrow = dim)

> aaa <- user_cpmf(read, t(Y), t(W))

> dim = 2

> Y <- matrix(rnorm(N * dim), nrow = dim)

> V <- matrix(rnorm(M * dim), nrow = dim)

> W <- matrix(rnorm(M * dim), nrow = dim)

> Ut <- user_cpmf(read, t(Y), t(W))

> loss_cpmf_aux(train, t(Y), t(V), t(W), Ut, 1, 1, 1)
[1] 26377.75

> dim = 2

> Y <- matrix(rnorm(N * dim), nrow = dim)

> V <- matrix(rnorm(M * dim), nrow = dim)

> W <- matrix(rnorm(M * dim), nrow = dim)

> Ut <- user_cpmf(read, t(Y), t(W))

> pred_cpmf(test, Ut, t(V))$mae
[1] 0.360607
[1] 3e-05 5e-01 1e+00 5e-01
[1] 4
[1] 0.04035361
[1] 0.04035361
[1] "2022-04-22 14:06:43 HKT"
Epoch 1 	 loss: 51013.3793977299 	 dlt: 5.95893642424709e-06
mae: 0.169574773904423 	rmse: 0.231036837839577 
[1] 2.837535e-13
[1] 1.986275e-13
[1] 0.004747562
[1] 0.0007979227
[1] "2022-04-22 14:07:16 HKT"
Epoch 3 	 loss: 51013.3625270631 	 dlt: 3.30710629182152e-07
mae: 0.16954907634415 	rmse: 0.231008411384362 
[1] 0.003323293
[1] 0.0001915812
[1] 0.0003909821
[1] 5.411696e-06
[1] "2022-04-22 14:07:33 HKT"
Epoch 5 	 loss: 51013.3588221953 	 dlt: 9.43063474689158e-10
mae: 0.169511386589082 	rmse: 0.230983689883999 
[1] 3.338332e-14
[1] 0.0001915812
[1] 2.837535e-13
[1] 3.338332e-14
[1] "2022-04-22 14:08:18 HKT"
Epoch 7 	 loss: 51013.3587746501 	 dlt: 0
mae: 0.169513099759766 	rmse: 0.230984101930686 
[1] 3.338332e-14
[1] 0.0007979227
[1] 5.790888e-13
[1] 2.837535e-13
[1] "2022-04-22 14:09:00 HKT"
Epoch 9 	 loss: 51013.3575791634 	 dlt: 0
mae: 0.169501107564972 	rmse: 0.230972976412114 
[1] 8.015334e-15
[1] 0.001628414
[1] 1.390392e-13
[1] 6.812922e-14
[1] "2022-04-22 14:09:44 HKT"
Epoch 11 	 loss: 51013.3575589125 	 dlt: 0
mae: 0.169482262687438 	rmse: 0.230956081081316 
[1] 1.145048e-14
[1] 6.812922e-14
[1] 3.338332e-14
[1] 3.338332e-14
[1] "2022-04-22 14:10:39 HKT"
Epoch 13 	 loss: 51013.3575589125 	 dlt: 0
mae: 0.169482262687438 	rmse: 0.230956081081316 
[1] 4.769045e-14
[1] 1.145048e-14
[1] 1.145048e-14
[1] 1.145048e-14
[1] "2022-04-22 14:11:34 HKT"
Epoch 15 	 loss: 51013.3575589125 	 dlt: 0
mae: 0.169482262687438 	rmse: 0.230956081081316 
[1] 9.732745e-14
[1] 3.338332e-14
[1] 3.338332e-14
[1] 1.145048e-14
[1] "2022-04-22 14:12:28 HKT"
Epoch 17 	 loss: 51013.3575589125 	 dlt: 0
mae: 0.169482262687438 	rmse: 0.230956081081316 
[1] 9.732745e-14
[1] 9.732745e-14
[1] 8.015334e-15
[1] 1.145048e-14
[1] "2022-04-22 14:13:24 HKT"
Epoch 19 	 loss: 51013.3575589125 	 dlt: 0
mae: 0.169482262687438 	rmse: 0.230956081081316 
[1] 3.338332e-14
[1] 6.812922e-14
[1] 9.732745e-14
[1] 1.145048e-14
[1] "2022-04-22 14:14:18 HKT"
Epoch 21 	 loss: 51013.3575589125 	 dlt: 0
mae: 0.169482262687438 	rmse: 0.230956081081316 
[1] 8.272697e-13
[1] 1.145048e-14
[1] 3.338332e-14
[1] 6.812922e-14
[1] "2022-04-22 14:15:11 HKT"
Epoch 23 	 loss: 51013.3575589125 	 dlt: 0
mae: 0.169482262687438 	rmse: 0.230956081081316 
[1] 9.732745e-14
[1] 3.338332e-14
[1] 3.338332e-14

Execution halted
