
Attaching package: ‘dplyr’

The following objects are masked from ‘package:stats’:

    filter, lag

The following objects are masked from ‘package:base’:

    intersect, setdiff, setequal, union


> dim = 2

> U <- matrix(rnorm(N * dim), nrow = dim)

> V <- matrix(rnorm(M * dim), nrow = dim)

> par_lpmf(train, t(U), t(V))
[1] 1.333918e-01 5.582739e+05 3.705330e+05

> dim = 2

> U <- matrix(rnorm(N * dim), nrow = dim)

> V <- matrix(rnorm(M * dim), nrow = dim)

> pred_lpmf(test, t(U), t(V))$mae
[1] 0.7219799
[1] 0.01 1.00 1.00
[1] 2
[1] "2022-04-20 21:12:06 HKT"
Epoch 1 	 loss: 12364.9047974914 	 dlt: 0.11136872028168
mae: 0.721979894228718 	rmse: 0.744128043116182 
[1] "2022-04-20 21:12:09 HKT"
Epoch 3 	 loss: 7624.99090438398 	 dlt: 0.222934057302146
mae: 0.721979894228718 	rmse: 0.744128043116182 
[1] "2022-04-20 21:12:11 HKT"
Epoch 5 	 loss: 6066.85262895453 	 dlt: 0.0726159511721003
mae: 0.721979894228718 	rmse: 0.744128043116182 
[1] "2022-04-20 21:12:13 HKT"
Epoch 7 	 loss: NaN 	 dlt: NaN
mae: 0.721979894228718 	rmse: 0.744128043116182 
Error in if (dlt < eps) { : missing value where TRUE/FALSE needed
Calls: lpmf_mm
Execution halted

Attaching package: ‘dplyr’

The following objects are masked from ‘package:stats’:

    filter, lag

The following objects are masked from ‘package:base’:

    intersect, setdiff, setequal, union


> dim = 2

> U <- matrix(rnorm(N * dim), nrow = dim)

> V <- matrix(rnorm(M * dim), nrow = dim)

> par_lpmf(train, t(U), t(V))
[1] 1.352502e-01 5.559972e+05 3.725357e+05

> dim = 2

> U <- matrix(rnorm(N * dim), nrow = dim)

> V <- matrix(rnorm(M * dim), nrow = dim)

> pred_lpmf(test, t(U), t(V))$mae
[1] 0.7219799
[1] 0.01 1.00 1.00
[1] 2
[1] "2022-04-20 21:21:41 HKT"
Epoch 1 	 loss: 12364.9047974914 	 dlt: 0.111545947762257
mae: 0.721979894228718 	rmse: 0.744128043116182 
[1] "2022-04-20 21:21:43 HKT"
Epoch 3 	 loss: 7624.99090438398 	 dlt: 0.222934057302146
mae: 0.721979894228718 	rmse: 0.744128043116182 
[1] "2022-04-20 21:21:45 HKT"
Epoch 5 	 loss: 6066.85262895453 	 dlt: 0.0726159511721003
mae: 0.721979894228718 	rmse: 0.744128043116182 
[1] "2022-04-20 21:21:47 HKT"
Epoch 7 	 loss: NaN 	 dlt: NaN
mae: 0.721979894228718 	rmse: 0.744128043116182 
Error in if (dlt < eps) { : missing value where TRUE/FALSE needed
Calls: lpmf_mm
Execution halted

Attaching package: ‘dplyr’

The following objects are masked from ‘package:stats’:

    filter, lag

The following objects are masked from ‘package:base’:

    intersect, setdiff, setequal, union


> dim = 2

> U <- matrix(rnorm(N * dim), nrow = dim)

> V <- matrix(rnorm(M * dim), nrow = dim)

> par_lpmf(train, t(U), t(V))
[1] 1.353730e-01 5.576898e+05 3.717032e+05

> dim = 2

> U <- matrix(rnorm(N * dim), nrow = dim)

> V <- matrix(rnorm(M * dim), nrow = dim)

> pred_lpmf(test, t(U), t(V))$mae
[1] 0.7219799
[1] 0.01 1.00 1.00
[1] 2
[1] "2022-04-21 10:25:57 HKT"
Epoch 1 	 loss: 12364.9047974914 	 dlt: 0.111500034942139
mae: 0.721979894228718 	rmse: 0.744128043116182 
[1] "2022-04-21 10:25:59 HKT"
Epoch 3 	 loss: 7624.99090438398 	 dlt: 0.222934057302146
mae: 0.721979894228718 	rmse: 0.744128043116182 
[1] "2022-04-21 10:26:01 HKT"
Epoch 5 	 loss: 6066.85262895453 	 dlt: 0.0726159511721003
mae: 0.721979894228718 	rmse: 0.744128043116182 
[1] "2022-04-21 10:26:03 HKT"
Epoch 7 	 loss: NaN 	 dlt: NaN
mae: 0.721979894228718 	rmse: 0.744128043116182 
Error in if (dlt < eps) { : missing value where TRUE/FALSE needed
Calls: lpmf_mm
Execution halted

Attaching package: ‘dplyr’

The following objects are masked from ‘package:stats’:

    filter, lag

The following objects are masked from ‘package:base’:

    intersect, setdiff, setequal, union


> dim = 2

> U <- matrix(rnorm(N * dim), nrow = dim)

> V <- matrix(rnorm(M * dim), nrow = dim)

> par_lpmf(train, t(U), t(V))
[1] 1.525356e-01 5.580618e+05 3.716378e+05

> dim = 2

> U <- matrix(rnorm(N * dim), nrow = dim)

> V <- matrix(rnorm(M * dim), nrow = dim)

> pred_lpmf(test, t(U), t(V))$mae
[1] 0.358188
[1] 0.01 1.00 1.00
[1] 2
[1] "2022-04-21 10:43:27 HKT"
Epoch 1 	 loss: 15226.2048995207 	 dlt: 0.0503101205716471
mae: 0.313638723139649 	rmse: 0.357999485200957 
[1] "2022-04-21 10:43:29 HKT"
Epoch 3 	 loss: 9001.9294008272 	 dlt: 0.228793538501705
mae: 0.207763061641742 	rmse: 0.262822760476977 
[1] "2022-04-21 10:43:31 HKT"
Epoch 5 	 loss: 7038.73099958906 	 dlt: 0.0805244754468076
mae: 0.192262293284686 	rmse: 0.244456950270612 
[1] "2022-04-21 10:43:33 HKT"
Epoch 7 	 loss: 6427.07204401962 	 dlt: 0.0348035570391242
mae: 0.186028065162301 	rmse: 0.237904983820317 
[1] "2022-04-21 10:43:35 HKT"
Epoch 9 	 loss: 6243.26542026508 	 dlt: 0.016622278176306
mae: 0.184499916911361 	rmse: 0.236309799401143 
[1] "2022-04-21 10:43:37 HKT"
Epoch 11 	 loss: 6043.35332909097 	 dlt: 0.00497893541884233
mae: 0.184582149104237 	rmse: 0.236640636582626 
[1] "2022-04-21 10:43:39 HKT"
Epoch 13 	 loss: 5931.43068475231 	 dlt: 0.0112589212600529
mae: 0.184678086662592 	rmse: 0.237159705792667 
[1] "2022-04-21 10:43:41 HKT"
Epoch 15 	 loss: 6133.87116116129 	 dlt: 0.0502032113724601
mae: 0.191947069878669 	rmse: 0.247843309299097 
[1] "2022-04-21 10:43:43 HKT"
Epoch 17 	 loss: 5717.00964800371 	 dlt: 0.00698736839085306
mae: 0.186984014404479 	rmse: 0.239873930190132 
[1] "2022-04-21 10:43:44 HKT"
Epoch 19 	 loss: 5600.460208598 	 dlt: 0.0124935985856253
mae: 0.187826894381455 	rmse: 0.240593395916461 
[1] "2022-04-21 10:43:46 HKT"
Epoch 21 	 loss: 5546.84322949477 	 dlt: 0.0253579532569651
mae: 0.189848435789649 	rmse: 0.243378052483671 
[1] "2022-04-21 10:43:48 HKT"
Epoch 23 	 loss: 5531.37922084223 	 dlt: 0.000494519234581193
mae: 0.18999576846855 	rmse: 0.243600856404055 
[1] "2022-04-21 10:43:50 HKT"
Epoch 25 	 loss: 5446.36493561163 	 dlt: 0.010122716029674
mae: 0.190113977245809 	rmse: 0.243695779301327 
[1] "2022-04-21 10:43:52 HKT"
Epoch 27 	 loss: 5194.44235706841 	 dlt: 0.00923254554541323
mae: 0.191441684526614 	rmse: 0.245019673314782 
[1] "2022-04-21 10:43:54 HKT"
Epoch 29 	 loss: 5054.22702917266 	 dlt: 0.0121496772394692
mae: 0.190263023095396 	rmse: 0.242992158442607 
[1] "2022-04-21 10:43:56 HKT"
Epoch 31 	 loss: 5005.72983994652 	 dlt: 0.00333605279141985
mae: 0.190564541135939 	rmse: 0.243127643347722 
[1] "2022-04-21 10:43:58 HKT"
Epoch 33 	 loss: 4960.5661826109 	 dlt: 0.00389322201216331
mae: 0.191227538190999 	rmse: 0.243806671159762 
[1] "2022-04-21 10:44:00 HKT"
Epoch 35 	 loss: 4946.59183720264 	 dlt: 0.00038756745712396
mae: 0.192046433778387 	rmse: 0.244880182612199 
[1] "2022-04-21 10:44:02 HKT"
Epoch 37 	 loss: 4929.94175904071 	 dlt: 0.00139516570227469
mae: 0.191349173309629 	rmse: 0.244066912720644 
[1] "2022-04-21 10:44:04 HKT"
Epoch 39 	 loss: 4947.27277945205 	 dlt: 0.000277930748258745
mae: 0.19275568644194 	rmse: 0.245864633425242 
[1] "2022-04-21 10:44:06 HKT"
Epoch 41 	 loss: 4909.71670606584 	 dlt: 0.00175050671737725
mae: 0.192995530337827 	rmse: 0.246016332933957 
[1] "2022-04-21 10:44:07 HKT"
Epoch 43 	 loss: 4939.21698953044 	 dlt: 0.00700763190597004
mae: 0.192440463035915 	rmse: 0.245463261993043 
[1] "2022-04-21 10:44:09 HKT"
Epoch 45 	 loss: 4897.69728472944 	 dlt: 0.00306450771693709
mae: 0.192855050341664 	rmse: 0.245942816796079 
[1] "2022-04-21 10:44:11 HKT"
Epoch 47 	 loss: 4888.03330255647 	 dlt: 0.00202459106947941
mae: 0.193430675691794 	rmse: 0.246608304384306 
[1] "2022-04-21 10:44:13 HKT"
Epoch 49 	 loss: 4887.10519188508 	 dlt: 0.000275132937755889
mae: 0.19254667961838 	rmse: 0.24565938054798 

Attaching package: ‘dplyr’

The following objects are masked from ‘package:stats’:

    filter, lag

The following objects are masked from ‘package:base’:

    intersect, setdiff, setequal, union


> dim = 2

> U <- matrix(rnorm(N * dim), nrow = dim)

> V <- matrix(rnorm(M * dim), nrow = dim)

> par_lpmf(train, t(U), t(V))
[1] 1.535785e-01 5.578373e+05 3.728463e+05

> dim = 2

> U <- matrix(rnorm(N * dim), nrow = dim)

> V <- matrix(rnorm(M * dim), nrow = dim)

> pred_lpmf(test, t(U), t(V))$mae
[1] 0.3601222
[1] 0.001 1.000 1.000
[1] 2
[1] "2022-04-21 15:24:15 HKT"
Epoch 1 	 loss: 15224.2010728068 	 dlt: 0.0504351033866644
mae: 0.313660994358552 	rmse: 0.358022613886476 
[1] "2022-04-21 15:24:17 HKT"
Epoch 3 	 loss: 8897.96081348736 	 dlt: 0.235794333426606
mae: 0.20932889964775 	rmse: 0.264219768591701 
[1] "2022-04-21 15:24:19 HKT"
Epoch 5 	 loss: 6971.96011559517 	 dlt: 0.0763052366313025
mae: 0.194672724438354 	rmse: 0.246645737778379 
[1] "2022-04-21 15:24:22 HKT"
Epoch 7 	 loss: 6359.62750098395 	 dlt: 0.0406191472500178
mae: 0.188755432892677 	rmse: 0.240371763881604 
[1] "2022-04-21 15:24:24 HKT"
Epoch 9 	 loss: 6183.89355006808 	 dlt: 0.0174048175076579
mae: 0.187402028051598 	rmse: 0.238795450023251 
[1] "2022-04-21 15:24:26 HKT"
Epoch 11 	 loss: 6074.40607604306 	 dlt: 0.0108631041154033
mae: 0.187239276836533 	rmse: 0.239246601032926 
[1] "2022-04-21 15:24:28 HKT"
Epoch 13 	 loss: 5781.74151509062 	 dlt: 0.0366149531106114
mae: 0.187026843671603 	rmse: 0.238748813050249 
[1] "2022-04-21 15:24:29 HKT"
Epoch 15 	 loss: 5736.58566725427 	 dlt: 0.00445243024212873
mae: 0.188457341193503 	rmse: 0.240533258842244 
[1] "2022-04-21 15:24:31 HKT"
Epoch 17 	 loss: 5696.11636947681 	 dlt: 0.00611842769659471
mae: 0.189409864094313 	rmse: 0.241859116701515 
[1] "2022-04-21 15:24:33 HKT"
Epoch 19 	 loss: 5623.67486854878 	 dlt: 0.0074437481753678
mae: 0.190508006503339 	rmse: 0.242906364493121 
[1] "2022-04-21 15:24:35 HKT"
Epoch 21 	 loss: 5586.28835229281 	 dlt: 0.000217930098314768
mae: 0.191786031834281 	rmse: 0.244867745043397 
[1] "2022-04-21 15:24:37 HKT"
Epoch 23 	 loss: 5451.240916672 	 dlt: 0.0130811925575667
mae: 0.191532482572914 	rmse: 0.244255190415837 
[1] "2022-04-21 15:24:39 HKT"
Epoch 25 	 loss: 5460.59924067815 	 dlt: 0.0067502701741727
mae: 0.192832779122761 	rmse: 0.246268828967608 
[1] "2022-04-21 15:24:41 HKT"
Epoch 27 	 loss: 5433.1744457809 	 dlt: 0.0047013014468632
mae: 0.193780162511516 	rmse: 0.247093340627776 
[1] "2022-04-21 15:24:42 HKT"
Epoch 29 	 loss: 5189.20146099994 	 dlt: 0.0131231074490186
mae: 0.193797294218365 	rmse: 0.246412168578897 
[1] "2022-04-21 15:24:44 HKT"
Epoch 31 	 loss: 5080.10784059343 	 dlt: 0.0210160300194611
mae: 0.19303150692221 	rmse: 0.245257285147365 
[1] "2022-04-21 15:24:46 HKT"
Epoch 33 	 loss: 5049.56876993293 	 dlt: 0.00322848746529354
mae: 0.193637969344668 	rmse: 0.245805398776523 
[1] "2022-04-21 15:24:48 HKT"
Epoch 35 	 loss: 5018.09489322817 	 dlt: 0.00367679897006743
mae: 0.194016580066033 	rmse: 0.246419120940572 
[1] "2022-04-21 15:24:50 HKT"
Epoch 37 	 loss: 4997.43516773467 	 dlt: 0.00232575671966037
mae: 0.194136502013976 	rmse: 0.24664612366007 
[1] "2022-04-21 15:24:51 HKT"
Epoch 39 	 loss: 4981.97334329418 	 dlt: 0.00171315950129517
mae: 0.194527104930136 	rmse: 0.247144949757362 
[1] "2022-04-21 15:24:53 HKT"
Epoch 41 	 loss: 4983.81561162219 	 dlt: 0.000661574557878319
mae: 0.195489906855056 	rmse: 0.248249267261659 
[1] "2022-04-21 15:24:55 HKT"
Epoch 43 	 loss: 4973.44722909773 	 dlt: 0.000359935549293131
mae: 0.195472775148206 	rmse: 0.24806133529789 
[1] "2022-04-21 15:24:57 HKT"
Epoch 45 	 loss: 4964.85126022324 	 dlt: 0.000272151106877533
mae: 0.19558584441341 	rmse: 0.248475364074513 
[1] "2022-04-21 15:24:59 HKT"
Epoch 47 	 loss: 4950.44326115693 	 dlt: 0.000543936037656192
mae: 0.195954176110667 	rmse: 0.248793467180849 
[1] "2022-04-21 15:25:01 HKT"
Epoch 49 	 loss: 4960.22790323355 	 dlt: 0.00213589475086175
mae: 0.195133567352593 	rmse: 0.2478394690951 

Attaching package: ‘dplyr’

The following objects are masked from ‘package:stats’:

    filter, lag

The following objects are masked from ‘package:base’:

    intersect, setdiff, setequal, union


> dim = 2

> U <- matrix(rnorm(N * dim), nrow = dim)

> V <- matrix(rnorm(M * dim), nrow = dim)

> par_lpmf(train, t(U), t(V))
[1] 1.526394e-01 5.575186e+05 3.733482e+05

> dim = 2

> U <- matrix(rnorm(N * dim), nrow = dim)

> V <- matrix(rnorm(M * dim), nrow = dim)

> pred_lpmf(test, t(U), t(V))$mae
[1] 0.362632
[1] 0.01 1.00 1.00
[1] 2
[1] "2022-04-21 15:25:57 HKT"
Epoch 1 	 loss: 15567.0352459178 	 dlt: 0.0290518272075813
mae: 0.317577302544245 	rmse: 0.361660472771416 
[1] "2022-04-21 15:25:59 HKT"
Epoch 3 	 loss: 14471.0685593512 	 dlt: 0.0107182367261525
mae: 0.304036401450766 	rmse: 0.348118180951681 
[1] "2022-04-21 15:26:02 HKT"
Epoch 5 	 loss: 15076.5514420809 	 dlt: 0.000470161846224464
mae: 0.309446594473696 	rmse: 0.353871675858537 
[1] "2022-04-21 15:26:03 HKT"
Epoch 7 	 loss: 14643.9111668388 	 dlt: 0.00326219340454068
mae: 0.306892256982499 	rmse: 0.351215983998913 
[1] "2022-04-21 15:26:05 HKT"
Epoch 9 	 loss: 14748.9040932534 	 dlt: 0.0139973115221176
mae: 0.308586582789872 	rmse: 0.353078440440746 
[1] "2022-04-21 15:26:07 HKT"
Epoch 11 	 loss: 14707.4431081185 	 dlt: 0.0035540247815059
mae: 0.305824951645804 	rmse: 0.350301284352022 
[1] "2022-04-21 15:26:08 HKT"
Epoch 13 	 loss: 14999.5562698824 	 dlt: 0.0277663537552716
mae: 0.308759613029048 	rmse: 0.35332446384653 
[1] "2022-04-21 15:26:10 HKT"
Epoch 15 	 loss: 14695.5574638427 	 dlt: 0.0311417959464008
mae: 0.306648986745244 	rmse: 0.351085342343614 
[1] "2022-04-21 15:26:12 HKT"
Epoch 17 	 loss: 14937.1598517593 	 dlt: 0.00974452586150552
mae: 0.308372436454258 	rmse: 0.352562393282916 
[1] "2022-04-21 15:26:14 HKT"
Epoch 19 	 loss: 14630.669107167 	 dlt: 0.0121738452885379
mae: 0.305600526286082 	rmse: 0.349901388376559 
[1] "2022-04-21 15:26:15 HKT"
Epoch 21 	 loss: 15127.3460489831 	 dlt: 0.0290775109436265
mae: 0.308341599381932 	rmse: 0.35329644792074 
[1] "2022-04-21 15:26:17 HKT"
Epoch 23 	 loss: 15138.3617607192 	 dlt: 0.003923698132572
mae: 0.305960292129912 	rmse: 0.350351544871528 
[1] "2022-04-21 15:26:19 HKT"
Epoch 25 	 loss: 15203.1885079906 	 dlt: 0.0113570884965347
mae: 0.308696225713709 	rmse: 0.353750086552762 
[1] "2022-04-21 15:26:21 HKT"
Epoch 27 	 loss: 15271.6583550536 	 dlt: 0.0341051796955446
mae: 0.309494563252869 	rmse: 0.354198576182473 
[1] "2022-04-21 15:26:22 HKT"
Epoch 29 	 loss: 14946.831123924 	 dlt: 0.0239487742388174
mae: 0.307479874527422 	rmse: 0.351862243431178 
[1] "2022-04-21 15:26:24 HKT"
Epoch 31 	 loss: 14872.0736068308 	 dlt: 0.00668520975768331
mae: 0.307041302832086 	rmse: 0.351334386832105 
[1] "2022-04-21 15:26:26 HKT"
Epoch 33 	 loss: 15240.9411129639 	 dlt: 0.0210651517603447
mae: 0.306859706739485 	rmse: 0.351300793744762 
[1] "2022-04-21 15:26:27 HKT"
Epoch 35 	 loss: 14726.6706278089 	 dlt: 0.0304271380993588
mae: 0.304959800449927 	rmse: 0.349467537869137 
[1] "2022-04-21 15:26:29 HKT"
Epoch 37 	 loss: 14936.3019471407 	 dlt: 0.0221850179942612
mae: 0.309143363262468 	rmse: 0.353904218119857 
[1] "2022-04-21 15:26:31 HKT"
Epoch 39 	 loss: 15284.4699524252 	 dlt: 0.00788782689630705
mae: 0.308392994502477 	rmse: 0.352859758813795 
[1] "2022-04-21 15:26:33 HKT"
Epoch 41 	 loss: 14839.2262619684 	 dlt: 0.0114252770254216
mae: 0.304725096066096 	rmse: 0.349402985862477 
[1] "2022-04-21 15:26:35 HKT"
Epoch 43 	 loss: 14919.8758169714 	 dlt: 0.0345575026566076
mae: 0.309588787640542 	rmse: 0.354586110467079 
[1] "2022-04-21 15:26:36 HKT"
Epoch 45 	 loss: 14444.1194718065 	 dlt: 0.0277103369292264
mae: 0.306027105786623 	rmse: 0.350444711519795 
[1] "2022-04-21 15:26:38 HKT"
Epoch 47 	 loss: 14769.3494809481 	 dlt: 0.00602105197084643
mae: 0.308511203279736 	rmse: 0.352899406599081 
[1] "2022-04-21 15:26:40 HKT"
Epoch 49 	 loss: 14623.9061585112 	 dlt: 0.000771074626399481
mae: 0.307824221835091 	rmse: 0.352619619199812 

Attaching package: ‘dplyr’

The following objects are masked from ‘package:stats’:

    filter, lag

The following objects are masked from ‘package:base’:

    intersect, setdiff, setequal, union


> dim = 2

> U <- matrix(rnorm(N * dim), nrow = dim)

> V <- matrix(rnorm(M * dim), nrow = dim)

> par_lpmf(train, t(U), t(V))
[1] 1.517266e-01 5.567939e+05 3.703680e+05

> dim = 2

> U <- matrix(rnorm(N * dim), nrow = dim)

> V <- matrix(rnorm(M * dim), nrow = dim)

> pred_lpmf(test, t(U), t(V))$mae
[1] 0.358714
[1] 1e-04 1e+00 1e+00
[1] 2
[1] "2022-04-21 15:28:15 HKT"
Epoch 1 	 loss: 15182.3127592107 	 dlt: 0.0530477641088229
mae: 0.313451987534994 	rmse: 0.357822115612169 
[1] "2022-04-21 15:28:18 HKT"
Epoch 3 	 loss: 8410.8623258332 	 dlt: 0.253888416079575
mae: 0.197245906807084 	rmse: 0.253433387989705 
[1] "2022-04-21 15:28:20 HKT"
Epoch 5 	 loss: 5830.28805930927 	 dlt: 0.146528352279908
mae: 0.175599995203252 	rmse: 0.232691492224048 
[1] "2022-04-21 15:28:22 HKT"
Epoch 7 	 loss: 4649.80454400501 	 dlt: 0.0961264645103566
mae: 0.168187105649649 	rmse: 0.225265813526833 
[1] "2022-04-21 15:28:25 HKT"
Epoch 9 	 loss: 3961.56749467212 	 dlt: 0.0714280007362788
mae: 0.165516272551875 	rmse: 0.2223746421416 
[1] "2022-04-21 15:28:27 HKT"
Epoch 11 	 loss: 3459.1808489195 	 dlt: 0.0637889643074335
mae: 0.164762477450515 	rmse: 0.221920499349163 
[1] "2022-04-21 15:28:28 HKT"
Epoch 13 	 loss: 3020.37203416408 	 dlt: 0.0642207366376192
mae: 0.165194196463112 	rmse: 0.223053269237064 
[1] "2022-04-21 15:28:30 HKT"
Epoch 15 	 loss: 2681.43056092878 	 dlt: 0.0562887767834681
mae: 0.166587004229944 	rmse: 0.224479424833592 
[1] "2022-04-21 15:28:32 HKT"
Epoch 17 	 loss: 2433.7668993825 	 dlt: 0.0419543196486683
mae: 0.167147211043908 	rmse: 0.225790377675225 
[1] "2022-04-21 15:28:34 HKT"
Epoch 19 	 loss: 2253.53692302253 	 dlt: 0.036172298973782
mae: 0.168325872475126 	rmse: 0.227497003037638 
[1] "2022-04-21 15:28:36 HKT"
Epoch 21 	 loss: 2116.15363223801 	 dlt: 0.0271021020077476
mae: 0.168649661734573 	rmse: 0.228426795624929 
[1] "2022-04-21 15:28:38 HKT"
Epoch 23 	 loss: 2024.90577472708 	 dlt: 0.0177669246256283
mae: 0.169579913416478 	rmse: 0.230057198181211 
[1] "2022-04-21 15:28:40 HKT"
Epoch 25 	 loss: 1948.95334430504 	 dlt: 0.0178956867929785
mae: 0.170564986560301 	rmse: 0.231216379266218 
[1] "2022-04-21 15:28:42 HKT"
Epoch 27 	 loss: 1891.90974447446 	 dlt: 0.016353640166896
mae: 0.171436990438919 	rmse: 0.232524550995667 
[1] "2022-04-21 15:28:44 HKT"
Epoch 29 	 loss: 1837.4196480842 	 dlt: 0.0130600682999285
mae: 0.171853290915352 	rmse: 0.23323036945248 
[1] "2022-04-21 15:28:46 HKT"
Epoch 31 	 loss: 1800.32878917405 	 dlt: 0.0135829848727037
mae: 0.172389513339728 	rmse: 0.234158532030801 
[1] "2022-04-21 15:28:48 HKT"
Epoch 33 	 loss: 1749.48626848975 	 dlt: 0.0139034954209096
mae: 0.172605372846026 	rmse: 0.234574378132613 
[1] "2022-04-21 15:28:50 HKT"
Epoch 35 	 loss: 1588.022373187 	 dlt: 0.0548653735743059
mae: 0.172648202113148 	rmse: 0.234122354268593 
[1] "2022-04-21 15:28:52 HKT"
Epoch 37 	 loss: 1690.13058300381 	 dlt: 0.00783020133103952
mae: 0.175723343492564 	rmse: 0.238682628717254 
[1] "2022-04-21 15:28:53 HKT"
Epoch 39 	 loss: 1663.31890063323 	 dlt: 0.00305016972969937
mae: 0.175939202998862 	rmse: 0.239136778583861 
[1] "2022-04-21 15:28:55 HKT"
Epoch 41 	 loss: 1647.34627848131 	 dlt: 0.00244396534530646
mae: 0.176677579564058 	rmse: 0.239896942077551 
[1] "2022-04-21 15:28:57 HKT"
Epoch 43 	 loss: 1627.85013749559 	 dlt: 0.00436553867704495
mae: 0.177088740528435 	rmse: 0.240401854498303 
[1] "2022-04-21 15:28:59 HKT"
Epoch 45 	 loss: 1618.40912170903 	 dlt: 0.00120095523827282
mae: 0.177469064420486 	rmse: 0.240810081221889 
[1] "2022-04-21 15:29:01 HKT"
Epoch 47 	 loss: 1604.49681377459 	 dlt: 0.00518716416101472
mae: 0.178034410746506 	rmse: 0.241524393960648 
[1] "2022-04-21 15:29:03 HKT"
Epoch 49 	 loss: 1599.07162083127 	 dlt: 0.00165994253486562
mae: 0.17785795416596 	rmse: 0.241650855504011 

Attaching package: ‘dplyr’

The following objects are masked from ‘package:stats’:

    filter, lag

The following objects are masked from ‘package:base’:

    intersect, setdiff, setequal, union


> dim = 2

> U <- matrix(rnorm(N * dim), nrow = dim)

> V <- matrix(rnorm(M * dim), nrow = dim)

> par_lpmf(train, t(U), t(V))
[1] 1.541882e-01 5.571368e+05 3.718626e+05

> dim = 2

> U <- matrix(rnorm(N * dim), nrow = dim)

> V <- matrix(rnorm(M * dim), nrow = dim)

> pred_lpmf(test, t(U), t(V))$mae
[1] 0.360559
[1] 3e-05 1e+00 1e+00
[1] 2
[1] "2022-04-21 15:42:31 HKT"
Epoch 1 	 loss: 15178.9773372851 	 dlt: 0.0532558012702352
mae: 0.313428003145405 	rmse: 0.357794983875878 
[1] "2022-04-21 15:42:34 HKT"
Epoch 3 	 loss: 8343.14889061644 	 dlt: 0.257964217898947
mae: 0.195635526363268 	rmse: 0.25167271645964 
[1] "2022-04-21 15:42:36 HKT"
Epoch 5 	 loss: 5788.69964219031 	 dlt: 0.149123176262792
mae: 0.174034157197245 	rmse: 0.231094092110506 
[1] "2022-04-21 15:42:39 HKT"
Epoch 7 	 loss: 4570.98391910756 	 dlt: 0.100840054787153
mae: 0.166479074476793 	rmse: 0.223432706788532 
[1] "2022-04-21 15:42:41 HKT"
Epoch 9 	 loss: 3813.09746745596 	 dlt: 0.0821492479981694
mae: 0.163285724320122 	rmse: 0.22015681914819 
[1] "2022-04-21 15:42:43 HKT"
Epoch 11 	 loss: 3259.37621906021 	 dlt: 0.0740938380233841
mae: 0.162648424825336 	rmse: 0.220050445016731 
[1] "2022-04-21 15:42:45 HKT"
Epoch 13 	 loss: 2817.15305375389 	 dlt: 0.0671734550178709
mae: 0.163352537976833 	rmse: 0.221503670284962 
[1] "2022-04-21 15:42:47 HKT"
Epoch 15 	 loss: 2494.95656296552 	 dlt: 0.0573983728773358
mae: 0.164389006241203 	rmse: 0.223319369405108 
[1] "2022-04-21 15:42:49 HKT"
Epoch 17 	 loss: 2259.28701532913 	 dlt: 0.0450846354894303
mae: 0.16538264523845 	rmse: 0.225036275844396 
[1] "2022-04-21 15:42:51 HKT"
Epoch 19 	 loss: 2075.68489099462 	 dlt: 0.0416341078151695
mae: 0.166518477402544 	rmse: 0.226697782428951 
[1] "2022-04-21 15:42:53 HKT"
Epoch 21 	 loss: 1939.37658909319 	 dlt: 0.0320186443466191
mae: 0.167551519325544 	rmse: 0.228587985902419 
[1] "2022-04-21 15:42:55 HKT"
Epoch 23 	 loss: 1837.89896198908 	 dlt: 0.0236931395832101
mae: 0.1683738412543 	rmse: 0.229784818085731 
[1] "2022-04-21 15:42:57 HKT"
Epoch 25 	 loss: 1756.5979741748 	 dlt: 0.0177057717566609
mae: 0.169516526101135 	rmse: 0.231196620067552 
[1] "2022-04-21 15:42:59 HKT"
Epoch 27 	 loss: 1681.66484089807 	 dlt: 0.0236981464832459
mae: 0.17017095730277 	rmse: 0.232155463849005 
[1] "2022-04-21 15:43:01 HKT"
Epoch 29 	 loss: 1611.84247527907 	 dlt: 0.0210950023352112
mae: 0.171162883129332 	rmse: 0.233433096040829 
[1] "2022-04-21 15:43:03 HKT"
Epoch 31 	 loss: 1555.84300412417 	 dlt: 0.0195795394743685
mae: 0.171459261657821 	rmse: 0.233945043046865 
[1] "2022-04-21 15:43:05 HKT"
Epoch 33 	 loss: 1517.02074866248 	 dlt: 0.00114561940756328
mae: 0.173542477210673 	rmse: 0.23689227809487 
[1] "2022-04-21 15:43:07 HKT"
Epoch 35 	 loss: 1484.59792654253 	 dlt: 0.0096205416401817
mae: 0.174710859617782 	rmse: 0.238438065946915 
[1] "2022-04-21 15:43:09 HKT"
Epoch 37 	 loss: 1455.46955426838 	 dlt: 0.0111348158242935
mae: 0.17475540205559 	rmse: 0.23874123866486 
[1] "2022-04-21 15:43:11 HKT"
Epoch 39 	 loss: 1433.24803495296 	 dlt: 0.00597762701293902
mae: 0.175036362047914 	rmse: 0.239352794363166 
[1] "2022-04-21 15:43:13 HKT"
Epoch 41 	 loss: 1415.9594950672 	 dlt: 0.00174650224758188
mae: 0.176000877143519 	rmse: 0.240317512068264 
[1] "2022-04-21 15:43:15 HKT"
Epoch 43 	 loss: 1399.2070008315 	 dlt: 0.00145701695083034
mae: 0.176621044931456 	rmse: 0.24113671758736 
[1] "2022-04-21 15:43:17 HKT"
Epoch 45 	 loss: 1378.84072616207 	 dlt: 0.00560252408284644
mae: 0.176698137612276 	rmse: 0.241258648402472 
[1] "2022-04-21 15:43:19 HKT"
Epoch 47 	 loss: 1366.09727806781 	 dlt: 0.002818866273518
mae: 0.176972244921861 	rmse: 0.241864625904264 
[1] "2022-04-21 15:43:21 HKT"
Epoch 49 	 loss: 1358.73220469247 	 dlt: 0.000492382490028515
mae: 0.177128143454189 	rmse: 0.24201057407991 

Attaching package: ‘dplyr’

The following objects are masked from ‘package:stats’:

    filter, lag

The following objects are masked from ‘package:base’:

    intersect, setdiff, setequal, union


> dim = 2

> U <- matrix(rnorm(N * dim), nrow = dim)

> V <- matrix(rnorm(M * dim), nrow = dim)

> par_lpmf(train, t(U), t(V))
[1] 1.521476e-01 5.583975e+05 3.739151e+05

> dim = 2

> U <- matrix(rnorm(N * dim), nrow = dim)

> V <- matrix(rnorm(M * dim), nrow = dim)

> pred_lpmf(test, t(U), t(V))$mae
[1] 0.3578111
[1] 1e-05 1e+00 1e+00
[1] 2
[1] "2022-04-21 15:45:29 HKT"
Epoch 1 	 loss: 12977.8162375362 	 dlt: 0.190546769913951
mae: 0.277310938766248 	rmse: 0.325856870044604 
[1] "2022-04-21 15:45:35 HKT"
Epoch 3 	 loss: 6576.5904218392 	 dlt: 0.220086410730506
mae: 0.182622281840696 	rmse: 0.238051360566855 
[1] "2022-04-21 15:45:41 HKT"
Epoch 5 	 loss: 4912.61562834729 	 dlt: 0.115147163047088
mae: 0.169252697815662 	rmse: 0.225051078149734 
[1] "2022-04-21 15:45:48 HKT"
Epoch 7 	 loss: 4057.16190897743 	 dlt: 0.0869010763145865
mae: 0.165130809147769 	rmse: 0.220944377529479 
[1] "2022-04-21 15:45:54 HKT"
Epoch 9 	 loss: 3425.09399210686 	 dlt: 0.0812283941654618
mae: 0.16416800722285 	rmse: 0.22060208121643 
[1] "2022-04-21 15:46:00 HKT"
Epoch 11 	 loss: 2945.26715260238 	 dlt: 0.0693288859047537
mae: 0.165190770121741 	rmse: 0.222853485594743 
[1] "2022-04-21 15:46:06 HKT"
Epoch 13 	 loss: 2580.36543614733 	 dlt: 0.060578458291853
mae: 0.166227238386111 	rmse: 0.224672679295137 
[1] "2022-04-21 15:46:11 HKT"
Epoch 15 	 loss: 2300.60497576933 	 dlt: 0.0524552525866288
mae: 0.167520682253218 	rmse: 0.226314146508421 
[1] "2022-04-21 15:46:17 HKT"
Epoch 17 	 loss: 2126.06506297295 	 dlt: 0.0354112881461482
mae: 0.168546871493478 	rmse: 0.22801226014173 
[1] "2022-04-21 15:46:24 HKT"
Epoch 19 	 loss: 1992.24837414075 	 dlt: 0.0296167368238303
mae: 0.169011140749087 	rmse: 0.229409248811836 
[1] "2022-04-21 15:46:29 HKT"
Epoch 21 	 loss: 1894.52720770717 	 dlt: 0.0228638347065807
mae: 0.169826609995103 	rmse: 0.230770150803554 
[1] "2022-04-21 15:46:35 HKT"
Epoch 23 	 loss: 1822.90069725139 	 dlt: 0.0154705167302531
mae: 0.170965868500569 	rmse: 0.232143984480738 
[1] "2022-04-21 15:46:41 HKT"
Epoch 25 	 loss: 1752.58269206818 	 dlt: 0.0223402945748241
mae: 0.171436990438918 	rmse: 0.232727483455874 
[1] "2022-04-21 15:46:47 HKT"
Epoch 27 	 loss: 1728.09019576164 	 dlt: 0.00409639864118048
mae: 0.172183932857538 	rmse: 0.234160970779951 
[1] "2022-04-21 15:46:53 HKT"
Epoch 29 	 loss: 1696.21313420318 	 dlt: 0.00790777123089276
mae: 0.172925735764104 	rmse: 0.235292655009096 
[1] "2022-04-21 15:46:59 HKT"
Epoch 31 	 loss: 1634.08470538734 	 dlt: 0.02170240167317
mae: 0.173153587465196 	rmse: 0.235584119813541 
[1] "2022-04-21 15:47:05 HKT"
Epoch 33 	 loss: 1583.76573542004 	 dlt: 0.0419112565734626
mae: 0.173371160142181 	rmse: 0.235857469702119 
[1] "2022-04-21 15:47:11 HKT"
Epoch 35 	 loss: 1602.87711953323 	 dlt: 0.00824131261599371
mae: 0.174164358169293 	rmse: 0.237354264584286 
[1] "2022-04-21 15:47:17 HKT"
Epoch 37 	 loss: 1562.58899317432 	 dlt: 0.0160157932853917
mae: 0.175000385463529 	rmse: 0.238050161123308 
[1] "2022-04-21 15:47:23 HKT"
Epoch 39 	 loss: 1387.78815134061 	 dlt: 0.0460893419880401
mae: 0.174618348400794 	rmse: 0.237166126772845 
[1] "2022-04-21 15:47:29 HKT"
Epoch 41 	 loss: 1312.44267600498 	 dlt: 0.0312088456601986
mae: 0.174453884015043 	rmse: 0.236497411114843 
[1] "2022-04-21 15:47:35 HKT"
Epoch 43 	 loss: 1273.21388817588 	 dlt: 0.0390770707261292
mae: 0.174363085968742 	rmse: 0.236644256327744 
[1] "2022-04-21 15:47:41 HKT"
Epoch 45 	 loss: 1254.37659825294 	 dlt: 0.00403013891628888
mae: 0.174578945475039 	rmse: 0.236907143108887 
[1] "2022-04-21 15:47:47 HKT"
Epoch 47 	 loss: 1223.46400861041 	 dlt: 0.0138031713031883
mae: 0.175274492773113 	rmse: 0.237556276437189 
[1] "2022-04-21 15:47:53 HKT"
Epoch 49 	 loss: 1209.67316618415 	 dlt: 0.00779489425491316
mae: 0.175399554233112 	rmse: 0.237603147482531 

Attaching package: ‘dplyr’

The following objects are masked from ‘package:stats’:

    filter, lag

The following objects are masked from ‘package:base’:

    intersect, setdiff, setequal, union


> dim = 2

> U <- matrix(rnorm(N * dim), nrow = dim)

> V <- matrix(rnorm(M * dim), nrow = dim)

> par_lpmf(train, t(U), t(V))
[1] 1.527505e-01 5.568127e+05 3.716113e+05

> dim = 2

> U <- matrix(rnorm(N * dim), nrow = dim)

> V <- matrix(rnorm(M * dim), nrow = dim)

> pred_lpmf(test, t(U), t(V))$mae
[1] 0.3611107
[1] 1e-05 1e+00 1e+00
[1] 2
[1] "2022-04-21 15:54:33 HKT"
Epoch 1 	 loss: 11677.6922635171 	 dlt: 0.271638190151373
mae: 0.25370858624032 	rmse: 0.304802057868927 
[1] "2022-04-21 15:54:44 HKT"
Epoch 3 	 loss: 6140.45728966543 	 dlt: 0.200738306128969
mae: 0.183504564743426 	rmse: 0.236122441699824 
[1] "2022-04-21 15:54:54 HKT"
Epoch 5 	 loss: 4793.36500202624 	 dlt: 0.115956788176374
mae: 0.172529993335894 	rmse: 0.225222291208439 
[1] "2022-04-21 15:55:04 HKT"
Epoch 7 	 loss: 4072.31072865796 	 dlt: 0.0708905175122277
mae: 0.169842028531272 	rmse: 0.221856587774473 
[1] "2022-04-21 15:55:15 HKT"
Epoch 9 	 loss: 3622.50765779896 	 dlt: 0.055954122019976
mae: 0.169622742683603 	rmse: 0.222605214126717 
[1] "2022-04-21 15:55:24 HKT"
Epoch 11 	 loss: 3299.14510320284 	 dlt: 0.0430701940548093
mae: 0.170052748525515 	rmse: 0.223978987438325 
[1] "2022-04-21 15:55:34 HKT"
Epoch 13 	 loss: 3049.70872305761 	 dlt: 0.0383430422000984
mae: 0.171630578726317 	rmse: 0.226043571866165 
[1] "2022-04-21 15:55:44 HKT"
Epoch 15 	 loss: 2860.06778108999 	 dlt: 0.0294640520532507
mae: 0.172951433324381 	rmse: 0.228192930039725 
[1] "2022-04-21 15:55:54 HKT"
Epoch 17 	 loss: 2712.31419251096 	 dlt: 0.0211870239538651
mae: 0.173587019648482 	rmse: 0.229337464215514 
[1] "2022-04-21 15:56:04 HKT"
Epoch 19 	 loss: 2593.46250808224 	 dlt: 0.0196162893238541
mae: 0.174260295727652 	rmse: 0.230794070407363 
[1] "2022-04-21 15:56:14 HKT"
Epoch 21 	 loss: 2514.80127015558 	 dlt: 0.0167675065415439
mae: 0.175231663505995 	rmse: 0.231916740140343 
[1] "2022-04-21 15:56:25 HKT"
Epoch 23 	 loss: 2458.97635275411 	 dlt: 0.00924427913595168
mae: 0.175543460570649 	rmse: 0.232464373674512 
[1] "2022-04-21 15:56:35 HKT"
Epoch 25 	 loss: 2406.81256698009 	 dlt: 0.0102196624306345
mae: 0.176040280069272 	rmse: 0.233050746026867 
[1] "2022-04-21 15:56:44 HKT"
Epoch 27 	 loss: 2368.10970840807 	 dlt: 0.00726451040936172
mae: 0.177616397099389 	rmse: 0.235139703862331 
[1] "2022-04-21 15:56:55 HKT"
Epoch 29 	 loss: 2337.90807572255 	 dlt: 0.00997841156594211
mae: 0.177917915139932 	rmse: 0.235805811887879 
[1] "2022-04-21 15:57:05 HKT"
Epoch 31 	 loss: 2311.42265820217 	 dlt: 0.00882016332819016
mae: 0.178467842929789 	rmse: 0.236433414407929 
[1] "2022-04-21 15:57:15 HKT"
Epoch 33 	 loss: 2293.58458174386 	 dlt: 0.00452950849954047
mae: 0.178700834142936 	rmse: 0.236641843170482 
[1] "2022-04-21 15:57:25 HKT"
Epoch 35 	 loss: 2270.7004078939 	 dlt: 0.00454837760944454
mae: 0.179380962904845 	rmse: 0.237456494441446 
[1] "2022-04-21 15:57:34 HKT"
Epoch 37 	 loss: 2260.69116427403 	 dlt: 0.00311149833537069
mae: 0.180213563857711 	rmse: 0.238807406754384 
[1] "2022-04-21 15:57:45 HKT"
Epoch 39 	 loss: 2238.75619055948 	 dlt: 0.00631008385243353
mae: 0.180124478982095 	rmse: 0.238541826290632 
[1] "2022-04-21 15:57:55 HKT"
Epoch 41 	 loss: 2239.47958400279 	 dlt: 5.30877948993831e-05
mae: 0.180307788245381 	rmse: 0.238826137762966 
[1] "2022-04-21 15:58:05 HKT"
Epoch 43 	 loss: 2217.51167556022 	 dlt: 0.00511375714558002
mae: 0.181025606762358 	rmse: 0.239702461797916 
[1] "2022-04-21 15:58:15 HKT"
Epoch 45 	 loss: 2206.08176782703 	 dlt: 0.00258601683572536
mae: 0.180703530673594 	rmse: 0.239525307779635 
[1] "2022-04-21 15:58:25 HKT"
Epoch 47 	 loss: 2198.24515962638 	 dlt: 5.36620230611852e-05
mae: 0.181423062361256 	rmse: 0.240385225938896 
[1] "2022-04-21 15:58:35 HKT"
Epoch 49 	 loss: 2191.90395833197 	 dlt: 0.001418946905562
mae: 0.181275729682354 	rmse: 0.240236309465336 

Attaching package: ‘dplyr’

The following objects are masked from ‘package:stats’:

    filter, lag

The following objects are masked from ‘package:base’:

    intersect, setdiff, setequal, union


> dim = 2

> U <- matrix(rnorm(N * dim), nrow = dim)

> V <- matrix(rnorm(M * dim), nrow = dim)

> par_lpmf(train, t(U), t(V))
[1] 1.537498e-01 5.568108e+05 3.728804e+05

> dim = 2

> U <- matrix(rnorm(N * dim), nrow = dim)

> V <- matrix(rnorm(M * dim), nrow = dim)

> pred_lpmf(test, t(U), t(V))$mae
[1] 0.3599217
[1] 1e-05 1e+00 1e+00
[1] 2
[1] "2022-04-21 16:05:31 HKT"
Epoch 1 	 loss: 15178.0222505129 	 dlt: 0.0533153720068373
mae: 0.313417724121296 	rmse: 0.357785407477723 
[1] "2022-04-21 16:05:34 HKT"
Epoch 3 	 loss: 8306.1200384815 	 dlt: 0.260705453564371
mae: 0.195198667838616 	rmse: 0.251092306008856 
[1] "2022-04-21 16:05:36 HKT"
Epoch 5 	 loss: 5689.52218576614 	 dlt: 0.157726865263736
mae: 0.172480311386031 	rmse: 0.228578409295507 
[1] "2022-04-21 16:05:38 HKT"
Epoch 7 	 loss: 4515.5008088379 	 dlt: 0.10408384119893
mae: 0.166794297882818 	rmse: 0.224148047122053 
[1] "2022-04-21 16:05:40 HKT"
Epoch 9 	 loss: 3746.48958637208 	 dlt: 0.0858537868616775
mae: 0.163736288210254 	rmse: 0.221389345358705 
[1] "2022-04-21 16:05:42 HKT"
Epoch 11 	 loss: 3182.85171051352 	 dlt: 0.0768768778309688
mae: 0.163748280405049 	rmse: 0.221784933449303 
[1] "2022-04-21 16:05:44 HKT"
Epoch 13 	 loss: 2732.95138058127 	 dlt: 0.0694341561727268
mae: 0.164450680385861 	rmse: 0.2231889176196 
[1] "2022-04-21 16:05:46 HKT"
Epoch 15 	 loss: 2412.06694952479 	 dlt: 0.0590448563101644
mae: 0.165440893041739 	rmse: 0.224960134317655 
[1] "2022-04-21 16:05:48 HKT"
Epoch 17 	 loss: 2183.84731885267 	 dlt: 0.0462845087218475
mae: 0.166785732029392 	rmse: 0.227399503749674 
[1] "2022-04-21 16:05:50 HKT"
Epoch 19 	 loss: 2015.19677973843 	 dlt: 0.0380290037795044
mae: 0.168197384673757 	rmse: 0.229437873397127 
[1] "2022-04-21 16:05:52 HKT"
Epoch 21 	 loss: 1894.95827397478 	 dlt: 0.0275136099891986
mae: 0.169024846114568 	rmse: 0.231047136416726 
[1] "2022-04-21 16:05:53 HKT"
Epoch 23 	 loss: 1803.36854320958 	 dlt: 0.0209362158445169
mae: 0.17019836803373 	rmse: 0.232716441283486 
[1] "2022-04-21 16:05:55 HKT"
Epoch 25 	 loss: 1723.02294389872 	 dlt: 0.0203769357963392
mae: 0.171192007030977 	rmse: 0.234199580923943 
[1] "2022-04-21 16:05:57 HKT"
Epoch 27 	 loss: 1661.35069397182 	 dlt: 0.0216016329025223
mae: 0.172151382614527 	rmse: 0.235592603675469 
[1] "2022-04-21 16:05:59 HKT"
Epoch 29 	 loss: 1608.32639086914 	 dlt: 0.0153717268133025
mae: 0.172562543578904 	rmse: 0.236531213705683 
[1] "2022-04-21 16:06:01 HKT"
Epoch 31 	 loss: 1566.13132711519 	 dlt: 0.0110598954414861
mae: 0.173295780632045 	rmse: 0.237615164210024 
[1] "2022-04-21 16:06:03 HKT"
Epoch 33 	 loss: 1531.64687529819 	 dlt: 0.00888668343924763
mae: 0.173746344522177 	rmse: 0.238160484642544 
[1] "2022-04-21 16:06:05 HKT"
Epoch 35 	 loss: 1498.69446340349 	 dlt: 0.00789875065933116
mae: 0.174481294746004 	rmse: 0.239153095977656 
[1] "2022-04-21 16:06:06 HKT"
Epoch 37 	 loss: 1471.69634653972 	 dlt: 0.0112855955697937
mae: 0.174743409860795 	rmse: 0.239576560859807 
[1] "2022-04-21 16:06:08 HKT"
Epoch 39 	 loss: 1454.04889128504 	 dlt: 0.00584358751559022
mae: 0.175334453747088 	rmse: 0.240719160412043 
[1] "2022-04-21 16:06:10 HKT"
Epoch 41 	 loss: 1436.17650654904 	 dlt: 0.00527983206212027
mae: 0.175810715197493 	rmse: 0.241218406210139 
[1] "2022-04-21 16:06:12 HKT"
Epoch 43 	 loss: 1426.25262854969 	 dlt: 0.00104829613256169
mae: 0.176764951268988 	rmse: 0.242176478288829 
[1] "2022-04-21 16:06:14 HKT"
Epoch 45 	 loss: 1405.33685708463 	 dlt: 0.00660876676951374
mae: 0.176836904437754 	rmse: 0.242237779041417 
[1] "2022-04-21 16:06:16 HKT"
Epoch 47 	 loss: 1390.84416559671 	 dlt: 0.00258160173636661
mae: 0.17709045369912 	rmse: 0.242707237106175 
[1] "2022-04-21 16:06:18 HKT"
Epoch 49 	 loss: 1371.58577048315 	 dlt: 0.00320602421860071
mae: 0.177364561008706 	rmse: 0.24280133338866 

Attaching package: ‘dplyr’

The following objects are masked from ‘package:stats’:

    filter, lag

The following objects are masked from ‘package:base’:

    intersect, setdiff, setequal, union


> dim = 2

> U <- matrix(rnorm(N * dim), nrow = dim)

> V <- matrix(rnorm(M * dim), nrow = dim)

> par_lpmf(train, t(U), t(V))
[1] 1.528729e-01 5.576808e+05 3.722511e+05

> dim = 2

> U <- matrix(rnorm(N * dim), nrow = dim)

> V <- matrix(rnorm(M * dim), nrow = dim)

> pred_lpmf(test, t(U), t(V))$mae
[1] 0.3056917
[1] 3e-05 1e+00 1e+00
[1] 2
Error in readChar(con, 5L, useBytes = TRUE) : cannot open the connection
Calls: load -> readChar
In addition: Warning message:
In readChar(con, 5L, useBytes = TRUE) :
  cannot open compressed file '/home/mathxuxin/nPMF/lpmf/result/mm-2.Rda', probable reason 'No such file or directory'
Execution halted

Attaching package: ‘dplyr’

The following objects are masked from ‘package:stats’:

    filter, lag

The following objects are masked from ‘package:base’:

    intersect, setdiff, setequal, union


> dim = 2

> U <- matrix(rnorm(N * dim), nrow = dim)

> V <- matrix(rnorm(M * dim), nrow = dim)

> par_lpmf(train, t(U), t(V))
[1] 1.520688e-01 5.589372e+05 3.712443e+05

> dim = 2

> U <- matrix(rnorm(N * dim), nrow = dim)

> V <- matrix(rnorm(M * dim), nrow = dim)

> pred_lpmf(test, t(U), t(V))$mae
[1] 0.3078396
[1] 3e-05 1e+00 1e+00
[1] 2
[1] "2022-04-21 16:20:38 HKT"
Epoch 1 	 loss: 3407.0621742362 	 dlt: 0.0124858892335401
mae: 0.150368417355762 	rmse: 0.205172725603007 
[1] "2022-04-21 16:20:40 HKT"
Epoch 3 	 loss: 3335.45730930588 	 dlt: 0.0091033009655807
mae: 0.149986380293026 	rmse: 0.204529796902425 
[1] "2022-04-21 16:20:43 HKT"
Epoch 5 	 loss: 3286.53768713598 	 dlt: 0.00862665636641628
mae: 0.150202239799325 	rmse: 0.204740209047243 
[1] "2022-04-21 16:20:45 HKT"
Epoch 7 	 loss: 3223.79767953318 	 dlt: 0.00961721104003311
mae: 0.14989181327122 	rmse: 0.204653819274599 
[1] "2022-04-21 16:20:47 HKT"
Epoch 9 	 loss: 3180.39721508014 	 dlt: 0.00660171869996907
mae: 0.149930530928699 	rmse: 0.204702737659914 
[1] "2022-04-21 16:20:51 HKT"
Epoch 11 	 loss: 3162.21026390841 	 dlt: 0.00360000165921487
mae: 0.149966164878945 	rmse: 0.204703202607488 
[1] "2022-04-21 16:20:53 HKT"
Epoch 13 	 loss: 3120.21159564769 	 dlt: 0.0055202190688595
mae: 0.149921622441137 	rmse: 0.204765960838309 
[1] "2022-04-21 16:20:56 HKT"
Epoch 15 	 loss: 3088.30285474367 	 dlt: 0.00287815683779935
mae: 0.15012446185023 	rmse: 0.204918545800045 
[1] "2022-04-21 16:21:00 HKT"
Epoch 17 	 loss: 3070.81236594744 	 dlt: 0.00462786748244687
mae: 0.150013448389848 	rmse: 0.204856484753959 
[1] "2022-04-21 16:21:02 HKT"
Epoch 19 	 loss: 3029.26504811177 	 dlt: 0.00708172476067174
mae: 0.150089855802396 	rmse: 0.205088467140381 
[1] "2022-04-21 16:21:05 HKT"
Epoch 21 	 loss: 2989.68103881618 	 dlt: 0.0068689064549392
mae: 0.150300575796638 	rmse: 0.205256300306531 
[1] "2022-04-21 16:21:07 HKT"
Epoch 23 	 loss: 2957.13496391036 	 dlt: 0.0050646038742776
mae: 0.15022896526201 	rmse: 0.205280225531146 
[1] "2022-04-21 16:21:09 HKT"
Epoch 25 	 loss: 2917.22302373044 	 dlt: 0.00772399221847161
mae: 0.15033004233242 	rmse: 0.205541830053522 
[1] "2022-04-21 16:21:12 HKT"
Epoch 27 	 loss: 2889.45869742099 	 dlt: 0.00607939566808977
mae: 0.150622309251265 	rmse: 0.205843147368133 
[1] "2022-04-21 16:21:16 HKT"
Epoch 29 	 loss: 2868.73861392345 	 dlt: 0.000931908546273878
mae: 0.150488339303705 	rmse: 0.205765916722374 
[1] "2022-04-21 16:21:19 HKT"
Epoch 31 	 loss: 2846.12317128858 	 dlt: 0.00416720205024305
mae: 0.150412274525295 	rmse: 0.205768414454236 
[1] "2022-04-21 16:21:21 HKT"
Epoch 33 	 loss: 2815.24356113315 	 dlt: 0.00487166932721551
mae: 0.150581193154827 	rmse: 0.205935601045773 
[1] "2022-04-21 16:21:26 HKT"
Epoch 35 	 loss: 2811.74531308448 	 dlt: 0.00099871515590719
mae: 0.15056269091143 	rmse: 0.20592238271337 
[1] "2022-04-21 16:21:30 HKT"
Epoch 37 	 loss: 2802.6693935955 	 dlt: 0.00188820750214512
mae: 0.150600380666498 	rmse: 0.205987264570012 
[1] "2022-04-21 16:21:34 HKT"
Epoch 39 	 loss: 2786.79554737227 	 dlt: 0.00128518490163059
mae: 0.15061716973921 	rmse: 0.206067552988055 
[1] "2022-04-21 16:21:39 HKT"
Epoch 41 	 loss: 2785.49337740716 	 dlt: 6.97071904262462e-05
mae: 0.150618197641621 	rmse: 0.206062379993883 
[1] "2022-04-21 16:21:44 HKT"
Epoch 43 	 loss: 2781.96207897255 	 dlt: 0.000643181742910977
mae: 0.150654859494278 	rmse: 0.206082609357049 
[1] "2022-04-21 16:21:48 HKT"
Epoch 45 	 loss: 2775.46051713633 	 dlt: 0.00212997042262364
mae: 0.150677473347319 	rmse: 0.206092584750286 
[1] "2022-04-21 16:21:52 HKT"
Epoch 47 	 loss: 2765.47079832991 	 dlt: 0.00268056656590251
mae: 0.150697688761401 	rmse: 0.206120938092594 
[1] "2022-04-21 16:21:56 HKT"
Epoch 49 	 loss: 2760.14499131539 	 dlt: 0.000602198901578384
mae: 0.150719617346168 	rmse: 0.206130819285605 
[1] "2022-04-21 16:21:59 HKT"
Epoch 51 	 loss: 2746.09559015306 	 dlt: 0.00298376074955472
mae: 0.150781976759099 	rmse: 0.206286639400783 
[1] "2022-04-21 16:22:05 HKT"
Epoch 53 	 loss: 2743.76208496856 	 dlt: 0.000216442883172446
mae: 0.15073537851647 	rmse: 0.206220097938708 
[1] "2022-04-21 16:22:09 HKT"
Epoch 55 	 loss: 2740.39354367476 	 dlt: 0.000300342203000291
mae: 0.150818638611756 	rmse: 0.206284701603429 
[1] "2022-04-21 16:22:13 HKT"
Epoch 57 	 loss: 2729.85338982618 	 dlt: 0.00169826530141667
mae: 0.150879627488139 	rmse: 0.206389224395112 
[1] "2022-04-21 16:22:17 HKT"
Epoch 59 	 loss: 2726.53282296874 	 dlt: 0.000307918961863985
mae: 0.150872432171262 	rmse: 0.206390423378585 
[1] "2022-04-21 16:22:21 HKT"
Epoch 61 	 loss: 2723.6889597302 	 dlt: 0.000555916490612355
mae: 0.150862153147153 	rmse: 0.206381384716123 
[1] "2022-04-21 16:22:25 HKT"
Epoch 63 	 loss: 2718.39200530431 	 dlt: 0.000691031993960478
mae: 0.150867635293345 	rmse: 0.206395864831424 
