
Attaching package: ‘dplyr’

The following objects are masked from ‘package:stats’:

    filter, lag

The following objects are masked from ‘package:base’:

    intersect, setdiff, setequal, union


> dim = 2

> a <- max(FU[2, ])

> b <- max(FV[2, ])

> U <- matrix(0, nrow = dim, ncol = N)

> V <- matrix(0, nrow = dim, ncol = M)

> WU <- matrix(0, nrow = 1 + a, ncol = dim)

> WV <- matrix(0, nrow = 1 + b, ncol = dim)

> aaa <- grad_ws_lpmf(train, t(U), t(V), t(FU), t(FV), 
+     t(WU), t(WV), 1, 1, 0.1, 0.1, 30000, nrow(train))
[1] 1e-05 1e+00 1e+00 1e+02 1e+02
[1] 16
Error in lpmf_mm(train, dim, init, FU, FV, verbose = TRUE, batch = 30000,  : 
  could not find function "lpmf_mm"
Execution halted

Attaching package: ‘dplyr’

The following objects are masked from ‘package:stats’:

    filter, lag

The following objects are masked from ‘package:base’:

    intersect, setdiff, setequal, union


> dim = 2

> a <- max(FU[2, ])

> b <- max(FV[2, ])

> U <- matrix(0, nrow = dim, ncol = N)

> V <- matrix(0, nrow = dim, ncol = M)

> WU <- matrix(0, nrow = 1 + a, ncol = dim)

> WV <- matrix(0, nrow = 1 + b, ncol = dim)

> aaa <- grad_ws_lpmf(train, t(U), t(V), t(FU), t(FV), 
+     t(WU), t(WV), 1, 1, 0.1, 0.1, 30000, nrow(train))
[1] 1e-05 1e+00 1e+00 1e+02 1e+02
[1] 16
[1] "2022-04-26 11:14:27 HKT"
Epoch 1 	 loss: 2.66371526385028e+22 	 dlt: 1661414281793267456
mae: 0.253355673079187 	rmse: 0.322920212438501 
[1] "2022-04-26 11:14:53 HKT"
Epoch 3 	 loss: 5.29871263527203e+72 	 dlt: 1.41039674109631e+25
mae: 0.253355673079187 	rmse: 0.322920212438501 

Execution halted

Attaching package: ‘dplyr’

The following objects are masked from ‘package:stats’:

    filter, lag

The following objects are masked from ‘package:base’:

    intersect, setdiff, setequal, union


> dim = 2

> a <- max(FU[2, ])

> b <- max(FV[2, ])

> U <- matrix(0, nrow = dim, ncol = N)

> V <- matrix(0, nrow = dim, ncol = M)

> WU <- matrix(0, nrow = 1 + a, ncol = dim)

> WV <- matrix(0, nrow = 1 + b, ncol = dim)

> aaa <- grad_ws_lpmf(train, t(U), t(V), t(FU), t(FV), 
+     t(WU), t(WV), 1, 1, 0.1, 0.1, 30000, nrow(train))
[1] 1e-08 1e+00 1e+00 1e+03 1e+03
[1] 16
[1] "2022-04-26 11:15:59 HKT"
Epoch 1 	 loss: 11229.253632246 	 dlt: 0.2996082347208
mae: 0.32215318144363 	rmse: 0.366578471896805 
[1] "2022-04-26 11:16:29 HKT"
Epoch 3 	 loss: 5148.76543146183 	 dlt: 0.263152597489498
mae: 0.315081212856346 	rmse: 0.359435945263229 
[1] "2022-04-26 11:16:55 HKT"
Epoch 5 	 loss: 3296.82088797165 	 dlt: 0.193932554266117
mae: 0.309535679349309 	rmse: 0.353771071761609 
[1] "2022-04-26 11:17:21 HKT"
Epoch 7 	 loss: 2594.96760277907 	 dlt: 0.061978150407663
mae: 0.305007769229104 	rmse: 0.349276298524382 
[1] "2022-04-26 11:17:46 HKT"
Epoch 9 	 loss: 2315.52221680023 	 dlt: 0.0504201999939549
mae: 0.299147012316047 	rmse: 0.343438346916903 
[1] "2022-04-26 11:18:12 HKT"
Epoch 11 	 loss: 2110.42374390853 	 dlt: 0.0476529620249198
mae: 0.292941908095329 	rmse: 0.337160570714979 
[1] "2022-04-26 11:18:37 HKT"
Epoch 13 	 loss: 1957.03377371287 	 dlt: 0.0324789326321886
mae: 0.286959516063646 	rmse: 0.330989182540112 
[1] "2022-04-26 11:19:03 HKT"
Epoch 15 	 loss: 1862.60667070561 	 dlt: 0.0234192470121803
mae: 0.279668261628696 	rmse: 0.323517678674052 
[1] "2022-04-26 11:19:28 HKT"
Epoch 17 	 loss: 1812.6438096251 	 dlt: 0.0149971727343281
mae: 0.273521405211264 	rmse: 0.317048448790009 
[1] "2022-04-26 11:19:53 HKT"
Epoch 19 	 loss: 1749.80469532566 	 dlt: 0.0153898672584078
mae: 0.267713756589442 	rmse: 0.310715949835166 
[1] "2022-04-26 11:20:18 HKT"
Epoch 21 	 loss: 1663.06758075411 	 dlt: 0.0251931124785076
mae: 0.263908804498274 	rmse: 0.306443226541715 
[1] "2022-04-26 11:20:44 HKT"
Epoch 23 	 loss: 1585.13103006261 	 dlt: 0.0238790893649244
mae: 0.260975856285722 	rmse: 0.303076645945168 
[1] "2022-04-26 11:21:09 HKT"
Epoch 25 	 loss: 1506.3828786541 	 dlt: 0.0231416692406827
mae: 0.256799146155931 	rmse: 0.298376811577699 
[1] "2022-04-26 11:21:35 HKT"
Epoch 27 	 loss: 1450.86644549657 	 dlt: 0.0161240269920408
mae: 0.253177503328046 	rmse: 0.294176912314676 
[1] "2022-04-26 11:22:00 HKT"
Epoch 29 	 loss: 1392.87042691815 	 dlt: 0.0190799181409514
mae: 0.249972160976586 	rmse: 0.290336410194917 
[1] "2022-04-26 11:22:25 HKT"
Epoch 31 	 loss: 1364.18983732864 	 dlt: 0.00252269761774032
mae: 0.248687282962906 	rmse: 0.288815305425858 
[1] "2022-04-26 11:22:51 HKT"
Epoch 33 	 loss: 1320.21218571164 	 dlt: 0.01621735750043
mae: 0.247354436170048 	rmse: 0.287109844465293 
[1] "2022-04-26 11:23:16 HKT"
Epoch 35 	 loss: 1297.85571048464 	 dlt: 0.00704821490393309
mae: 0.246006170841027 	rmse: 0.285410532728131 
[1] "2022-04-26 11:23:41 HKT"
Epoch 37 	 loss: 1284.70753185892 	 dlt: 0.00350205480837662
mae: 0.244889183554468 	rmse: 0.284024596757584 
[1] "2022-04-26 11:24:06 HKT"
Epoch 39 	 loss: 1270.80691357121 	 dlt: 0.00414602745437106
mae: 0.24411140406352 	rmse: 0.28307333528586 
[1] "2022-04-26 11:24:31 HKT"
Epoch 41 	 loss: 1250.86319389173 	 dlt: 0.014398032208469
mae: 0.242571263617789 	rmse: 0.281157433562914 
[1] "2022-04-26 11:24:57 HKT"
Epoch 43 	 loss: 1237.63137308437 	 dlt: 0.00533863618416047
mae: 0.242233768992862 	rmse: 0.28073024097788 
[1] "2022-04-26 11:25:22 HKT"
Epoch 45 	 loss: 1227.42924640591 	 dlt: 0.00334327613124922
mae: 0.242045320217522 	rmse: 0.280483318089186 
[1] "2022-04-26 11:25:47 HKT"
Epoch 47 	 loss: 1208.09015415894 	 dlt: 0.00661736450640436
mae: 0.24135319926082 	rmse: 0.27956835181979 
[1] "2022-04-26 11:26:13 HKT"
Epoch 49 	 loss: 1193.75308357149 	 dlt: 0.011756393436202
mae: 0.241003712441099 	rmse: 0.279119291719587 
[1] "2022-04-26 11:26:38 HKT"
Epoch 51 	 loss: 1166.5273944794 	 dlt: 0.0086874072889135
mae: 0.240844387567402 	rmse: 0.278923837531153 
[1] "2022-04-26 11:27:03 HKT"
Epoch 53 	 loss: 1137.51710454082 	 dlt: 0.0136645452972565
mae: 0.240681636352336 	rmse: 0.278702293678206 
[1] "2022-04-26 11:27:29 HKT"
Epoch 55 	 loss: 1090.50617957754 	 dlt: 0.0161344134093839
mae: 0.240513745625215 	rmse: 0.278470662087104 
[1] "2022-04-26 11:27:53 HKT"
Epoch 57 	 loss: 1052.93456041906 	 dlt: 0.0191005986035835
mae: 0.240309878313712 	rmse: 0.278183075258615 
[1] "2022-04-26 11:28:19 HKT"
Epoch 59 	 loss: 1007.71075971533 	 dlt: 0.0217191223874094
mae: 0.240196809048508 	rmse: 0.278016063274694 
[1] "2022-04-26 11:28:43 HKT"
Epoch 61 	 loss: 963.599763289014 	 dlt: 0.0250225945216765
mae: 0.2401522666107 	rmse: 0.277957174477377 
[1] "2022-04-26 11:29:09 HKT"
Epoch 63 	 loss: 924.707531514373 	 dlt: 0.0160957469802935
mae: 0.23997752320084 	rmse: 0.277729719182807 
[1] "2022-04-26 11:29:34 HKT"
Epoch 65 	 loss: 889.51523499706 	 dlt: 0.0175970508033825
mae: 0.239751384670432 	rmse: 0.277427298927557 
[1] "2022-04-26 11:30:00 HKT"
Epoch 67 	 loss: 861.771131373847 	 dlt: 0.0156245115522994
mae: 0.239672578818927 	rmse: 0.277315436535701 
[1] "2022-04-26 11:30:25 HKT"
Epoch 69 	 loss: 844.570339050992 	 dlt: 0.00874188110353189
mae: 0.239665726136187 	rmse: 0.277304453746131 
[1] "2022-04-26 11:30:50 HKT"
Epoch 71 	 loss: 826.782991838548 	 dlt: 0.00653156094277065
mae: 0.239638315405229 	rmse: 0.277258458589571 
[1] "2022-04-26 11:31:15 HKT"
Epoch 73 	 loss: 812.03559214572 	 dlt: 0.00142745523446769
mae: 0.239628036381119 	rmse: 0.277243354038178 
[1] "2022-04-26 11:31:40 HKT"
Epoch 75 	 loss: 795.350438115274 	 dlt: 0.00966676145597099
mae: 0.239598912479476 	rmse: 0.277203872346747 
[1] "2022-04-26 11:32:05 HKT"
Epoch 77 	 loss: 789.605664368601 	 dlt: 0.00187020092451279
mae: 0.239544091017559 	rmse: 0.277140689941301 
[1] "2022-04-26 11:32:30 HKT"
Epoch 79 	 loss: 785.612901999106 	 dlt: 0.00182174105859654
mae: 0.239514967115915 	rmse: 0.27711012371725 
[1] "2022-04-26 11:32:54 HKT"
Epoch 81 	 loss: 781.070826803916 	 dlt: 9.79524076765198e-05
mae: 0.239502974921121 	rmse: 0.27708917188586 
[1] "2022-04-26 11:33:19 HKT"
Epoch 83 	 loss: 775.689388748427 	 dlt: 0.00416978525551296
mae: 0.239492695897012 	rmse: 0.277081615098924 
[1] "2022-04-26 11:33:44 HKT"
Epoch 85 	 loss: 773.811266449897 	 dlt: 0.000672418086186396
mae: 0.239484130043587 	rmse: 0.277068905492462 
[1] "2022-04-26 11:34:09 HKT"
Epoch 87 	 loss: 766.911224411811 	 dlt: 0.00293807906137404
mae: 0.239482416872902 	rmse: 0.27706581387841 
[1] "2022-04-26 11:34:34 HKT"
Epoch 89 	 loss: 764.108172227641 	 dlt: 0.00187063024589764
mae: 0.239461858824683 	rmse: 0.277033521625206 
[1] "2022-04-26 11:34:58 HKT"
Epoch 91 	 loss: 759.626448042312 	 dlt: 0.0056845360463401
mae: 0.239461858824683 	rmse: 0.277033521625206 
[1] "2022-04-26 11:35:23 HKT"
Epoch 93 	 loss: 764.168016372863 	 dlt: 0.00255773763108837
mae: 0.239449866629889 	rmse: 0.277020809812233 
[1] "2022-04-26 11:35:49 HKT"
Epoch 95 	 loss: 760.707637294112 	 dlt: 0.00159381133278329
mae: 0.239437874435095 	rmse: 0.277008097415919 
[1] "2022-04-26 11:36:14 HKT"
Epoch 97 	 loss: 753.857777436473 	 dlt: 0.00135466416519262
mae: 0.239437874435095 	rmse: 0.277005348712982 
[1] "2022-04-26 11:36:40 HKT"
Epoch 99 	 loss: 749.679491059705 	 dlt: 0.00546014299832692
mae: 0.239437874435095 	rmse: 0.277005348712982 
[1] "2022-04-26 11:37:05 HKT"
Epoch 101 	 loss: 744.322945966305 	 dlt: 0.00346370780286809
mae: 0.239420742728246 	rmse: 0.276989543141755 
[1] "2022-04-26 11:37:30 HKT"
Epoch 103 	 loss: 742.365732270751 	 dlt: 3.98320388025161e-05
mae: 0.239415603216191 	rmse: 0.27698164001792 
[1] "2022-04-26 11:37:55 HKT"
Epoch 105 	 loss: 742.455334028023 	 dlt: 0.00139105170264952
mae: 0.239419029557561 	rmse: 0.276983014490437 
[1] "2022-04-26 11:38:19 HKT"
Epoch 107 	 loss: 741.294827930546 	 dlt: 0.00100432653176557
mae: 0.239415603216191 	rmse: 0.276979578296355 
[1] "2022-04-26 11:38:45 HKT"
Epoch 109 	 loss: 739.859877533769 	 dlt: 0.000610809485403923
mae: 0.239415603216191 	rmse: 0.276979578296355 
[1] "2022-04-26 11:39:11 HKT"
Epoch 111 	 loss: 740.568022066132 	 dlt: 0.000918915499653731
mae: 0.239412176874821 	rmse: 0.276974767553021 
[1] "2022-04-26 11:39:36 HKT"
Epoch 113 	 loss: 733.647821816578 	 dlt: 0.00342512639067836
mae: 0.239405324192082 	rmse: 0.276964458535929 
[1] "2022-04-26 11:40:01 HKT"
Epoch 115 	 loss: 735.325075316138 	 dlt: 0.00256440222675985
mae: 0.239407037362766 	rmse: 0.276964802176014 
[1] "2022-04-26 11:40:25 HKT"
Epoch 117 	 loss: 735.455487017965 	 dlt: 0.000789054081515828
mae: 0.239400184680027 	rmse: 0.276955180092458 
[1] "2022-04-26 11:40:50 HKT"
Epoch 119 	 loss: 733.557153927015 	 dlt: 0.00308135020512307
mae: 0.239396758338657 	rmse: 0.276947619649425 
[1] "2022-04-26 11:41:15 HKT"
Epoch 121 	 loss: 730.706492070241 	 dlt: 0.00166047325323002
mae: 0.239396758338657 	rmse: 0.276947619649425 
[1] "2022-04-26 11:41:40 HKT"
Epoch 123 	 loss: 732.268519777106 	 dlt: 0.0018433532846605
mae: 0.239391618826602 	rmse: 0.276940402670354 
[1] "2022-04-26 11:42:05 HKT"
Epoch 125 	 loss: 729.935389228685 	 dlt: 0.00360951751936538
mae: 0.239391618826602 	rmse: 0.276940402670354 
[1] "2022-04-26 11:42:29 HKT"
Epoch 127 	 loss: 725.936153744757 	 dlt: 0.00466257845146285
mae: 0.239391618826602 	rmse: 0.276940402670354 
[1] "2022-04-26 11:42:54 HKT"
Epoch 129 	 loss: 722.688891173672 	 dlt: 0.00124160818050046
mae: 0.239391618826602 	rmse: 0.276940402670354 
[1] "2022-04-26 11:43:18 HKT"
Epoch 131 	 loss: 721.301065086032 	 dlt: 0.000816697038719541
mae: 0.239384766143863 	rmse: 0.276932154463974 
[1] "2022-04-26 11:43:43 HKT"
Epoch 133 	 loss: 722.663056630345 	 dlt: 0.000960213625447828
mae: 0.239383052973178 	rmse: 0.276929061323244 
[1] "2022-04-26 11:44:09 HKT"
Epoch 135 	 loss: 721.721269888952 	 dlt: 0.00260530510298716
mae: 0.239376200290438 	rmse: 0.276919437997805 
[1] "2022-04-26 11:44:33 HKT"
Epoch 137 	 loss: 718.722992838715 	 dlt: 0.000348700674873081
mae: 0.239372773949068 	rmse: 0.276914626209674 
[1] "2022-04-26 11:44:58 HKT"
Epoch 139 	 loss: 723.607071451159 	 dlt: 0.00381675864469593
mae: 0.239371060778383 	rmse: 0.276912220284254 
[1] "2022-04-26 11:45:23 HKT"
Epoch 141 	 loss: 722.647971891292 	 dlt: 0.00146496780827423
mae: 0.239371060778383 	rmse: 0.276912220284254 
[1] "2022-04-26 11:45:48 HKT"
Epoch 143 	 loss: 724.079019274725 	 dlt: 0.00053834369771718
mae: 0.239372773949068 	rmse: 0.276912563989165 
[1] "2022-04-26 11:46:14 HKT"
Epoch 145 	 loss: 717.994248682853 	 dlt: 0.00593461982079571
mae: 0.239374487119753 	rmse: 0.27691290769365 
[1] "2022-04-26 11:46:39 HKT"
Epoch 147 	 loss: 712.527040347033 	 dlt: 0.00683466305164401
mae: 0.239371060778383 	rmse: 0.276908783211678 
[1] "2022-04-26 11:47:04 HKT"
Epoch 149 	 loss: 715.634551266683 	 dlt: 0.00378586026411541
mae: 0.239362494924959 	rmse: 0.276897440569478 
[1] "2022-04-26 11:47:28 HKT"
Epoch 151 	 loss: 713.188080823267 	 dlt: 0.000419718769826207
mae: 0.239362494924959 	rmse: 0.276897440569478 
[1] "2022-04-26 11:47:52 HKT"
Epoch 153 	 loss: 711.91815035199 	 dlt: 0.00112564685524668
mae: 0.239359068583589 	rmse: 0.276893315857114 
[1] "2022-04-26 11:48:18 HKT"
Epoch 155 	 loss: 716.804104717853 	 dlt: 0.00624483363172635
mae: 0.239352215900849 	rmse: 0.276883691289311 
[1] "2022-04-26 11:48:44 HKT"
Epoch 157 	 loss: 712.426694203196 	 dlt: 0.000857206867383083
mae: 0.239352215900849 	rmse: 0.276883691289311 
[1] "2022-04-26 11:49:09 HKT"
Epoch 159 	 loss: 708.063177797769 	 dlt: 0.00224525055466121
mae: 0.239352215900849 	rmse: 0.276883691289311 
[1] "2022-04-26 11:49:34 HKT"
Epoch 161 	 loss: 706.463049542198 	 dlt: 0.000510815200909179
mae: 0.239352215900849 	rmse: 0.276883691289311 
[1] "2022-04-26 11:49:59 HKT"
Epoch 163 	 loss: 704.891816971258 	 dlt: 0.000268156411855379
mae: 0.239352215900849 	rmse: 0.276883691289311 
[1] "2022-04-26 11:50:24 HKT"
Epoch 165 	 loss: 703.499471858652 	 dlt: 0.000779144461500071
mae: 0.239350502730164 	rmse: 0.276881285095086 
[1] "2022-04-26 11:50:48 HKT"
Epoch 167 	 loss: 704.841518445953 	 dlt: 0.00385535116414379
mae: 0.239350502730164 	rmse: 0.276881285095086 
[1] "2022-04-26 11:51:13 HKT"
Epoch 169 	 loss: 700.682326100976 	 dlt: 0.00369872612890769
mae: 0.239347076388795 	rmse: 0.27687716014205 
[1] "2022-04-26 11:51:38 HKT"
Epoch 171 	 loss: 700.522446852228 	 dlt: 0.00130938628393115
mae: 0.239347076388795 	rmse: 0.27687716014205 
[1] "2022-04-26 11:52:03 HKT"
Epoch 173 	 loss: 696.451536144611 	 dlt: 0.00479210804020496
mae: 0.23934536321811 	rmse: 0.27687681639319 
[1] "2022-04-26 11:52:28 HKT"
Epoch 175 	 loss: 698.214889900588 	 dlt: 0.0015942041456277
mae: 0.239340223706055 	rmse: 0.276872347619169 
[1] "2022-04-26 11:52:53 HKT"
Epoch 177 	 loss: 697.110106449508 	 dlt: 0.00111199307697207
mae: 0.239340223706055 	rmse: 0.276869597568536 
[1] "2022-04-26 11:53:19 HKT"
Epoch 179 	 loss: 696.675590804744 	 dlt: 0.00499364630357204
mae: 0.239340223706055 	rmse: 0.276869597568536 
[1] "2022-04-26 11:53:44 HKT"
Epoch 181 	 loss: 703.628124775734 	 dlt: 0.00781907945787412
mae: 0.239340223706055 	rmse: 0.276869597568536 
[1] "2022-04-26 11:54:09 HKT"
Epoch 183 	 loss: 698.967750169195 	 dlt: 0.00208263430840739
mae: 0.239340223706055 	rmse: 0.276869597568536 
[1] "2022-04-26 11:54:34 HKT"
Epoch 185 	 loss: 699.771735416625 	 dlt: 0.00458795202161127
mae: 0.239340223706055 	rmse: 0.276869597568536 
[1] "2022-04-26 11:54:59 HKT"
Epoch 187 	 loss: 700.608799574999 	 dlt: 0.0049875299977061
mae: 0.23933851053537 	rmse: 0.276866503728924 
[1] "2022-04-26 11:55:24 HKT"
Epoch 189 	 loss: 706.989258907476 	 dlt: 0.00848915507329226
mae: 0.239335084194 	rmse: 0.276864441149976 
[1] "2022-04-26 11:55:49 HKT"
Epoch 191 	 loss: 700.651160208066 	 dlt: 0.0024194531693138
mae: 0.239335084194 	rmse: 0.276864441149976 
[1] "2022-04-26 11:56:14 HKT"
Epoch 193 	 loss: 702.513921954517 	 dlt: 0.00295532808879868
mae: 0.239335084194 	rmse: 0.276864441149976 
[1] "2022-04-26 11:56:38 HKT"
Epoch 195 	 loss: 697.391571240202 	 dlt: 0.000227945024588286
mae: 0.239335084194 	rmse: 0.276864441149976 
[1] "2022-04-26 11:57:03 HKT"
Epoch 197 	 loss: 696.353591101706 	 dlt: 0.00326632591188544
mae: 0.239333371023315 	rmse: 0.276861347252742 
[1] "2022-04-26 11:57:28 HKT"
Epoch 199 	 loss: 695.76315316404 	 dlt: 0.00272730180652507
mae: 0.239333371023315 	rmse: 0.276861347252742 
[1] "2022-04-26 11:57:53 HKT"
Epoch 201 	 loss: 697.28743589904 	 dlt: 0.000330918297305146
mae: 0.239333371023315 	rmse: 0.276861347252742 
[1] "2022-04-26 11:58:18 HKT"
Epoch 203 	 loss: 695.971968833171 	 dlt: 0.00230887438500074
mae: 0.239333371023315 	rmse: 0.276861347252742 
[1] "2022-04-26 11:58:43 HKT"
Epoch 205 	 loss: 696.295866057007 	 dlt: 0.00468278627880763
mae: 0.239333371023315 	rmse: 0.276861347252742 
[1] "2022-04-26 11:59:08 HKT"
Epoch 207 	 loss: 696.832829557899 	 dlt: 0.000479843803730019
mae: 0.239333371023315 	rmse: 0.276861347252742 
[1] "2022-04-26 11:59:34 HKT"
Epoch 209 	 loss: 698.719720304593 	 dlt: 0.00533383936481977
mae: 0.239324805169891 	rmse: 0.276844502094562 
[1] "2022-04-26 11:59:58 HKT"
Epoch 211 	 loss: 694.589662222015 	 dlt: 0.00164643955557678
mae: 0.239324805169891 	rmse: 0.276844502094562 
[1] "2022-04-26 12:00:23 HKT"
Epoch 213 	 loss: 691.452754489603 	 dlt: 3.43680530842268e-05
mae: 0.239321378828521 	rmse: 0.276841751767321 
[1] "2022-04-26 12:00:49 HKT"
Epoch 215 	 loss: 689.227351221555 	 dlt: 0.000516499198870845
mae: 0.239321378828521 	rmse: 0.276841751767321 
[1] "2022-04-26 12:01:13 HKT"
Epoch 217 	 loss: 688.796934705502 	 dlt: 0.000470920672745853
mae: 0.239316239316466 	rmse: 0.276833156818581 
[1] "2022-04-26 12:01:38 HKT"
Epoch 219 	 loss: 689.688357427857 	 dlt: 0.00630585938367301
mae: 0.239316239316466 	rmse: 0.276833156818581 
[1] "2022-04-26 12:02:02 HKT"
Epoch 221 	 loss: 692.537961613881 	 dlt: 0.00168730674707246
mae: 0.239311099804411 	rmse: 0.276825936855411 
[1] "2022-04-26 12:02:27 HKT"
Epoch 223 	 loss: 689.11694574453 	 dlt: 0.000658197649635254
mae: 0.239309386633727 	rmse: 0.276823530159176 
[1] "2022-04-26 12:02:52 HKT"
Epoch 225 	 loss: 688.257140991039 	 dlt: 0.00550156037963512
mae: 0.239309386633727 	rmse: 0.276823530159176 
[1] "2022-04-26 12:03:16 HKT"
Epoch 227 	 loss: 684.720620409471 	 dlt: 0.000652827620674117
mae: 0.239311099804411 	rmse: 0.276825249230051 
[1] "2022-04-26 12:03:42 HKT"
Epoch 229 	 loss: 684.623818872231 	 dlt: 0.000467900688386881
mae: 0.239309386633727 	rmse: 0.276822154894789 
[1] "2022-04-26 12:04:08 HKT"
Epoch 231 	 loss: 684.525536379571 	 dlt: 0.00149901543943471
mae: 0.239309386633727 	rmse: 0.276822154894789 
[1] "2022-04-26 12:04:34 HKT"
Epoch 233 	 loss: 684.466502959327 	 dlt: 0.00183949783026217
mae: 0.239309386633727 	rmse: 0.276822154894789 
[1] "2022-04-26 12:04:59 HKT"
Epoch 235 	 loss: 683.708230942386 	 dlt: 0.00438363995626228
mae: 0.239309386633727 	rmse: 0.276822154894789 
[1] "2022-04-26 12:05:24 HKT"
Epoch 237 	 loss: 683.172616999733 	 dlt: 0.0024678543003941
mae: 0.239309386633727 	rmse: 0.276822154894789 
[1] "2022-04-26 12:05:48 HKT"
Epoch 239 	 loss: 684.767671800416 	 dlt: 0.00205183412876698
mae: 0.239309386633727 	rmse: 0.276822154894789 
[1] "2022-04-26 12:06:14 HKT"
Epoch 241 	 loss: 683.446831236516 	 dlt: 0.00706168642844812
mae: 0.239309386633727 	rmse: 0.276822154894789 
[1] "2022-04-26 12:06:39 HKT"
Epoch 243 	 loss: 684.600359650491 	 dlt: 0.000343795667359003
mae: 0.239309386633727 	rmse: 0.276822154894789 
[1] "2022-04-26 12:07:04 HKT"
Epoch 245 	 loss: 685.543933813662 	 dlt: 0.00147644920277658
mae: 0.239309386633727 	rmse: 0.276822154894789 
[1] "2022-04-26 12:07:29 HKT"
Epoch 247 	 loss: 681.07486471141 	 dlt: 0.00653045979773908
mae: 0.239307673463042 	rmse: 0.276819060524939 
[1] "2022-04-26 12:07:54 HKT"
Epoch 249 	 loss: 681.140002155985 	 dlt: 0.00206268559661154
mae: 0.239307673463042 	rmse: 0.276819060524939 
[1] "2022-04-26 12:08:19 HKT"
Epoch 251 	 loss: 681.018673021994 	 dlt: 0.00112218052205029
mae: 0.239307673463042 	rmse: 0.276819060524939 
[1] "2022-04-26 12:08:44 HKT"
Epoch 253 	 loss: 682.98426761508 	 dlt: 0.00774499716809557
mae: 0.239307673463042 	rmse: 0.276819060524939 
[1] "2022-04-26 12:09:09 HKT"
Epoch 255 	 loss: 682.574418379323 	 dlt: 0.00501509692471645
mae: 0.239307673463042 	rmse: 0.276819060524939 
[1] "2022-04-26 12:09:34 HKT"
Epoch 257 	 loss: 677.66578146414 	 dlt: 0.00127807079720499
mae: 0.239307673463042 	rmse: 0.276819060524939 
[1] "2022-04-26 12:09:59 HKT"
Epoch 259 	 loss: 677.631433406176 	 dlt: 0.000674608450046877
mae: 0.239305960292357 	rmse: 0.276818029060635 
[1] "2022-04-26 12:10:23 HKT"
Epoch 261 	 loss: 677.932358989639 	 dlt: 0.00111517086384015
mae: 0.239305960292357 	rmse: 0.276818029060635 
[1] "2022-04-26 12:10:48 HKT"
Epoch 263 	 loss: 675.340022617034 	 dlt: 0.00101619336946937
mae: 0.239305960292357 	rmse: 0.276818029060635 
[1] "2022-04-26 12:11:12 HKT"
Epoch 265 	 loss: 674.765906262034 	 dlt: 0.000935981618173168
mae: 0.239300820780302 	rmse: 0.276805995026433 
[1] "2022-04-26 12:11:37 HKT"
Epoch 267 	 loss: 674.544590426518 	 dlt: 0.00301147543659212
mae: 0.239300820780302 	rmse: 0.276805995026433 
[1] "2022-04-26 12:12:02 HKT"
Epoch 269 	 loss: 674.432640857654 	 dlt: 0.000492361846181692
mae: 0.239300820780302 	rmse: 0.276805995026433 
[1] "2022-04-26 12:12:27 HKT"
Epoch 271 	 loss: 669.5508973523 	 dlt: 0.00411466419960113
mae: 0.239300820780302 	rmse: 0.276805995026433 
[1] "2022-04-26 12:12:53 HKT"
Epoch 273 	 loss: 668.581113242737 	 dlt: 0.000237333823886912
mae: 0.239300820780302 	rmse: 0.276805995026433 
[1] "2022-04-26 12:13:18 HKT"
Epoch 275 	 loss: 671.96781513054 	 dlt: 0.00374416438335911
mae: 0.239299107609617 	rmse: 0.276804275835981 
[1] "2022-04-26 12:13:43 HKT"
Epoch 277 	 loss: 669.879159349408 	 dlt: 0.000971403216498568
mae: 0.239299107609617 	rmse: 0.276804275835981 
[1] "2022-04-26 12:14:08 HKT"
Epoch 279 	 loss: 668.834979561658 	 dlt: 7.85862453314355e-05
mae: 0.239299107609617 	rmse: 0.276804275835981 
[1] "2022-04-26 12:14:33 HKT"
Epoch 281 	 loss: 668.014704073029 	 dlt: 0.00205581410782852
mae: 0.239299107609617 	rmse: 0.276804275835981 
[1] "2022-04-26 12:14:58 HKT"
Epoch 283 	 loss: 669.714898355071 	 dlt: 0.000932738717143079
mae: 0.239299107609617 	rmse: 0.276804275835981 
[1] "2022-04-26 12:15:23 HKT"
Epoch 285 	 loss: 673.098450462498 	 dlt: 0.00627956781851221
mae: 0.239299107609617 	rmse: 0.276804275835981 
[1] "2022-04-26 12:15:48 HKT"
Epoch 287 	 loss: 669.960053208164 	 dlt: 0.000524958479485493
mae: 0.239299107609617 	rmse: 0.276804275835981 
[1] "2022-04-26 12:16:14 HKT"
Epoch 289 	 loss: 669.511826924645 	 dlt: 7.62952563821468e-05
mae: 0.239299107609617 	rmse: 0.276804275835981 
[1] "2022-04-26 12:16:39 HKT"
Epoch 291 	 loss: 667.485948910481 	 dlt: 0.00252478122252325
mae: 0.239299107609617 	rmse: 0.276804275835981 
[1] "2022-04-26 12:17:04 HKT"
Epoch 293 	 loss: 670.209675476291 	 dlt: 0.00160799235771716
mae: 0.239299107609617 	rmse: 0.276804275835981 
[1] "2022-04-26 12:17:29 HKT"
Epoch 295 	 loss: 671.787342401463 	 dlt: 0.000479386153278379
mae: 0.239299107609617 	rmse: 0.276804275835981 
[1] "2022-04-26 12:17:55 HKT"
Epoch 297 	 loss: 667.229719180794 	 dlt: 0.00351939107787563
mae: 0.239299107609617 	rmse: 0.276804275835981 
[1] "2022-04-26 12:18:20 HKT"
Epoch 299 	 loss: 665.153383261274 	 dlt: 0.00103968483447123
mae: 0.239299107609617 	rmse: 0.276804275835981 
[1] "2022-04-26 12:18:45 HKT"
Epoch 301 	 loss: 662.44671033909 	 dlt: 0.00203422431475229
mae: 0.239299107609617 	rmse: 0.276804275835981 
[1] "2022-04-26 12:19:10 HKT"
Epoch 303 	 loss: 664.277797371851 	 dlt: 0.000934201665041612
mae: 0.239299107609617 	rmse: 0.276804275835981 
[1] "2022-04-26 12:19:34 HKT"
Epoch 305 	 loss: 662.892586224655 	 dlt: 0.000197483382112341
mae: 0.239299107609617 	rmse: 0.276804275835981 
[1] "2022-04-26 12:19:59 HKT"
Epoch 307 	 loss: 664.161677075629 	 dlt: 0.000564147361139084
mae: 0.239299107609617 	rmse: 0.276804275835981 
[1] "2022-04-26 12:20:25 HKT"
Epoch 309 	 loss: 660.964442466543 	 dlt: 0.00192834243538913
mae: 0.239299107609617 	rmse: 0.276804275835981 
[1] "2022-04-26 12:20:50 HKT"
Epoch 311 	 loss: 670.010962428152 	 dlt: 0.00596971555772439
mae: 0.239299107609617 	rmse: 0.276804275835981 
[1] "2022-04-26 12:21:15 HKT"
Epoch 313 	 loss: 666.458113604855 	 dlt: 0.000593821825808067
mae: 0.239299107609617 	rmse: 0.276804275835981 
[1] "2022-04-26 12:21:40 HKT"
Epoch 315 	 loss: 663.001092656033 	 dlt: 0.00195027011124515
mae: 0.239299107609617 	rmse: 0.276804275835981 
[1] "2022-04-26 12:22:05 HKT"
Epoch 317 	 loss: 663.112274227158 	 dlt: 0.00108393501234193
mae: 0.239299107609617 	rmse: 0.276804275835981 
[1] "2022-04-26 12:22:31 HKT"
Epoch 319 	 loss: 660.732803350074 	 dlt: 0.000750887248374074
mae: 0.239299107609617 	rmse: 0.276804275835981 
[1] "2022-04-26 12:22:56 HKT"
Epoch 321 	 loss: 667.988303284881 	 dlt: 0.0160772304853547
mae: 0.239299107609617 	rmse: 0.276804275835981 
[1] "2022-04-26 12:23:21 HKT"
Epoch 323 	 loss: 662.44349656484 	 dlt: 0.00496849534161652
mae: 0.239299107609617 	rmse: 0.276804275835981 
[1] "2022-04-26 12:23:46 HKT"
Epoch 325 	 loss: 660.678049280172 	 dlt: 0.00123471568163443
mae: 0.239299107609617 	rmse: 0.276804275835981 
[1] "2022-04-26 12:24:11 HKT"
Epoch 327 	 loss: 659.734200037231 	 dlt: 0.000242865406152368
mae: 0.239299107609617 	rmse: 0.276804275835981 
[1] "2022-04-26 12:24:36 HKT"
Epoch 329 	 loss: 654.774316414242 	 dlt: 0.00112678379297777
mae: 0.239299107609617 	rmse: 0.276804275835981 
[1] "2022-04-26 12:25:01 HKT"
Epoch 331 	 loss: 654.244523382659 	 dlt: 0.000394565071858422
mae: 0.239299107609617 	rmse: 0.276804275835981 
[1] "2022-04-26 12:25:26 HKT"
Epoch 333 	 loss: 658.2337420854 	 dlt: 0.00415182622922634
mae: 0.239299107609617 	rmse: 0.276804275835981 
[1] "2022-04-26 12:25:51 HKT"
Epoch 335 	 loss: 653.572279456505 	 dlt: 0.00556797293971819
mae: 0.239299107609617 	rmse: 0.276804275835981 
[1] "2022-04-26 12:26:15 HKT"
Epoch 337 	 loss: 652.750037958645 	 dlt: 0.00148462130519536
mae: 0.239299107609617 	rmse: 0.276804275835981 
[1] "2022-04-26 12:26:41 HKT"
Epoch 339 	 loss: 655.191422772233 	 dlt: 0.00673181822706701
mae: 0.239299107609617 	rmse: 0.276804275835981 
[1] "2022-04-26 12:27:05 HKT"
Epoch 341 	 loss: 652.738576318164 	 dlt: 0.00196483352157605
mae: 0.239299107609617 	rmse: 0.276804275835981 
[1] "2022-04-26 12:27:31 HKT"
Epoch 343 	 loss: 649.474456112947 	 dlt: 0.00489375010948842
mae: 0.239299107609617 	rmse: 0.276804275835981 
[1] "2022-04-26 12:27:56 HKT"
Epoch 345 	 loss: 647.387410192823 	 dlt: 0.0037181980997081
mae: 0.239299107609617 	rmse: 0.276804275835981 
[1] "2022-04-26 12:28:21 HKT"
Epoch 347 	 loss: 647.28247415931 	 dlt: 0.00104974615443184
mae: 0.239299107609617 	rmse: 0.276804275835981 
[1] "2022-04-26 12:28:46 HKT"
Epoch 349 	 loss: 644.783077766548 	 dlt: 0.00766517317039566
mae: 0.239299107609617 	rmse: 0.276804275835981 
[1] "2022-04-26 12:29:11 HKT"
Epoch 351 	 loss: 644.238442266764 	 dlt: 0.000474767178403984
mae: 0.239299107609617 	rmse: 0.276804275835981 
[1] "2022-04-26 12:29:37 HKT"
Epoch 353 	 loss: 643.04346441422 	 dlt: 0.00187167254754875
mae: 0.239299107609617 	rmse: 0.276804275835981 
[1] "2022-04-26 12:30:01 HKT"
Epoch 355 	 loss: 641.687324125681 	 dlt: 0.00394447822455895
mae: 0.239300820780302 	rmse: 0.276804619674926 
[1] "2022-04-26 12:30:26 HKT"
Epoch 357 	 loss: 648.651655286532 	 dlt: 0.000554776063621128
mae: 0.239300820780302 	rmse: 0.276804619674926 
[1] "2022-04-26 12:30:51 HKT"
Epoch 359 	 loss: 650.720297402551 	 dlt: 0.00367771395375247
mae: 0.239300820780302 	rmse: 0.276804619674926 
[1] "2022-04-26 12:31:17 HKT"
Epoch 361 	 loss: 649.329638889476 	 dlt: 0.00331119315179538
mae: 0.239300820780302 	rmse: 0.276804619674926 
[1] "2022-04-26 12:31:42 HKT"
Epoch 363 	 loss: 648.443361982977 	 dlt: 0.00424418601626617
mae: 0.239300820780302 	rmse: 0.276804619674926 
[1] "2022-04-26 12:32:07 HKT"
Epoch 365 	 loss: 647.214620919468 	 dlt: 0.000528901073383603
mae: 0.239300820780302 	rmse: 0.276804619674926 
[1] "2022-04-26 12:32:32 HKT"
Epoch 367 	 loss: 645.255246824559 	 dlt: 0.000769304558914975
mae: 0.239300820780302 	rmse: 0.276804619674926 
[1] "2022-04-26 12:32:57 HKT"
Epoch 369 	 loss: 640.350856743619 	 dlt: 0.00600416876914282
mae: 0.239300820780302 	rmse: 0.276804619674926 
[1] "2022-04-26 12:33:22 HKT"
Epoch 371 	 loss: 638.697568568653 	 dlt: 0.00221731067813593
mae: 0.239300820780302 	rmse: 0.276804619674926 
[1] "2022-04-26 12:33:47 HKT"
Epoch 373 	 loss: 637.339206466049 	 dlt: 0.00575392477948808
mae: 0.239300820780302 	rmse: 0.276804619674926 
[1] "2022-04-26 12:34:13 HKT"
Epoch 375 	 loss: 644.063359735662 	 dlt: 0.00773964480323121
mae: 0.239299107609617 	rmse: 0.276804275835981 
[1] "2022-04-26 12:34:38 HKT"
Epoch 377 	 loss: 639.982538885406 	 dlt: 0.00338124036773788
mae: 0.239299107609617 	rmse: 0.276804275835981 
[1] "2022-04-26 12:35:03 HKT"
Epoch 379 	 loss: 638.956788507252 	 dlt: 0.000530103880119551
mae: 0.239299107609617 	rmse: 0.276804275835981 
[1] "2022-04-26 12:35:28 HKT"
Epoch 381 	 loss: 638.663581271966 	 dlt: 0.00131968214554621
mae: 0.239299107609617 	rmse: 0.276804275835981 
[1] "2022-04-26 12:35:53 HKT"
Epoch 383 	 loss: 644.391121794693 	 dlt: 0.0078454697510309
mae: 0.239295681268247 	rmse: 0.276802212793344 
[1] "2022-04-26 12:36:17 HKT"
Epoch 385 	 loss: 648.488083801161 	 dlt: 0.00599917633986606
mae: 0.239295681268247 	rmse: 0.276802212793344 
[1] "2022-04-26 12:36:42 HKT"
Epoch 387 	 loss: 649.024883295655 	 dlt: 0.00221457090007149
mae: 0.239295681268247 	rmse: 0.276802212793344 
[1] "2022-04-26 12:37:06 HKT"
Epoch 389 	 loss: 644.938813948271 	 dlt: 0.00342005133558429
mae: 0.239295681268247 	rmse: 0.276802212793344 
[1] "2022-04-26 12:37:31 HKT"
Epoch 391 	 loss: 643.025156332467 	 dlt: 0.00202487226538569
mae: 0.239295681268247 	rmse: 0.276802212793344 
[1] "2022-04-26 12:37:55 HKT"
Epoch 393 	 loss: 639.684847275422 	 dlt: 0.00216419281039151
mae: 0.239295681268247 	rmse: 0.276802212793344 
[1] "2022-04-26 12:38:20 HKT"
Epoch 395 	 loss: 640.215822900502 	 dlt: 0.00361844641768147
mae: 0.239295681268247 	rmse: 0.276802212793344 
[1] "2022-04-26 12:38:45 HKT"
Epoch 397 	 loss: 638.803918854589 	 dlt: 0.000134171744529253
mae: 0.239295681268247 	rmse: 0.276802212793344 
[1] "2022-04-26 12:39:09 HKT"
Epoch 399 	 loss: 638.984473637788 	 dlt: 0.00163065748925672
mae: 0.239295681268247 	rmse: 0.276802212793344 
[1] "2022-04-26 12:39:34 HKT"
Epoch 401 	 loss: 639.041472273703 	 dlt: 0.00155274168790308
mae: 0.239295681268247 	rmse: 0.276802212793344 
[1] "2022-04-26 12:39:59 HKT"
Epoch 403 	 loss: 637.776341536222 	 dlt: 0.00275705718084586
mae: 0.239295681268247 	rmse: 0.276802212793344 
[1] "2022-04-26 12:40:23 HKT"
Epoch 405 	 loss: 637.656795127253 	 dlt: 0.000106501431415298
mae: 0.239295681268247 	rmse: 0.276802212793344 
[1] "2022-04-26 12:40:47 HKT"
Epoch 407 	 loss: 635.369323473695 	 dlt: 0.00308442828796796
mae: 0.239295681268247 	rmse: 0.276802212793344 
[1] "2022-04-26 12:41:12 HKT"
Epoch 409 	 loss: 635.730943932775 	 dlt: 0.000738803781226948
mae: 0.239295681268247 	rmse: 0.276802212793344 
[1] "2022-04-26 12:41:37 HKT"
Epoch 411 	 loss: 639.841743639332 	 dlt: 0.00281416019934237
mae: 0.239295681268247 	rmse: 0.276802212793344 
[1] "2022-04-26 12:42:01 HKT"
Epoch 413 	 loss: 637.203446181701 	 dlt: 0.00178893360689522
mae: 0.239295681268247 	rmse: 0.276802212793344 
[1] "2022-04-26 12:42:26 HKT"
Epoch 415 	 loss: 639.897210875525 	 dlt: 0.00627565597234364
mae: 0.239295681268247 	rmse: 0.276802212793344 
[1] "2022-04-26 12:42:50 HKT"
Epoch 417 	 loss: 637.466376222238 	 dlt: 0.00181619239588285
mae: 0.239295681268247 	rmse: 0.276802212793344 
[1] "2022-04-26 12:43:15 HKT"
Epoch 419 	 loss: 633.310435153531 	 dlt: 0.0021525548136744
mae: 0.239295681268247 	rmse: 0.276802212793344 
[1] "2022-04-26 12:43:39 HKT"
Epoch 421 	 loss: 640.853335246757 	 dlt: 0.0116850639495291
mae: 0.239295681268247 	rmse: 0.276802212793344 
[1] "2022-04-26 12:44:04 HKT"
Epoch 423 	 loss: 634.50953578663 	 dlt: 0.00511193504620506
mae: 0.239295681268247 	rmse: 0.276802212793344 
[1] "2022-04-26 12:44:28 HKT"
Epoch 425 	 loss: 631.917534644861 	 dlt: 0.00323767138736571
mae: 0.239295681268247 	rmse: 0.276802212793344 
[1] "2022-04-26 12:44:53 HKT"
Epoch 427 	 loss: 631.936482501315 	 dlt: 0.000854942831413618
mae: 0.239295681268247 	rmse: 0.276802212793344 
[1] "2022-04-26 12:45:17 HKT"
Epoch 429 	 loss: 627.627764322881 	 dlt: 0.0054482385432821
mae: 0.239295681268247 	rmse: 0.276802212793344 
[1] "2022-04-26 12:45:41 HKT"
Epoch 431 	 loss: 626.872800689526 	 dlt: 0.000584194774959088
mae: 0.239295681268247 	rmse: 0.276802212793344 
[1] "2022-04-26 12:46:05 HKT"
Epoch 433 	 loss: 623.47060765394 	 dlt: 0.000819052025293254
mae: 0.239295681268247 	rmse: 0.276802212793344 
[1] "2022-04-26 12:46:30 HKT"
Epoch 435 	 loss: 617.939895366652 	 dlt: 0.00475985869693159
mae: 0.239295681268247 	rmse: 0.276802212793344 
[1] "2022-04-26 12:46:54 HKT"
Epoch 437 	 loss: 599.663905245606 	 dlt: 0.0216830157067323
mae: 0.239295681268247 	rmse: 0.276802212793344 
[1] "2022-04-26 12:47:18 HKT"
Epoch 439 	 loss: 575.018367785579 	 dlt: 0.0149170595107447
mae: 0.239295681268247 	rmse: 0.276802212793344 
[1] "2022-04-26 12:47:42 HKT"
Epoch 441 	 loss: 571.790620173397 	 dlt: 0.00302298561768666
mae: 0.239295681268247 	rmse: 0.276802212793344 
[1] "2022-04-26 12:48:06 HKT"
Epoch 443 	 loss: 559.171809458911 	 dlt: 0.0118422777672665
mae: 0.239295681268247 	rmse: 0.276802212793344 
[1] "2022-04-26 12:48:30 HKT"
Epoch 445 	 loss: 554.431005911427 	 dlt: 0.00267771092294093
mae: 0.239295681268247 	rmse: 0.276802212793344 
[1] "2022-04-26 12:48:55 HKT"
Epoch 447 	 loss: 557.35030497051 	 dlt: 0.00466917958067604
mae: 0.239295681268247 	rmse: 0.276802212793344 
[1] "2022-04-26 12:49:19 HKT"
Epoch 449 	 loss: 551.756512864914 	 dlt: 0.00651361906402957
mae: 0.239295681268247 	rmse: 0.276802212793344 
[1] "2022-04-26 12:49:43 HKT"
Epoch 451 	 loss: 550.112048977965 	 dlt: 0.00211954539866432
mae: 0.239295681268247 	rmse: 0.276802212793344 
[1] "2022-04-26 12:50:08 HKT"
Epoch 453 	 loss: 549.292512414886 	 dlt: 0.000964335617262979
mae: 0.239295681268247 	rmse: 0.276802212793344 
[1] "2022-04-26 12:50:32 HKT"
Epoch 455 	 loss: 547.4836339268 	 dlt: 0.00282326561895099
mae: 0.239293968097562 	rmse: 0.276799118200559 
[1] "2022-04-26 12:50:56 HKT"
Epoch 457 	 loss: 548.762120780542 	 dlt: 0.00221651400505628
mae: 0.239293968097562 	rmse: 0.276799118200559 
[1] "2022-04-26 12:51:21 HKT"
Epoch 459 	 loss: 545.789601177971 	 dlt: 0.00419947386263635
mae: 0.239293968097562 	rmse: 0.276799118200559 
[1] "2022-04-26 12:51:45 HKT"
Epoch 461 	 loss: 545.43849789058 	 dlt: 0.000548835552532726
mae: 0.239293968097562 	rmse: 0.276799118200559 
[1] "2022-04-26 12:52:10 HKT"
Epoch 463 	 loss: 544.374383137511 	 dlt: 0.00323476210451495
mae: 0.239293968097562 	rmse: 0.276799118200559 
[1] "2022-04-26 12:52:35 HKT"
Epoch 465 	 loss: 543.940967114734 	 dlt: 0.000581280490254353
mae: 0.239293968097562 	rmse: 0.276799118200559 
[1] "2022-04-26 12:52:59 HKT"
Epoch 467 	 loss: 544.321212868035 	 dlt: 5.58560383356578e-05
mae: 0.239293968097562 	rmse: 0.276799118200559 
[1] "2022-04-26 12:53:24 HKT"
Epoch 469 	 loss: 542.555678399627 	 dlt: 0.00624646430494038
mae: 0.239293968097562 	rmse: 0.276799118200559 
[1] "2022-04-26 12:53:48 HKT"
Epoch 471 	 loss: 541.895145627433 	 dlt: 0.00536167472064388
mae: 0.239293968097562 	rmse: 0.276799118200559 
[1] "2022-04-26 12:54:13 HKT"
Epoch 473 	 loss: 541.321579703325 	 dlt: 0.00244749568076647
mae: 0.239293968097562 	rmse: 0.276799118200559 
[1] "2022-04-26 12:54:37 HKT"
Epoch 475 	 loss: 538.189110708364 	 dlt: 0.00320243485855223
mae: 0.239293968097562 	rmse: 0.276799118200559 
[1] "2022-04-26 12:55:02 HKT"
Epoch 477 	 loss: 538.08078732608 	 dlt: 0.000935965681979434
mae: 0.239293968097562 	rmse: 0.276799118200559 
[1] "2022-04-26 12:55:26 HKT"
Epoch 479 	 loss: 537.542028702414 	 dlt: 6.83819194172165e-06
mae: 0.239293968097562 	rmse: 0.276799118200559 
[1] "2022-04-26 12:55:51 HKT"
Epoch 481 	 loss: 541.294498900329 	 dlt: 0.00867707113768638
mae: 0.239293968097562 	rmse: 0.276799118200559 
[1] "2022-04-26 12:56:16 HKT"
Epoch 483 	 loss: 550.270338745433 	 dlt: 0.00642187472688567
mae: 0.239292254926878 	rmse: 0.27679671127114 
[1] "2022-04-26 12:56:41 HKT"
Epoch 485 	 loss: 551.105089934697 	 dlt: 0.0139890648643116
mae: 0.239292254926878 	rmse: 0.27679671127114 
[1] "2022-04-26 12:57:05 HKT"
Epoch 487 	 loss: 545.746341097574 	 dlt: 0.00491134902673986
mae: 0.239292254926878 	rmse: 0.27679671127114 
[1] "2022-04-26 12:57:29 HKT"
Epoch 489 	 loss: 551.940278276954 	 dlt: 0.0155228223148726
mae: 0.239290541756193 	rmse: 0.276795679723553 
[1] "2022-04-26 12:57:54 HKT"
Epoch 491 	 loss: 580.161783504742 	 dlt: 0.00673956103390158
mae: 0.239290541756193 	rmse: 0.276795679723553 
[1] "2022-04-26 12:58:19 HKT"
Epoch 493 	 loss: 584.650829707933 	 dlt: 0.00525782723496562
mae: 0.239290541756193 	rmse: 0.276795679723553 
[1] "2022-04-26 12:58:43 HKT"
Epoch 495 	 loss: 582.679787660586 	 dlt: 0.000745580301190318
mae: 0.239290541756193 	rmse: 0.276795679723553 
[1] "2022-04-26 12:59:08 HKT"
Epoch 497 	 loss: 582.743164248599 	 dlt: 0.000863705156058891
mae: 0.239290541756193 	rmse: 0.276795679723553 
[1] "2022-04-26 12:59:33 HKT"
Epoch 499 	 loss: 582.913600223902 	 dlt: 0.00343168456949536
mae: 0.239290541756193 	rmse: 0.276795679723553 
[1] "2022-04-26 12:59:58 HKT"
Epoch 501 	 loss: 581.09981920211 	 dlt: 0.00108074656651988
mae: 0.239290541756193 	rmse: 0.276795679723553 
[1] "2022-04-26 13:00:23 HKT"
Epoch 503 	 loss: 581.542799259586 	 dlt: 0.000216822683165232
mae: 0.239290541756193 	rmse: 0.276795679723553 
[1] "2022-04-26 13:00:47 HKT"
Epoch 505 	 loss: 581.371195687515 	 dlt: 0.00236063562230074
mae: 0.239290541756193 	rmse: 0.276795679723553 
[1] "2022-04-26 13:01:12 HKT"
Epoch 507 	 loss: 582.87246593121 	 dlt: 0.00273586565647853
mae: 0.239290541756193 	rmse: 0.276795679723553 
[1] "2022-04-26 13:01:37 HKT"
Epoch 509 	 loss: 581.326191597812 	 dlt: 0.000219306664491851
mae: 0.239290541756193 	rmse: 0.276795679723553 
[1] "2022-04-26 13:02:02 HKT"
Epoch 511 	 loss: 583.022624666094 	 dlt: 0.00212335910881227
mae: 0.239290541756193 	rmse: 0.276795679723553 
[1] "2022-04-26 13:02:27 HKT"
Epoch 513 	 loss: 581.826739837099 	 dlt: 0.00182572540985151
mae: 0.239290541756193 	rmse: 0.276795679723553 
[1] "2022-04-26 13:02:52 HKT"
Epoch 515 	 loss: 581.034880497828 	 dlt: 0.000187473867542859
mae: 0.239290541756193 	rmse: 0.276795679723553 
[1] "2022-04-26 13:03:16 HKT"
Epoch 517 	 loss: 581.016016012912 	 dlt: 0.00154041933426624
mae: 0.239290541756193 	rmse: 0.276795679723553 
[1] "2022-04-26 13:03:41 HKT"
Epoch 519 	 loss: 581.585482346508 	 dlt: 0.00146858143381585
mae: 0.239290541756193 	rmse: 0.276795679723553 
[1] "2022-04-26 13:04:06 HKT"
Epoch 521 	 loss: 583.175864628228 	 dlt: 0.00213077238588879
mae: 0.239290541756193 	rmse: 0.276795679723553 
[1] "2022-04-26 13:04:32 HKT"
Epoch 523 	 loss: 585.175050372669 	 dlt: 0.00189163972557451
mae: 0.239290541756193 	rmse: 0.276795679723553 
[1] "2022-04-26 13:04:57 HKT"
Epoch 525 	 loss: 586.472210544187 	 dlt: 0.000428130603475112
mae: 0.239290541756193 	rmse: 0.276795679723553 
[1] "2022-04-26 13:05:22 HKT"
Epoch 527 	 loss: 584.827389231941 	 dlt: 0.00213882999244389
mae: 0.239290541756193 	rmse: 0.276795679723553 
[1] "2022-04-26 13:05:47 HKT"
Epoch 529 	 loss: 585.104202914335 	 dlt: 0.000450049564721739
mae: 0.239290541756193 	rmse: 0.276795679723553 
[1] "2022-04-26 13:06:12 HKT"
Epoch 531 	 loss: 583.851232242325 	 dlt: 0.000426931312484009
mae: 0.239290541756193 	rmse: 0.276795679723553 
[1] "2022-04-26 13:06:38 HKT"
Epoch 533 	 loss: 582.211177004787 	 dlt: 0.00188753063952707
mae: 0.239290541756193 	rmse: 0.276795679723553 

Execution halted

Attaching package: ‘dplyr’

The following objects are masked from ‘package:stats’:

    filter, lag

The following objects are masked from ‘package:base’:

    intersect, setdiff, setequal, union


> dim = 2

> a <- max(FU[2, ])

> b <- max(FV[2, ])

> U <- matrix(0, nrow = dim, ncol = N)

> V <- matrix(0, nrow = dim, ncol = M)

> WU <- matrix(0, nrow = 1 + a, ncol = dim)

> WV <- matrix(0, nrow = 1 + b, ncol = dim)

> aaa <- grad_ws_lpmf(train, t(U), t(V), t(FU), t(FV), 
+     t(WU), t(WV), 1, 1, 0.1, 0.1, 30000, nrow(train))
[1] 1e-08 1e+00 1e+00 1e+03 1e+03
[1] 16
[1] "2022-04-26 13:07:17 HKT"
Epoch 1 	 loss: 10400.5710171943 	 dlt: 0.351294882704736
mae: 0.320789497578445 	rmse: 0.365091388998673 
[1] "2022-04-26 13:07:43 HKT"
Epoch 3 	 loss: 5131.44700764708 	 dlt: 0.217121689819846
mae: 0.310464217860527 	rmse: 0.354730756525239 
[1] "2022-04-26 13:08:07 HKT"
Epoch 5 	 loss: 3458.61723850843 	 dlt: 0.161155331946835
mae: 0.298220186975516 	rmse: 0.342544556780743 
[1] "2022-04-26 13:08:32 HKT"
Epoch 7 	 loss: 2856.29163427405 	 dlt: 0.0842725068179808
mae: 0.279353038222674 	rmse: 0.323126756184743 
[1] "2022-04-26 13:08:56 HKT"
Epoch 9 	 loss: 2554.36564891219 	 dlt: 0.0481350268929638
mae: 0.263653542066224 	rmse: 0.306079939323957 
[1] "2022-04-26 13:09:21 HKT"
Epoch 11 	 loss: 2391.07023350825 	 dlt: 0.0318659966813213
mae: 0.256651813477029 	rmse: 0.298158549626236 
[1] "2022-04-26 13:09:45 HKT"
Epoch 13 	 loss: 2314.79764214167 	 dlt: 0.0112328490465966
mae: 0.249161831242625 	rmse: 0.289260171131918 
[1] "2022-04-26 13:10:11 HKT"
Epoch 15 	 loss: 2253.39898506236 	 dlt: 0.0269800235847692
mae: 0.24650984302239 	rmse: 0.285974874745168 
[1] "2022-04-26 13:10:36 HKT"
Epoch 17 	 loss: 2158.69469235338 	 dlt: 0.0251179219029346
mae: 0.244227899670093 	rmse: 0.283138555297112 
[1] "2022-04-26 13:11:01 HKT"
Epoch 19 	 loss: 2066.5974625568 	 dlt: 0.0197966845621215
mae: 0.242310861673682 	rmse: 0.28070074376379 
[1] "2022-04-26 13:11:26 HKT"
Epoch 21 	 loss: 1966.4120328466 	 dlt: 0.0237334175383503
mae: 0.241149331949315 	rmse: 0.279273034675007 
[1] "2022-04-26 13:11:51 HKT"
Epoch 23 	 loss: 1934.60555621925 	 dlt: 0.00371614977984219
mae: 0.240710760253979 	rmse: 0.278706733110938 
[1] "2022-04-26 13:12:16 HKT"
Epoch 25 	 loss: 1918.35081895742 	 dlt: 0.00086679294628447
mae: 0.240470916358092 	rmse: 0.278379391441928 
[1] "2022-04-26 13:12:41 HKT"
Epoch 27 	 loss: 1929.2702631521 	 dlt: 0.00463836232088675
mae: 0.240001507590428 	rmse: 0.277759874567248 
[1] "2022-04-26 13:13:06 HKT"
Epoch 29 	 loss: 1900.443662767 	 dlt: 0.00527402390216918
mae: 0.239857601252896 	rmse: 0.277572721218654 
[1] "2022-04-26 13:13:31 HKT"
Epoch 31 	 loss: 1860.73177496885 	 dlt: 0.00253154859284873
mae: 0.239605765162215 	rmse: 0.277229278601859 
[1] "2022-04-26 13:13:56 HKT"
Epoch 33 	 loss: 1858.68751550427 	 dlt: 0.00437701641610281
mae: 0.23951325394523 	rmse: 0.277097415418389 
[1] "2022-04-26 13:14:21 HKT"
Epoch 35 	 loss: 1855.30509601503 	 dlt: 0.000130322843332684
mae: 0.239468711507423 	rmse: 0.277025963320228 
[1] "2022-04-26 13:14:46 HKT"
Epoch 37 	 loss: 1808.23359777593 	 dlt: 0.0160928038583442
mae: 0.239449866629889 	rmse: 0.276995384436184 
[1] "2022-04-26 13:15:11 HKT"
Epoch 39 	 loss: 1828.85766470358 	 dlt: 0.00612471433086611
mae: 0.239407037362766 	rmse: 0.276944870346241 
[1] "2022-04-26 13:15:36 HKT"
Epoch 41 	 loss: 1789.26163676858 	 dlt: 0.00898232342920316
mae: 0.239384766143863 	rmse: 0.276921843860517 
[1] "2022-04-26 13:16:01 HKT"
Epoch 43 	 loss: 1720.4311670792 	 dlt: 0.0203618873420033
mae: 0.239365921266329 	rmse: 0.276894690768062 
[1] "2022-04-26 13:16:26 HKT"
Epoch 45 	 loss: 1661.00357358705 	 dlt: 0.0192406672345233
mae: 0.239362494924959 	rmse: 0.27688712867336 
[1] "2022-04-26 13:16:51 HKT"
Epoch 47 	 loss: 1614.72669798918 	 dlt: 0.012377657873331
mae: 0.239350502730164 	rmse: 0.276870972597267 
[1] "2022-04-26 13:17:16 HKT"
Epoch 49 	 loss: 1570.17151664798 	 dlt: 0.0109894395224734
mae: 0.23934536321811 	rmse: 0.276863753620245 
[1] "2022-04-26 13:17:41 HKT"
Epoch 51 	 loss: 1518.6595037871 	 dlt: 0.0155336069926484
mae: 0.239335084194 	rmse: 0.276850002667074 
[1] "2022-04-26 13:18:06 HKT"
Epoch 53 	 loss: 1506.85634223103 	 dlt: 0.00600166218028311
mae: 0.239335084194 	rmse: 0.276849315101487 
[1] "2022-04-26 13:18:31 HKT"
Epoch 55 	 loss: 1479.86208094765 	 dlt: 0.00386382387131976
mae: 0.239329944681946 	rmse: 0.276842783143238 
[1] "2022-04-26 13:18:57 HKT"
Epoch 57 	 loss: 1499.45602149092 	 dlt: 0.0090281554523827
mae: 0.239329944681946 	rmse: 0.276842783143238 
[1] "2022-04-26 13:19:23 HKT"
Epoch 59 	 loss: 1463.69974993888 	 dlt: 0.00963691653114805
mae: 0.239323091999206 	rmse: 0.276834532028312 
[1] "2022-04-26 13:19:48 HKT"
Epoch 61 	 loss: 1430.92981013761 	 dlt: 0.0102112273145358
mae: 0.239314526145781 	rmse: 0.276825936855411 

Execution halted

Attaching package: ‘dplyr’

The following objects are masked from ‘package:stats’:

    filter, lag

The following objects are masked from ‘package:base’:

    intersect, setdiff, setequal, union


> dim = 2

> a <- max(FU[2, ])

> b <- max(FV[2, ])

> U <- matrix(0, nrow = dim, ncol = N)

> V <- matrix(0, nrow = dim, ncol = M)

> WU <- matrix(0, nrow = 1 + a, ncol = dim)

> WV <- matrix(0, nrow = 1 + b, ncol = dim)

> aaa <- grad_ws_lpmf(train, t(U), t(V), t(FU), t(FV), 
+     t(WU), t(WV), 1, 1, 0.1, 0.1, 30000, nrow(train))
[1] 1e-08 1e+00 1e+00 1e+03 1e+03
[1] 16
[1] "2022-04-26 13:20:30 HKT"
Epoch 1 	 loss: 9259.55530804135 	 dlt: 0.422462391509604
mae: 0.319979167844485 	rmse: 0.364234533955232 
[1] "2022-04-26 13:20:54 HKT"
Epoch 3 	 loss: 5463.30249857499 	 dlt: 0.162452026110369
mae: 0.301124011286427 	rmse: 0.345459309967109 
[1] "2022-04-26 13:21:18 HKT"
Epoch 5 	 loss: 4224.77409367488 	 dlt: 0.107240948473214
mae: 0.268608031686963 	rmse: 0.311497900404614 
[1] "2022-04-26 13:21:42 HKT"
Epoch 7 	 loss: 3891.4702902589 	 dlt: 0.0333121382956138
mae: 0.247873526887576 	rmse: 0.287598387389274 
[1] "2022-04-26 13:22:06 HKT"
Epoch 9 	 loss: 3741.5363332262 	 dlt: 0.00892294671415332
mae: 0.244173078208176 	rmse: 0.283001374127441 
[1] "2022-04-26 13:22:30 HKT"
Epoch 11 	 loss: 3784.96707207928 	 dlt: 0.00936485396034953
mae: 0.241467981696708 	rmse: 0.279580947802729 
[1] "2022-04-26 13:22:54 HKT"
Epoch 13 	 loss: 3903.86582049277 	 dlt: 0.019916337974659
mae: 0.23996724417673 	rmse: 0.277695447725613 
[1] "2022-04-26 13:23:18 HKT"
Epoch 15 	 loss: 3909.50563631913 	 dlt: 0.0097813331578367
mae: 0.239506401262491 	rmse: 0.277100163208068 
[1] "2022-04-26 13:23:43 HKT"
Epoch 17 	 loss: 3865.37286108786 	 dlt: 0.00117107618420407
mae: 0.239381339802493 	rmse: 0.276925968147966 
[1] "2022-04-26 13:24:07 HKT"
Epoch 19 	 loss: 4094.09526675919 	 dlt: 0.0371903198535554
mae: 0.239353929071534 	rmse: 0.276882660065775 
[1] "2022-04-26 13:24:32 HKT"
Epoch 21 	 loss: 4248.90400279068 	 dlt: 0.0230955572155143
mae: 0.239335084194 	rmse: 0.276859628406006 
[1] "2022-04-26 13:24:56 HKT"
Epoch 23 	 loss: 4533.49617862738 	 dlt: 0.0388120363495104
mae: 0.239305960292357 	rmse: 0.276816653768919 
[1] "2022-04-26 13:25:20 HKT"
Epoch 25 	 loss: 4744.90666591109 	 dlt: 0.0214305333317064
mae: 0.239305960292357 	rmse: 0.276812527852772 
[1] "2022-04-26 13:25:44 HKT"
Epoch 27 	 loss: 4955.04146330914 	 dlt: 0.0188401194146271
mae: 0.239300820780302 	rmse: 0.276798430508575 
[1] "2022-04-26 13:26:09 HKT"
Epoch 29 	 loss: 5174.25138573464 	 dlt: 0.0306004434502184
mae: 0.239295681268247 	rmse: 0.276791897349511 
[1] "2022-04-26 13:26:33 HKT"
Epoch 31 	 loss: 5391.58315388587 	 dlt: 0.0163077457077191
mae: 0.239292254926878 	rmse: 0.276787083344158 
[1] "2022-04-26 13:26:57 HKT"
Epoch 33 	 loss: 5713.96252763537 	 dlt: 0.0297184975185891
mae: 0.239292254926878 	rmse: 0.276787083344158 
[1] "2022-04-26 13:27:20 HKT"
Epoch 35 	 loss: 6033.62174541153 	 dlt: 0.032094047399828
mae: 0.239287115414823 	rmse: 0.276784676310083 
[1] "2022-04-26 13:27:44 HKT"
Epoch 37 	 loss: 6200.45180042698 	 dlt: 0.0191864287705129
mae: 0.239287115414823 	rmse: 0.276784676310083 
[1] "2022-04-26 13:28:09 HKT"
Epoch 39 	 loss: 6556.25073918841 	 dlt: 0.0305250745839394
mae: 0.239285402244138 	rmse: 0.276781581521229 
[1] "2022-04-26 13:28:33 HKT"
Epoch 41 	 loss: 6744.68808434679 	 dlt: 0.0214935515804829
mae: 0.239283689073453 	rmse: 0.276779174439307 
[1] "2022-04-26 13:28:57 HKT"
Epoch 43 	 loss: 6960.96376334909 	 dlt: 0.0230097749429771
mae: 0.239281975902768 	rmse: 0.276776079588933 
[1] "2022-04-26 13:29:22 HKT"
Epoch 45 	 loss: 7151.83761508389 	 dlt: 0.0150180174034666
mae: 0.239281975902768 	rmse: 0.276776079588933 
[1] "2022-04-26 13:29:46 HKT"
Epoch 47 	 loss: 7391.53625734104 	 dlt: 0.0115282789548003
mae: 0.239281975902768 	rmse: 0.276776079588933 
[1] "2022-04-26 13:30:10 HKT"
Epoch 49 	 loss: 7578.35329843691 	 dlt: 0.0111223782064446
mae: 0.239280262732083 	rmse: 0.276772984703953 
[1] "2022-04-26 13:30:35 HKT"
Epoch 51 	 loss: 7769.33517163591 	 dlt: 0.0126372382637307
mae: 0.239280262732083 	rmse: 0.276772984703953 
[1] "2022-04-26 13:30:59 HKT"
Epoch 53 	 loss: 8003.98508994145 	 dlt: 0.0107317652883055
mae: 0.239280262732083 	rmse: 0.276772984703953 
[1] "2022-04-26 13:31:24 HKT"
Epoch 55 	 loss: 8228.66462944367 	 dlt: 0.00858788548243696
mae: 0.237832633503334 	rmse: 0.275495970563359 
[1] "2022-04-26 13:31:48 HKT"
Epoch 57 	 loss: 8461.83225673891 	 dlt: 0.00872971318091836
mae: 0.235812805265823 	rmse: 0.273786453114502 
[1] "2022-04-26 13:32:12 HKT"
Epoch 59 	 loss: 8623.91701215575 	 dlt: 0.00571896172446612
mae: 0.234091068727488 	rmse: 0.272201193988095 
[1] "2022-04-26 13:32:36 HKT"
Epoch 61 	 loss: 8829.65143042633 	 dlt: 0.00581385078945623
mae: 0.23254236242833 	rmse: 0.270857304307589 
[1] "2022-04-26 13:33:01 HKT"
Epoch 63 	 loss: 8993.18771892761 	 dlt: 0.00769600051282321
mae: 0.229395267880148 	rmse: 0.268187295689323 
[1] "2022-04-26 13:33:26 HKT"
Epoch 65 	 loss: 9103.34518651732 	 dlt: 0.00744542068524336
mae: 0.226143669920187 	rmse: 0.265306466397808 
[1] "2022-04-26 13:33:50 HKT"
Epoch 67 	 loss: 9290.00727750432 	 dlt: 0.00989770254673105
mae: 0.225143178240199 	rmse: 0.264351934753928 
[1] "2022-04-26 13:34:14 HKT"
Epoch 69 	 loss: 9419.55369535707 	 dlt: 0.0103595626705758
mae: 0.224365398749249 	rmse: 0.263663369693911 
[1] "2022-04-26 13:34:38 HKT"
Epoch 71 	 loss: 9578.65298661369 	 dlt: 0.00674329117397364
mae: 0.222546011481875 	rmse: 0.261986719848758 
[1] "2022-04-26 13:35:01 HKT"
Epoch 73 	 loss: 9670.90964914579 	 dlt: 0.00355353789967243
mae: 0.220819135431484 	rmse: 0.260402360941683 
[1] "2022-04-26 13:35:26 HKT"
Epoch 75 	 loss: 9737.78181108416 	 dlt: 0.00235450238003673
mae: 0.217884474048231 	rmse: 0.257767322498665 
[1] "2022-04-26 13:35:50 HKT"
Epoch 77 	 loss: 9830.43127898791 	 dlt: 0.00615691833162486
mae: 0.215766995081681 	rmse: 0.255781322488011 
[1] "2022-04-26 13:36:14 HKT"
Epoch 79 	 loss: 9944.03114148173 	 dlt: 0.00571606507625873
mae: 0.213233215638698 	rmse: 0.253361272704949 
[1] "2022-04-26 13:36:38 HKT"
Epoch 81 	 loss: 10072.8947220468 	 dlt: 0.00662110500129074
mae: 0.211568013732965 	rmse: 0.251666665598388 
[1] "2022-04-26 13:37:03 HKT"
Epoch 83 	 loss: 10148.1384046883 	 dlt: 0.00375571303028154
mae: 0.209435116230251 	rmse: 0.249550149699123 
[1] "2022-04-26 13:37:27 HKT"
Epoch 85 	 loss: 10253.1385019606 	 dlt: 0.00635074438804748
mae: 0.207643139693834 	rmse: 0.247761884229774 
[1] "2022-04-26 13:37:51 HKT"
Epoch 87 	 loss: 10331.4190986686 	 dlt: 0.00465451430147391
mae: 0.205400599267286 	rmse: 0.245558240141443 
[1] "2022-04-26 13:38:15 HKT"
Epoch 89 	 loss: 10416.7626820738 	 dlt: 0.00396950975013722
mae: 0.203606909560184 	rmse: 0.243689530371158 
[1] "2022-04-26 13:38:39 HKT"
Epoch 91 	 loss: 10491.8340993654 	 dlt: 0.0050410086641594
mae: 0.200506070620496 	rmse: 0.240638884374344 
[1] "2022-04-26 13:39:03 HKT"
Epoch 93 	 loss: 10545.4979730902 	 dlt: 0.00237107048463892
mae: 0.199154378950101 	rmse: 0.23931461791714 
[1] "2022-04-26 13:39:27 HKT"
Epoch 95 	 loss: 10633.8390357676 	 dlt: 0.00515496499770184
mae: 0.197746152647104 	rmse: 0.237832161845821 
[1] "2022-04-26 13:39:51 HKT"
Epoch 97 	 loss: 10651.3019775608 	 dlt: 0.00262753967934659
mae: 0.19630366293041 	rmse: 0.236368595055624 
[1] "2022-04-26 13:40:15 HKT"
Epoch 99 	 loss: 10688.6151335658 	 dlt: 0.00210650443905998
mae: 0.19467101126769 	rmse: 0.234683091193768 
[1] "2022-04-26 13:40:39 HKT"
Epoch 101 	 loss: 10722.2625014212 	 dlt: 0.00209996059397138
mae: 0.193028080580861 	rmse: 0.233048295659714 
[1] "2022-04-26 13:41:03 HKT"
Epoch 103 	 loss: 10779.9688887516 	 dlt: 0.00253424329193566
mae: 0.192599787909633 	rmse: 0.23260435403044 

Execution halted

Attaching package: ‘dplyr’

The following objects are masked from ‘package:stats’:

    filter, lag

The following objects are masked from ‘package:base’:

    intersect, setdiff, setequal, union


> dim = 2

> a <- max(FU[2, ])

> b <- max(FV[2, ])

> U <- matrix(0, nrow = dim, ncol = N)

> V <- matrix(0, nrow = dim, ncol = M)

> WU <- matrix(0, nrow = 1 + a, ncol = dim)

> WV <- matrix(0, nrow = 1 + b, ncol = dim)

> aaa <- grad_ws_lpmf(train, t(U), t(V), t(FU), t(FV), 
+     t(WU), t(WV), 1, 1, 0.1, 0.1, 30000, nrow(train))
[1] 1e-08 1e+00 1e+00 1e+03 1e+03
[1] 16
[1] "2022-04-26 13:41:52 HKT"
Epoch 1 	 loss: 8991.49307945586 	 dlt: 0.439181986919269
mae: 0.319422387371892 	rmse: 0.363661564974852 
[1] "2022-04-26 13:42:16 HKT"
Epoch 3 	 loss: 6207.52325163986 	 dlt: 0.105290741730654
mae: 0.287948015548836 	rmse: 0.331966848547204 
[1] "2022-04-26 13:42:40 HKT"
Epoch 5 	 loss: 5804.08318998319 	 dlt: 0.0155386478737953
mae: 0.245821148407057 	rmse: 0.285088885396418 

Execution halted

Attaching package: ‘dplyr’

The following objects are masked from ‘package:stats’:

    filter, lag

The following objects are masked from ‘package:base’:

    intersect, setdiff, setequal, union


> dim = 2

> a <- max(FU[2, ])

> b <- max(FV[2, ])

> U <- matrix(0, nrow = dim, ncol = N)

> V <- matrix(0, nrow = dim, ncol = M)

> WU <- matrix(0, nrow = 1 + a, ncol = dim)

> WV <- matrix(0, nrow = 1 + b, ncol = dim)

> aaa <- grad_ws_lpmf(train, t(U), t(V), t(FU), t(FV), 
+     t(WU), t(WV), 1, 1, 0.1, 0.1, 30000, nrow(train))
[1] 1e-08 1e+00 1e+00 1e+03 1e+03
[1] 16
[1] "2022-04-26 13:43:47 HKT"
Epoch 1 	 loss: 8991.49307945586 	 dlt: 0.439181986919269
mae: 0.319422387371892 	rmse: 0.363661564974852 
[1] "2022-04-26 13:44:18 HKT"
Epoch 3 	 loss: 6207.52325163986 	 dlt: 0.105290741730654
mae: 0.287948015548836 	rmse: 0.331966848547204 
[1] "2022-04-26 13:44:44 HKT"
Epoch 5 	 loss: 5804.08318998319 	 dlt: 0.0155386478737953
mae: 0.245821148407057 	rmse: 0.285088885396418 
[1] "2022-04-26 13:45:11 HKT"
Epoch 7 	 loss: 6063.88039232111 	 dlt: 0.0240966817731029
mae: 0.240450358309874 	rmse: 0.278295272892284 
[1] "2022-04-26 13:45:37 HKT"
Epoch 9 	 loss: 6449.6462447555 	 dlt: 0.0354156518159988
mae: 0.23950982760386 	rmse: 0.277102224032446 
[1] "2022-04-26 13:46:04 HKT"
Epoch 11 	 loss: 6889.47703072076 	 dlt: 0.0397413052260885
mae: 0.239305960292357 	rmse: 0.276822154894789 
[1] "2022-04-26 13:46:31 HKT"
Epoch 13 	 loss: 7283.96251883904 	 dlt: 0.0330120254697031
mae: 0.239281975902768 	rmse: 0.276781581521229 
[1] "2022-04-26 13:46:57 HKT"
Epoch 15 	 loss: 7813.10132206212 	 dlt: 0.0307700086655616
mae: 0.239273410049344 	rmse: 0.276771609188409 
[1] "2022-04-26 13:47:25 HKT"
Epoch 17 	 loss: 8238.13741328514 	 dlt: 0.025738435862536
mae: 0.239263131025234 	rmse: 0.276758541449771 
[1] "2022-04-26 13:47:52 HKT"
Epoch 19 	 loss: 8715.41942894496 	 dlt: 0.0277659315750101
mae: 0.23925456517181 	rmse: 0.276745129181654 
[1] "2022-04-26 13:48:19 HKT"
Epoch 21 	 loss: 9184.64651098144 	 dlt: 0.0286844981599678
mae: 0.239257991513179 	rmse: 0.276745817006088 
[1] "2022-04-26 13:48:45 HKT"
Epoch 23 	 loss: 9634.03401240996 	 dlt: 0.0253734550568664
mae: 0.23598240916363 	rmse: 0.273807657670886 
[1] "2022-04-26 13:49:12 HKT"
Epoch 25 	 loss: 10022.9514533766 	 dlt: 0.0220241954118883
mae: 0.229952048352743 	rmse: 0.26859758595027 
[1] "2022-04-26 13:49:39 HKT"
Epoch 27 	 loss: 10412.0483783139 	 dlt: 0.0221952037181033
mae: 0.224444204600756 	rmse: 0.263761536891738 
[1] "2022-04-26 13:50:06 HKT"
Epoch 29 	 loss: 10676.3215976669 	 dlt: 0.0119770560106052
mae: 0.221819627111472 	rmse: 0.261374958271316 
[1] "2022-04-26 13:50:32 HKT"
Epoch 31 	 loss: 11016.4305927874 	 dlt: 0.0138752143518595
mae: 0.217874195024121 	rmse: 0.257691249317233 
[1] "2022-04-26 13:50:59 HKT"
Epoch 33 	 loss: 11258.6555969754 	 dlt: 0.0126777729598654
mae: 0.211173984475435 	rmse: 0.251207131433895 
[1] "2022-04-26 13:51:26 HKT"
Epoch 35 	 loss: 11488.3054089533 	 dlt: 0.0106354063736832
mae: 0.205392033413861 	rmse: 0.24546248651001 
[1] "2022-04-26 13:51:52 HKT"
Epoch 37 	 loss: 11642.1499838339 	 dlt: 0.00695178469277234
mae: 0.197869500936418 	rmse: 0.23805216019254 
[1] "2022-04-26 13:52:19 HKT"
Epoch 39 	 loss: 11784.5333083919 	 dlt: 0.00622407465235377
mae: 0.192147510848816 	rmse: 0.23204146494974 
[1] "2022-04-26 13:52:46 HKT"
Epoch 41 	 loss: 11953.7628570551 	 dlt: 0.00452406006962568
mae: 0.189118625077893 	rmse: 0.228707451580729 
[1] "2022-04-26 13:53:13 HKT"
Epoch 43 	 loss: 12099.3738103831 	 dlt: 0.00251557114494856
mae: 0.186112010525874 	rmse: 0.225316086126608 
[1] "2022-04-26 13:53:40 HKT"
Epoch 45 	 loss: 12253.2928748111 	 dlt: 0.00670779783237989
mae: 0.183914012537134 	rmse: 0.222944434963684 
[1] "2022-04-26 13:54:07 HKT"
Epoch 47 	 loss: 12389.7850661254 	 dlt: 0.00576025963861167
mae: 0.182570886720164 	rmse: 0.221430612289722 
[1] "2022-04-26 13:54:34 HKT"
Epoch 49 	 loss: 12518.7868758479 	 dlt: 0.00859796539455656
mae: 0.18140421748374 	rmse: 0.220283881827887 
[1] "2022-04-26 13:55:01 HKT"
Epoch 51 	 loss: 12605.4127470403 	 dlt: 0.00244563204138704
mae: 0.180319780440192 	rmse: 0.219219736785221 
[1] "2022-04-26 13:55:28 HKT"
Epoch 53 	 loss: 12691.96920188 	 dlt: 0.00518923416220718
mae: 0.179416939489243 	rmse: 0.218516574496747 
[1] "2022-04-26 13:55:55 HKT"
Epoch 55 	 loss: 12779.0881292003 	 dlt: 0.00430015346481828
mae: 0.177935046846796 	rmse: 0.217193269274558 
[1] "2022-04-26 13:56:21 HKT"
Epoch 57 	 loss: 12852.6321401177 	 dlt: 0.00424411458354359
mae: 0.177486196127349 	rmse: 0.216871384998577 
[1] "2022-04-26 13:56:48 HKT"
Epoch 59 	 loss: 12886.5293474474 	 dlt: 0.00119123689315946
mae: 0.176621044931469 	rmse: 0.216176434070764 
[1] "2022-04-26 13:57:14 HKT"
Epoch 61 	 loss: 12953.7942911253 	 dlt: 0.00393067642441799
mae: 0.175606847886001 	rmse: 0.215510599918155 
[1] "2022-04-26 13:57:41 HKT"
Epoch 63 	 loss: 13015.0883732136 	 dlt: 0.00272982324525679
mae: 0.1751528576545 	rmse: 0.215221137255803 
[1] "2022-04-26 13:58:08 HKT"
Epoch 65 	 loss: 13049.5217296384 	 dlt: 0.000829441626444584
mae: 0.174738270348752 	rmse: 0.214902499443092 
[1] "2022-04-26 13:58:35 HKT"
Epoch 67 	 loss: 13099.0686421003 	 dlt: 0.00108541979496649
mae: 0.173223827463291 	rmse: 0.213765718447041 
[1] "2022-04-26 13:59:01 HKT"
Epoch 69 	 loss: 13172.0116043462 	 dlt: 0.00319998884792372
mae: 0.172725294793982 	rmse: 0.213402542768463 
[1] "2022-04-26 13:59:28 HKT"
Epoch 71 	 loss: 13214.0088333427 	 dlt: 0.00208840557768289
mae: 0.172619078211517 	rmse: 0.213304401629255 
[1] "2022-04-26 13:59:54 HKT"
Epoch 73 	 loss: 13231.5546580768 	 dlt: 0.000464075920897488
mae: 0.172356963096726 	rmse: 0.213118255543756 
[1] "2022-04-26 14:00:21 HKT"
Epoch 75 	 loss: 13264.7057469115 	 dlt: 0.000970372349680033
mae: 0.171983491887415 	rmse: 0.212844767940017 
[1] "2022-04-26 14:00:48 HKT"
Epoch 77 	 loss: 13287.1825073835 	 dlt: 0.000400438650166768
mae: 0.171735082138103 	rmse: 0.212665380275709 
[1] "2022-04-26 14:01:15 HKT"
Epoch 79 	 loss: 13316.2271031586 	 dlt: 0.000915478328571114
mae: 0.171137185569069 	rmse: 0.212608535167158 
[1] "2022-04-26 14:01:42 HKT"
Epoch 81 	 loss: 13343.8907995323 	 dlt: 0.000777171489708173
mae: 0.17072602460469 	rmse: 0.212409681524805 
[1] "2022-04-26 14:02:08 HKT"
Epoch 83 	 loss: 13371.6604354268 	 dlt: 0.00139685789933472
mae: 0.170188089009628 	rmse: 0.212111948931177 
[1] "2022-04-26 14:02:36 HKT"
Epoch 85 	 loss: 13408.5160747266 	 dlt: 0.000594905008716823
mae: 0.169646727073197 	rmse: 0.211748184213561 
[1] "2022-04-26 14:03:02 HKT"
Epoch 87 	 loss: 13438.7506678169 	 dlt: 0.00146096868953915
mae: 0.169334930008543 	rmse: 0.211547622044512 
[1] "2022-04-26 14:03:29 HKT"
Epoch 89 	 loss: 13470.2093689746 	 dlt: 0.000585643342276731
mae: 0.168689064660332 	rmse: 0.211196855924262 
[1] "2022-04-26 14:03:56 HKT"
Epoch 91 	 loss: 13487.2432015067 	 dlt: 0.00100360226813029
mae: 0.168015788581161 	rmse: 0.211032304075478 
[1] "2022-04-26 14:04:22 HKT"
Epoch 93 	 loss: 13505.5481447685 	 dlt: 0.00121976848697556
mae: 0.167609767128837 	rmse: 0.210720430725792 
[1] "2022-04-26 14:04:50 HKT"
Epoch 95 	 loss: 13536.7367057373 	 dlt: 0.00131681815682631
mae: 0.167184900798979 	rmse: 0.210415784760063 
[1] "2022-04-26 14:05:16 HKT"
Epoch 97 	 loss: 13563.8280561345 	 dlt: 5.57561975889778e-05
mae: 0.166802863736244 	rmse: 0.210211687566722 
[1] "2022-04-26 14:05:43 HKT"
Epoch 99 	 loss: 13572.0855558315 	 dlt: 5.74895705707874e-05
mae: 0.166523616914604 	rmse: 0.210036395060947 
[1] "2022-04-26 14:06:09 HKT"
Epoch 101 	 loss: 13597.6987151632 	 dlt: 0.000543680637707549
mae: 0.165959983759268 	rmse: 0.209641337522823 
[1] "2022-04-26 14:06:36 HKT"
Epoch 103 	 loss: 13633.7268089983 	 dlt: 0.000770724022503799
mae: 0.165454598407219 	rmse: 0.209290105049795 
[1] "2022-04-26 14:07:03 HKT"
Epoch 105 	 loss: 13643.9312308562 	 dlt: 6.23399050131093e-05
mae: 0.165370653043659 	rmse: 0.209236891710927 
[1] "2022-04-26 14:07:30 HKT"
Epoch 107 	 loss: 13662.1441988295 	 dlt: 0.000483946041089197
mae: 0.165055429637635 	rmse: 0.209038473135404 
[1] "2022-04-26 14:07:56 HKT"
Epoch 109 	 loss: 13681.6226758606 	 dlt: 0.000211800479219152
mae: 0.164781322328049 	rmse: 0.208869942548949 
[1] "2022-04-26 14:08:23 HKT"
Epoch 111 	 loss: 13684.6154032881 	 dlt: 0.000767425638929099
mae: 0.164570602333805 	rmse: 0.20864791235744 
[1] "2022-04-26 14:08:49 HKT"
Epoch 113 	 loss: 13702.1243907313 	 dlt: 0.000417560965577488
mae: 0.164404424777369 	rmse: 0.208538862401756 
[1] "2022-04-26 14:09:16 HKT"
Epoch 115 	 loss: 13725.7399603689 	 dlt: 0.000584190583828863
mae: 0.164176573076276 	rmse: 0.208387740812826 
[1] "2022-04-26 14:09:43 HKT"
Epoch 117 	 loss: 13743.6902738082 	 dlt: 0.00117927662251231
mae: 0.163801388696281 	rmse: 0.20807922222006 
[1] "2022-04-26 14:10:10 HKT"
Epoch 119 	 loss: 13758.9758439478 	 dlt: 0.000324127932138647
mae: 0.163510149679846 	rmse: 0.207898927159727 
[1] "2022-04-26 14:10:36 HKT"
Epoch 121 	 loss: 13770.3496414678 	 dlt: 3.07463262779528e-05
mae: 0.163177794566973 	rmse: 0.207655234683495 
[1] "2022-04-26 14:11:03 HKT"
Epoch 123 	 loss: 13804.0209249788 	 dlt: 0.00134035981507284
mae: 0.162910539940127 	rmse: 0.207478241038198 
[1] "2022-04-26 14:11:30 HKT"
Epoch 125 	 loss: 13812.2394740041 	 dlt: 0.000152638059632893
mae: 0.162651851166706 	rmse: 0.207191337458525 
[1] "2022-04-26 14:11:56 HKT"
Epoch 127 	 loss: 13829.3144605517 	 dlt: 0.000250329528223127
mae: 0.162439418001777 	rmse: 0.207020383689327 
[1] "2022-04-26 14:12:23 HKT"
Epoch 129 	 loss: 13850.9201952069 	 dlt: 0.00058128819889259
mae: 0.16229722483493 	rmse: 0.206888395405004 
[1] "2022-04-26 14:12:50 HKT"
Epoch 131 	 loss: 13859.3528521033 	 dlt: 0.000790402362478944
mae: 0.162179016057671 	rmse: 0.206807873401983 
[1] "2022-04-26 14:13:18 HKT"
Epoch 133 	 loss: 13862.9057130865 	 dlt: 0.00078713662517855
mae: 0.162137899961233 	rmse: 0.206770132302971 
[1] "2022-04-26 14:13:45 HKT"
Epoch 135 	 loss: 13872.2562333866 	 dlt: 0.000877978327119368
mae: 0.16189976923603 	rmse: 0.206572569516399 
[1] "2022-04-26 14:14:12 HKT"
Epoch 137 	 loss: 13891.6930190925 	 dlt: 9.14411931358599e-05
mae: 0.161822676555209 	rmse: 0.206502064335842 
[1] "2022-04-26 14:14:38 HKT"
Epoch 139 	 loss: 13892.6916171631 	 dlt: 0.000624503878359524
mae: 0.161788413141511 	rmse: 0.206475330588575 
[1] "2022-04-26 14:15:05 HKT"
Epoch 141 	 loss: 13904.1760463152 	 dlt: 0.000580385173777425
mae: 0.161647933145349 	rmse: 0.206346222398499 
[1] "2022-04-26 14:15:31 HKT"
Epoch 143 	 loss: 13916.0222228761 	 dlt: 0.000556719480471379
mae: 0.161392670713297 	rmse: 0.206153793537082 
[1] "2022-04-26 14:15:58 HKT"
Epoch 145 	 loss: 13927.1785617862 	 dlt: 0.000672227295552151
mae: 0.161209361450011 	rmse: 0.205997226099281 
[1] "2022-04-26 14:16:25 HKT"
Epoch 147 	 loss: 13931.6256574185 	 dlt: 0.000506774398925497
mae: 0.161113423891657 	rmse: 0.205908497928862 
[1] "2022-04-26 14:16:52 HKT"
Epoch 149 	 loss: 13983.8219890623 	 dlt: 0.0033166239746528
mae: 0.161089439502068 	rmse: 0.20588353624127 
[1] "2022-04-26 14:17:19 HKT"
Epoch 151 	 loss: 13940.6018081367 	 dlt: 0.000477097027663721
mae: 0.161060315600424 	rmse: 0.205911733481626 
[1] "2022-04-26 14:17:46 HKT"
Epoch 153 	 loss: 13955.9842983446 	 dlt: 0.000354930272032855
mae: 0.160926688287002 	rmse: 0.205778571584825 
[1] "2022-04-26 14:18:13 HKT"
Epoch 155 	 loss: 13964.6059842548 	 dlt: 0.000209323436252432
mae: 0.160811905851113 	rmse: 0.205677255354495 
[1] "2022-04-26 14:18:40 HKT"
Epoch 157 	 loss: 13960.7310489226 	 dlt: 0.000121939283075292
mae: 0.160731386828922 	rmse: 0.205645323461473 
[1] "2022-04-26 14:19:07 HKT"
Epoch 159 	 loss: 13978.1656328513 	 dlt: 0.000689025150727338
mae: 0.160608038539608 	rmse: 0.205549034985627 
[1] "2022-04-26 14:19:33 HKT"
Epoch 161 	 loss: 13976.5224941129 	 dlt: 0.000183336152863275
mae: 0.16066114683084 	rmse: 0.205642083717039 
[1] "2022-04-26 14:20:00 HKT"
Epoch 163 	 loss: 13980.5619743193 	 dlt: 0.000243322641030401
mae: 0.160794774144263 	rmse: 0.20581973150804 
[1] "2022-04-26 14:20:26 HKT"
Epoch 165 	 loss: 13983.6245835743 	 dlt: 0.000228226093784721
mae: 0.160717681463442 	rmse: 0.205746192826522 
[1] "2022-04-26 14:20:53 HKT"
Epoch 167 	 loss: 13995.7053312603 	 dlt: 0.000191011821704675
mae: 0.160683418049744 	rmse: 0.205698077831521 
[1] "2022-04-26 14:21:20 HKT"
Epoch 169 	 loss: 13999.4187695997 	 dlt: 0.000664508510678971
mae: 0.160652580977416 	rmse: 0.205702704762397 
[1] "2022-04-26 14:21:47 HKT"
Epoch 171 	 loss: 14016.4679816495 	 dlt: 0.00108663913673375
mae: 0.160726247316867 	rmse: 0.206036956535117 
[1] "2022-04-26 14:22:14 HKT"
Epoch 173 	 loss: 14004.4684947588 	 dlt: 4.29008639592402e-05
mae: 0.160640588782621 	rmse: 0.206118241460474 
[1] "2022-04-26 14:22:41 HKT"
Epoch 175 	 loss: 14013.7236436132 	 dlt: 0.000411994411362674
mae: 0.160620030734402 	rmse: 0.20610900615158 
[1] "2022-04-26 14:23:08 HKT"
Epoch 177 	 loss: 14040.0704697634 	 dlt: 0.000767721379345863
mae: 0.160623457075772 	rmse: 0.20614225132726 
[1] "2022-04-26 14:23:35 HKT"
Epoch 179 	 loss: 14045.2928249953 	 dlt: 0.000106330398237291
mae: 0.160582340979334 	rmse: 0.206115470911255 
[1] "2022-04-26 14:24:02 HKT"
Epoch 181 	 loss: 14051.6595459845 	 dlt: 0.000162421821553977
mae: 0.160520666834677 	rmse: 0.206064670907346 
[1] "2022-04-26 14:24:28 HKT"
Epoch 183 	 loss: 14052.6124196165 	 dlt: 9.88940090982308e-05
mae: 0.16047612439687 	rmse: 0.206030489311842 
[1] "2022-04-26 14:24:55 HKT"
Epoch 185 	 loss: 14069.547144354 	 dlt: 0.000488053107632983
mae: 0.16046584537276 	rmse: 0.206028641496476 
[1] "2022-04-26 14:25:22 HKT"
Epoch 187 	 loss: 14065.4401319576 	 dlt: 0.000124122138007328
mae: 0.160435008300432 	rmse: 0.206021250069284 
[1] "2022-04-26 14:25:49 HKT"
Epoch 189 	 loss: 14071.1148235499 	 dlt: 0.000228784806393334
mae: 0.160450426836596 	rmse: 0.206032799057743 
[1] "2022-04-26 14:26:15 HKT"
Epoch 191 	 loss: 14080.396212066 	 dlt: 0.000124007062046765
mae: 0.160416163422898 	rmse: 0.205993991889349 
[1] "2022-04-26 14:26:42 HKT"
Epoch 193 	 loss: 14100.339896283 	 dlt: 0.000546522587125443
mae: 0.160400744886734 	rmse: 0.205981516603929 
[1] "2022-04-26 14:27:09 HKT"
Epoch 195 	 loss: 14093.7701854238 	 dlt: 0.000113020171661543
mae: 0.160328791717967 	rmse: 0.205962109102439 
[1] "2022-04-26 14:27:35 HKT"
Epoch 197 	 loss: 14113.2863670833 	 dlt: 0.000552646797453615
mae: 0.160311660011118 	rmse: 0.20594639692838 
[1] "2022-04-26 14:28:02 HKT"
Epoch 199 	 loss: 14124.2339738488 	 dlt: 0.000872151282392662
mae: 0.160222575135503 	rmse: 0.20586319485057 
[1] "2022-04-26 14:28:29 HKT"
Epoch 201 	 loss: 14121.9791914751 	 dlt: 8.45827824744389e-05
mae: 0.160210582940709 	rmse: 0.205848862209233 
[1] "2022-04-26 14:28:56 HKT"
Epoch 203 	 loss: 14126.1693440755 	 dlt: 0.000211571127073858
mae: 0.160147195625367 	rmse: 0.205805858296336 
[1] "2022-04-26 14:29:22 HKT"
Epoch 205 	 loss: 14138.0048974273 	 dlt: 5.13074653218057e-06
mae: 0.160114645382354 	rmse: 0.205786896727805 
[1] "2022-04-26 14:29:49 HKT"
Epoch 207 	 loss: 14143.4165721284 	 dlt: 0.00117492269653043
mae: 0.159934762460438 	rmse: 0.205799383810824 
[1] "2022-04-26 14:30:16 HKT"
Epoch 209 	 loss: 14142.2388038465 	 dlt: 1.06725984056886e-06
mae: 0.159974165386191 	rmse: 0.205916355611668 
[1] "2022-04-26 14:30:42 HKT"
Epoch 211 	 loss: 14148.6789309013 	 dlt: 0.000352415417482443
mae: 0.159946754655232 	rmse: 0.205896941968212 
[1] "2022-04-26 14:31:09 HKT"
Epoch 213 	 loss: 14152.0270216669 	 dlt: 0.000194877674842639
mae: 0.159970739044821 	rmse: 0.205936691751414 
[1] "2022-04-26 14:31:36 HKT"
Epoch 215 	 loss: 14159.9761211122 	 dlt: 0.000351238620415446
mae: 0.159927909777698 	rmse: 0.205886309911562 
[1] "2022-04-26 14:32:03 HKT"
Epoch 217 	 loss: 14159.6463279947 	 dlt: 0.000308531544674237
mae: 0.159813127341809 	rmse: 0.20596257120706 
[1] "2022-04-26 14:32:30 HKT"
Epoch 219 	 loss: 14169.3960737916 	 dlt: 0.000360217756552974
mae: 0.159780577098796 	rmse: 0.205936229588722 
[1] "2022-04-26 14:32:57 HKT"
Epoch 221 	 loss: 14176.3079065176 	 dlt: 0.000123744984885228
mae: 0.159710337100714 	rmse: 0.205939464705789 
[1] "2022-04-26 14:33:23 HKT"
Epoch 223 	 loss: 14182.1521882556 	 dlt: 0.00071928557430442
mae: 0.15969491856455 	rmse: 0.20593715391307 
[1] "2022-04-26 14:33:50 HKT"
Epoch 225 	 loss: 14183.9145587845 	 dlt: 2.76837783587114e-05
mae: 0.159693205393865 	rmse: 0.205948707617391 
[1] "2022-04-26 14:34:18 HKT"
Epoch 227 	 loss: 14190.79054591 	 dlt: 0.000124725152549893
mae: 0.159662368321537 	rmse: 0.205923750803942 
[1] "2022-04-26 14:34:44 HKT"
Epoch 229 	 loss: 14193.5553362264 	 dlt: 0.000360893037721211
mae: 0.159794282464275 	rmse: 0.206093305176682 
[1] "2022-04-26 14:35:11 HKT"
Epoch 231 	 loss: 14191.1059632285 	 dlt: 3.10280131308774e-05
mae: 0.159780577098796 	rmse: 0.206085916068701 
[1] "2022-04-26 14:35:38 HKT"
Epoch 233 	 loss: 14200.5458984811 	 dlt: 0.000212238211109056
mae: 0.159826832707288 	rmse: 0.20615933356826 
[1] "2022-04-26 14:36:05 HKT"
Epoch 235 	 loss: 14204.6320491733 	 dlt: 0.000327693474368719
mae: 0.159748026855781 	rmse: 0.206375278783396 
[1] "2022-04-26 14:36:31 HKT"
Epoch 237 	 loss: 14211.5010108738 	 dlt: 0.000100734785771054
mae: 0.159708623930028 	rmse: 0.206361904130275 
[1] "2022-04-26 14:36:59 HKT"
Epoch 239 	 loss: 14219.4277073863 	 dlt: 9.72546300325592e-05
mae: 0.159753166367836 	rmse: 0.206431074019929 
[1] "2022-04-26 14:37:25 HKT"
Epoch 241 	 loss: 14217.3815720294 	 dlt: 7.98561345370304e-05
mae: 0.159487624911674 	rmse: 0.206447210326182 
[1] "2022-04-26 14:37:52 HKT"
Epoch 243 	 loss: 14232.8850681144 	 dlt: 0.000562017690911539
mae: 0.159491051253044 	rmse: 0.206455508506875 
[1] "2022-04-26 14:38:18 HKT"
Epoch 245 	 loss: 14235.3464840595 	 dlt: 0.000195344599713747
mae: 0.159503043447839 	rmse: 0.206492846193268 
[1] "2022-04-26 14:38:45 HKT"
Epoch 247 	 loss: 14239.7466218371 	 dlt: 0.000227479007464061
mae: 0.159434516620442 	rmse: 0.206634759991828 
[1] "2022-04-26 14:39:11 HKT"
Epoch 249 	 loss: 14237.3894499776 	 dlt: 0.000193108663166069
mae: 0.159432803449757 	rmse: 0.206658249300856 
[1] "2022-04-26 14:39:38 HKT"
Epoch 251 	 loss: 14238.5757029458 	 dlt: 0.000202118800840917
mae: 0.159429377108387 	rmse: 0.20667206529438 
[1] "2022-04-26 14:40:04 HKT"
Epoch 253 	 loss: 14242.800960033 	 dlt: 0.000288616710309253
mae: 0.15937798198784 	rmse: 0.206648116985207 
[1] "2022-04-26 14:40:30 HKT"
Epoch 255 	 loss: 14247.8164337856 	 dlt: 0.000536791932436751
mae: 0.159379695158525 	rmse: 0.206648577555787 
[1] "2022-04-26 14:40:57 HKT"
Epoch 257 	 loss: 14239.142440391 	 dlt: 0.00056259211297414
mae: 0.15937798198784 	rmse: 0.20664903812534 
[1] "2022-04-26 14:41:23 HKT"
Epoch 259 	 loss: 14244.5942021023 	 dlt: 0.000301007165824535
mae: 0.159353997598251 	rmse: 0.206683117424245 
[1] "2022-04-26 14:41:50 HKT"
Epoch 261 	 loss: 14249.133529668 	 dlt: 2.23871460235421e-05
mae: 0.159365989793045 	rmse: 0.206709363864361 
[1] "2022-04-26 14:42:17 HKT"
Epoch 263 	 loss: 14249.2211473712 	 dlt: 2.34899560579872e-05
mae: 0.159333439550032 	rmse: 0.206709824298476 
[1] "2022-04-26 14:42:43 HKT"
Epoch 265 	 loss: 14253.9974356582 	 dlt: 0.000534710855632502
mae: 0.159304315648389 	rmse: 0.206694629431106 
[1] "2022-04-26 14:43:09 HKT"
Epoch 267 	 loss: 14257.4366326374 	 dlt: 0.000209183360132867
mae: 0.159306028819073 	rmse: 0.206692327081028 
[1] "2022-04-26 14:43:36 HKT"
Epoch 269 	 loss: 14257.5014102615 	 dlt: 7.21691421792245e-05
mae: 0.159311168331128 	rmse: 0.206708442993052 
[1] "2022-04-26 14:44:02 HKT"
Epoch 271 	 loss: 14264.2685692361 	 dlt: 0.000311928845658302
mae: 0.159372842475785 	rmse: 0.206825360844327 
[1] "2022-04-26 14:44:28 HKT"
Epoch 273 	 loss: 14273.290096553 	 dlt: 0.000125259235589526
mae: 0.159460214180715 	rmse: 0.206955549789832 
[1] "2022-04-26 14:44:54 HKT"
Epoch 275 	 loss: 14280.3553885325 	 dlt: 0.000546373988186804
mae: 0.159467066863455 	rmse: 0.206975783824915 
[1] "2022-04-26 14:45:20 HKT"
Epoch 277 	 loss: 14274.7060583496 	 dlt: 0.000341177514130183
mae: 0.15937455564647 	rmse: 0.206907716022835 
[1] "2022-04-26 14:45:47 HKT"
Epoch 279 	 loss: 14282.055138005 	 dlt: 0.000212663697186352
mae: 0.159350571256881 	rmse: 0.206898515953642 
[1] "2022-04-26 14:46:14 HKT"
Epoch 281 	 loss: 14282.8433346797 	 dlt: 0.000174514689120861
mae: 0.15936770296373 	rmse: 0.2069233552017 
[1] "2022-04-26 14:46:40 HKT"
Epoch 283 	 loss: 14280.2126946198 	 dlt: 0.000402930286314188
mae: 0.159422524425647 	rmse: 0.206997855061973 
[1] "2022-04-26 14:47:07 HKT"
Epoch 285 	 loss: 14283.1230039859 	 dlt: 9.4285639986501e-05
mae: 0.159431090279072 	rmse: 0.20701026909869 
[1] "2022-04-26 14:47:33 HKT"
Epoch 287 	 loss: 14289.7817558482 	 dlt: 0.000572002693086508
mae: 0.159381408329209 	rmse: 0.20705853883295 
[1] "2022-04-26 14:48:00 HKT"
Epoch 289 	 loss: 14296.4109616559 	 dlt: 0.000107105535548963
mae: 0.159400253206743 	rmse: 0.20709117199151 
[1] "2022-04-26 14:48:26 HKT"
Epoch 291 	 loss: 14297.4439613762 	 dlt: 9.15910393896694e-05
mae: 0.159381408329209 	rmse: 0.207154125668999 
[1] "2022-04-26 14:48:52 HKT"
Epoch 293 	 loss: 14312.2797465474 	 dlt: 0.000305765611526568
mae: 0.15936770296373 	rmse: 0.207141260779532 
[1] "2022-04-26 14:49:19 HKT"
Epoch 295 	 loss: 14310.3273855914 	 dlt: 5.02561822923891e-05
mae: 0.159328300037977 	rmse: 0.20709392948758 
[1] "2022-04-26 14:49:46 HKT"
Epoch 297 	 loss: 14317.08421682 	 dlt: 0.000321671166495986
mae: 0.159400253206743 	rmse: 0.207206955230741 
[1] "2022-04-26 14:50:12 HKT"
Epoch 299 	 loss: 14317.6187436309 	 dlt: 4.09308031306896e-05
mae: 0.159396826865373 	rmse: 0.207220734640489 
[1] "2022-04-26 14:50:38 HKT"
Epoch 301 	 loss: 14333.339434329 	 dlt: 0.000893061115974874
mae: 0.159422524425647 	rmse: 0.207265281795774 
[1] "2022-04-26 14:51:04 HKT"
Epoch 303 	 loss: 14341.3433563266 	 dlt: 0.000965613962286431
mae: 0.159384834670579 	rmse: 0.207328641665955 
[1] "2022-04-26 14:51:31 HKT"
Epoch 305 	 loss: 14330.5242645517 	 dlt: 0.000238972874791037
mae: 0.15935742393962 	rmse: 0.207337822649454 
[1] "2022-04-26 14:51:57 HKT"
Epoch 307 	 loss: 14337.9951155564 	 dlt: 0.00037674405668851
mae: 0.159340292232771 	rmse: 0.207331396003693 
[1] "2022-04-26 14:52:24 HKT"
Epoch 309 	 loss: 14333.769755624 	 dlt: 0.000151072681419992
mae: 0.159340292232771 	rmse: 0.207333232208523 
[1] "2022-04-26 14:52:50 HKT"
Epoch 311 	 loss: 14343.9445037929 	 dlt: 0.000652272004111405
mae: 0.159422524425647 	rmse: 0.207416762332093 
[1] "2022-04-26 14:53:17 HKT"
Epoch 313 	 loss: 14343.9295447326 	 dlt: 0.000403282057161611
mae: 0.159446508815235 	rmse: 0.207459891093123 
[1] "2022-04-26 14:53:43 HKT"
Epoch 315 	 loss: 14344.9044359326 	 dlt: 0.000267908019663063
mae: 0.159477345887564 	rmse: 0.207506680246202 
[1] "2022-04-26 14:54:10 HKT"
Epoch 317 	 loss: 14353.7964378164 	 dlt: 9.57054618158627e-05
mae: 0.159465353692769 	rmse: 0.207516311997549 
[1] "2022-04-26 14:54:36 HKT"
Epoch 319 	 loss: 14354.2978888444 	 dlt: 0.0001779301567775
mae: 0.159472206375509 	rmse: 0.207546580306093 
[1] "2022-04-26 14:55:03 HKT"
Epoch 321 	 loss: 14366.2893191556 	 dlt: 0.000123972909198029
mae: 0.159537306861536 	rmse: 0.207607103684176 
[1] "2022-04-26 14:55:29 HKT"
Epoch 323 	 loss: 14361.9145171884 	 dlt: 5.37699821751295e-06
mae: 0.159535593690851 	rmse: 0.207605728348804 
[1] "2022-04-26 14:55:56 HKT"
Epoch 325 	 loss: 14363.2133317119 	 dlt: 0.000303087937808216
mae: 0.159544159544275 	rmse: 0.207616272353828 
[1] "2022-04-26 14:56:22 HKT"
Epoch 327 	 loss: 14364.2978031034 	 dlt: 8.82906358909666e-05
mae: 0.159634957590575 	rmse: 0.207757876881433 
[1] "2022-04-26 14:56:48 HKT"
Epoch 329 	 loss: 14371.2771686832 	 dlt: 0.000235918823426183
mae: 0.159633244419891 	rmse: 0.20775650254417 
[1] "2022-04-26 14:57:14 HKT"
Epoch 331 	 loss: 14372.3742217936 	 dlt: 8.86799932012753e-05
mae: 0.1595527253977 	rmse: 0.207786277816358 
[1] "2022-04-26 14:57:41 HKT"
Epoch 333 	 loss: 14381.8280671067 	 dlt: 0.000670806021658233
mae: 0.159554438568384 	rmse: 0.207787651956683 
[1] "2022-04-26 14:58:08 HKT"
Epoch 335 	 loss: 14378.1720184344 	 dlt: 0.00023409980916713
mae: 0.159551012227015 	rmse: 0.207784903666945 
[1] "2022-04-26 14:58:35 HKT"
Epoch 337 	 loss: 14378.2304670585 	 dlt: 0.000719531030523625
mae: 0.159568143933864 	rmse: 0.207815132855072 
[1] "2022-04-26 14:59:01 HKT"
Epoch 339 	 loss: 14376.5866548102 	 dlt: 8.93537250874295e-05
mae: 0.15934714491551 	rmse: 0.207745965656434 
[1] "2022-04-26 14:59:27 HKT"
Epoch 341 	 loss: 14387.6483395545 	 dlt: 0.000484365105912535
mae: 0.159311168331127 	rmse: 0.207729013889457 
[1] "2022-04-26 14:59:54 HKT"
Epoch 343 	 loss: 14385.0916771655 	 dlt: 4.69473165661312e-05
mae: 0.159297462965648 	rmse: 0.207716184605662 
[1] "2022-04-26 15:00:20 HKT"
Epoch 345 	 loss: 14379.1036177087 	 dlt: 0.000524380119060887
mae: 0.159316307843182 	rmse: 0.207773452068409 
[1] "2022-04-26 15:00:46 HKT"
Epoch 347 	 loss: 14402.6145019351 	 dlt: 0.000438020410800045
mae: 0.159318021013867 	rmse: 0.207773910144469 
[1] "2022-04-26 15:01:12 HKT"
Epoch 349 	 loss: 14395.3107638944 	 dlt: 3.05665019113041e-05
mae: 0.159304315648388 	rmse: 0.207763832237853 
[1] "2022-04-26 15:01:38 HKT"
Epoch 351 	 loss: 14394.3699653722 	 dlt: 6.10079015983911e-06
mae: 0.159307741989757 	rmse: 0.207771161672962 
[1] "2022-04-26 15:02:04 HKT"
Epoch 353 	 loss: 14400.5003663044 	 dlt: 0.000337817348820687
mae: 0.159276904917429 	rmse: 0.207742758671478 
[1] "2022-04-26 15:02:31 HKT"
Epoch 355 	 loss: 14410.0089823735 	 dlt: 0.000596306741011798
mae: 0.159271765405374 	rmse: 0.207737719023663 
[1] "2022-04-26 15:02:57 HKT"
Epoch 357 	 loss: 14412.1847483352 	 dlt: 0.000263806335204406
mae: 0.159270052234689 	rmse: 0.207735428234239 
[1] "2022-04-26 15:03:24 HKT"
Epoch 359 	 loss: 14413.7510606761 	 dlt: 4.69823034207039e-05
mae: 0.159258060039895 	rmse: 0.207725806642791 
[1] "2022-04-26 15:03:50 HKT"
Epoch 361 	 loss: 14408.1675833394 	 dlt: 0.00038369045267412
mae: 0.15925292052784 	rmse: 0.207743674957946 
[1] "2022-04-26 15:04:16 HKT"
Epoch 363 	 loss: 14414.0553932618 	 dlt: 0.000258961698049706
mae: 0.159266625893319 	rmse: 0.207767496987728 
[1] "2022-04-26 15:04:42 HKT"
Epoch 365 	 loss: 14418.5284387734 	 dlt: 0.000387749610040422
mae: 0.159266625893319 	rmse: 0.207767496987728 
[1] "2022-04-26 15:05:09 HKT"
Epoch 367 	 loss: 14410.5864615174 	 dlt: 8.26528049226125e-05
mae: 0.159292323453593 	rmse: 0.207788110001439 
[1] "2022-04-26 15:05:35 HKT"
Epoch 369 	 loss: 14411.8248317696 	 dlt: 4.56090741500097e-05
mae: 0.159294036624278 	rmse: 0.207786735864143 
[1] "2022-04-26 15:06:02 HKT"
Epoch 371 	 loss: 14417.2322992235 	 dlt: 0.000106816941084223
mae: 0.159295749794963 	rmse: 0.207797270684522 
[1] "2022-04-26 15:06:29 HKT"
Epoch 373 	 loss: 14423.8345624845 	 dlt: 0.000504685626217707
mae: 0.159268339064004 	rmse: 0.207767038897528 
[1] "2022-04-26 15:06:56 HKT"
Epoch 375 	 loss: 14427.2710375792 	 dlt: 0.000191975795348584
mae: 0.15925977321058 	rmse: 0.207757418770022 
[1] "2022-04-26 15:07:22 HKT"
Epoch 377 	 loss: 14429.705676481 	 dlt: 3.72551285971708e-05
mae: 0.159302602477703 	rmse: 0.207828413986689 
[1] "2022-04-26 15:07:49 HKT"
Epoch 379 	 loss: 14425.6382019989 	 dlt: 6.28750659669421e-05
mae: 0.159271765405374 	rmse: 0.207800018810698 
[1] "2022-04-26 15:08:16 HKT"
Epoch 381 	 loss: 14428.8867351357 	 dlt: 0.000134636722019642
mae: 0.159270052234689 	rmse: 0.207802308888082 
[1] "2022-04-26 15:08:43 HKT"
Epoch 383 	 loss: 14434.8195458894 	 dlt: 0.000410867091461653
mae: 0.159312881501812 	rmse: 0.2078787829795 
[1] "2022-04-26 15:09:09 HKT"
Epoch 385 	 loss: 14432.1272291513 	 dlt: 0.000133036256216654
mae: 0.159282044429484 	rmse: 0.207865047191894 
[1] "2022-04-26 15:09:35 HKT"
Epoch 387 	 loss: 14437.4685021816 	 dlt: 1.25819780638026e-05
mae: 0.159278618088114 	rmse: 0.207863215684967 
[1] "2022-04-26 15:10:02 HKT"
Epoch 389 	 loss: 14437.1828006725 	 dlt: 0.000128090446406728
mae: 0.159282044429484 	rmse: 0.20787145733906 
[1] "2022-04-26 15:10:28 HKT"
Epoch 391 	 loss: 14441.3548325545 	 dlt: 0.000234046795303011
mae: 0.159276904917429 	rmse: 0.20786733655286 
[1] "2022-04-26 15:10:55 HKT"
Epoch 393 	 loss: 14444.0440138008 	 dlt: 0.000201716681712959
mae: 0.159330013208661 	rmse: 0.207966670537171 
[1] "2022-04-26 15:11:21 HKT"
Epoch 395 	 loss: 14457.1464272567 	 dlt: 0.000727117001506515
mae: 0.159365989793044 	rmse: 0.208038509332173 
[1] "2022-04-26 15:11:48 HKT"
Epoch 397 	 loss: 14459.2195552368 	 dlt: 0.00094955719419559
mae: 0.159318021013867 	rmse: 0.208014718338967 
[1] "2022-04-26 15:12:14 HKT"
Epoch 399 	 loss: 14459.1985642463 	 dlt: 8.17577757882646e-05
mae: 0.159326586867291 	rmse: 0.208042626727884 
[1] "2022-04-26 15:12:40 HKT"
Epoch 401 	 loss: 14456.0440862746 	 dlt: 1.65570679372265e-05
mae: 0.159333439550031 	rmse: 0.20806458479558 
[1] "2022-04-26 15:13:07 HKT"
Epoch 403 	 loss: 14460.1137027566 	 dlt: 3.97672183196107e-05
mae: 0.159307741989757 	rmse: 0.20805040380857 
[1] "2022-04-26 15:13:33 HKT"
Epoch 405 	 loss: 14468.2624821903 	 dlt: 0.000238798993406488
mae: 0.15935057125688 	rmse: 0.208114896629176 
[1] "2022-04-26 15:13:59 HKT"
Epoch 407 	 loss: 14468.805756879 	 dlt: 4.32543516070226e-05
mae: 0.159357423939619 	rmse: 0.208121299080967 
[1] "2022-04-26 15:14:25 HKT"
Epoch 409 	 loss: 14471.6203355412 	 dlt: 0.00042142869796984
mae: 0.159451648327289 	rmse: 0.208258904186458 
[1] "2022-04-26 15:14:52 HKT"
Epoch 411 	 loss: 14465.3711684523 	 dlt: 0.000365231741497354
mae: 0.159424237596331 	rmse: 0.208238794828961 
[1] "2022-04-26 15:15:18 HKT"
Epoch 413 	 loss: 14474.1228309818 	 dlt: 0.000555791887533176
mae: 0.159427663937701 	rmse: 0.208241537128423 
[1] "2022-04-26 15:15:45 HKT"
Epoch 415 	 loss: 14474.7264490994 	 dlt: 0.000220682247578818
mae: 0.159425950767016 	rmse: 0.20824108008102 
[1] "2022-04-26 15:16:11 HKT"
Epoch 417 	 loss: 14474.154845262 	 dlt: 8.01304318569531e-06
mae: 0.159419098084276 	rmse: 0.208251134892161 
[1] "2022-04-26 15:16:37 HKT"
Epoch 419 	 loss: 14477.9609827094 	 dlt: 5.06412519210479e-05
mae: 0.159413958572221 	rmse: 0.208247021619009 
[1] "2022-04-26 15:17:03 HKT"
Epoch 421 	 loss: 14478.0155936232 	 dlt: 0.00011846773744593
mae: 0.159408819060167 	rmse: 0.208237423665688 
[1] "2022-04-26 15:17:30 HKT"
Epoch 423 	 loss: 14473.7950787096 	 dlt: 0.000326719827269063
mae: 0.159401966377427 	rmse: 0.208232853056236 
[1] "2022-04-26 15:17:56 HKT"
Epoch 425 	 loss: 14476.254734961 	 dlt: 0.000478149901226671
mae: 0.159424237596331 	rmse: 0.208268044161631 
[1] "2022-04-26 15:18:22 HKT"
Epoch 427 	 loss: 14472.8833564936 	 dlt: 7.92042832814629e-05
mae: 0.159436229791125 	rmse: 0.208277640703883 
[1] "2022-04-26 15:18:48 HKT"
Epoch 429 	 loss: 14470.3305533979 	 dlt: 0.000136481203395375
mae: 0.159432803449756 	rmse: 0.208273070977005 
[1] "2022-04-26 15:19:15 HKT"
Epoch 431 	 loss: 14477.8924703166 	 dlt: 0.000244587370746804
mae: 0.159431090279071 	rmse: 0.208280839453042 
[1] "2022-04-26 15:19:42 HKT"
Epoch 433 	 loss: 14481.8403447904 	 dlt: 0.000127637956702071
mae: 0.159431090279071 	rmse: 0.208280839453042 
[1] "2022-04-26 15:20:08 HKT"
Epoch 435 	 loss: 14486.276541838 	 dlt: 0.000294627805351647
mae: 0.159431090279071 	rmse: 0.208280839453042 
[1] "2022-04-26 15:20:34 HKT"
Epoch 437 	 loss: 14484.5412709353 	 dlt: 9.74711704304083e-06
mae: 0.159439656132495 	rmse: 0.208289521524565 
[1] "2022-04-26 15:21:00 HKT"
Epoch 439 	 loss: 14487.1346714851 	 dlt: 0.000108298568866934
mae: 0.159429377108386 	rmse: 0.208279468566561 
[1] "2022-04-26 15:21:27 HKT"
Epoch 441 	 loss: 14489.0471983956 	 dlt: 0.000174905296415066
mae: 0.159470493204824 	rmse: 0.208332469608015 
[1] "2022-04-26 15:21:53 HKT"
Epoch 443 	 loss: 14484.8217180696 	 dlt: 3.39918650127125e-05
mae: 0.159458501010029 	rmse: 0.208336581194133 
[1] "2022-04-26 15:22:19 HKT"
Epoch 445 	 loss: 14486.6919218907 	 dlt: 5.79470190823195e-05
mae: 0.15944822198592 	rmse: 0.2083292716516 
[1] "2022-04-26 15:22:46 HKT"
Epoch 447 	 loss: 14486.5548457981 	 dlt: 5.22495088346603e-05
mae: 0.159446508815235 	rmse: 0.208327901083823 
[1] "2022-04-26 15:23:12 HKT"
Epoch 449 	 loss: 14489.6338610051 	 dlt: 7.90572912538256e-05
mae: 0.159446508815235 	rmse: 0.208327901083823 
[1] "2022-04-26 15:23:38 HKT"
Epoch 451 	 loss: 14500.462723035 	 dlt: 0.000632441604920583
mae: 0.15944479564455 	rmse: 0.2083292716516 
[1] "2022-04-26 15:24:06 HKT"
Epoch 453 	 loss: 14500.1448350466 	 dlt: 9.3781020642003e-05
mae: 0.159451648327289 	rmse: 0.208343890480217 
[1] "2022-04-26 15:24:32 HKT"
Epoch 455 	 loss: 14504.9747156325 	 dlt: 0.000264220381969308
mae: 0.15953216734948 	rmse: 0.208427472208022 
[1] "2022-04-26 15:24:59 HKT"
Epoch 457 	 loss: 14515.7316471058 	 dlt: 0.00104141140311101
mae: 0.159537306861535 	rmse: 0.208431581920088 
[1] "2022-04-26 15:25:25 HKT"
Epoch 459 	 loss: 14522.8766074687 	 dlt: 5.37336951785725e-05
mae: 0.159530454178795 	rmse: 0.208418795883091 
[1] "2022-04-26 15:25:51 HKT"
Epoch 461 	 loss: 14510.3568334495 	 dlt: 0.000137832976757353
mae: 0.159513322471946 	rmse: 0.208397788547851 
[1] "2022-04-26 15:26:18 HKT"
Epoch 463 	 loss: 14515.8644950572 	 dlt: 0.000211798830589467
mae: 0.159513322471946 	rmse: 0.208397788547851 
[1] "2022-04-26 15:26:44 HKT"
Epoch 465 	 loss: 14509.6140831313 	 dlt: 0.000178925893940508
mae: 0.159504756618522 	rmse: 0.208393678169348 
[1] "2022-04-26 15:27:11 HKT"
Epoch 467 	 loss: 14511.1090625931 	 dlt: 0.00024169758969179
mae: 0.159499617106467 	rmse: 0.208390481152239 
[1] "2022-04-26 15:27:37 HKT"
Epoch 469 	 loss: 14521.0130076224 	 dlt: 0.000240977293706628
mae: 0.159518461984001 	rmse: 0.20841103254935 
[1] "2022-04-26 15:28:03 HKT"
Epoch 471 	 loss: 14519.2074143033 	 dlt: 0.000158124719129867
mae: 0.159520175154686 	rmse: 0.20840874916086 
[1] "2022-04-26 15:28:30 HKT"
Epoch 473 	 loss: 14518.6555479689 	 dlt: 0.000142118343518422
mae: 0.159602407347562 	rmse: 0.208500978153714 
[1] "2022-04-26 15:28:57 HKT"
Epoch 475 	 loss: 14521.1867176206 	 dlt: 6.59494167480988e-05
mae: 0.159604120518247 	rmse: 0.208505999353345 
[1] "2022-04-26 15:29:23 HKT"
Epoch 477 	 loss: 14524.4759254609 	 dlt: 0.000122685528701612
mae: 0.159597267835507 	rmse: 0.208499608714646 
[1] "2022-04-26 15:29:49 HKT"
Epoch 479 	 loss: 14525.298122432 	 dlt: 6.23703387611272e-05
mae: 0.159688065881807 	rmse: 0.208661596610554 
[1] "2022-04-26 15:30:15 HKT"
Epoch 481 	 loss: 14532.4727823095 	 dlt: 0.000169607907169161
mae: 0.159694918564547 	rmse: 0.208688050288866 
[1] "2022-04-26 15:30:41 HKT"
Epoch 483 	 loss: 14533.7870734471 	 dlt: 0.000256641685334917
mae: 0.159679500028383 	rmse: 0.208673911671105 
[1] "2022-04-26 15:31:08 HKT"
Epoch 485 	 loss: 14529.5038196047 	 dlt: 0.000258907811329112
mae: 0.159682926369752 	rmse: 0.208672999469322 
[1] "2022-04-26 15:31:34 HKT"
Epoch 487 	 loss: 14535.7926621306 	 dlt: 4.19959060962279e-05
mae: 0.159681213199068 	rmse: 0.20867163115917 
[1] "2022-04-26 15:32:00 HKT"
Epoch 489 	 loss: 14533.3420743204 	 dlt: 0.000117207865225
mae: 0.159679500028383 	rmse: 0.208670262840045 
[1] "2022-04-26 15:32:27 HKT"
Epoch 491 	 loss: 14533.9313707284 	 dlt: 1.26464702264585e-05
mae: 0.159706910759341 	rmse: 0.20869397910157 
[1] "2022-04-26 15:32:53 HKT"
Epoch 493 	 loss: 14541.1405249089 	 dlt: 0.000393669113294632
mae: 0.159773724416053 	rmse: 0.208810241006802 
[1] "2022-04-26 15:33:19 HKT"
Epoch 495 	 loss: 14545.2247807979 	 dlt: 5.53612621414478e-05
mae: 0.159775437586738 	rmse: 0.208809785204191 
[1] "2022-04-26 15:33:46 HKT"
Epoch 497 	 loss: 14550.1150735878 	 dlt: 1.76902400634023e-05
mae: 0.159775437586738 	rmse: 0.208809785204191 
[1] "2022-04-26 15:34:12 HKT"
Epoch 499 	 loss: 14549.1243621569 	 dlt: 0.000314006000515816
mae: 0.15973774783167 	rmse: 0.208782435226532 
[1] "2022-04-26 15:34:39 HKT"
Epoch 501 	 loss: 14545.6836816296 	 dlt: 0.000292989563491456
mae: 0.1597343214903 	rmse: 0.208780611767299 
[1] "2022-04-26 15:35:05 HKT"
Epoch 503 	 loss: 14548.1353708948 	 dlt: 0.000228304702838008
mae: 0.159763445391943 	rmse: 0.208844879094488 
[1] "2022-04-26 15:35:31 HKT"
Epoch 505 	 loss: 14546.2597986101 	 dlt: 0.000179146783317165
mae: 0.159792569293587 	rmse: 0.208927349310682 
[1] "2022-04-26 15:35:57 HKT"
Epoch 507 	 loss: 14551.9089385347 	 dlt: 0.000245464768455506
mae: 0.159790856122902 	rmse: 0.208925982666333 
[1] "2022-04-26 15:36:23 HKT"
Epoch 509 	 loss: 14559.7203601872 	 dlt: 0.000405218759003591
mae: 0.159830259048655 	rmse: 0.208977453431712 
[1] "2022-04-26 15:36:50 HKT"
Epoch 511 	 loss: 14559.9899524129 	 dlt: 0.000191169722398379
mae: 0.159782290269477 	rmse: 0.208978364304538 
[1] "2022-04-26 15:37:16 HKT"
Epoch 513 	 loss: 14567.6430273948 	 dlt: 9.4009634519444e-05
mae: 0.159760019050573 	rmse: 0.208953313855015 
[1] "2022-04-26 15:37:42 HKT"
Epoch 515 	 loss: 14566.8126304412 	 dlt: 8.9544426350286e-05
mae: 0.159760019050573 	rmse: 0.208953313855015 
[1] "2022-04-26 15:38:09 HKT"
Epoch 517 	 loss: 14565.8012857739 	 dlt: 0.000135719914717506
mae: 0.159833685390024 	rmse: 0.209051221271562 
[1] "2022-04-26 15:38:35 HKT"
Epoch 519 	 loss: 14561.245582553 	 dlt: 8.41140365836438e-05
mae: 0.159833685390024 	rmse: 0.209051221271562 
[1] "2022-04-26 15:39:01 HKT"
Epoch 521 	 loss: 14568.686787325 	 dlt: 0.000321932997540729
mae: 0.159826832707285 	rmse: 0.209064879126269 
[1] "2022-04-26 15:39:28 HKT"
Epoch 523 	 loss: 14572.6914257465 	 dlt: 0.000200247616984503
mae: 0.159886793681257 	rmse: 0.209136340684536 
[1] "2022-04-26 15:39:54 HKT"
Epoch 525 	 loss: 14577.3771084103 	 dlt: 0.000134930224713896
mae: 0.159876514657147 	rmse: 0.209129969307944 
[1] "2022-04-26 15:40:20 HKT"
Epoch 527 	 loss: 14574.9296141972 	 dlt: 6.90706360214733e-05
mae: 0.159876514657147 	rmse: 0.209128148878979 
[1] "2022-04-26 15:40:47 HKT"
Epoch 529 	 loss: 14578.6013624964 	 dlt: 6.02625631041662e-05
mae: 0.159871375145092 	rmse: 0.209121322129221 
[1] "2022-04-26 15:41:13 HKT"
Epoch 531 	 loss: 14579.3439469395 	 dlt: 6.05335597335234e-05
mae: 0.159867948803723 	rmse: 0.209118591366917 
[1] "2022-04-26 15:41:40 HKT"
Epoch 533 	 loss: 14573.5698090033 	 dlt: 6.3252365249124e-05
mae: 0.159914204412215 	rmse: 0.209204593256617 
[1] "2022-04-26 15:42:07 HKT"
Epoch 535 	 loss: 14571.3343581648 	 dlt: 9.94148183542504e-05
mae: 0.159902212217421 	rmse: 0.209193219374359 
[1] "2022-04-26 15:42:33 HKT"
Epoch 537 	 loss: 14573.528990647 	 dlt: 4.15958134787564e-05
mae: 0.159987870751666 	rmse: 0.209307839823037 
[1] "2022-04-26 15:42:59 HKT"
Epoch 539 	 loss: 14573.1424778243 	 dlt: 1.95525623329759e-05
mae: 0.159984444410296 	rmse: 0.209304202043341 
[1] "2022-04-26 15:43:25 HKT"
Epoch 541 	 loss: 14574.8660342718 	 dlt: 9.73821863851908e-05
mae: 0.159979304898242 	rmse: 0.20930101893424 
[1] "2022-04-26 15:43:53 HKT"
Epoch 543 	 loss: 14576.8608745011 	 dlt: 5.55525737940151e-05
mae: 0.159974165386187 	rmse: 0.209295107317474 
[1] "2022-04-26 15:44:19 HKT"
Epoch 545 	 loss: 14574.8364157641 	 dlt: 7.15507454066861e-07
mae: 0.159975878556872 	rmse: 0.209297381035991 
[1] "2022-04-26 15:44:45 HKT"
Epoch 547 	 loss: 14573.1077583272 	 dlt: 0.000130535830403783
mae: 0.159977591727557 	rmse: 0.209299654729807 
[1] "2022-04-26 15:45:11 HKT"
Epoch 549 	 loss: 14569.6965870554 	 dlt: 9.14235046661443e-05
mae: 0.159977591727557 	rmse: 0.209299654729807 
[1] "2022-04-26 15:45:38 HKT"
Epoch 551 	 loss: 14569.703546014 	 dlt: 0.000199694919930001
mae: 0.159962173191392 	rmse: 0.209284647894134 
[1] "2022-04-26 15:46:05 HKT"
Epoch 553 	 loss: 14574.8264178304 	 dlt: 0.000200494311560189
mae: 0.159953607337968 	rmse: 0.209280554934009 
[1] "2022-04-26 15:46:31 HKT"
Epoch 555 	 loss: 14580.1339480715 	 dlt: 0.000307487462530585
mae: 0.159957033679338 	rmse: 0.209290559806337 
[1] "2022-04-26 15:46:57 HKT"
Epoch 557 	 loss: 14576.852205395 	 dlt: 1.38606349927864e-05
mae: 0.159953607337968 	rmse: 0.20928510266254 
[1] "2022-04-26 15:47:23 HKT"
Epoch 559 	 loss: 14578.1932840935 	 dlt: 0.000173853242992049
mae: 0.159948467825913 	rmse: 0.209283738354357 
[1] "2022-04-26 15:47:50 HKT"
Epoch 561 	 loss: 14583.9546646324 	 dlt: 5.06052636468602e-05
mae: 0.159946754655228 	rmse: 0.20928237403728 
[1] "2022-04-26 15:48:17 HKT"
Epoch 563 	 loss: 14597.9117250773 	 dlt: 0.000134825180546218
mae: 0.159934762460434 	rmse: 0.209270094783333 
[1] "2022-04-26 15:48:43 HKT"
Epoch 565 	 loss: 14604.3195919055 	 dlt: 0.000162157163533019
mae: 0.159866235633037 	rmse: 0.209248263219329 
[1] "2022-04-26 15:49:09 HKT"
Epoch 567 	 loss: 14611.0007778389 	 dlt: 0.000669386401100262
mae: 0.159859382950298 	rmse: 0.209246443819513 
[1] "2022-04-26 15:49:35 HKT"
Epoch 569 	 loss: 14610.5575464077 	 dlt: 0.000237673415776489
mae: 0.159854243438243 	rmse: 0.209241440388444 
[1] "2022-04-26 15:50:02 HKT"
Epoch 571 	 loss: 14612.009642595 	 dlt: 9.87057011290551e-06
mae: 0.159891933193311 	rmse: 0.209301473667076 
[1] "2022-04-26 15:50:29 HKT"
Epoch 573 	 loss: 14612.126295585 	 dlt: 5.39976359521283e-05
mae: 0.159890220022626 	rmse: 0.209299199993019 
[1] "2022-04-26 15:50:55 HKT"
Epoch 575 	 loss: 14615.879031355 	 dlt: 0.0001489968554027
mae: 0.159876514657147 	rmse: 0.209285557429958 
[1] "2022-04-26 15:51:21 HKT"
Epoch 577 	 loss: 14618.3753045859 	 dlt: 0.000241099483795679
mae: 0.159881654169202 	rmse: 0.209289650292252 
[1] "2022-04-26 15:51:48 HKT"
Epoch 579 	 loss: 14620.034023155 	 dlt: 8.9722895775315e-05
mae: 0.159881654169202 	rmse: 0.209289650292252 
[1] "2022-04-26 15:52:15 HKT"
Epoch 581 	 loss: 14621.4892064294 	 dlt: 0.000103551375989027
mae: 0.159879940998517 	rmse: 0.209289195533727 
[1] "2022-04-26 15:52:41 HKT"
Epoch 583 	 loss: 14625.6777091315 	 dlt: 0.000172826545958186
mae: 0.159879940998517 	rmse: 0.209289195533727 
[1] "2022-04-26 15:53:08 HKT"
Epoch 585 	 loss: 14626.2810752186 	 dlt: 0.000142539691952356
mae: 0.159879940998517 	rmse: 0.209290105049788 
[1] "2022-04-26 15:53:34 HKT"
Epoch 587 	 loss: 14627.9029980453 	 dlt: 0.00014037108595055
mae: 0.159879940998517 	rmse: 0.209293743074508 
[1] "2022-04-26 15:54:00 HKT"
Epoch 589 	 loss: 14630.6179720544 	 dlt: 9.07283698365722e-06
mae: 0.159879940998517 	rmse: 0.209295562063153 
[1] "2022-04-26 15:54:26 HKT"
Epoch 591 	 loss: 14631.2589033345 	 dlt: 9.52152923661161e-06
mae: 0.159878227827832 	rmse: 0.209294197823151 
[1] "2022-04-26 15:54:54 HKT"
Epoch 593 	 loss: 14632.6451281466 	 dlt: 3.31944309935421e-06
mae: 0.159878227827832 	rmse: 0.209294197823151 
[1] "2022-04-26 15:55:20 HKT"
Epoch 595 	 loss: 14635.3712014115 	 dlt: 8.64375629937332e-05
mae: 0.159878227827832 	rmse: 0.209294197823151 
[1] "2022-04-26 15:55:46 HKT"
Epoch 597 	 loss: 14635.5956537011 	 dlt: 0.000155616095992433
mae: 0.159879940998517 	rmse: 0.209294652570807 
[1] "2022-04-26 15:56:12 HKT"
Epoch 599 	 loss: 14634.9691288216 	 dlt: 8.82800960955504e-05
mae: 0.159878227827832 	rmse: 0.209293288324876 
[1] "2022-04-26 15:56:39 HKT"
Epoch 601 	 loss: 14633.7202162373 	 dlt: 1.22482308345458e-05
mae: 0.159843964414133 	rmse: 0.209308749258082 
[1] "2022-04-26 15:57:05 HKT"
Epoch 603 	 loss: 14632.3412906211 	 dlt: 0.000196877568910687
mae: 0.159842251243449 	rmse: 0.209308294541053 
[1] "2022-04-26 15:57:31 HKT"
Epoch 605 	 loss: 14642.8908823001 	 dlt: 0.000393797406160266
mae: 0.159842251243449 	rmse: 0.209308294541053 
[1] "2022-04-26 15:57:58 HKT"
Epoch 607 	 loss: 14639.8618122908 	 dlt: 0.000238225982068508
mae: 0.15982169319523 	rmse: 0.209300109465606 
[1] "2022-04-26 15:58:24 HKT"
Epoch 609 	 loss: 14642.1267250852 	 dlt: 4.00784050179419e-05
mae: 0.15981826685386 	rmse: 0.20930101893424 
[1] "2022-04-26 15:58:51 HKT"
Epoch 611 	 loss: 14644.4557657477 	 dlt: 0.000134051419890455
mae: 0.159816553683175 	rmse: 0.209298745255244 
[1] "2022-04-26 15:59:17 HKT"
Epoch 613 	 loss: 14637.6160954248 	 dlt: 0.000129084517039985
mae: 0.159795995634956 	rmse: 0.209281464487621 
[1] "2022-04-26 15:59:44 HKT"
Epoch 615 	 loss: 14645.8541363188 	 dlt: 0.000377795821107939
mae: 0.159847390755503 	rmse: 0.209336939784833 
[1] "2022-04-26 16:00:10 HKT"
Epoch 617 	 loss: 14645.1142283925 	 dlt: 1.45163906054848e-06
mae: 0.159849103926188 	rmse: 0.209341940933393 
[1] "2022-04-26 16:00:36 HKT"
Epoch 619 	 loss: 14644.5200903425 	 dlt: 0.000194555051503609
mae: 0.159847390755503 	rmse: 0.209337849093458 
[1] "2022-04-26 16:01:03 HKT"
Epoch 621 	 loss: 14649.8794609314 	 dlt: 0.000252696239133143
mae: 0.159847390755503 	rmse: 0.209337849093458 
[1] "2022-04-26 16:01:29 HKT"
Epoch 623 	 loss: 14650.8697498944 	 dlt: 9.80570593836969e-05
mae: 0.159835398560709 	rmse: 0.209327391805788 
[1] "2022-04-26 16:01:55 HKT"
Epoch 625 	 loss: 14653.1527082798 	 dlt: 3.03206310673715e-05
mae: 0.159845677584818 	rmse: 0.20933921304899 
[1] "2022-04-26 16:02:22 HKT"
Epoch 627 	 loss: 14652.4555302922 	 dlt: 6.74607022685638e-05
mae: 0.159845677584818 	rmse: 0.20933921304899 
[1] "2022-04-26 16:02:48 HKT"
Epoch 629 	 loss: 14650.1620148586 	 dlt: 0.000189533681524961
mae: 0.159845677584818 	rmse: 0.209338303746289 
[1] "2022-04-26 16:03:14 HKT"
Epoch 631 	 loss: 14655.3259197942 	 dlt: 7.86308806486381e-05
mae: 0.159854243438243 	rmse: 0.209341486288461 
[1] "2022-04-26 16:03:41 HKT"
Epoch 633 	 loss: 14657.5740542594 	 dlt: 4.01723992610065e-05
mae: 0.159835398560709 	rmse: 0.20932921050204 
[1] "2022-04-26 16:04:07 HKT"
Epoch 635 	 loss: 14659.9067258938 	 dlt: 8.96127569445542e-05
mae: 0.159831972219339 	rmse: 0.209328301155889 
[1] "2022-04-26 16:04:34 HKT"
Epoch 637 	 loss: 14659.2032525574 	 dlt: 3.82069692162564e-05
mae: 0.159842251243449 	rmse: 0.20933284784714 
[1] "2022-04-26 16:05:00 HKT"
Epoch 639 	 loss: 14657.9267415212 	 dlt: 2.34734655529679e-05
mae: 0.159845677584818 	rmse: 0.209337394439639 
[1] "2022-04-26 16:05:27 HKT"
Epoch 641 	 loss: 14659.7821175044 	 dlt: 0.000287577265528057
mae: 0.159838824902079 	rmse: 0.20933284784714 
[1] "2022-04-26 16:05:54 HKT"
Epoch 643 	 loss: 14664.3576437792 	 dlt: 7.68124047991405e-05
mae: 0.159838824902079 	rmse: 0.209325573093735 
[1] "2022-04-26 16:06:21 HKT"
Epoch 645 	 loss: 14662.2153904766 	 dlt: 7.82780501409556e-05
mae: 0.159843964414134 	rmse: 0.209327846481332 
[1] "2022-04-26 16:06:47 HKT"
Epoch 647 	 loss: 14666.3660025333 	 dlt: 1.81768190621897e-05
mae: 0.159837111731394 	rmse: 0.209321480933839 
[1] "2022-04-26 16:07:13 HKT"
Epoch 649 	 loss: 14666.6018079109 	 dlt: 9.13433180282718e-05
mae: 0.159837111731394 	rmse: 0.209321480933839 
[1] "2022-04-26 16:07:39 HKT"
Epoch 651 	 loss: 14668.3655514473 	 dlt: 0.00011449732966658
mae: 0.159826832707285 	rmse: 0.20931147753951 
[1] "2022-04-26 16:08:06 HKT"
Epoch 653 	 loss: 14667.7449616565 	 dlt: 0.000244578441969653
mae: 0.1598251195366 	rmse: 0.209309203974123 
[1] "2022-04-26 16:08:32 HKT"
Epoch 655 	 loss: 14669.3360132397 	 dlt: 9.52580200075325e-05
mae: 0.159862809291668 	rmse: 0.209368308650242 
[1] "2022-04-26 16:08:58 HKT"
Epoch 657 	 loss: 14667.2106456355 	 dlt: 9.71208723769071e-05
mae: 0.159862809291668 	rmse: 0.209368308650242 
[1] "2022-04-26 16:09:24 HKT"
Epoch 659 	 loss: 14674.9303555659 	 dlt: 2.45674320538979e-05
mae: 0.159862809291668 	rmse: 0.209368308650242 
[1] "2022-04-26 16:09:50 HKT"
Epoch 661 	 loss: 14670.4247997818 	 dlt: 0.000123401206971402
mae: 0.159871375145092 	rmse: 0.209373309049517 
[1] "2022-04-26 16:10:17 HKT"
Epoch 663 	 loss: 14671.6220376615 	 dlt: 0.000129391101519049
mae: 0.159902212217421 	rmse: 0.209416943829728 
[1] "2022-04-26 16:10:43 HKT"
Epoch 665 	 loss: 14675.3734955593 	 dlt: 0.000140628052248344
mae: 0.159902212217421 	rmse: 0.209418761748266 
[1] "2022-04-26 16:11:10 HKT"
Epoch 667 	 loss: 14687.5376904859 	 dlt: 0.000998128188220044
mae: 0.159900499046736 	rmse: 0.209416489347628 
[1] "2022-04-26 16:11:36 HKT"
Epoch 669 	 loss: 14686.2868535598 	 dlt: 9.3928561914583e-05
mae: 0.159921057094955 	rmse: 0.209447391883908 
[1] "2022-04-26 16:12:02 HKT"
Epoch 671 	 loss: 14685.4685274865 	 dlt: 0.00021285532207629
mae: 0.159921057094955 	rmse: 0.209447391883908 
[1] "2022-04-26 16:12:29 HKT"
Epoch 673 	 loss: 14686.0505204861 	 dlt: 0.000119339186619511
mae: 0.15992277026564 	rmse: 0.209447846298952 
[1] "2022-04-26 16:12:56 HKT"
Epoch 675 	 loss: 14685.0557506906 	 dlt: 6.679014015201e-05
mae: 0.15991934392427 	rmse: 0.209445119793896 
[1] "2022-04-26 16:13:22 HKT"
Epoch 677 	 loss: 14685.539247131 	 dlt: 0.000177173344143538
mae: 0.1599159175829 	rmse: 0.209446028632859 
[1] "2022-04-26 16:13:49 HKT"
Epoch 679 	 loss: 14683.5553105857 	 dlt: 5.62922690543226e-06
mae: 0.160044405384268 	rmse: 0.209666305768865 
[1] "2022-04-26 16:14:15 HKT"
Epoch 681 	 loss: 14685.3693596307 	 dlt: 9.88355324352854e-05
mae: 0.160049544896323 	rmse: 0.209674930471984 
[1] "2022-04-26 16:14:42 HKT"
Epoch 683 	 loss: 14686.7180111936 	 dlt: 8.77030443849161e-05
mae: 0.160047831725638 	rmse: 0.209674476549085 
[1] "2022-04-26 16:15:09 HKT"
Epoch 685 	 loss: 14689.8862079323 	 dlt: 2.45977874622824e-05
mae: 0.160046118554953 	rmse: 0.209672206919852 
[1] "2022-04-26 16:15:35 HKT"
Epoch 687 	 loss: 14691.4019337463 	 dlt: 0.000175751215625657
mae: 0.160080381968651 	rmse: 0.209729394087309 
[1] "2022-04-26 16:16:01 HKT"
Epoch 689 	 loss: 14690.066704772 	 dlt: 2.75444702062755e-05
mae: 0.160085521480706 	rmse: 0.209742554005813 
[1] "2022-04-26 16:16:28 HKT"
Epoch 691 	 loss: 14687.2080101307 	 dlt: 0.000224742652728731
mae: 0.160083808310021 	rmse: 0.209741192673224 
[1] "2022-04-26 16:16:55 HKT"
Epoch 693 	 loss: 14690.4049490306 	 dlt: 0.000328951623823994
mae: 0.160128350747829 	rmse: 0.209798361036437 
[1] "2022-04-26 16:17:21 HKT"
Epoch 695 	 loss: 14690.7284338098 	 dlt: 9.26457603273504e-05
mae: 0.160102653187555 	rmse: 0.209775223337649 
[1] "2022-04-26 16:17:48 HKT"
Epoch 697 	 loss: 14692.5966553793 	 dlt: 0.000232304001669512
mae: 0.16010094001687 	rmse: 0.20977476963177 
[1] "2022-04-26 16:18:15 HKT"
Epoch 699 	 loss: 14687.821846187 	 dlt: 8.22771774091581e-05
mae: 0.16010094001687 	rmse: 0.20977476963177 
[1] "2022-04-26 16:18:41 HKT"
Epoch 701 	 loss: 14694.9294932894 	 dlt: 0.000477991514999423
mae: 0.160102653187555 	rmse: 0.209776130746463 
[1] "2022-04-26 16:19:08 HKT"
Epoch 703 	 loss: 14697.0279198758 	 dlt: 0.000144207268398045
mae: 0.160106079528925 	rmse: 0.209779760342469 
[1] "2022-04-26 16:19:34 HKT"
Epoch 705 	 loss: 14696.2225638991 	 dlt: 7.65979106997395e-06
mae: 0.160106079528925 	rmse: 0.209779760342469 
[1] "2022-04-26 16:20:01 HKT"
Epoch 707 	 loss: 14699.7663185672 	 dlt: 0.000191576323270989
mae: 0.160102653187555 	rmse: 0.209777945552316 
[1] "2022-04-26 16:20:27 HKT"
Epoch 709 	 loss: 14698.6477838757 	 dlt: 7.15090490074982e-05
mae: 0.160102653187555 	rmse: 0.209777945552316 
[1] "2022-04-26 16:20:53 HKT"
Epoch 711 	 loss: 14700.1491588687 	 dlt: 0.000117440529781969
mae: 0.160102653187555 	rmse: 0.209777945552316 
[1] "2022-04-26 16:21:20 HKT"
Epoch 713 	 loss: 14701.3798821359 	 dlt: 2.29579179726693e-06
mae: 0.160171180014951 	rmse: 0.209864130753285 
[1] "2022-04-26 16:21:47 HKT"
Epoch 715 	 loss: 14701.7144122419 	 dlt: 0.000169741484085317
mae: 0.160174606356321 	rmse: 0.209867758827359 
[1] "2022-04-26 16:22:13 HKT"
Epoch 717 	 loss: 14702.7664853252 	 dlt: 6.00833537285786e-05
mae: 0.160176319527006 	rmse: 0.209869119338967 
[1] "2022-04-26 16:22:39 HKT"
Epoch 719 	 loss: 14705.4873147865 	 dlt: 0.00013407064075766
mae: 0.160167753673582 	rmse: 0.209865037777684 
[1] "2022-04-26 16:23:05 HKT"
Epoch 721 	 loss: 14705.8457927631 	 dlt: 7.37053787268667e-06
mae: 0.160162614161527 	rmse: 0.209860956137019 
[1] "2022-04-26 16:23:32 HKT"
Epoch 723 	 loss: 14702.5776852392 	 dlt: 7.01477870079406e-05
mae: 0.160210582940704 	rmse: 0.209912651054558 
[1] "2022-04-26 16:23:59 HKT"
Epoch 725 	 loss: 14704.566421238 	 dlt: 0.000149244270374799
mae: 0.160229427818238 	rmse: 0.2099520938755 
[1] "2022-04-26 16:24:25 HKT"
Epoch 727 	 loss: 14705.176068566 	 dlt: 0.000100994774794763
mae: 0.160260264890567 	rmse: 0.209998327748427 
[1] "2022-04-26 16:24:52 HKT"
Epoch 729 	 loss: 14704.4274025452 	 dlt: 5.9319663924771e-05
mae: 0.160255125378512 	rmse: 0.209996968073924 
[1] "2022-04-26 16:25:18 HKT"
Epoch 731 	 loss: 14703.9459067072 	 dlt: 2.23573165660049e-05
mae: 0.160239706842348 	rmse: 0.209984730607218 
[1] "2022-04-26 16:25:45 HKT"
Epoch 733 	 loss: 14704.0011813423 	 dlt: 1.08353182028754e-05
mae: 0.160237993671663 	rmse: 0.209982464331416 
[1] "2022-04-26 16:26:11 HKT"
Epoch 735 	 loss: 14706.1036009414 	 dlt: 5.50143661840463e-05
mae: 0.160237993671663 	rmse: 0.209983370844672 
[1] "2022-04-26 16:26:37 HKT"
Epoch 737 	 loss: 14702.4133495943 	 dlt: 3.4411274267568e-05
mae: 0.160208869770019 	rmse: 0.209989263085448 
[1] "2022-04-26 16:27:03 HKT"
Epoch 739 	 loss: 14701.6102747192 	 dlt: 9.12141880668685e-05
mae: 0.16020544342865 	rmse: 0.209984730607218 
[1] "2022-04-26 16:27:29 HKT"
Epoch 741 	 loss: 14701.0290317902 	 dlt: 2.63796382881442e-06
mae: 0.160207156599335 	rmse: 0.209984277354015 
[1] "2022-04-26 16:27:56 HKT"
Epoch 743 	 loss: 14704.3520809606 	 dlt: 4.35899328627346e-05
mae: 0.160224288306184 	rmse: 0.210000593853035 
[1] "2022-04-26 16:28:22 HKT"
Epoch 745 	 loss: 14702.0775521439 	 dlt: 8.14047159716531e-05
mae: 0.160224288306184 	rmse: 0.210001500288031 
[1] "2022-04-26 16:28:48 HKT"
Epoch 747 	 loss: 14701.7043785677 	 dlt: 4.4077278816095e-05
mae: 0.160232854159608 	rmse: 0.210006485610577 
[1] "2022-04-26 16:29:15 HKT"
Epoch 749 	 loss: 14700.1759348607 	 dlt: 6.79746601472339e-05
mae: 0.160226001476869 	rmse: 0.209999234193205 
[1] "2022-04-26 16:29:41 HKT"
Epoch 751 	 loss: 14703.6750183885 	 dlt: 0.000295525713627297
mae: 0.160224288306184 	rmse: 0.210000593853035 
[1] "2022-04-26 16:30:08 HKT"
Epoch 753 	 loss: 14708.6653768485 	 dlt: 0.000189645504344993
mae: 0.160232854159608 	rmse: 0.210018268629808 
[1] "2022-04-26 16:30:34 HKT"
Epoch 755 	 loss: 14707.2718228551 	 dlt: 2.55762673886712e-05
mae: 0.160232854159608 	rmse: 0.210018268629808 
[1] "2022-04-26 16:31:00 HKT"
Epoch 757 	 loss: 14707.144549882 	 dlt: 5.57026325527703e-05
mae: 0.160241420013033 	rmse: 0.210034129342598 
[1] "2022-04-26 16:31:26 HKT"
Epoch 759 	 loss: 14711.1727125384 	 dlt: 0.000135262088248924
mae: 0.160318512693854 	rmse: 0.210117944649888 
[1] "2022-04-26 16:31:53 HKT"
Epoch 761 	 loss: 14712.6510045218 	 dlt: 8.56446052372518e-05
mae: 0.16029966781632 	rmse: 0.210091217994213 
[1] "2022-04-26 16:32:19 HKT"
Epoch 763 	 loss: 14714.3388671769 	 dlt: 3.78818977633931e-05
mae: 0.160301380987005 	rmse: 0.210098013228985 
[1] "2022-04-26 16:32:46 HKT"
Epoch 765 	 loss: 14711.4085963343 	 dlt: 5.59575145931648e-05
mae: 0.160297954645635 	rmse: 0.210099825254473 
[1] "2022-04-26 16:33:12 HKT"
Epoch 767 	 loss: 14711.9632184557 	 dlt: 2.00718088483898e-05
mae: 0.160294528304265 	rmse: 0.210098919243683 
[1] "2022-04-26 16:33:38 HKT"
Epoch 769 	 loss: 14713.4880516825 	 dlt: 0.000249947520144458
mae: 0.160344210254127 	rmse: 0.210149196935124 
[1] "2022-04-26 16:34:05 HKT"
Epoch 771 	 loss: 14712.7478498668 	 dlt: 6.11183400195458e-05
mae: 0.160344210254127 	rmse: 0.210149196935124 
[1] "2022-04-26 16:34:31 HKT"
Epoch 773 	 loss: 14709.4233231778 	 dlt: 0.000228674283846074
mae: 0.160344210254127 	rmse: 0.210149196935124 
[1] "2022-04-26 16:34:58 HKT"
Epoch 775 	 loss: 14713.4582622661 	 dlt: 2.1591513107472e-05
mae: 0.160342497083442 	rmse: 0.210145120813672 
[1] "2022-04-26 16:35:24 HKT"
Epoch 777 	 loss: 14712.0320656739 	 dlt: 9.19477632577383e-05
mae: 0.160339070742073 	rmse: 0.210143309178759 
[1] "2022-04-26 16:35:50 HKT"
Epoch 779 	 loss: 14715.7308012568 	 dlt: 0.000151130980415157
mae: 0.160339070742073 	rmse: 0.210143309178759 
[1] "2022-04-26 16:36:17 HKT"
Epoch 781 	 loss: 14718.2003115578 	 dlt: 0.000215616687969516
mae: 0.160342497083442 	rmse: 0.210146026625271 
[1] "2022-04-26 16:36:43 HKT"
Epoch 783 	 loss: 14719.2055424848 	 dlt: 0.000169696317021092
mae: 0.160340783912758 	rmse: 0.210143762088951 
[1] "2022-04-26 16:37:10 HKT"
Epoch 785 	 loss: 14717.2335346843 	 dlt: 6.91562674176217e-06
mae: 0.160339070742073 	rmse: 0.210142403355445 
[1] "2022-04-26 16:37:35 HKT"
Epoch 787 	 loss: 14711.0696284178 	 dlt: 0.000194581872549586
mae: 0.160342497083442 	rmse: 0.210148744036645 
[1] "2022-04-26 16:38:01 HKT"
Epoch 789 	 loss: 14713.5794432044 	 dlt: 0.000236920944161051
mae: 0.160363055131661 	rmse: 0.210184067187426 
[1] "2022-04-26 16:38:28 HKT"
Epoch 791 	 loss: 14714.5577644249 	 dlt: 1.45151473242427e-05
mae: 0.160405884398784 	rmse: 0.210237040785757 
[1] "2022-04-26 16:38:55 HKT"
Epoch 793 	 loss: 14715.6401556869 	 dlt: 2.04821874919299e-05
mae: 0.16039389220399 	rmse: 0.21022300634589 
[1] "2022-04-26 16:39:21 HKT"
Epoch 795 	 loss: 14715.041186239 	 dlt: 6.79237022203498e-05
mae: 0.16039389220399 	rmse: 0.21022300634589 
[1] "2022-04-26 16:39:47 HKT"
Epoch 797 	 loss: 14715.8925902339 	 dlt: 0.000174867471646951
mae: 0.160433295129743 	rmse: 0.21025876968315 
[1] "2022-04-26 16:40:13 HKT"
Epoch 799 	 loss: 14717.4452638578 	 dlt: 0.000802336364550585
mae: 0.160433295129743 	rmse: 0.21025876968315 

Attaching package: ‘dplyr’

The following objects are masked from ‘package:stats’:

    filter, lag

The following objects are masked from ‘package:base’:

    intersect, setdiff, setequal, union


> dim = 2

> a <- max(FU[2, ])

> b <- max(FV[2, ])

> U <- matrix(0, nrow = dim, ncol = N)

> V <- matrix(0, nrow = dim, ncol = M)

> WU <- matrix(0, nrow = 1 + a, ncol = dim)

> WV <- matrix(0, nrow = 1 + b, ncol = dim)

> aaa <- grad_ws_lpmf(train, t(U), t(V), t(FU), t(FV), 
+     t(WU), t(WV), 1, 1, 0.1, 0.1, 30000, nrow(train))
[1] 1e-08 1e+00 1e+00 1e+03 1e+03
[1] 16
[1] "2022-04-26 17:11:35 HKT"
Epoch 1 	 loss: 15639.9368376722 	 dlt: 0.0245048042074182
mae: 0.318488709348615 	rmse: 0.362509497101563 
[1] "2022-04-26 17:11:42 HKT"
Epoch 3 	 loss: 8827.87137316722 	 dlt: 0.293168067864946
mae: 0.31867887129464 	rmse: 0.362723935406196 
[1] "2022-04-26 17:11:48 HKT"
Epoch 5 	 loss: 7359.13257553515 	 dlt: 0.0404493848042731
mae: 0.321359983416519 	rmse: 0.365666282070661 
[1] "2022-04-26 17:11:54 HKT"
Epoch 7 	 loss: 7270.68981714247 	 dlt: 0.00576812062522171
mae: 0.323633360915389 	rmse: 0.368267393402218 
[1] "2022-04-26 17:12:00 HKT"
Epoch 9 	 loss: 7522.17489982086 	 dlt: 0.0188875098025034
mae: 0.323595671160323 	rmse: 0.368341817480965 
[1] "2022-04-26 17:12:06 HKT"
Epoch 11 	 loss: 8083.8059466474 	 dlt: 0.0458645996924581
mae: 0.321527874143643 	rmse: 0.366257164114463 
[1] "2022-04-26 17:12:12 HKT"
Epoch 13 	 loss: 8398.31563814793 	 dlt: 0.0326555468762656
mae: 0.317952486924247 	rmse: 0.36258379057709 
[1] "2022-04-26 17:12:18 HKT"
Epoch 15 	 loss: 8712.34336598252 	 dlt: 0.0133931665508519
mae: 0.311391043201062 	rmse: 0.3560352730701 
[1] "2022-04-26 17:12:24 HKT"
Epoch 17 	 loss: 9077.03549313465 	 dlt: 0.0141338697096951
mae: 0.295453416319398 	rmse: 0.339844601964845 
[1] "2022-04-26 17:12:29 HKT"
Epoch 19 	 loss: 9421.2840658219 	 dlt: 0.0231332195952835
mae: 0.264558096187854 	rmse: 0.307104366365937 
[1] "2022-04-26 17:12:35 HKT"
Epoch 21 	 loss: 9627.45775498653 	 dlt: 0.0182705102274139
mae: 0.246468726925951 	rmse: 0.286170501863711 
[1] "2022-04-26 17:12:41 HKT"
Epoch 23 	 loss: 9865.41771299597 	 dlt: 0.0142478528557218
mae: 0.240741597326304 	rmse: 0.279243724368036 
[1] "2022-04-26 17:12:47 HKT"
Epoch 25 	 loss: 10046.483147024 	 dlt: 0.00862436101943783
mae: 0.237087404255393 	rmse: 0.275295869594729 
[1] "2022-04-26 17:12:53 HKT"
Epoch 27 	 loss: 10215.1422207019 	 dlt: 0.00727927800814321
mae: 0.231377406362587 	rmse: 0.269759449937536 
[1] "2022-04-26 17:12:59 HKT"
Epoch 29 	 loss: 10373.4392784867 	 dlt: 0.00778543555823036
mae: 0.21567619703538 	rmse: 0.255195338453613 
[1] "2022-04-26 17:13:05 HKT"
Epoch 31 	 loss: 10555.7764398048 	 dlt: 0.00815479244497558
mae: 0.193158281552913 	rmse: 0.232714805361553 
[1] "2022-04-26 17:13:11 HKT"
Epoch 33 	 loss: 10692.848883307 	 dlt: 0.00652001124307331
mae: 0.183634765715493 	rmse: 0.222633858522003 
[1] "2022-04-26 17:13:16 HKT"
Epoch 35 	 loss: 10890.7156790313 	 dlt: 0.0115631660233439
mae: 0.181023893591689 	rmse: 0.219747472666334 
[1] "2022-04-26 17:13:22 HKT"
Epoch 37 	 loss: 10947.6259230688 	 dlt: 0.00415824632757091
mae: 0.1793878155876 	rmse: 0.21788017194444 
[1] "2022-04-26 17:13:28 HKT"
Epoch 39 	 loss: 11076.1287558905 	 dlt: 0.00860548544410174
mae: 0.178551788293364 	rmse: 0.217036333583507 
[1] "2022-04-26 17:13:34 HKT"
Epoch 41 	 loss: 11192.4860930683 	 dlt: 0.00441357613551963
mae: 0.177904209774467 	rmse: 0.216308034951896 
[1] "2022-04-26 17:13:39 HKT"
Epoch 43 	 loss: 11342.1620744714 	 dlt: 0.00806190379705743
mae: 0.177583846856389 	rmse: 0.216055766222083 
[1] "2022-04-26 17:13:45 HKT"
Epoch 45 	 loss: 11376.5087994854 	 dlt: 0.000672718717119125
mae: 0.177133282966257 	rmse: 0.215655847551677 
[1] "2022-04-26 17:13:51 HKT"
Epoch 47 	 loss: 11466.1029272082 	 dlt: 0.00249382438892831
mae: 0.176732401025988 	rmse: 0.215291881615201 
[1] "2022-04-26 17:13:57 HKT"
Epoch 49 	 loss: 11554.6008030236 	 dlt: 0.0024807498680597
mae: 0.176511402007635 	rmse: 0.215166736715943 
[1] "2022-04-26 17:14:03 HKT"
Epoch 51 	 loss: 11649.5812844068 	 dlt: 0.00473587045358373
mae: 0.176026574703805 	rmse: 0.214836943114393 
[1] "2022-04-26 17:14:08 HKT"
Epoch 53 	 loss: 11709.7136844622 	 dlt: 0.00154212216324353
mae: 0.175567444960249 	rmse: 0.214456498746891 
[1] "2022-04-26 17:14:14 HKT"
Epoch 55 	 loss: 11774.5406977246 	 dlt: 0.00177626782452963
mae: 0.174827355224368 	rmse: 0.213909926202215 
[1] "2022-04-26 17:14:20 HKT"
Epoch 57 	 loss: 11825.689146912 	 dlt: 0.0019768177669179
mae: 0.174262008898347 	rmse: 0.213514457793672 
[1] "2022-04-26 17:14:26 HKT"
Epoch 59 	 loss: 11886.1499568745 	 dlt: 0.0023141446315967
mae: 0.173525345503835 	rmse: 0.213187911956923 
[1] "2022-04-26 17:14:31 HKT"
Epoch 61 	 loss: 11918.7325838472 	 dlt: 0.00222998571302797
mae: 0.171335913368518 	rmse: 0.212085922319422 
[1] "2022-04-26 17:14:37 HKT"
Epoch 63 	 loss: 11969.5389754219 	 dlt: 0.00158774334558747
mae: 0.169668998292099 	rmse: 0.211380641710658 
[1] "2022-04-26 17:14:42 HKT"
Epoch 65 	 loss: 11999.7694268471 	 dlt: 0.00223366308048783
mae: 0.168219655892664 	rmse: 0.210654476547992 
[1] "2022-04-26 17:14:48 HKT"
Epoch 67 	 loss: 12049.150514986 	 dlt: 0.00123074752279634
mae: 0.167291117381443 	rmse: 0.210012830395397 
[1] "2022-04-26 17:14:54 HKT"
Epoch 69 	 loss: 12097.1619223844 	 dlt: 0.00175775441301653
mae: 0.165853767176803 	rmse: 0.209437848940227 
[1] "2022-04-26 17:15:00 HKT"
Epoch 71 	 loss: 12135.9508098924 	 dlt: 0.00153776162762721
mae: 0.164222828684768 	rmse: 0.208421992465881 
[1] "2022-04-26 17:15:05 HKT"
Epoch 73 	 loss: 12218.4932392919 	 dlt: 0.00356683515039123
mae: 0.16228351946945 	rmse: 0.207447045165793 
[1] "2022-04-26 17:15:11 HKT"
Epoch 75 	 loss: 12266.3244730721 	 dlt: 0.00210186509140419
mae: 0.161236772180969 	rmse: 0.206675288893311 
[1] "2022-04-26 17:15:17 HKT"
Epoch 77 	 loss: 12274.0986098196 	 dlt: 0.000536913577084796
mae: 0.160237993671666 	rmse: 0.206128861554174 
[1] "2022-04-26 17:15:23 HKT"
Epoch 79 	 loss: 12334.8351159468 	 dlt: 0.00338622260092438
mae: 0.158840046392779 	rmse: 0.205415637967524 
[1] "2022-04-26 17:15:28 HKT"
Epoch 81 	 loss: 12370.485902212 	 dlt: 0.000275896149970598
mae: 0.1577590356906 	rmse: 0.205143480331423 
[1] "2022-04-26 17:15:34 HKT"
Epoch 83 	 loss: 12416.8120872553 	 dlt: 0.0020099378523604
mae: 0.157363293262385 	rmse: 0.204884897667745 
[1] "2022-04-26 17:15:40 HKT"
Epoch 85 	 loss: 12464.4819238655 	 dlt: 0.0022132927200299
mae: 0.156837349862118 	rmse: 0.204544110298124 
[1] "2022-04-26 17:15:45 HKT"
Epoch 87 	 loss: 12488.981155027 	 dlt: 0.00226553135883345
mae: 0.15642276255637 	rmse: 0.204304801647717 
[1] "2022-04-26 17:15:51 HKT"
Epoch 89 	 loss: 12509.5436472668 	 dlt: 0.000627584196453155
mae: 0.156179492319113 	rmse: 0.204116509983368 
[1] "2022-04-26 17:15:57 HKT"
Epoch 91 	 loss: 12539.0328036514 	 dlt: 0.00116647316404216
mae: 0.155925943057746 	rmse: 0.203974710562608 
[1] "2022-04-26 17:16:02 HKT"
Epoch 93 	 loss: 12572.6084411342 	 dlt: 0.000396741833609024
mae: 0.155490797703779 	rmse: 0.20368614294727 
[1] "2022-04-26 17:16:09 HKT"
Epoch 95 	 loss: 12601.8622678657 	 dlt: 0.000564006970355932
mae: 0.155298922587069 	rmse: 0.203559006196218 
[1] "2022-04-26 17:16:14 HKT"
Epoch 97 	 loss: 12625.1343322996 	 dlt: 0.000548127310260639
mae: 0.15509676844625 	rmse: 0.203380319661545 
[1] "2022-04-26 17:16:20 HKT"
Epoch 99 	 loss: 12650.1303336271 	 dlt: 4.11198263400636e-05
mae: 0.154944296255293 	rmse: 0.203266570830374 
[1] "2022-04-26 17:16:26 HKT"
Epoch 101 	 loss: 12672.0902444449 	 dlt: 0.000372020931350592
mae: 0.154877482598581 	rmse: 0.203230513678848 
[1] "2022-04-26 17:16:32 HKT"
Epoch 103 	 loss: 12705.9452808282 	 dlt: 0.000243633035766434
mae: 0.154725010407624 	rmse: 0.203137297370035 
[1] "2022-04-26 17:16:37 HKT"
Epoch 105 	 loss: 12730.9530796309 	 dlt: 0.00116203479843815
mae: 0.15461536748379 	rmse: 0.203036069422072 
[1] "2022-04-26 17:16:43 HKT"
Epoch 107 	 loss: 12754.9644647897 	 dlt: 0.000542187469823656
mae: 0.15452456943749 	rmse: 0.202987780912145 
[1] "2022-04-26 17:16:49 HKT"
Epoch 109 	 loss: 12792.4576501115 	 dlt: 0.00163418467519732
mae: 0.154461182122148 	rmse: 0.202967618232094 
[1] "2022-04-26 17:16:55 HKT"
Epoch 111 	 loss: 12830.2142288347 	 dlt: 0.00232690288899376
mae: 0.154466321634203 	rmse: 0.202975589763598 
[1] "2022-04-26 17:17:01 HKT"
Epoch 113 	 loss: 12842.9827248719 	 dlt: 0.000992737344346388
mae: 0.15433954700352 	rmse: 0.202867713082358 
[1] "2022-04-26 17:17:07 HKT"
Epoch 115 	 loss: 12869.8801646431 	 dlt: 0.00177306174128402
mae: 0.154301857248452 	rmse: 0.20282923882617 
[1] "2022-04-26 17:17:13 HKT"
Epoch 117 	 loss: 12888.2489817327 	 dlt: 0.000707012067202175
mae: 0.154296717736397 	rmse: 0.202825015597482 
[1] "2022-04-26 17:17:18 HKT"
Epoch 119 	 loss: 12897.2112769122 	 dlt: 0.000241342215605452
mae: 0.154291578224342 	rmse: 0.202821730803261 
[1] "2022-04-26 17:17:24 HKT"
Epoch 121 	 loss: 12913.1825173883 	 dlt: 0.000365328287093978
mae: 0.154283012370918 	rmse: 0.202813753224378 
[1] "2022-04-26 17:17:30 HKT"
Epoch 123 	 loss: 12946.2842772369 	 dlt: 0.00169926283144841
mae: 0.154253888469274 	rmse: 0.202785125210803 
[1] "2022-04-26 17:17:35 HKT"
Epoch 125 	 loss: 12967.2500358475 	 dlt: 0.000951120039147473
mae: 0.15424532261585 	rmse: 0.202776207463038 
[1] "2022-04-26 17:17:41 HKT"
Epoch 127 	 loss: 12984.7894753535 	 dlt: 0.000299236855016172
mae: 0.154240183103795 	rmse: 0.202773860622126 
[1] "2022-04-26 17:17:47 HKT"
Epoch 129 	 loss: 12997.1614196985 	 dlt: 0.00087312109402928
mae: 0.154214485543521 	rmse: 0.202754615502015 
[1] "2022-04-26 17:17:53 HKT"
Epoch 131 	 loss: 13006.9471529157 	 dlt: 0.000368351622218848
mae: 0.154207632860782 	rmse: 0.202746165847841 
[1] "2022-04-26 17:17:58 HKT"
Epoch 133 	 loss: 13027.8913067514 	 dlt: 0.000749822474443014
mae: 0.154204206519412 	rmse: 0.20274428809909 
[1] "2022-04-26 17:18:04 HKT"
Epoch 135 	 loss: 13055.1716554049 	 dlt: 0.0010950323030872
mae: 0.15414424554544 	rmse: 0.202698747366306 
[1] "2022-04-26 17:18:10 HKT"
Epoch 137 	 loss: 13073.3214873938 	 dlt: 0.000687374682754521
mae: 0.154142532374755 	rmse: 0.202696399628553 
[1] "2022-04-26 17:18:16 HKT"
Epoch 139 	 loss: 13108.0056720168 	 dlt: 0.00150055864514172
mae: 0.154142532374755 	rmse: 0.202696399628553 
[1] "2022-04-26 17:18:21 HKT"
Epoch 141 	 loss: 13119.7053639351 	 dlt: 0.000912760007717459
mae: 0.15414424554544 	rmse: 0.202698747366306 
[1] "2022-04-26 17:18:27 HKT"
Epoch 143 	 loss: 13133.8225612351 	 dlt: 0.000442496849105888
mae: 0.15414424554544 	rmse: 0.202698747366306 
[1] "2022-04-26 17:18:33 HKT"
Epoch 145 	 loss: 13147.243815706 	 dlt: 0.000430614427374612
mae: 0.154142532374755 	rmse: 0.202698277820931 
[1] "2022-04-26 17:18:39 HKT"
Epoch 147 	 loss: 13159.9907476923 	 dlt: 0.000352099659520207
mae: 0.15414424554544 	rmse: 0.20270062553693 
[1] "2022-04-26 17:18:45 HKT"
Epoch 149 	 loss: 13172.8256944872 	 dlt: 0.000571635037848282
mae: 0.15414424554544 	rmse: 0.20270062553693 
[1] "2022-04-26 17:18:51 HKT"
Epoch 151 	 loss: 13187.6130423552 	 dlt: 0.000722560171401208
mae: 0.154145958716125 	rmse: 0.202702973225739 
[1] "2022-04-26 17:18:57 HKT"
Epoch 153 	 loss: 13189.9194286363 	 dlt: 0.000128329362711183
mae: 0.15414424554544 	rmse: 0.202702503690152 
[1] "2022-04-26 17:19:02 HKT"
Epoch 155 	 loss: 13214.2260063678 	 dlt: 0.00130001486650635
mae: 0.15414424554544 	rmse: 0.202702503690152 
[1] "2022-04-26 17:19:08 HKT"
Epoch 157 	 loss: 13210.5230013095 	 dlt: 0.000211161603820077
mae: 0.154103129449002 	rmse: 0.202672451150035 
[1] "2022-04-26 17:19:14 HKT"
Epoch 159 	 loss: 13220.0479405982 	 dlt: 0.000509014810295883
mae: 0.154103129449002 	rmse: 0.202672451150035 
[1] "2022-04-26 17:19:20 HKT"
Epoch 161 	 loss: 13227.1909709078 	 dlt: 1.88664822315071e-05
mae: 0.154103129449002 	rmse: 0.202672451150035 
[1] "2022-04-26 17:19:25 HKT"
Epoch 163 	 loss: 13248.6006050113 	 dlt: 0.00115581804028998
mae: 0.154097989936947 	rmse: 0.202665406941315 
[1] "2022-04-26 17:19:31 HKT"
Epoch 165 	 loss: 13257.4900162443 	 dlt: 4.46035160685591e-05
mae: 0.154097989936947 	rmse: 0.202665406941315 
[1] "2022-04-26 17:19:37 HKT"
Epoch 167 	 loss: 13270.7992458645 	 dlt: 0.000243804514996169
mae: 0.154097989936947 	rmse: 0.202665406941315 
[1] "2022-04-26 17:19:43 HKT"
Epoch 169 	 loss: 13273.0532610718 	 dlt: 0.000839004176821667
mae: 0.154099703107632 	rmse: 0.202666815802646 
[1] "2022-04-26 17:19:48 HKT"
Epoch 171 	 loss: 13283.3469475522 	 dlt: 0.000201992746992992
mae: 0.154099703107632 	rmse: 0.202666815802646 
[1] "2022-04-26 17:19:54 HKT"
Epoch 173 	 loss: 13293.0618140792 	 dlt: 0.000195583075183251
mae: 0.154099703107632 	rmse: 0.202666815802646 
[1] "2022-04-26 17:20:00 HKT"
Epoch 175 	 loss: 13296.5968835372 	 dlt: 0.000171614077468079
mae: 0.154099703107632 	rmse: 0.202666815802646 
[1] "2022-04-26 17:20:05 HKT"
Epoch 177 	 loss: 13301.8287733295 	 dlt: 0.000242205199324145
mae: 0.154099703107632 	rmse: 0.202666815802646 
[1] "2022-04-26 17:20:11 HKT"
Epoch 179 	 loss: 13313.0697011261 	 dlt: 0.000180303536848634
mae: 0.154099703107632 	rmse: 0.202666815802646 
[1] "2022-04-26 17:20:16 HKT"
Epoch 181 	 loss: 13321.9151946419 	 dlt: 0.000456418347557537
mae: 0.154163090422974 	rmse: 0.202750860143634 
[1] "2022-04-26 17:20:22 HKT"
Epoch 183 	 loss: 13338.821240912 	 dlt: 8.13429340887575e-05
mae: 0.154163090422974 	rmse: 0.202750860143634 
[1] "2022-04-26 17:20:28 HKT"
Epoch 185 	 loss: 13348.8140670858 	 dlt: 0.000395450168972041
mae: 0.154211059202151 	rmse: 0.202847538467782 
[1] "2022-04-26 17:20:34 HKT"
Epoch 187 	 loss: 13358.8344355088 	 dlt: 0.00067049151518216
mae: 0.154214485543521 	rmse: 0.202853168794619 
[1] "2022-04-26 17:20:39 HKT"
Epoch 189 	 loss: 13361.2851927691 	 dlt: 0.000258086111919908
mae: 0.154214485543521 	rmse: 0.202853168794619 
[1] "2022-04-26 17:20:45 HKT"
Epoch 191 	 loss: 13377.4347981056 	 dlt: 0.000380719068566395
mae: 0.154214485543521 	rmse: 0.202853168794619 
[1] "2022-04-26 17:20:51 HKT"
Epoch 193 	 loss: 13392.0980125652 	 dlt: 0.000196836778363381
mae: 0.154214485543521 	rmse: 0.202853168794619 
[1] "2022-04-26 17:20:57 HKT"
Epoch 195 	 loss: 13404.1182408388 	 dlt: 0.000861238574800308
mae: 0.154214485543521 	rmse: 0.202853168794619 
[1] "2022-04-26 17:21:03 HKT"
Epoch 197 	 loss: 13421.0578864043 	 dlt: 2.92456580274593e-05
mae: 0.154284725541602 	rmse: 0.202932445972631 
[1] "2022-04-26 17:21:08 HKT"
Epoch 199 	 loss: 13415.9415013684 	 dlt: 0.000968054903645899
mae: 0.154358391881053 	rmse: 0.203022005992982 
