
Attaching package: ‘dplyr’

The following objects are masked from ‘package:stats’:

    filter, lag

The following objects are masked from ‘package:base’:

    intersect, setdiff, setequal, union


> dim = 2

> U <- matrix(rnorm(N * dim), nrow = dim)

> V <- matrix(rnorm(M * dim), nrow = dim)

> par_lpmf(train, t(U), t(V))
[1] 1.352455e-01 5.577024e+05 3.724026e+05

> dim = 2

> U <- matrix(rnorm(N * dim), nrow = dim)

> V <- matrix(rnorm(M * dim), nrow = dim)

> pred_lpmf(test, t(U), t(V))$mae
[1] 0.7219799
[1] 0.01 1.00 1.00
[1] 8
[1] "2022-04-20 21:28:52 HKT"
Epoch 1 	 loss: 10891.9932958149 	 dlt: 0.999999999739444
mae: 0.721979894228718 	rmse: 0.744128043116182 
[1] "2022-04-20 21:28:59 HKT"
Epoch 3 	 loss: 6022.78498875609 	 dlt: 0.206440290487888
mae: 0.721979894228718 	rmse: 0.744128043116182 
[1] "2022-04-20 21:29:05 HKT"
Epoch 5 	 loss: 4913.49188021898 	 dlt: 0.0711131579566283
mae: 0.721979894228718 	rmse: 0.744128043116182 
[1] "2022-04-20 21:29:11 HKT"
Epoch 7 	 loss: 4568.148394325 	 dlt: 0.999999999890722
mae: 0.721979894228718 	rmse: 0.744128043116182 
[1] "2022-04-20 21:29:17 HKT"
Epoch 9 	 loss: 4482.32114380367 	 dlt: 0.00258984127784327
mae: 0.721979894228718 	rmse: 0.744128043116182 
[1] "2022-04-20 21:29:24 HKT"
Epoch 11 	 loss: 85887.1114388247 	 dlt: 18.4815446490173
mae: 0.721979894228718 	rmse: 0.744128043116182 
[1] "2022-04-20 21:29:31 HKT"
Epoch 13 	 loss: 4338.32222943139 	 dlt: 0.949476499753601
mae: 0.721979894228718 	rmse: 0.744128043116182 
[1] "2022-04-20 21:29:37 HKT"
Epoch 15 	 loss: 4306.03600529446 	 dlt: 0.00390952449128235
mae: 0.721979894228718 	rmse: 0.744128043116182 
[1] "2022-04-20 21:29:44 HKT"
Epoch 17 	 loss: 4292.87411926086 	 dlt: 0.00399484333915722
mae: 0.721979894228718 	rmse: 0.744128043116182 
[1] "2022-04-20 21:29:50 HKT"
Epoch 19 	 loss: 4266.59281641575 	 dlt: 0.00152548078555576
mae: 0.721979894228718 	rmse: 0.744128043116182 
[1] "2022-04-20 21:29:57 HKT"
Epoch 21 	 loss: 4250.77558263651 	 dlt: 0.00180637740940109
mae: 0.721979894228718 	rmse: 0.744128043116182 
[1] "2022-04-20 21:30:03 HKT"
Epoch 23 	 loss: 4256.48236958652 	 dlt: 0.00331692118515097
mae: 0.721979894228718 	rmse: 0.744128043116182 
[1] "2022-04-20 21:30:09 HKT"
Epoch 25 	 loss: 4232.92889823774 	 dlt: 0.0064928131525388
mae: 0.721979894228718 	rmse: 0.744128043116182 
[1] "2022-04-20 21:30:16 HKT"
Epoch 27 	 loss: 4214.69417989882 	 dlt: 0.00254630345647184
mae: 0.721979894228718 	rmse: 0.744128043116182 
[1] "2022-04-20 21:30:22 HKT"
Epoch 29 	 loss: 4208.91949758729 	 dlt: 0.000197294326446906
mae: 0.721979894228718 	rmse: 0.744128043116182 

Execution halted

Attaching package: ‘dplyr’

The following objects are masked from ‘package:stats’:

    filter, lag

The following objects are masked from ‘package:base’:

    intersect, setdiff, setequal, union


> dim = 2

> U <- matrix(rnorm(N * dim), nrow = dim)

> V <- matrix(rnorm(M * dim), nrow = dim)

> par_lpmf(train, t(U), t(V))
[1] 1.334330e-01 5.564819e+05 3.729637e+05

> dim = 2

> U <- matrix(rnorm(N * dim), nrow = dim)

> V <- matrix(rnorm(M * dim), nrow = dim)

> pred_lpmf(test, t(U), t(V))$mae
[1] 0.7219799
[1] 0.01 1.00 1.00
[1] 8
[1] "2022-04-20 21:33:48 HKT"
Epoch 1 	 loss: 14706.0348467778 	 dlt: 0.999999999648206
mae: 0.721979894228718 	rmse: 0.744128043116182 
[1] "2022-04-20 21:33:54 HKT"
Epoch 3 	 loss: 7953.33217750453 	 dlt: 0.33587939747518
mae: 0.721979894228718 	rmse: 0.744128043116182 
[1] "2022-04-20 21:33:59 HKT"
Epoch 5 	 loss: 4775.3008774932 	 dlt: 0.149373221863812
mae: 0.721979894228718 	rmse: 0.744128043116182 
[1] "2022-04-20 21:34:04 HKT"
Epoch 7 	 loss: 4559.42553934461 	 dlt: 0.999999999890931
mae: 0.721979894228718 	rmse: 0.744128043116182 
[1] "2022-04-20 21:34:10 HKT"
Epoch 9 	 loss: 4510.44002767908 	 dlt: 0.00382846659852798
mae: 0.721979894228718 	rmse: 0.744128043116182 
[1] "2022-04-20 21:34:15 HKT"
Epoch 11 	 loss: 86091.1697159998 	 dlt: 17.8773301474531
mae: 0.721979894228718 	rmse: 0.744128043116182 
[1] "2022-04-20 21:34:21 HKT"
Epoch 13 	 loss: 4483.54481186159 	 dlt: 0.947868260377144
mae: 0.721979894228718 	rmse: 0.744128043116182 
[1] "2022-04-20 21:34:27 HKT"
Epoch 15 	 loss: 4633.03703177815 	 dlt: 0.00404333004989199
mae: 0.721979894228718 	rmse: 0.744128043116182 
[1] "2022-04-20 21:34:32 HKT"
Epoch 17 	 loss: 4491.94389618392 	 dlt: 0.0129604767870519
mae: 0.721979894228718 	rmse: 0.744128043116182 
[1] "2022-04-20 21:34:38 HKT"
Epoch 19 	 loss: 4283.24320745835 	 dlt: 0.00980978557054508
mae: 0.721979894228718 	rmse: 0.744128043116182 
[1] "2022-04-20 21:34:44 HKT"
Epoch 21 	 loss: 4233.40810896568 	 dlt: 0.0039744755700635
mae: 0.721979894228718 	rmse: 0.744128043116182 
[1] "2022-04-20 21:34:49 HKT"
Epoch 23 	 loss: 4236.84397468109 	 dlt: 0.00404791286125069
mae: 0.721979894228718 	rmse: 0.744128043116182 
[1] "2022-04-20 21:34:55 HKT"
Epoch 25 	 loss: 4221.25393325789 	 dlt: 0.00323175237961101
mae: 0.721979894228718 	rmse: 0.744128043116182 
[1] "2022-04-20 21:35:00 HKT"
Epoch 27 	 loss: 4227.2456811391 	 dlt: 0.000230098244856348
mae: 0.721979894228718 	rmse: 0.744128043116182 
[1] "2022-04-20 21:35:06 HKT"
Epoch 29 	 loss: 4230.26976243195 	 dlt: 0.00188977667268612
mae: 0.721979894228718 	rmse: 0.744128043116182 
[1] "2022-04-20 21:35:12 HKT"
Epoch 31 	 loss: 4213.03296333323 	 dlt: 0.00170183695099583
mae: 0.721979894228718 	rmse: 0.744128043116182 
[1] "2022-04-20 21:35:17 HKT"
Epoch 33 	 loss: 4211.04078220998 	 dlt: 0.00795949497103482
mae: 0.721979894228718 	rmse: 0.744128043116182 
[1] "2022-04-20 21:35:23 HKT"
Epoch 35 	 loss: 4172.82581342638 	 dlt: 0.0050893836698241
mae: 0.721979894228718 	rmse: 0.744128043116182 
[1] "2022-04-20 21:35:29 HKT"
Epoch 37 	 loss: 4154.96100381537 	 dlt: 0.00323685211987015
mae: 0.721979894228718 	rmse: 0.744128043116182 
[1] "2022-04-20 21:35:34 HKT"
Epoch 39 	 loss: 4105.36012327003 	 dlt: 0.00444621009226136
mae: 0.721979894228718 	rmse: 0.744128043116182 
[1] "2022-04-20 21:35:40 HKT"
Epoch 41 	 loss: 4068.59704910395 	 dlt: 0.00379338299743228
mae: 0.721979894228718 	rmse: 0.744128043116182 
[1] "2022-04-20 21:35:45 HKT"
Epoch 43 	 loss: 4019.39010654802 	 dlt: 0.00611869264977884
mae: 0.721979894228718 	rmse: 0.744128043116182 
[1] "2022-04-20 21:35:51 HKT"
Epoch 45 	 loss: 3984.51645314265 	 dlt: 0.00509701195517858
mae: 0.721979894228718 	rmse: 0.744128043116182 
[1] "2022-04-20 21:35:57 HKT"
Epoch 47 	 loss: 3961.62407824746 	 dlt: 0.00166676355139544
mae: 0.721979894228718 	rmse: 0.744128043116182 
[1] "2022-04-20 21:36:02 HKT"
Epoch 49 	 loss: 3936.04733492502 	 dlt: 0.00274131009635492
mae: 0.721979894228718 	rmse: 0.744128043116182 

Attaching package: ‘dplyr’

The following objects are masked from ‘package:stats’:

    filter, lag

The following objects are masked from ‘package:base’:

    intersect, setdiff, setequal, union


> dim = 2

> U <- matrix(rnorm(N * dim), nrow = dim)

> V <- matrix(rnorm(M * dim), nrow = dim)

> par_lpmf(train, t(U), t(V))
[1] 1.365520e-01 5.568672e+05 3.721510e+05

> dim = 2

> U <- matrix(rnorm(N * dim), nrow = dim)

> V <- matrix(rnorm(M * dim), nrow = dim)

> pred_lpmf(test, t(U), t(V))$mae
[1] 0.7219799
[1] 0.01 1.00 1.00
[1] 8
[1] "2022-04-20 22:07:48 HKT"
Epoch 1 	 loss: 12782.4706599853 	 dlt: 0.999999999694221
mae: 0.721979894228718 	rmse: 0.744128043116182 
[1] "2022-04-20 22:07:54 HKT"
Epoch 3 	 loss: 9451.08134037314 	 dlt: 0.177376281935951
mae: 0.721979894228718 	rmse: 0.744128043116182 
[1] "2022-04-20 22:08:00 HKT"
Epoch 5 	 loss: 6406.64373034577 	 dlt: 0.126938320505344
mae: 0.721979894228718 	rmse: 0.744128043116182 
[1] "2022-04-20 22:08:05 HKT"
Epoch 7 	 loss: 5444.9970466698 	 dlt: 0.999999999869746
mae: 0.721979894228718 	rmse: 0.744128043116182 

Execution halted

Attaching package: ‘dplyr’

The following objects are masked from ‘package:stats’:

    filter, lag

The following objects are masked from ‘package:base’:

    intersect, setdiff, setequal, union


> dim = 2

> U <- matrix(rnorm(N * dim), nrow = dim)

> V <- matrix(rnorm(M * dim), nrow = dim)

> par_lpmf(train, t(U), t(V))
[1] 1.538805e-01 5.591769e+05 3.727682e+05

> dim = 2

> U <- matrix(rnorm(N * dim), nrow = dim)

> V <- matrix(rnorm(M * dim), nrow = dim)

> pred_lpmf(test, t(U), t(V))$mae
[1] 0.3614739
[1] 0.01 1.00 1.00
[1] 8
[1] "2022-04-21 10:32:35 HKT"
Epoch 1 	 loss: 13327.3970907614 	 dlt: 0.999999999681185
mae: 0.286299945349947 	rmse: 0.333269939989983 
[1] "2022-04-21 10:32:40 HKT"
Epoch 3 	 loss: 7167.89126171216 	 dlt: 0.200208426913237
mae: 0.188897626059524 	rmse: 0.240766206335072 
[1] "2022-04-21 10:32:45 HKT"
Epoch 5 	 loss: 5937.66064790493 	 dlt: 0.0658510205051575
mae: 0.185795073949155 	rmse: 0.235228735145387 
[1] "2022-04-21 10:32:50 HKT"
Epoch 7 	 loss: 5454.57486497764 	 dlt: 0.0392167270673604
mae: 0.184993310068616 	rmse: 0.235090317435814 
[1] "2022-04-21 10:32:56 HKT"
Epoch 9 	 loss: 5272.36215006489 	 dlt: NaN
mae: 0.184816853488069 	rmse: 0.235362623304643 
Error in if (dlt < eps) { : missing value where TRUE/FALSE needed
Calls: lpmf_mm
Execution halted

Attaching package: ‘dplyr’

The following objects are masked from ‘package:stats’:

    filter, lag

The following objects are masked from ‘package:base’:

    intersect, setdiff, setequal, union


> dim = 2

> U <- matrix(rnorm(N * dim), nrow = dim)

> V <- matrix(rnorm(M * dim), nrow = dim)

> par_lpmf(train, t(U), t(V))
[1] 1.509137e-01 5.581952e+05 3.720880e+05

> dim = 2

> U <- matrix(rnorm(N * dim), nrow = dim)

> V <- matrix(rnorm(M * dim), nrow = dim)

> pred_lpmf(test, t(U), t(V))$mae
[1] 0.3589178
[1] 1e-05 1e+00 1e+00
[1] 8
[1] "2022-04-21 16:05:47 HKT"
Epoch 1 	 loss: 13106.7859845129 	 dlt: 0.182502660152886
mae: 0.283581143473005 	rmse: 0.330704960482646 
[1] "2022-04-21 16:05:53 HKT"
Epoch 3 	 loss: 6286.73053046587 	 dlt: 0.243528856737516
mae: 0.171132046057007 	rmse: 0.224903434442969 
[1] "2022-04-21 16:05:58 HKT"
Epoch 5 	 loss: 4083.97219542029 	 dlt: 0.1860348644476
mae: 0.163294290173545 	rmse: 0.217031071203607 
[1] "2022-04-21 16:06:04 HKT"
Epoch 7 	 loss: 2963.1619012749 	 dlt: 0.147438115705445
mae: 0.160025560506736 	rmse: 0.214355288086743 
[1] "2022-04-21 16:06:09 HKT"
Epoch 9 	 loss: 2537.91832412086 	 dlt: 0.0289060303682823
mae: 0.167025575925282 	rmse: 0.226330547318454 
[1] "2022-04-21 16:06:14 HKT"
Epoch 11 	 loss: 2231.08605680713 	 dlt: 0.049966596492052
mae: 0.164505501847776 	rmse: 0.222538933110949 
[1] "2022-04-21 16:06:19 HKT"
Epoch 13 	 loss: 2041.30188909818 	 dlt: 0.0357659157391485
mae: 0.166533895938708 	rmse: 0.226296482768303 
[1] "2022-04-21 16:06:23 HKT"
Epoch 15 	 loss: 1924.5554312825 	 dlt: 0.0312277759500637
mae: 0.16754295347212 	rmse: 0.227568531730817 
[1] "2022-04-21 16:06:28 HKT"
Epoch 17 	 loss: 1842.88602072133 	 dlt: 0.0223534948897453
mae: 0.168127144675675 	rmse: 0.22859964383891 
[1] "2022-04-21 16:06:33 HKT"
Epoch 19 	 loss: 1803.59645417922 	 dlt: 0.0150920334036789
mae: 0.169573060733738 	rmse: 0.230772625360299 
[1] "2022-04-21 16:06:37 HKT"
Epoch 21 	 loss: 1767.46465825871 	 dlt: 0.0167718009562867
mae: 0.169842028531269 	rmse: 0.231597237179606 
[1] "2022-04-21 16:06:42 HKT"
Epoch 23 	 loss: 1719.30148951529 	 dlt: 0.00970250057537322
mae: 0.170959015817829 	rmse: 0.233086681785834 
[1] "2022-04-21 16:06:46 HKT"
Epoch 25 	 loss: 1690.12181096699 	 dlt: 0.0141003202190502
mae: 0.171020689962486 	rmse: 0.233586757209553 
[1] "2022-04-21 16:06:51 HKT"
Epoch 27 	 loss: 1667.66586494117 	 dlt: 0.0110202131120628
mae: 0.17180360896549 	rmse: 0.234760133389242 
[1] "2022-04-21 16:06:55 HKT"
Epoch 29 	 loss: 1642.04788051406 	 dlt: 0.00860458838703876
mae: 0.172252459684936 	rmse: 0.235831238632406 
[1] "2022-04-21 16:07:00 HKT"
Epoch 31 	 loss: 1618.65989598808 	 dlt: 0.00426286561301284
mae: 0.172567683090958 	rmse: 0.236059552900843 
[1] "2022-04-21 16:07:04 HKT"
Epoch 33 	 loss: 1602.18150297246 	 dlt: 0.00717542271890233
mae: 0.172941154300269 	rmse: 0.236653104360526 
[1] "2022-04-21 16:07:08 HKT"
Epoch 35 	 loss: 1589.36503454841 	 dlt: 7.75830118176237e-05
mae: 0.173857700616695 	rmse: 0.237783334630187 
[1] "2022-04-21 16:07:13 HKT"
Epoch 37 	 loss: 1573.38695345574 	 dlt: 0.00210775269773805
mae: 0.173974196223268 	rmse: 0.238280743004897 
[1] "2022-04-21 16:07:17 HKT"
Epoch 39 	 loss: 1551.15205836371 	 dlt: 0.00516759423242688
mae: 0.174369938651483 	rmse: 0.23906512806716 
[1] "2022-04-21 16:07:22 HKT"
Epoch 41 	 loss: 1533.25556454483 	 dlt: 0.0045299616464858
mae: 0.174954129855037 	rmse: 0.239890594191154 
[1] "2022-04-21 16:07:26 HKT"
Epoch 43 	 loss: 1469.41977046519 	 dlt: 0.0214110535838705
mae: 0.175820994221601 	rmse: 0.240780832185655 
[1] "2022-04-21 16:07:30 HKT"
Epoch 45 	 loss: 1417.92762973946 	 dlt: 0.0134351185632595
mae: 0.177068182480215 	rmse: 0.242418840036093 
[1] "2022-04-21 16:07:35 HKT"
Epoch 47 	 loss: 1367.29817788685 	 dlt: 0.0160852920972829
mae: 0.177825403922944 	rmse: 0.243613358653279 
[1] "2022-04-21 16:07:39 HKT"
Epoch 49 	 loss: 1303.47291503688 	 dlt: 0.0263569058891691
mae: 0.179076018522928 	rmse: 0.245009573591568 

Attaching package: ‘dplyr’

The following objects are masked from ‘package:stats’:

    filter, lag

The following objects are masked from ‘package:base’:

    intersect, setdiff, setequal, union


> dim = 2

> U <- matrix(rnorm(N * dim), nrow = dim)

> V <- matrix(rnorm(M * dim), nrow = dim)

> par_lpmf(train, t(U), t(V))
[1] 1.524321e-01 5.587897e+05 3.709535e+05

> dim = 2

> U <- matrix(rnorm(N * dim), nrow = dim)

> V <- matrix(rnorm(M * dim), nrow = dim)

> pred_lpmf(test, t(U), t(V))$mae
[1] 0.3063872
[1] 3e-05 1e+00 1e+00
[1] 8
Error in readChar(con, 5L, useBytes = TRUE) : cannot open the connection
Calls: load -> readChar
In addition: Warning message:
In readChar(con, 5L, useBytes = TRUE) :
  cannot open compressed file '/home/mathxuxin/nPMF/lpmf/result/mm-8.Rda', probable reason 'No such file or directory'
Execution halted

Attaching package: ‘dplyr’

The following objects are masked from ‘package:stats’:

    filter, lag

The following objects are masked from ‘package:base’:

    intersect, setdiff, setequal, union


> dim = 2

> U <- matrix(rnorm(N * dim), nrow = dim)

> V <- matrix(rnorm(M * dim), nrow = dim)

> par_lpmf(train, t(U), t(V))
[1] 1.516766e-01 5.565845e+05 3.709983e+05

> dim = 2

> U <- matrix(rnorm(N * dim), nrow = dim)

> V <- matrix(rnorm(M * dim), nrow = dim)

> pred_lpmf(test, t(U), t(V))$mae
[1] 0.3092122
[1] 3e-05 1e+00 1e+00
[1] 8
[1] "2022-04-21 16:20:35 HKT"
Epoch 1 	 loss: 2896.21271109346 	 dlt: 0.0232218751300379
mae: 0.145676385483936 	rmse: 0.196514621923219 
[1] "2022-04-21 16:20:42 HKT"
Epoch 3 	 loss: 2834.65862313282 	 dlt: 0.00768093653759026
mae: 0.144927729894632 	rmse: 0.195432575864315 
[1] "2022-04-21 16:20:49 HKT"
Epoch 5 	 loss: 2803.28295858109 	 dlt: 0.00662951576397322
mae: 0.14471563936384 	rmse: 0.195169417347767 
[1] "2022-04-21 16:20:57 HKT"
Epoch 7 	 loss: 2771.25307231503 	 dlt: 0.00393167576799329
mae: 0.14432400854527 	rmse: 0.194592444001889 
[1] "2022-04-21 16:21:03 HKT"
Epoch 9 	 loss: 2740.92047318794 	 dlt: 0.00657225694217631
mae: 0.144438105712885 	rmse: 0.194699235243958 
[1] "2022-04-21 16:21:11 HKT"
Epoch 11 	 loss: 2710.34152187559 	 dlt: 0.00391583643795557
mae: 0.144172906890861 	rmse: 0.194342840337594 
[1] "2022-04-21 16:21:18 HKT"
Epoch 13 	 loss: 2686.3368355384 	 dlt: 0.00442909604588095
mae: 0.144098897917273 	rmse: 0.194284945244921 
[1] "2022-04-21 16:21:25 HKT"
Epoch 15 	 loss: 2666.02398778624 	 dlt: 0.00339332897915485
mae: 0.143986513920343 	rmse: 0.194082519691018 
[1] "2022-04-21 16:21:33 HKT"
Epoch 17 	 loss: 2651.51529530576 	 dlt: 0.00326405895961404
mae: 0.14398000387174 	rmse: 0.19405535017692 
[1] "2022-04-21 16:21:40 HKT"
Epoch 19 	 loss: 2633.41016152554 	 dlt: 0.00393856929008543
mae: 0.14399131079826 	rmse: 0.194125767280715 
[1] "2022-04-21 16:21:48 HKT"
Epoch 21 	 loss: 2617.8912343204 	 dlt: 0.00311477099268767
mae: 0.143930321921877 	rmse: 0.194041813042585 
[1] "2022-04-21 16:21:55 HKT"
Epoch 23 	 loss: 2599.99282208816 	 dlt: 0.00266553707846663
mae: 0.143942314116672 	rmse: 0.194136259007715 
[1] "2022-04-21 16:22:03 HKT"
Epoch 25 	 loss: 2586.29690076547 	 dlt: 0.00219378015815401
mae: 0.143961158994206 	rmse: 0.194126257560961 
[1] "2022-04-21 16:22:10 HKT"
Epoch 27 	 loss: 2573.86033531886 	 dlt: 0.00264728170484061
mae: 0.143983772847247 	rmse: 0.194185278255955 
[1] "2022-04-21 16:22:17 HKT"
Epoch 29 	 loss: 2555.84963178739 	 dlt: 0.00283656389166171
mae: 0.144043733821219 	rmse: 0.194263683325202 
[1] "2022-04-21 16:22:25 HKT"
Epoch 31 	 loss: 2543.84807118747 	 dlt: 0.00223459648639972
mae: 0.143959103189384 	rmse: 0.194159789791373 
[1] "2022-04-21 16:22:32 HKT"
Epoch 33 	 loss: 2526.60165485268 	 dlt: 0.00218333838188088
mae: 0.144048873333274 	rmse: 0.194241243107151 
[1] "2022-04-21 16:22:40 HKT"
Epoch 35 	 loss: 2513.40672336737 	 dlt: 0.0026035902118545
mae: 0.144049901235685 	rmse: 0.194269856380328 
[1] "2022-04-21 16:22:48 HKT"
Epoch 37 	 loss: 2493.48042549869 	 dlt: 0.00492205791877417
mae: 0.144109862209656 	rmse: 0.194334808546465 
[1] "2022-04-21 16:22:56 HKT"
Epoch 39 	 loss: 2476.577962316 	 dlt: 0.00360618359206834
mae: 0.144055726016013 	rmse: 0.194356062685315 
[1] "2022-04-21 16:23:03 HKT"
Epoch 41 	 loss: 2464.84721291992 	 dlt: 0.00261375938376095
mae: 0.144051614406369 	rmse: 0.194335690100733 
[1] "2022-04-21 16:23:10 HKT"
Epoch 43 	 loss: 2453.52131464019 	 dlt: 0.00242211228165778
mae: 0.144133846599245 	rmse: 0.194436650585331 
[1] "2022-04-21 16:23:18 HKT"
Epoch 45 	 loss: 2441.69575791887 	 dlt: 0.00227467320703821
mae: 0.144125280745821 	rmse: 0.194396899368839 
[1] "2022-04-21 16:23:25 HKT"
Epoch 47 	 loss: 2431.09674527901 	 dlt: 0.00221731547619945
mae: 0.144184213817382 	rmse: 0.194508006148687 
[1] "2022-04-21 16:23:33 HKT"
Epoch 49 	 loss: 2417.97907624331 	 dlt: 0.00214624740893572
mae: 0.14412767918478 	rmse: 0.194439489646966 
[1] "2022-04-21 16:23:40 HKT"
Epoch 51 	 loss: 2408.53585467493 	 dlt: 0.00183009832475314
mae: 0.144187297524614 	rmse: 0.194485104746806 
[1] "2022-04-21 16:23:48 HKT"
Epoch 53 	 loss: 2398.14034213144 	 dlt: 0.00190493785574484
mae: 0.144204086597327 	rmse: 0.194518966549332 
[1] "2022-04-21 16:23:55 HKT"
Epoch 55 	 loss: 2387.54010268577 	 dlt: 0.00209403462343752
mae: 0.144190038597711 	rmse: 0.194524642228383 
[1] "2022-04-21 16:24:02 HKT"
Epoch 57 	 loss: 2376.50066236909 	 dlt: 0.00212477926709404
mae: 0.144195178109765 	rmse: 0.194537362976465 
[1] "2022-04-21 16:24:10 HKT"
Epoch 59 	 loss: 2368.74421976029 	 dlt: 0.00151334393298423
mae: 0.144197233914587 	rmse: 0.194556442539104 
[1] "2022-04-21 16:24:17 HKT"
Epoch 61 	 loss: 2356.72313841593 	 dlt: 0.00318401933342093
mae: 0.144276725034367 	rmse: 0.194689360490387 
[1] "2022-04-21 16:24:25 HKT"
Epoch 63 	 loss: 2347.17554227706 	 dlt: 0.00189442867329605
mae: 0.144239035279299 	rmse: 0.194679094126439 
[1] "2022-04-21 16:24:32 HKT"
Epoch 65 	 loss: 2335.82033873179 	 dlt: 0.00162699367770284
mae: 0.144338741813161 	rmse: 0.194823067106996 
[1] "2022-04-21 16:24:39 HKT"
Epoch 67 	 loss: 2324.82678846191 	 dlt: 0.00254455458920841
mae: 0.14431955430149 	rmse: 0.194820331341743 
[1] "2022-04-21 16:24:47 HKT"
Epoch 69 	 loss: 2316.13969544498 	 dlt: 0.00189365138076106
mae: 0.14425822279097 	rmse: 0.194763555541177 
[1] "2022-04-21 16:24:54 HKT"
Epoch 71 	 loss: 2305.74681117151 	 dlt: 0.00206165181992461
mae: 0.144310988448065 	rmse: 0.19483713615009 
[1] "2022-04-21 16:25:02 HKT"
Epoch 73 	 loss: 2296.14164627972 	 dlt: 0.00207385395305803
mae: 0.144410009713653 	rmse: 0.194960587514976 
[1] "2022-04-21 16:25:10 HKT"
Epoch 75 	 loss: 2287.9962909282 	 dlt: 0.00140536653148095
mae: 0.144377116836503 	rmse: 0.194930903820935 
[1] "2022-04-21 16:25:18 HKT"
Epoch 77 	 loss: 2280.3326745584 	 dlt: 0.00169718672367292
mae: 0.144428511957051 	rmse: 0.194957951317133 
[1] "2022-04-21 16:25:26 HKT"
Epoch 79 	 loss: 2272.52455224263 	 dlt: 0.00204297886086984
mae: 0.144362040934476 	rmse: 0.194937739282631 
[1] "2022-04-21 16:25:34 HKT"
Epoch 81 	 loss: 2264.75261462865 	 dlt: 0.0016632896304799
mae: 0.144441532054256 	rmse: 0.19502101501817 
[1] "2022-04-21 16:25:42 HKT"
Epoch 83 	 loss: 2257.67914872251 	 dlt: 0.00168468220499519
mae: 0.144500807759954 	rmse: 0.195091571424945 
[1] "2022-04-21 16:25:48 HKT"
Epoch 85 	 loss: 2245.29526001 	 dlt: 0.00324555294410136
mae: 0.144486759760337 	rmse: 0.195127474155259 
[1] "2022-04-21 16:25:56 HKT"
Epoch 87 	 loss: 2237.55919698507 	 dlt: 0.00143218923483829
mae: 0.14465670629228 	rmse: 0.195288564871518 
[1] "2022-04-21 16:26:04 HKT"
Epoch 89 	 loss: 2230.80509784815 	 dlt: 0.00148205598598818
mae: 0.144617646000664 	rmse: 0.195223540007297 
[1] "2022-04-21 16:26:11 HKT"
Epoch 91 	 loss: 2221.45346565411 	 dlt: 0.00222715820823073
mae: 0.144469285419351 	rmse: 0.195133717434045 
[1] "2022-04-21 16:26:19 HKT"
Epoch 93 	 loss: 2213.20822117228 	 dlt: 0.00171465842918757
mae: 0.144687543364608 	rmse: 0.195356881019845 
[1] "2022-04-21 16:26:26 HKT"
Epoch 95 	 loss: 2205.82085436 	 dlt: 0.00174532740724701
mae: 0.144658076828828 	rmse: 0.195354347609288 
[1] "2022-04-21 16:26:34 HKT"
Epoch 97 	 loss: 2194.77043549951 	 dlt: 0.0029869769164575
mae: 0.14455117497809 	rmse: 0.195304939535078 
[1] "2022-04-21 16:26:41 HKT"
Epoch 99 	 loss: 2187.63923267051 	 dlt: 0.00158390297362939
mae: 0.14459537478176 	rmse: 0.195374613973926 
[1] "2022-04-21 16:26:49 HKT"
Epoch 101 	 loss: 2182.26133329278 	 dlt: 0.000984055889201297
mae: 0.144636490878198 	rmse: 0.195418062651514 
[1] "2022-04-21 16:26:58 HKT"
Epoch 103 	 loss: 2176.96365748435 	 dlt: 0.00144225859744671
mae: 0.144651224146088 	rmse: 0.195457119248179 
