
Attaching package: ‘dplyr’

The following objects are masked from ‘package:stats’:

    filter, lag

The following objects are masked from ‘package:base’:

    intersect, setdiff, setequal, union


> dim = 2

> U <- matrix(rnorm(N * dim), nrow = dim)

> V <- matrix(rnorm(M * dim), nrow = dim)

> par_lpmf(train, t(U), t(V))
[1] 1.336295e-01 5.571956e+05 3.711567e+05

> dim = 2

> U <- matrix(rnorm(N * dim), nrow = dim)

> V <- matrix(rnorm(M * dim), nrow = dim)

> pred_lpmf(test, t(U), t(V))$mae
[1] 0.7219799
[1] 0.01 1.00 1.00
[1] 4
[1] "2022-04-20 21:12:38 HKT"
Epoch 1 	 loss: 11591.184956571 	 dlt: 0.218972674740672
mae: 0.721979894228718 	rmse: 0.744128043116182 
[1] "2022-04-20 21:12:42 HKT"
Epoch 3 	 loss: 6803.28382376584 	 dlt: 0.197393820422733
mae: 0.721979894228718 	rmse: 0.744128043116182 
[1] "2022-04-20 21:12:46 HKT"
Epoch 5 	 loss: 5439.40557960698 	 dlt: NaN
mae: 0.721979894228718 	rmse: 0.744128043116182 
Error in if (dlt < eps) { : missing value where TRUE/FALSE needed
Calls: lpmf_mm
Execution halted

Attaching package: ‘dplyr’

The following objects are masked from ‘package:stats’:

    filter, lag

The following objects are masked from ‘package:base’:

    intersect, setdiff, setequal, union


> dim = 2

> U <- matrix(rnorm(N * dim), nrow = dim)

> V <- matrix(rnorm(M * dim), nrow = dim)

> par_lpmf(train, t(U), t(V))
[1] 1.536006e-01 5.572235e+05 3.721911e+05

> dim = 2

> U <- matrix(rnorm(N * dim), nrow = dim)

> V <- matrix(rnorm(M * dim), nrow = dim)

> pred_lpmf(test, t(U), t(V))$mae
[1] 0.3607167
[1] 0.01 1.00 1.00
[1] 4
[1] "2022-04-21 10:44:53 HKT"
Epoch 1 	 loss: 14205.6014587173 	 dlt: 0.113967267249824
mae: 0.299582157670008 	rmse: 0.34609734392287 
[1] "2022-04-21 10:44:56 HKT"
Epoch 3 	 loss: 8067.23551178897 	 dlt: 0.197577153997608
mae: 0.194549376149038 	rmse: 0.248798822834925 
[1] "2022-04-21 10:44:59 HKT"
Epoch 5 	 loss: 6961.31800692711 	 dlt: 0.00868997610280189
mae: 0.195294605396983 	rmse: 0.250989942062032 
[1] "2022-04-21 10:45:03 HKT"
Epoch 7 	 loss: 5961.43179968136 	 dlt: 0.0328306675162315
mae: 0.18519032469738 	rmse: 0.237030848127205 
[1] "2022-04-21 10:45:06 HKT"
Epoch 9 	 loss: 5633.03653796133 	 dlt: 0.0326166612547537
mae: 0.186079460282847 	rmse: 0.238064154255273 
[1] "2022-04-21 10:45:09 HKT"
Epoch 11 	 loss: 5320.73363779393 	 dlt: 0.0221664900570341
mae: 0.185527819322306 	rmse: 0.23685129403605 
[1] "2022-04-21 10:45:12 HKT"
Epoch 13 	 loss: 5168.73500962458 	 dlt: 0.010107196912533
mae: 0.186175397841201 	rmse: 0.237697662664179 
[1] "2022-04-21 10:45:16 HKT"
Epoch 15 	 loss: 5099.44392800504 	 dlt: 0.00700253132375326
mae: 0.187271827079544 	rmse: 0.239039248991416 
[1] "2022-04-21 10:45:19 HKT"
Epoch 17 	 loss: 5054.63780020272 	 dlt: 0.00427203341913751
mae: 0.18810785437378 	rmse: 0.240203028274973 
[1] "2022-04-21 10:45:22 HKT"
Epoch 19 	 loss: 5008.8613308403 	 dlt: 0.0048494085104922
mae: 0.188870215328565 	rmse: 0.241096455043164 
[1] "2022-04-21 10:45:25 HKT"
Epoch 21 	 loss: 4985.71232773849 	 dlt: 0.0011308812071707
mae: 0.189685684574582 	rmse: 0.241872889473122 
[1] "2022-04-21 10:45:28 HKT"
Epoch 23 	 loss: 4970.35655562652 	 dlt: 0.000193442699558867
mae: 0.189680545062526 	rmse: 0.242187089144813 
[1] "2022-04-21 10:45:32 HKT"
Epoch 25 	 loss: 4961.62454905663 	 dlt: 0.00267585427923296
mae: 0.190484022113749 	rmse: 0.243186747494315 
[1] "2022-04-21 10:45:35 HKT"
Epoch 27 	 loss: 4941.08075292963 	 dlt: 0.00268784161642908
mae: 0.190583386013474 	rmse: 0.243361236194091 
[1] "2022-04-21 10:45:38 HKT"
Epoch 29 	 loss: 4938.73132422482 	 dlt: 0.00112011669564852
mae: 0.191004826001961 	rmse: 0.244056383593897 
[1] "2022-04-21 10:45:41 HKT"
Epoch 31 	 loss: 4927.28708592232 	 dlt: 0.00164137394442212
mae: 0.191475947940311 	rmse: 0.244567886159712 
[1] "2022-04-21 10:45:44 HKT"
Epoch 33 	 loss: 4911.5552028307 	 dlt: 0.00170621514091732
mae: 0.190883190883332 	rmse: 0.243945995401658 
[1] "2022-04-21 10:45:48 HKT"
Epoch 35 	 loss: 4899.94403621151 	 dlt: 0.00252662658450847
mae: 0.191558180133186 	rmse: 0.244707165942131 
[1] "2022-04-21 10:45:51 HKT"
Epoch 37 	 loss: 4912.72499010873 	 dlt: 0.00165448080434483
mae: 0.191767186956746 	rmse: 0.245171119236398 
[1] "2022-04-21 10:45:54 HKT"
Epoch 39 	 loss: 4899.25813921725 	 dlt: 0.000941338310671115
mae: 0.191311483554559 	rmse: 0.244545313811831 
[1] "2022-04-21 10:45:57 HKT"
Epoch 41 	 loss: 4890.57493109167 	 dlt: 0.00203708859898261
mae: 0.192228029870987 	rmse: 0.245499706933242 
[1] "2022-04-21 10:46:00 HKT"
Epoch 43 	 loss: 4882.94076083923 	 dlt: 3.59259828425381e-05
mae: 0.192454168401395 	rmse: 0.245857665383772 
[1] "2022-04-21 10:46:04 HKT"
Epoch 45 	 loss: 4862.23599621337 	 dlt: 0.00293439240585683
mae: 0.192070418167975 	rmse: 0.245397337185125 
[1] "2022-04-21 10:46:07 HKT"
Epoch 47 	 loss: 4817.12614454341 	 dlt: 0.00552550940830852
mae: 0.192589508885502 	rmse: 0.245870439975616 
[1] "2022-04-21 10:46:10 HKT"
Epoch 49 	 loss: 4753.47796672074 	 dlt: 0.00723068671122336
mae: 0.192796802538376 	rmse: 0.245907211610688 

Attaching package: ‘dplyr’

The following objects are masked from ‘package:stats’:

    filter, lag

The following objects are masked from ‘package:base’:

    intersect, setdiff, setequal, union


> dim = 2

> U <- matrix(rnorm(N * dim), nrow = dim)

> V <- matrix(rnorm(M * dim), nrow = dim)

> par_lpmf(train, t(U), t(V))
[1] 1.508015e-01 5.571350e+05 3.703050e+05

> dim = 2

> U <- matrix(rnorm(N * dim), nrow = dim)

> V <- matrix(rnorm(M * dim), nrow = dim)

> pred_lpmf(test, t(U), t(V))$mae
[1] 0.3593581
[1] 0.001 1.000 1.000
[1] 4
[1] "2022-04-21 15:24:22 HKT"
Epoch 1 	 loss: 14187.8433045747 	 dlt: 0.115074880038296
mae: 0.299765466933292 	rmse: 0.346278520320075 
[1] "2022-04-21 15:24:25 HKT"
Epoch 3 	 loss: 7908.34530316884 	 dlt: 0.207681822249621
mae: 0.196360197562988 	rmse: 0.250403768078053 
[1] "2022-04-21 15:24:28 HKT"
Epoch 5 	 loss: 6388.30903614771 	 dlt: 0.0690304754891413
mae: 0.190132822123343 	rmse: 0.241700082753635 
[1] "2022-04-21 15:24:31 HKT"
Epoch 7 	 loss: 5915.06329195408 	 dlt: 0.0316279856378051
mae: 0.187965661206933 	rmse: 0.239885436409781 
[1] "2022-04-21 15:24:33 HKT"
Epoch 9 	 loss: 5592.12523795539 	 dlt: 0.0381258788841753
mae: 0.18971652164691 	rmse: 0.24154921873783 
[1] "2022-04-21 15:24:36 HKT"
Epoch 11 	 loss: 5576.97235767608 	 dlt: 0.00248918351769872
mae: 0.189843296277594 	rmse: 0.241938987863048 
[1] "2022-04-21 15:24:39 HKT"
Epoch 13 	 loss: 5560.38048039589 	 dlt: 0.00311153692990813
mae: 0.190749563569911 	rmse: 0.243572723996982 
[1] "2022-04-21 15:24:42 HKT"
Epoch 15 	 loss: 5500.73876748092 	 dlt: 0.00778965423923381
mae: 0.191128174291275 	rmse: 0.243518403628642 
[1] "2022-04-21 15:24:45 HKT"
Epoch 17 	 loss: 5285.32694463083 	 dlt: 0.0127590197239853
mae: 0.192334246453453 	rmse: 0.244524685534031 
[1] "2022-04-21 15:24:48 HKT"
Epoch 19 	 loss: 5300.44610304772 	 dlt: 0.00128033167819041
mae: 0.191568459157297 	rmse: 0.243963941758263 
[1] "2022-04-21 15:24:51 HKT"
Epoch 21 	 loss: 5205.801471171 	 dlt: 0.0125415821507579
mae: 0.192305122551809 	rmse: 0.244367775820161 
[1] "2022-04-21 15:24:54 HKT"
Epoch 23 	 loss: 5097.85834939772 	 dlt: 0.00539543752309575
mae: 0.191888822075375 	rmse: 0.243843363694908 
[1] "2022-04-21 15:24:57 HKT"
Epoch 25 	 loss: 5047.56566557264 	 dlt: 0.0045264720130844
mae: 0.192421618158382 	rmse: 0.244560102826818 
[1] "2022-04-21 15:25:00 HKT"
Epoch 27 	 loss: 5016.65213396008 	 dlt: 0.0039591188460995
mae: 0.193093181066867 	rmse: 0.245076379414331 
[1] "2022-04-21 15:25:02 HKT"
Epoch 29 	 loss: 5007.06759601947 	 dlt: 0.000271539922764096
mae: 0.193528326420834 	rmse: 0.245844890128134 
[1] "2022-04-21 15:25:05 HKT"
Epoch 31 	 loss: 5005.40666377 	 dlt: 0.000171249856938828
mae: 0.19349577617782 	rmse: 0.245952104257617 
[1] "2022-04-21 15:25:08 HKT"
Epoch 33 	 loss: 4990.37615471127 	 dlt: 0.00153188771016894
mae: 0.193386133253986 	rmse: 0.245736854604436 
[1] "2022-04-21 15:25:11 HKT"
Epoch 35 	 loss: 4972.59937533745 	 dlt: 0.00308194411790798
mae: 0.193768170316721 	rmse: 0.246196934573906 

Execution halted

Attaching package: ‘dplyr’

The following objects are masked from ‘package:stats’:

    filter, lag

The following objects are masked from ‘package:base’:

    intersect, setdiff, setequal, union


> dim = 2

> U <- matrix(rnorm(N * dim), nrow = dim)

> V <- matrix(rnorm(M * dim), nrow = dim)

> par_lpmf(train, t(U), t(V))
[1] 1.511691e-01 5.583779e+05 3.714196e+05

> dim = 2

> U <- matrix(rnorm(N * dim), nrow = dim)

> V <- matrix(rnorm(M * dim), nrow = dim)

> pred_lpmf(test, t(U), t(V))$mae
[1] 0.3603089
[1] 1e-05 1e+00 1e+00
[1] 4
[1] "2022-04-21 15:45:39 HKT"
Epoch 1 	 loss: 10887.2606063059 	 dlt: 0.320939046811779
mae: 0.240388684165164 	rmse: 0.290607057869009 
[1] "2022-04-21 15:45:47 HKT"
Epoch 3 	 loss: 5279.47586780748 	 dlt: 0.242524072316274
mae: 0.170635226558386 	rmse: 0.222056839710579 
[1] "2022-04-21 15:45:54 HKT"
Epoch 5 	 loss: 3677.99332100414 	 dlt: 0.146829862541179
mae: 0.164029240397373 	rmse: 0.215918281302738 
[1] "2022-04-21 15:46:01 HKT"
Epoch 7 	 loss: 2830.04272672093 	 dlt: 0.118026123199878
mae: 0.162913966281496 	rmse: 0.215606412534074 
[1] "2022-04-21 15:46:08 HKT"
Epoch 9 	 loss: 2298.78135654402 	 dlt: 0.0957322317850569
mae: 0.163702024796553 	rmse: 0.217608295331255 
[1] "2022-04-21 15:46:16 HKT"
Epoch 11 	 loss: 1963.92867454199 	 dlt: 0.0616911783462758
mae: 0.164029240397371 	rmse: 0.218933439272258 
[1] "2022-04-21 15:46:23 HKT"
Epoch 13 	 loss: 1740.77740033492 	 dlt: 0.048707883970456
mae: 0.165701294985842 	rmse: 0.221247001398006 
[1] "2022-04-21 15:46:30 HKT"
Epoch 15 	 loss: 1590.44055464124 	 dlt: 0.0395259291858601
mae: 0.167260280309111 	rmse: 0.223842967453598 
[1] "2022-04-21 15:46:38 HKT"
Epoch 17 	 loss: 1503.78190298739 	 dlt: 0.0197292956110859
mae: 0.168368701742247 	rmse: 0.225795857425682 
[1] "2022-04-21 15:46:45 HKT"
Epoch 19 	 loss: 1426.64257982188 	 dlt: 0.022735322489093
mae: 0.168587987589915 	rmse: 0.226254000033533 
[1] "2022-04-21 15:46:52 HKT"
Epoch 21 	 loss: 1379.73394995535 	 dlt: 0.0118758002758454
mae: 0.168444081252382 	rmse: 0.226400342603519 
[1] "2022-04-21 15:47:00 HKT"
Epoch 23 	 loss: 1284.74014498771 	 dlt: 0.032992892709256
mae: 0.169987648039486 	rmse: 0.228281335214593 
[1] "2022-04-21 15:47:07 HKT"
Epoch 25 	 loss: 1196.11247896615 	 dlt: 0.0350329865732119
mae: 0.170844233381939 	rmse: 0.230032374454312 
[1] "2022-04-21 15:47:15 HKT"
Epoch 27 	 loss: 1109.21967054135 	 dlt: 0.0352881281468181
mae: 0.172165087980006 	rmse: 0.231837110945266 
[1] "2022-04-21 15:47:22 HKT"
Epoch 29 	 loss: 1045.19034663744 	 dlt: 0.0254129943992023
mae: 0.173354028435332 	rmse: 0.233783068145378 
[1] "2022-04-21 15:47:29 HKT"
Epoch 31 	 loss: 1001.75026798372 	 dlt: 0.0211082775183861
mae: 0.174911300587913 	rmse: 0.236147431315227 
[1] "2022-04-21 15:47:37 HKT"
Epoch 33 	 loss: 963.673829073235 	 dlt: 0.0118096629679153
mae: 0.175127160094211 	rmse: 0.236431804204502 
[1] "2022-04-21 15:47:44 HKT"
Epoch 35 	 loss: 935.188628751306 	 dlt: 0.0147672319086382
mae: 0.176357216645977 	rmse: 0.237966185051963 
[1] "2022-04-21 15:47:51 HKT"
Epoch 37 	 loss: 907.089408511696 	 dlt: 0.0170790909854158
mae: 0.178144053670338 	rmse: 0.240054791730745 
[1] "2022-04-21 15:47:59 HKT"
Epoch 39 	 loss: 878.752056510412 	 dlt: 0.0176380976174385
mae: 0.178478121953895 	rmse: 0.240543942183795 
[1] "2022-04-21 15:48:06 HKT"
Epoch 41 	 loss: 861.726539060685 	 dlt: 0.00632804020040188
mae: 0.178539796098551 	rmse: 0.240715601943025 
[1] "2022-04-21 15:48:13 HKT"
Epoch 43 	 loss: 815.797732353302 	 dlt: 0.0306995598926347
mae: 0.180246114100722 	rmse: 0.24276683565318 
[1] "2022-04-21 15:48:20 HKT"
Epoch 45 	 loss: 773.264217186936 	 dlt: 0.0240729759897921
mae: 0.180706957014962 	rmse: 0.243648517789829 
[1] "2022-04-21 15:48:27 HKT"
Epoch 47 	 loss: 747.853372048213 	 dlt: 0.00344811477171935
mae: 0.181349396021803 	rmse: 0.244362712538985 
[1] "2022-04-21 15:48:34 HKT"
Epoch 49 	 loss: 712.430199381841 	 dlt: 0.0227246212229414
mae: 0.183081411584247 	rmse: 0.246523768910762 

Attaching package: ‘dplyr’

The following objects are masked from ‘package:stats’:

    filter, lag

The following objects are masked from ‘package:base’:

    intersect, setdiff, setequal, union


> dim = 2

> U <- matrix(rnorm(N * dim), nrow = dim)

> V <- matrix(rnorm(M * dim), nrow = dim)

> par_lpmf(train, t(U), t(V))
[1] 1.511861e-01 5.574064e+05 3.714449e+05

> dim = 2

> U <- matrix(rnorm(N * dim), nrow = dim)

> V <- matrix(rnorm(M * dim), nrow = dim)

> pred_lpmf(test, t(U), t(V))$mae
[1] 0.3583867
[1] 1e-05 1e+00 1e+00
[1] 4
[1] "2022-04-21 15:54:38 HKT"
Epoch 1 	 loss: 9758.8552034834 	 dlt: 0.391320024739282
mae: 0.221737394918556 	rmse: 0.272925761018553 
[1] "2022-04-21 15:54:54 HKT"
Epoch 3 	 loss: 5253.62382653768 	 dlt: 0.195373009762513
mae: 0.174469302551215 	rmse: 0.224176918938854 
[1] "2022-04-21 15:55:11 HKT"
Epoch 5 	 loss: 4097.31228254798 	 dlt: 0.100752133369797
mae: 0.169531944637303 	rmse: 0.220437642001906 
[1] "2022-04-21 15:55:27 HKT"
Epoch 7 	 loss: 3512.97615124694 	 dlt: 0.066035825012218
mae: 0.169466844151276 	rmse: 0.22147144178728 
[1] "2022-04-21 15:55:43 HKT"
Epoch 9 	 loss: 3156.00181125322 	 dlt: 0.0496892960951041
mae: 0.170827101675094 	rmse: 0.224221068644189 
[1] "2022-04-21 15:55:59 HKT"
Epoch 11 	 loss: 2913.11924232361 	 dlt: 0.0379911504948369
mae: 0.171080650936461 	rmse: 0.224970288010167 
[1] "2022-04-21 15:56:15 HKT"
Epoch 13 	 loss: 2725.17080067309 	 dlt: 0.0332709876736799
mae: 0.17233983138987 	rmse: 0.226862298893289 
[1] "2022-04-21 15:56:31 HKT"
Epoch 15 	 loss: 2611.12234339467 	 dlt: 0.0165814837842761
mae: 0.174037583538616 	rmse: 0.229548604466788 
[1] "2022-04-21 15:56:47 HKT"
Epoch 17 	 loss: 2523.4097025361 	 dlt: 0.0105774817034018
mae: 0.174270574751762 	rmse: 0.230143233037693 
[1] "2022-04-21 15:57:03 HKT"
Epoch 19 	 loss: 2437.78563848226 	 dlt: 0.0161253470778036
mae: 0.174272287922447 	rmse: 0.23016266915176 
[1] "2022-04-21 15:57:19 HKT"
Epoch 21 	 loss: 2395.21971109893 	 dlt: 0.0126119463802286
mae: 0.174993532780793 	rmse: 0.231272766027154 
[1] "2022-04-21 15:57:35 HKT"
Epoch 23 	 loss: 2304.77195911123 	 dlt: 0.0210261177301903
mae: 0.175303616674762 	rmse: 0.231556960042216 
[1] "2022-04-21 15:57:51 HKT"
Epoch 25 	 loss: 2218.14645307322 	 dlt: 0.0214133661196328
mae: 0.176153349334478 	rmse: 0.232619083904674 
[1] "2022-04-21 15:58:08 HKT"
Epoch 27 	 loss: 2130.03881922799 	 dlt: 0.0197977511324531
mae: 0.178592904389788 	rmse: 0.235852627262677 
[1] "2022-04-21 15:58:24 HKT"
Epoch 29 	 loss: 2052.37894783852 	 dlt: 0.018559924091503
mae: 0.178980080964577 	rmse: 0.236205058572931 
[1] "2022-04-21 15:58:39 HKT"
Epoch 31 	 loss: 2012.83146751545 	 dlt: 0.00752735851010168
mae: 0.180727515063186 	rmse: 0.238900648719425 
[1] "2022-04-21 15:58:55 HKT"
Epoch 33 	 loss: 1954.16611936526 	 dlt: 0.0116292789986519
mae: 0.180473965801817 	rmse: 0.238517885602256 
[1] "2022-04-21 15:59:12 HKT"
Epoch 35 	 loss: 1913.51265478902 	 dlt: 0.0138350859670705
mae: 0.182301918922617 	rmse: 0.240570846275288 
[1] "2022-04-21 15:59:28 HKT"
Epoch 37 	 loss: 1878.55101095454 	 dlt: 0.00758611452174989
mae: 0.183595362789723 	rmse: 0.242257816307615 
[1] "2022-04-21 15:59:44 HKT"
Epoch 39 	 loss: 1850.87968950348 	 dlt: 0.00735438509471506
mae: 0.183874609611362 	rmse: 0.242569947931109 
[1] "2022-04-21 16:00:00 HKT"
Epoch 41 	 loss: 1812.61212230489 	 dlt: 0.00809534833471689
mae: 0.183951702292184 	rmse: 0.242691158675966 
[1] "2022-04-21 16:00:16 HKT"
Epoch 43 	 loss: 1763.22045112885 	 dlt: 0.00910214904318656
mae: 0.185788221266407 	rmse: 0.245069388960486 
[1] "2022-04-21 16:00:32 HKT"
Epoch 45 	 loss: 1708.63456467179 	 dlt: 0.0144017169727245
mae: 0.186262769546127 	rmse: 0.245899470670793 
[1] "2022-04-21 16:00:48 HKT"
Epoch 47 	 loss: 1675.28100195659 	 dlt: 0.00512662762113001
mae: 0.18695489050283 	rmse: 0.246378176431072 
[1] "2022-04-21 16:01:04 HKT"
Epoch 49 	 loss: 1641.50026316579 	 dlt: 0.00629492100694827
mae: 0.187564779266658 	rmse: 0.247215798470604 

Attaching package: ‘dplyr’

The following objects are masked from ‘package:stats’:

    filter, lag

The following objects are masked from ‘package:base’:

    intersect, setdiff, setequal, union


> dim = 2

> U <- matrix(rnorm(N * dim), nrow = dim)

> V <- matrix(rnorm(M * dim), nrow = dim)

> par_lpmf(train, t(U), t(V))
[1] 1.523104e-01 5.581548e+05 3.712449e+05

> dim = 2

> U <- matrix(rnorm(N * dim), nrow = dim)

> V <- matrix(rnorm(M * dim), nrow = dim)

> pred_lpmf(test, t(U), t(V))$mae
[1] 0.3616195
[1] 1e-05 1e+00 1e+00
[1] 4
[1] "2022-04-21 16:05:35 HKT"
Epoch 1 	 loss: 14074.6469131794 	 dlt: 0.122135173000678
mae: 0.298030025029485 	rmse: 0.344602525533925 
[1] "2022-04-21 16:05:38 HKT"
Epoch 3 	 loss: 7309.08114056255 	 dlt: 0.226870544700906
mae: 0.180061091666757 	rmse: 0.235893381358697 
[1] "2022-04-21 16:05:41 HKT"
Epoch 5 	 loss: 4980.41097215725 	 dlt: 0.159939855401913
mae: 0.167739968100886 	rmse: 0.224400973702057 
[1] "2022-04-21 16:05:44 HKT"
Epoch 7 	 loss: 3731.07573303631 	 dlt: 0.125890907013982
mae: 0.164925228665579 	rmse: 0.222480332805599 
[1] "2022-04-21 16:05:47 HKT"
Epoch 9 	 loss: 2980.09557466327 	 dlt: 0.100794359825147
mae: 0.16521132816996 	rmse: 0.22328953421648 
[1] "2022-04-21 16:05:51 HKT"
Epoch 11 	 loss: 2480.67609987449 	 dlt: 0.0797540559987479
mae: 0.166122734974331 	rmse: 0.225466414540188 
[1] "2022-04-21 16:05:54 HKT"
Epoch 13 	 loss: 2190.33886745726 	 dlt: 0.0541701608687176
mae: 0.167705704687188 	rmse: 0.228265491522529 
[1] "2022-04-21 16:05:57 HKT"
Epoch 15 	 loss: 1996.46629081295 	 dlt: 0.0450887718507228
mae: 0.168560576858957 	rmse: 0.229583015603089 
[1] "2022-04-21 16:06:01 HKT"
Epoch 17 	 loss: 1887.01342649831 	 dlt: 0.0245930359065057
mae: 0.169581626587163 	rmse: 0.23111838999521 
[1] "2022-04-21 16:06:04 HKT"
Epoch 19 	 loss: 1787.41896493745 	 dlt: 0.0261503275008329
mae: 0.170859651918106 	rmse: 0.232549517965386 
[1] "2022-04-21 16:06:07 HKT"
Epoch 21 	 loss: 1731.09171864546 	 dlt: 0.0177573431873583
mae: 0.17116459630002 	rmse: 0.233562308615443 
[1] "2022-04-21 16:06:10 HKT"
Epoch 23 	 loss: 1695.42872227009 	 dlt: 0.00654647808844302
mae: 0.172250746514252 	rmse: 0.235227925921855 
[1] "2022-04-21 16:06:13 HKT"
Epoch 25 	 loss: 1656.91663636456 	 dlt: 0.0116376295426064
mae: 0.172922309422736 	rmse: 0.236471653516717 
[1] "2022-04-21 16:06:17 HKT"
Epoch 27 	 loss: 1637.36513931462 	 dlt: 0.0115838560619359
mae: 0.174133521096967 	rmse: 0.237966984963843 
[1] "2022-04-21 16:06:20 HKT"
Epoch 29 	 loss: 1600.39678381985 	 dlt: 0.0153045125261944
mae: 0.17433738840847 	rmse: 0.238207236800384 
[1] "2022-04-21 16:06:23 HKT"
Epoch 31 	 loss: 1585.29492131379 	 dlt: 0.00494617893034685
mae: 0.174524124013125 	rmse: 0.238799037105445 
[1] "2022-04-21 16:06:26 HKT"
Epoch 33 	 loss: 1577.26907062906 	 dlt: 0.00351686017407832
mae: 0.174443604990933 	rmse: 0.239049600957904 
[1] "2022-04-21 16:06:29 HKT"
Epoch 35 	 loss: 1562.79270015187 	 dlt: 0.00352681366180569
mae: 0.175776451783793 	rmse: 0.240363052736869 
[1] "2022-04-21 16:06:32 HKT"
Epoch 37 	 loss: 1552.44228217979 	 dlt: 0.00121409086296646
mae: 0.175767885930369 	rmse: 0.241051447770735 
[1] "2022-04-21 16:06:35 HKT"
Epoch 39 	 loss: 1521.80851130799 	 dlt: 0.0123811460989077
mae: 0.176276697623787 	rmse: 0.241711108283137 
[1] "2022-04-21 16:06:38 HKT"
Epoch 41 	 loss: 1512.66133355726 	 dlt: 0.00478250878904798
mae: 0.176850609803231 	rmse: 0.242452209620374 
[1] "2022-04-21 16:06:42 HKT"
Epoch 43 	 loss: 1475.03413553577 	 dlt: 0.0136426486439966
mae: 0.177230933695282 	rmse: 0.243097498614943 
[1] "2022-04-21 16:06:45 HKT"
Epoch 45 	 loss: 1430.93218870613 	 dlt: 0.0181909783105216
mae: 0.177840822459108 	rmse: 0.244071982138182 
[1] "2022-04-21 16:06:48 HKT"
Epoch 47 	 loss: 1378.98542702404 	 dlt: 0.0195632632213173
mae: 0.178442145369511 	rmse: 0.244954406217075 
[1] "2022-04-21 16:06:51 HKT"
Epoch 49 	 loss: 1343.07836923652 	 dlt: 0.0138450459432916
mae: 0.179312436077444 	rmse: 0.246556196902502 

Attaching package: ‘dplyr’

The following objects are masked from ‘package:stats’:

    filter, lag

The following objects are masked from ‘package:base’:

    intersect, setdiff, setequal, union


> dim = 2

> U <- matrix(rnorm(N * dim), nrow = dim)

> V <- matrix(rnorm(M * dim), nrow = dim)

> par_lpmf(train, t(U), t(V))
[1] 1.521301e-01 5.601446e+05 3.717911e+05

> dim = 2

> U <- matrix(rnorm(N * dim), nrow = dim)

> V <- matrix(rnorm(M * dim), nrow = dim)

> pred_lpmf(test, t(U), t(V))$mae
[1] 0.310703
[1] 3e-05 1e+00 1e+00
[1] 4
Error in readChar(con, 5L, useBytes = TRUE) : cannot open the connection
Calls: load -> readChar
In addition: Warning message:
In readChar(con, 5L, useBytes = TRUE) :
  cannot open compressed file '/home/mathxuxin/nPMF/lpmf/result/mm-4.Rda', probable reason 'No such file or directory'
Execution halted

Attaching package: ‘dplyr’

The following objects are masked from ‘package:stats’:

    filter, lag

The following objects are masked from ‘package:base’:

    intersect, setdiff, setequal, union


> dim = 2

> U <- matrix(rnorm(N * dim), nrow = dim)

> V <- matrix(rnorm(M * dim), nrow = dim)

> par_lpmf(train, t(U), t(V))
[1] 1.531250e-01 5.579915e+05 3.728400e+05

> dim = 2

> U <- matrix(rnorm(N * dim), nrow = dim)

> V <- matrix(rnorm(M * dim), nrow = dim)

> pred_lpmf(test, t(U), t(V))$mae
[1] 0.3082035
[1] 3e-05 1e+00 1e+00
[1] 4
[1] "2022-04-21 16:20:35 HKT"
Epoch 1 	 loss: 3233.49984940339 	 dlt: 0.0249517762645445
mae: 0.152147031160834 	rmse: 0.206506783865539 
[1] "2022-04-21 16:20:38 HKT"
Epoch 3 	 loss: 3116.54438875345 	 dlt: 0.0151217816665221
mae: 0.151643701613607 	rmse: 0.205867744099677 
[1] "2022-04-21 16:20:42 HKT"
Epoch 5 	 loss: 3035.39479739539 	 dlt: 0.0111601355546558
mae: 0.151222604259257 	rmse: 0.205668759178325 
[1] "2022-04-21 16:20:45 HKT"
Epoch 7 	 loss: 2971.10937756378 	 dlt: 0.010179478525106
mae: 0.151147567383258 	rmse: 0.205705221769063 
[1] "2022-04-21 16:20:49 HKT"
Epoch 9 	 loss: 2905.55340000217 	 dlt: 0.0114735056340338
mae: 0.151289760550105 	rmse: 0.205926912167584 
[1] "2022-04-21 16:20:52 HKT"
Epoch 11 	 loss: 2847.62769692116 	 dlt: 0.0104828752253622
mae: 0.151264405623969 	rmse: 0.205953717102115 
[1] "2022-04-21 16:20:55 HKT"
Epoch 13 	 loss: 2797.09967911073 	 dlt: 0.00898788282764904
mae: 0.151455938106542 	rmse: 0.206264676631432 
[1] "2022-04-21 16:20:59 HKT"
Epoch 15 	 loss: 2747.68269682089 	 dlt: 0.00805254911287025
mae: 0.15139940347394 	rmse: 0.206273997251945 
[1] "2022-04-21 16:21:02 HKT"
Epoch 17 	 loss: 2698.93688965858 	 dlt: 0.00988118583296089
mae: 0.151563867859692 	rmse: 0.206571850761452 
[1] "2022-04-21 16:21:06 HKT"
Epoch 19 	 loss: 2663.8952704607 	 dlt: 0.00492382331086275
mae: 0.151650211662211 	rmse: 0.206569731341355 
[1] "2022-04-21 16:21:09 HKT"
Epoch 21 	 loss: 2622.28938100461 	 dlt: 0.00778026916902775
mae: 0.151598816541664 	rmse: 0.206586317526546 
[1] "2022-04-21 16:21:12 HKT"
Epoch 23 	 loss: 2593.45021737604 	 dlt: 0.00503995878180661
mae: 0.151644729516019 	rmse: 0.206708645585069 
[1] "2022-04-21 16:21:16 HKT"
Epoch 25 	 loss: 2566.42732261894 	 dlt: 0.00527377846101297
mae: 0.151779042097717 	rmse: 0.206830257063202 
[1] "2022-04-21 16:21:21 HKT"
Epoch 27 	 loss: 2550.5137004871 	 dlt: 0.00268999511982383
mae: 0.151756428244676 	rmse: 0.206824642967879 
[1] "2022-04-21 16:21:25 HKT"
Epoch 29 	 loss: 2535.09013717344 	 dlt: 0.00277485084935985
mae: 0.151792062194922 	rmse: 0.206897246311946 
[1] "2022-04-21 16:21:30 HKT"
Epoch 31 	 loss: 2524.69420730279 	 dlt: 0.00217330357812085
mae: 0.151824269803798 	rmse: 0.206943242850059 
[1] "2022-04-21 16:21:35 HKT"
Epoch 33 	 loss: 2513.54942085503 	 dlt: 0.00219236507571268
mae: 0.151795145902155 	rmse: 0.206949957489375 
[1] "2022-04-21 16:21:40 HKT"
Epoch 35 	 loss: 2506.09788026876 	 dlt: 0.00162514677484752
mae: 0.151863330095414 	rmse: 0.206977181739715 
[1] "2022-04-21 16:21:46 HKT"
Epoch 37 	 loss: 2496.13684999057 	 dlt: 0.00223737933144853
mae: 0.151867784339195 	rmse: 0.207064532688716 
[1] "2022-04-21 16:21:51 HKT"
Epoch 39 	 loss: 2488.97001892724 	 dlt: 0.00129659292916264
mae: 0.151879433899852 	rmse: 0.2070996465791 
[1] "2022-04-21 16:21:56 HKT"
Epoch 41 	 loss: 2481.65307688292 	 dlt: 0.00118482089069111
mae: 0.151946247556564 	rmse: 0.207152949483693 
[1] "2022-04-21 16:22:02 HKT"
Epoch 43 	 loss: 2473.55607771564 	 dlt: 0.000902807764566857
mae: 0.151975714092344 	rmse: 0.207215149496812 
[1] "2022-04-21 16:22:07 HKT"
Epoch 45 	 loss: 2468.20130003765 	 dlt: 0.00124288236123855
mae: 0.151971945116837 	rmse: 0.207243716657326 
[1] "2022-04-21 16:22:23 HKT"
Epoch 47 	 loss: 2466.6163638936 	 dlt: 2.32864643728159e-10
mae: 0.152004152725713 	rmse: 0.207254370924387 
